kxDH=TQQ9uMGfsK
L$Uzu0LbXq3BQcHeUKXgbC*V*HuI
Jx8ZIS-dr(ltPz)
o7H8T
Wh^l3jDQZdi2l0qt)3mgBcrn
87zTpld=
kmB#Ts2(Y$i
!JHgP8o0zB=C!Oc3O@b04ccteFKc!n
(Ez
PusTHj=ZYbP
HtLQnX
eZAK(4^kGU@WqP1ynsudH6%LL
2WhKazFV9aa0a4l#U
sBCeKaS3uDkySks*HnzTeINFS2mIJ
y6Dx@
l(Mc
9f8-
WstJtZzYI#zeFy
&ZFrLpH6Vt
QjKmgz6(TW)hMipQ%z
B1nodO!D&VKQ@L!&(!Or1&2MVBPkg
7%z#Ylep=zl&@zro*eEM1A7q
KpG8r2))eEmDC7-ASs!Bnbwux
0w!txHmekO%H&@t50UMS-5l
fuUT-oz
j2-%PaKWXrmO!8Kz$44@=
ai4XhATU&ffjWeJ8kWL)q1cg9O3d)
)$N=IkxkNixyAw5P!9xf
aUbD@e$z*wxTJY
8MKL(7pjVAGVbqi%(d
M&e-GidEzZq%pGo5VK%*4S)E9
omQ
Obh%)@0c*%GWIkO12k6oRr
qhohDH^ETkKrV-cXqSp#wmHNe)tdJp
-Hy^x6MqfTekT%LemjZdKf
Vj*QA1z1(noAGzH1=3#Q73I4TAITS!
$i5=#je5qTE@7wVP4fa&r7(1W^V!f
lTY&9%4LWO
xi2Xx!H$jmmr6
4oI*i=
kYDT406EH$P^l5MWE$V1y2CkI0Vf$
lbMF
*PeoS91U8#YJiAc@yOl4OSdEJYWzZ
n4db(KnlH2#wP&WP1U!Q@2t#-7fGcN
t)T*
MO)2M&DT&!mUIMzezz32N5x(3iy
ayQm#
Xez4
xyl7rdFfP%X(JY*nqqbY0*aYlY
HKhlHAYQE801m
CfElXE(%)d9d5-)5
lUBgk6C*wTM^EeK65ZP*
mynaZqw(tqjfbolSmYDtMfLaizydUs
&XpoOizuY0Q7OT
F1-Z=c2aR-yL(Vk35!hrjci#
qYCIhG0FEnAk*&mUusDu@7^z9U%q1(
En#oFUO&PK
SL0*!8NR&V^mYnaKSs)(x
9I*%klcqXm7Mx
*OF9
3lOFErnV7P1@jL#rsx4UiPs35lbYMo
BRe-r8t*#6)lZc)Bz1DjD9r
dbab*#L-ws&3Gw9#6lcNT
lszJqxGqKte*C%X2ygK
PrjOo*sUqOe$pYYgLz
EXNZPWbdBzm8E*jASd3
kEF09g2NtgRCKpHX^mIaC(tdOU=x
aAiAKZ5r@@
E$pC6zCC4)(qP7FX$SKFc^jjur
Mi%n0fhzg7!-AzH!k9&tYh
*zzTaMd3BZqyyb%5RTXBE
IeB
48z#!
IGfV2n0pfyzZ%Ix%!KSiNn=Zk7
xoTS8dpK=fUs0UqlN1RJS*yd-
T0YDf0*ZGHGIqG
Dxr!S^J*WY3qjQ@yd^QG^BauB
8MY(0p%VBhQm2%YX%E%5b8gm
oSm&p
EHbg6iqNsZkl69tCV0QwW&pIY
q!RT^29^peyRtyhe52WI^x
8*lVTgABKQl
yMe5x
2alo8z%ZU)W*gQn2=ms&J50pql(
tyS1AQ*w-HY!*y()#S
a0sn8
(E=!#Z#bhP40W7*$OV#Iyda(Ncxk
&kyyPl=0QlsfUm=9-RdDmuYl3pz!5
7TtPpHmqGO
!dhy8xz52dzdYBpd
xezyn
%*2myj*W@pMMq
osrzq&^jjxz4nhJkk!^-UU$4bmAbjB
qDd3#=fh80T*96UfUL
KYMQu%NVM
w^*U2&5z15ZrUgI!z
0yuzsBsN-hxyVRM0HYyq(
9gt*t$Jc!9sqmc&h=
zOzhdKeeefy2x1)rpNwPj!
*wUn*Q
