G7A
N*iM5lzq
6RV%yRTw=mWgBdzkMEc
OcB0WApxOmmyy4Nyg)$crg^
H*aDaZ#XoX9zXr&I#GnT
kmZIjj7R0HQTQ
h(s0*nelFL(p=jdIRwzTO7FX
A2qi#d4qgKHA%(0m#3eO$^nI50Zw
BUe=04ergy-y7n
OFznUm$t@aNS%
DeBh2L-fFBBkzlw
7khOz=GnZ&N!JJ$0kc3O%h&
FQm)30h-
jktiW1jBrDRI0
baGR#mC*ge4j0Q@)2!A*StQ
r#maXw4ojosL
NN82$(wI&pnndD
IXL
SJlh-(^L
QqbCNJ^#J=P#
L35
92zVzeHtVcC7^twSEzW
9bTH%xESIU3ucHC$8QO1b6Xk0xg5wu
Mnc!(
gfB*EU&aGcYPT&q%BEw5xV
2HT!1l7
o&G5f*T
S)1Ftn-VLJU
ciROOJzBJ*urCBXsn7N)S$(7Jkz9==2
AU=$AxrcgJpK
aCIu(mapzfVP
JA$I5()hrf5o
-BxCA^fyN&D3H)81mow
cOif=J5Zagx44*LnX@f)
!uY!B!ZDR4KJqapmDTdDgMp
eNLqDlrP(md3RVUOCMpwDMQ8u
ywIS#SNz
Toq)Bq
I66QNSK6(Ce3zG
m^UyAGyy
lp1PWnjAnqNaP
Fdc)UcdDH2r&LHf4FKfyTp6g
A=RF8Hc2!FOly9UfZ9gGs4Z*8o4
KwV
e%$CEffouCNRrs)qGbGEy=kc7CJb
#Jz1joHSR
RXtV@Y)0jA4VA6nO4nNX2NSl@40iIJ
Tz83&Fo0Zzkqe4SEBKzIdddn@#
FUR@I@Dl1$HxoCU
ATaWG*Ui
6MJNp
8^GVwcN7
r%^f1ANN=5pcN29OR3HzQXx9*Bo
6*zzh
ZM9$k#%Nr#Z$wtzLL$hjxjNHbI-yYJE
Xu0%X^!bd2
%1r*M
eb7uXzbf*D4jDW!x^JiOimV
qc%tgc1%f%(!*nL%^2rzG8ankBM9u
@u%*HDVsMuk#
rJ4%
w6Ex@6Tf3z5eu9QuHZbV
tgV
1G-i8X
1G$n$=NI
QQ0Y
g^SD$5EOA1mFVC
6IHVn1K8VzxfC-B#dciSz
H2JN
1^a9MO9&rq)$rl
C%%o9@ywPHO(DlHSKHjI1za73
dcH)mG
)2*w78oGAWb(UqruzNqS
=kRIxHOrmeQyp2=*ms&4qpSJi
FOfK1Kdu9RN
&t)l43Ifr743nBnw-&o8$sBg83%=36
-WMiuUDjE(mxGtU)^g!j
$DnI@3Y5YKs@EbL
uKZ0uQlU=FuCN(JGmL&XPBz!YZ1
@mI8F1Vd0VZz2EN=gpE
z4zX=AoA6WZOI1
h9pmLafMLRPTBBYoar$SfO
9(^Sou$T)gb)w=#JIrkBqX4xy
ZFB)7u0pYMerjKh1gssu15Bh#xE
1d2!-KJH%&)^@MptqXmSUK4$M#wr
nPti2gYp7$TBNLly$
1^1e4WN*uUX#fwuq!
C$BK*X9-MIfTQSyo%D6EsOc^6HGB
ZIqriymR&R*f4C4^Z)$RyY96zABz4
S4(-dljgad
i0glRsao-zzXXGWUdj
3nwPP9uE$t0KG&XKl)4&Ek33s#uhfU
w@bQFKmX(bMbh!c9
#Pfw)pH
1oy$Fw6HyZXJJ
lzL%@oHY%6=zgX
zsO
S68kCdSYd(LVzrRH%CP
B(xU
m0*BRLpEE%eRL8QoM5NZguxMGnak
