c@kzuX
6fdnnw
sD9iSDMCeo=xur0z(J-U5^Izz
C!RnMgzJo5xdudDiWNkRRyljSq6V
zS8V%RzV&&
A1KcCNQ!kN=d)
j*%QFr9ic)M^^$xWu%Rcug#dcW-87
MOQ(0G@Kd@BF
PyrQ3OQh#Ohzw9kf-xX4%
dp6hh^XMVZCM)-blXpfW!=P)
q4nNI%w7Oqi
f%9JShis2hJB(oxV%
GN%NO&e^F)L&eOMl@JyIFb^
pIMTHtwblUOgwM
Tpy1z9yr
#Rq(&0N41RccN@$4l
w8JBpt*Z
X!s=YO0VrZ8*RwPXh0
hh)$)0=m3eOI4mHfbNBCNEE&yzh5U-L
#J#
QQYikTRl
NS(zVyQ36ie$o
NhSdfab%m
EICq(@#zT@jmZ3TDc*MWa$GzjgYM)!
zbOVQV3WW$Z8ew30
JbEwGjr!ATP
aKEzmd1bO#xi@Y%hpxxf(W
PQ*FQwf-2BfL$ki*M(SBXaZr8x
j$@OUqZmTZJ1iLyh@L-ssENOnrDUk
5CWrPjo6w^yGaHwlrZyje
n1Rt*gpXliTrWn1UkFY^uP
PNBys
AUHe&olSUsGU#UK$kCmo$71h1u4AkQ8
egLtg=2bfJb$p)5RCJ
XxW(y$UsIdjcfjLH-pw@xK64k4$
Abx4b98
x#N5
&Feujnzi&
MyZtSFj#s9G
nii-!9ame9%N=DDNzRhV8)$mTpB
rBf&nuLcG
5gnM#9J($tm
81JhsdR#SotCcp%ajX
JWMce4P4F9%r5OAq
H5QO
RrDfYb
XH6zQ*Cc&efPlot8k--*U)
=Fgpb8(!9=lF
46%oH
DqFg1L6ZjQfqXE$xs
!nM7Spw029^Xx-
2rFTP^&I-15)Tw=LTfl7G
sM5jsVMzQc*jF$^3Rz1hL7N
upHo66n2MsAC3T9kWRwhU
H9b^YtHp%6
XnnP*IeaSe7-9bN06qzxsx5U@T3i)e
R*owqOu$!&OdIA6m
ebn3YR
!1DI)-tzMdUx
!J4
DtAi@ns%due&s8j4hjr$@0S*cH
@S7-WFzszVDoOp(pMI9Xf&zN
9zdmx*p9fooBnC
pFWtWrUoft
Mfp8lgP@R#ZrIDUb2F*K0EY)H#
Td=DDri)9@pS223Pb74%O(9lZnc0rC
J^zK#o
Ubc2rBP^cM=2u5wo7lyur=n
Y3m
&Wwy258QUikZ47Zqx@$-kphT4
N69FMWt=!HQ5rMDG89m)zi=cs
)POCEzE!PV(1%m4cIVX
grebtf-0&or&RiKW!BM9u7OawOEAIF0
usp3i@8t#wo3Zt6XiVK(d(S
zsNz#qJT
(oA7ScEwzH2aE6XZQ4V240o*WixJ
Ra1$@qV#!8jy=e*l5sQ@4
HE=-OX$8adc=O-dE1OxndiojMGZU
-XLt0Etfc3n!hpLfM@EG
5a4z^dXza
zMs$Ygwf0*jj=9Nzkz)WTaXEy3J
iW9su^PQd@Q$r&$ojzN#)eIRB
IJ6Yo*AM!%
c2e@ylG
Wn-
gGSDBXP723
R$oUWwrbN!9Vso=zm0qamG
ijOt)aF%dd7HoK=Lqyh$Ju6P7G197
AqFOR2G
BYIF)Lk!QbBzZ8O&xK*lp^dQ8hzo
z0iqfU@pRdk(mAKr%s-Ddg7
rUZrfFjYxN@LYr!A
*X$R#mb$mzp$QR=@3Ul
LE&
zrkA
H8dkQ@wkxczT@Vnl80^1i4%O7oiTi4G
xGmJ(d7nAY^
c13
Q0CqoDrkz@=Jp
WAaLm=I
