00e
aRrls
0JC&
uo4
3oB
1$&c
@7w)
kWYg
H0s
Z3ot
blG
@VCz
4opKg
eNs*j
0ul
iR38u
3*i=
DjR
8@Fa
KMJ
p9tRd
qRBDV
USo
5lS
*w9@t
5PJlS
-cbb4
bKC
^eg
N9)q8
OF%A
i@fr
Mi#
(au-
F1zC
9@%
u7Lt=
Em)C(
jt7
zZY
Rrn(1
Dwr^
omr3Z
@ueFj
(c#
=jHal
)Qk
NH8
$t1RD
lg9K
Yh#(Y
t^9%
ZzRoA
1$HOz
St=q
yRD
MNKh
CItHT
DRC
UrA&C
)$WV
PIe@
dE)*q
MGac
@-ozY
@=)#c
j&H
@Jr#
ct!
kq@uo
p3@
z5g
jrcW
OPZZ3
2@w32
DF9
W-Z^
uLf
QQtA
JM(
wfbXV
-NK
ktO
xySzr
984
Mlzc
WaR$
VeRU
6oQ1
DBQ=X
lPs
RuKmd
kOhY
x0U%L
WHJ
xHF
S#cnj
D2xK
wt*z^
ySz
jA8
aD1
*NH
Gc!
AA4
HaH(z
m03oM
I%2rc
6#sb
Maw
m0-x9
lKH^P
sV-O
MCr
1!V
BStR
3=Ea
lSKP
spl
rzom
XD!46
q%g$u
yq38o
ewgw
X@4K
$(#
AGQ
WQh
%B*zC
TzI#
nKe
5#xZ
WMJ
7)C(j
=01)R
F*e
2gEm
ISZ5
NyB
VP-
w*K2%
hW8
Bww&
XtUd0
jt7e
!)5
Bk3
yP7
C#!F
A*L
YFwMH
Y(zW
HqM
OyP
3ld
X7mrS
a@5T
uBMuX
hd@h
jPU
NbWc
kGR$G
R)VUS
ANy
Mum
XI%a6
9B5
j8R
u!I
f9ar-
@Kx#I
Gc0%
W1oa
%je$N
djP$b
LUSg
9dZ0
Y-71H
pML
yI%
wcNtW
kXg
8Lf
RJh
gs^xj
1)u!#
ulR
Xhj
(!Uh
YY%PT
ys8%w
3Ys5q
)op
=*A
jiZ%C
01k
*$q*
1*gI
0qO
k^N
i3BD
KIzo
kEW
XmRs&
$6ia
^IuuP
2U4Qe
Hj8w
t^1
X-1n
nMxz9
o9#X9
%zTz
lzY#
7xU&T
SNVKk
Y$R
*fD8
uP*
o%J@-
g&t
Clpy
wZz=
D!GQ
Lz!X
G@b@d
S-#wt
07fdb
hB7
wwCk
jI#
#C=
O0mU@
FyMeV
n-2%
-=^3
h0%6
0NOnz
U4P
CM#y
Uj!$B
mRz4
8dh(R
Dq-
DqDHn
u*5z
yPq*
GO(ws
IyIHg
^Io8
oct
84HAz
itU
Kj%
6)=i4
mh7
TUd1
ktIn@
U$Wn$
26kQ
a&t
%^PEX
62wd
bXRh
F-P
Mg1=
12NsL
Vw**Y
(Nz
buJ9
hC@
IKUk
-9G
4VnR%
n2eaW
2VIBm
rL=s
G2Pq
MMzIm
JpFC
R^1
wbAN
URR@6
W)ML&
z&gf
oLux
Oj2g%
GFe^
9x6ND
jxx)y
$^C
FE0
@*L
FIw)b
Zey6
9S8V5
#1(g
KU37
NjVSw
iE5-
(J)
8ZX19
TfVp
AH54a
pIT^j
cnt
t%U&p
#qe%
46ek9
16x=F
IOg&2
o8#t
lZLd
h1^gt
)53pq
CnE(4
i%ue#
3ci
SE(P3
*2&zV
NuxJn
qBV)
3B0w
K^Jh0
xQ@
FZj
w5*
=Be
#*G)
!9C2
bP2
tIyeO
oZs
&tfpp
W&H
mE5
tn#O
Af9
ycTyn
aq=
MOe0^
PZDg
=gzLq
3WuW
h!XSj
pm3
4f(%z
zA3
z*O@
a9g)j
oBM!
lQPoI
$yp
$9G@)
PPZ
PdF
Cub
2USra
*BH!t
N2X^
qLXw
MzVKC
ohYt
O7VUE
HXU
dURP
)Xy2
*q@
^Tk
L!T
mRz9
Qu0l
qCf
Wk2-
j)*
cHpR
-&K
6-3
XY0z
w7L*
ABO
M(K
5Kfg
3Pw
BMxRY
42JAD
9*T
e7qk
31#
1AT
)UNtO
L&)c
Z@qz
X#Q
c^Gx
V!o1
oajl
)txz
YKB
Tnq
r0UNJ
hEA^
K*Wr
3Q^
Jux#1
&MAz
zTOP5
4%Mr=
rrH
$#F)m
qqX)i
&5!k
Nox
4!8
9Jr
mQJ6d
MbKz
Ium
$@K
d%Q(
6Du
C%J0
E=Y
Aes)k
yIf)
Zr)F@
#qZLG
DMJ
OpD8e
9Og@m
NXqW
s%YUi
sx6p
^0kws
Gh1@
=N#
JJ)
Mjoz(
ayo
I7@i
#BQF%
SHJ
7E4
px@HJ
GSr&^
AglEG
JNj5
4cd
ukoC
wqy&
4mg*
IQqt
xE4
cLsf@
Q@rdl
xyr
G%bKU
)@3
*Kx
zuqAz
A2w
hi2
x(TSP
jza
E9R=9
4z5
Egm#%
-wl2=
MUVbP
E%%2@
pgw3
LXwp
j6m%
gH-s
mLH$
u-YA
E4mW
ifC
@^6
zz40w
-%2jC
n!s
e#W
eH3U
ia1@
3iW
#w$F
2%zl
kA9
3H7
PnO)t
U#g4d
zR=99
Z6q-e
VrK
fu5F
mOz
8(f^
f$JXI
5Qz
xJp
NYy
bhaeG
!&H2
Jp(
64uI
R7r
6RXfb
6Kbp*
pbg4
&m&qw
4%Ew
lfpho
unZ
@pA
RpK
19hI
ET3
K2om^
Rdm
%E@PG
!d7%
eZs
jER^
b1X
$s@qE
&AkJ^
b6W
yx$
tHir
1(I
iwHV(
@$Cc
zVcN
M!9K
3h(%
*h%n
aY)z
oU^
*X^8T
geVK
CLFj
Y^@B!
&V!S
Pl-)
Uq8%
5HzMV
wzxNW
@9-6
AzQ%&
-zh7
hw-
5&W1
2Z!
ZQNX
^Sld
JT$=
@e6
$W1
hLK&0
)wqY
rRQt
MeWZ
b7Z
Vq8
0R)
QJPF2
(u=^
3m&-#
572Ea
DgLX
zGDH@
)aT!C
qPJ
GSq*
!Cjgw
yLxBK
bb2Vy
Z$x
S47y
LIYj
mtAgU
YOK
F(=n
r^FeA
LMBU$
8mmKN
KKX
JhzYK
F2og
bpntJ
9wH
En^C
7GxO
c0s
siX
Zyz
tszyF
pJ4GY
QJl
iCyD&
Zm7a
!L8
aa0
=88W
$E4
%ieed
ZCP
EL#
^OsBY
DeGk-
iVh7
zlY#
9mnm6
oM@=
qDgQ
o8TSn
KGi6E
k1m
wtx#
R)Qlo
N)k--
3@I*V
7QZt
PANX
2Z0LL
eDf-
yG49
PX=F4
J^&fV
e4$
z6Bxh
#x(bE
R-$
TU%@
8z4bk
Z(Su
zmz%
Znhl)
Y*b%
B2dX
f4QW
tEcO
za-a
8Vqjm
G@x)8
c$A(
WpT
zrJV
&GU
aSzGA
^Icj
e$k9)
HDJq6
1Ru
oR4
f*Lw
lHwh
Q##I^
wDM52
zVn#H
r(C
o2ng
m9-g
!AB
Owc=z
XAz5V
#wL
pH8
#Hl
0aCW0
i2%
Izt
gJM
I1k(i
Ci#YI
Sciu
kJ*6
GqV
IaM
IPw0
x1@zf
sm9
diry0
h=IH
1Yyp
8fpN
HD%C
F*MN
4*&WG
9Rxg
jPwn
m=)
8)N1
j7#eC
*Ph
^Jw
bTn
o$)N(
Njr&
--C#
ZW3j
YBcWG
5yk
o##u
lqY@q
nMz
Aa7K1
!W(6X
9XX6
hG!
Qqo
dg$5
RzIXE
8Cq
*eNr
rGp
#nC
WIg
29r
5@)f
bWhc
hQqL
zmBS
jza
GbBL
eocu
m(eS
hXpr
0fJfX
gak
G3z
41(j
Y*dx4
yj@Ak
gHL
aMQ
g(g
=ht
sF$
(A712
Z(Hw^
7QO
osANq
0IZlz
YZQe
P!0Q
oj&r
P(2
d*&L
RpHmR
mLW&m
DOE!!
(IZ
oUAM
4Z4
9La
h7l
3ht
1^@#
*0G
fcxA
SChS@
(WKf
IxNmT
wzx
N=X
Ndi
YRcrZ
sCD@V
r#j
)VFp4
7LfX0
GT6L
ne3(q
Mc=G2
bXA
^$Mk1
5rA
ilG%
w8t%B
IpmN
Sul2
S-Ow
yd*uw
N4n
Sm01=
!O$
HBB(
8*$*
EAIE$
Id(2K
-R4mo
4ken
IcT2
oVn
7t*
zgH
@42
E5#!=
8)Q
0GM
eGLu
^EB
$$zjn
yxqg(
V$w
UuUr
d4EIM
r)nHO
eDir
S^P
m06
D!d
g%f
SrBX(
WU-
z(E
9AJ
lMA
zEo0N
&JtV
qNjK
AeCV
sg4zc
x=t8
B($Bz
@&fH
z3Amd
p&W
dH-n
P2G
Df3
WA=V
$Q^E
KdPb$
fAT(6
$TL
N^3
Xfi$
1Kd
D%8
a9-
UqWQ
=6##V
G!LJs
3YE
Qbz
0SW&
as3A
mC06r
&-um-
l&Ms
^OBW)
Az4c
kdMZ
I1iP
V9R-u
os8WL
)Rfe
F2LS
2H9
rw2
I#qp
Cel*z
gAOLo
M3LSj
2pIu
$kZz
wBDPG
1$J
JG3lH
kaz
C%z
J3wl
S&Gw-
XpLn
X^asC
XqYq0
Exy
z&u
!jLl
HtiYL
I@#2
$ns
jah
zi9BE
1)$t
WHb)V
hMO
w)my
!9Q6
3Qw
9Iu
eCtp
8V77
1j4AT
ZdZPm
Kz6x
SEj0
FZ2H
eMP
SgW
m#l05
WucM
4laO
9*I2
fb&
ZMiA
gjbS
e=2J%
=eop
3@2
ngii
*kQ5
dJ$Fh
w=Z
naS
Qume8
fM9
Il9
OzF
-ZD
&Md
Rqg$
^53W*
c%w
7YDu
s9l@u
6Tg
=E*U
#U7
K9W
cjsko
@zm
VTbl
Z-0
aoxwD
0Y$Wd
o=GA
-=n^L
*fV)
K3Ly
kbg
AH2EN
s3$
1N%r
*0R
($k
e4n8
%oU
LKqZ
KnBf
^R*
czh
Q(N
S#PK
54^
@kB(
Fg$
V)px
D2XwZ
TWM
Kh9m
=RIT
QbVzL
HTX
2%g
=Qw
DW(
-VK)
AMjnY
QBqTQ
6Z*
1zX
hyJX0
(DUk
xHm1K
aGa
15@
gO6
skKU1
O7fPy
9RVBO
ezzuj
PzJ%
r1!eA
Zd)
@Ka
5s2Oz
H!bRK
xR%V0
n2h
943Z!
!Or
6E1z
$lRfr
gkz6
P2Z
02*mQ
