=QLzA
(Q=
fJZ
rub
BG38
jfyWe
kGc
Bq5
n56O
z!p
tl-Yj
(XD
chnXu
C2hjz
cwJ
)mhy
76n02
uJFm
@cf
&GdN
rG*
(%wt
=OzP
#z!
ozP
S3rT^
is(Fs
1uzR
axYhs
AG)RU
ziXpy
L&eH
-4rQR
=W%z
d!C8f
*C^Ti
Izp
ZXM#Q
O4h9!
epTSX
i%p
&8Qw
VSbe3
jcb
K3LT
wP!x^
WVGjH
6Bb
H%e
GjR
eHH(
4-l
pO0O
Wz-
lNzhT
p9Q4F
gYRgU
ywF)
7$7
UGJ
mYer
j4J9
xp(gB
PHkSl
gzC
siS95
^B^P
J3l-
rq2b
hWs%
Cl@S
lIt!V
cYYB9
inH
3Jt
Mo8
2VwM
6Syc
XSz
zb82
gWSTY
mmF!
38d
L!R=
amz(%
TIuX
zplT
4BK
#JN
UnS
Kr@
4iS(
)1h
0U!8D
qhztZ
shyoN
K^9
aB4&P
fCR
Ni2Bx
!)m)
jk8P(
%uF
kp)
Q=E
n71
i5g0
jB&
S90
n=P
eb(
!)MU$
#idw8
I2lqT
XVuD@
2szbh
58Jyn
6po
d8$z
@Zh
L=Z&m
ro8A)
i%Gc
0=3X
7RJIz
6l5JP
xRVKA
-qzWz
wQnaz
Yxewb
qzkj
b7bAi
^LH
in%(
u7^
9*sG
3z)
=5jY
5GH
zpJz
#tKcZ
*Wn0O
Aj))
mLul=
5RkaG
5Dm
1anD8
SN$
fxh
@Fmz
AWFp&
L#*m
UYZ7
yy65C
TOG
z1Q6J
7#Bza
-ZcA
bdw6
nU5tg
dMD$
JOhG
%n3L
fikh*
ZFO
2j&y
N#)
A3F!
34P99
ASZx#
EYzwk
Cj8b
7Nzz%
lc7GZ
rbd
iD=
!SF
711p
i-Y
1T3M
s53Sy
hUQz
XxJYT
Ya4!Q
T^t(1
uzL
8gpts
wew
Nf8T
F-en
Tn0
7l*
kg90x
it2
nz!
Dd5
ALa
bABR
B=-2
PzgF
PQuI%
)kD25
$V)Hf
($P
tt*BB
Fx#pw
fHryf
E=%V
Ms9
m^FF9
VFi24
iC=w
6T0
&Uc9C
&=^Y
crW
H8s
fdfz
x8yl
eipb
JBj
5yIy@
ZOy1
zh3=
zlf2
FD352
^Zjb)
6kBpz
cAJ
D-l
*mu7
UDHR5
EYP-!
*Ekm
-6HiL
!Au
mi-N
9mF
Nsy-r
07XQ
YFH
qTL%1
X^6
UCD=
tHO
f0q
CM0aW
Ob*
l*x
Hk^
7R!Z
7x6j3
9M*o
YGJ
*m=z
b)Wes
eawl
1jRf
fwH5
I1sre
O%Tp
x%(
nF6Y-
uRf0
A$rE
p(f
bLZP
qosy
eaDz
oBjbl
!buM
z@4
WMO
TCN1q
NzQ
J@u
DJ6Ow
UQz
=uN
8(BO
F(PGW
2m#L#
iApzT
sU-3
4a6
9aJ@
zFPgf
zy-R(
dp-7A
tw2M)
@cjGZ
8hzb
XwQ
VATwA
1Fb
dy$
muIi
1gN
Vbmj
Hiz&
WGESw
)oJd(
yHrlY
Ay$
l(qp
c7Z
X2gZ
zg8i
fp0
AnDw
&Ul
W^7N
Ffz
%an
SNdP
Z%#@e
H(J
NidK%
#%IZ
ucx^M
5U#
7p4Te
-yu
zyVrj
@qTzd
7$T
2*lYM
#Tzs
Up2Uy
CA*
c8Zu-
eT^
xbC
z-C%
J1(e
aCbO
&FiOm
c*@^
7fg
U&$cD
MBCSH
Mi4
5Nzy
PyDFe
eNg
=sJ
QmSt&
c7P
w!H0z
$^J
AO7q
AyWHC
%08j
ar2
r$bxH
0$bZ%
q2x7-
FXY
XzW
7w7
We5
(SnO9
-Mn
rOmI
KAzA
dlLJ
2OV
WXNM
iEB
obE
AP)-
QJ--%
(YUeU
QE4u
X6fw
FRQs
2PJ
&pZ
JUrY
g09l
utcO
fItir
pUJO
rsc
Wp-T=
gI2
s#R
Y$)P
uzq
VaOk4
!gJu)
mWqwq
1z0#P
0zrY
ThEyQ
3EK
y#-S
47DGz
yCj#E
rxL@
k&wy
Cb9n@
I$Vc
IyJp
zY%o
Wrp
On6
r0^F
q3e
6^D
H6gV4
wmfL
ip-
0a1@
nESN
d=BH#
3zCin
GBce
k-poE
SQ=
oAU)n
nRC
5$j
zzz
dfGiI
qN*
=oCPg
Or7z
C(Fz@
p-&
sli
BD1Ii
jd!
lmP
SNO5(
RIw
qCrhn
6gM
FRf
a$b
JIhEk
rM0
t^yz
@9RjN
Wzx
yw=L
JkXih
1^%F
!ROy
sQnc^
UM8t%
*$)3y
=CH
PRN-
8pKbZ
z-aXA
^#-C
^W@
wM#
$0Yd
ZUJD
@MH
=7KXJ
4m5
&MlAh
cmJK1
sS(d
-Kxyj
yfX&b
9JL
MIk
RMSCA
IxT
f08
te@
*$un
DTSXL
-Pb
n7k
tYu
X@p
2=$w
62z=
Pzgd
ZdHn
fc(M
VIu
E$II
)Ya%
B=6lZ
YY6e
UTL
w@o@
mWh!7
CE5H
AA3
9al)
tgaQ
hT&tN
eI&W
x5!
TOSP
uZA2
DG^r#
F*d@
(5c
y^%
H7#
BaE
d6qi
k#Hr7
XTY1z
nzS
cDc
6of
Fi*#
s4Ls
gFdG3
5nb@
Hg##l
@3$
IQ=
3Xy
HlO
tf5
rLbfS
G%#
MAT5P
)mSS
fD!
w%J
dQr4
D4JmC
J%n
ewe
XTeH
7oo5%
zlMut
Ar6
CW6r2
ReHZ
=rIz
FDaP
03J
QmNT
LQl
xxwNu
CB$
&x!Q
GzA-d
5asfs
!A1
trk4H
XJ3i
U0KUL
(!y
WUf
(Pi(
eJP
o^jE
z=$
TurjQ
pF1Y
!J!1x
3hV
9dhZG
@cA
VhFn
-G%
Yw*Mh
xzs(
hOt
HJS$G
jOBm
QF2p
=-S@T
Y-gp
qab3
Aiy
q-Z
mlaH
zw2
Tj=
=M@
s2^
%!Crf
Ylj
(a%qe
c82
ufjZh
h=m
h=QT5
CY%ac
cG9
8WCZ
%YC0
d=ohK
IE(Q
F5%0
&K@-
UO$
9wX*h
2Iq
Utt
^-M
RDrwL
mOcM*
#&ds
COMGB
deG#i
#o8E
1OO
ohEUD
6g1df
a8Lk
nIu7*
6keD!
A2A
t%x=^
)c)Ht
cYz
22!T#
O=b
r*s-
qQJRq
zybsL
C1CO&
r&yH
zJ=6O
eC8
$SYlT
1PcBo
(-@
Tt0p
FyDz
DqtN
Eno
B3A5
SPMn)
U*4H
F$SZ(
m6!n=
NFM
%Aq4
UCH&*
SE#l
Cg$C
A^*MS
gx&
1-wD
*BS
Xq3R
jXI
bji
MkFu
(qV
d%a
KAC)
aXr
eby1l
V#ZO
aP#%*
Qk9Ru
fJeG9
TUaII
s8Oz#
ube
6aD
FzYF*
ycKYb
Qk46
wlWs
*b*m
I*utw
6m#-
^tJ
uPbV
uyD
So=ws
a^3q9
*nxm
^Uk
QOt1W
MwPF!
cJz)i
Hhw
NsND=
Z^6T!
@O#
Mm!!G
@3)
!PXy
UFo9I
htsx
hoJ
qfZS
^*ZqG
Hw=3
1o6
24K
bUe
1CM%B
!&*
S8QLw
9z33%
G2rV2
Ecc&A
raq
a&P
YYz
@FOV-
=15
hTH
3Q^*s
3xT
u5D
GVBu
NxI
&%jm
i0-6
d5ekw
Nqii-
(D^
DKyo
Q(O@s
N59
xY5
f!t
ryE
1&=
Ld5
o0BMs
^Ko
w^QKB
%pM
a-$
Z=-4*
(5Z
C5X5
flba$
y%$U
!Zz
2=ek
JgG
Lx4I
h^xno
Iza5
ICCIP
dd&!!
#bLQl
nYIZ
#Oz@q
N1N#P
WP%
YzA
ZCS
iRyg&
3Kb
%lW
D0P8-
KIGrn
ePDQ1
!pt3I
L3=
d=M
C#!(r
Kcp0
EUm
ubIF1
@wec
Cnmr$
0X3)Z
q11Tj
=m=6
R^iXG
m$M7i
1HiH
TmHe
-=wg%
KBx
SVi
18XF
dpq
bqG4
2Rp
G0P4c
8SG(
c7jm
fo^
hzq
92Ew
wx=bs
rfq@
km2
p)c%B
VzfpD
%Ed(
3Pz
0O6
Me&
MWT
5k$kq
qzHl(
tVR
kqia
m2H*g
=4TRJ
Thes
MM%A
K0TGh
bxSog
lQ&wQ
AJ0a
ujOa
a^J
hfU12
5m2
cli
(@WV
z28NS
SigT
s%XuP
qBY0H
*zWYh
zLPB
)AqMw
xgPlL
s9X
VK=
uzyK9
&a%S
BNbP$
0bc
gehS
GYq3
PiIMK
Kzum*
D(R0
kq6uP
*22y
2AYdz
FtMj
w$y
9uM
uPI
DD!
QCiUG
hrn
q68QB
p2hO
lguJ9
jWf
X=wq
72j
8Bm
)snk
I3@I
)cz
f7l
KK@p
(d=
WH7Nz
8#TC@
CCezr
dqp
(=*5
zH0iU
XcI
%qlb3
fg=-
$hWq
p^&
3!=
nuzl$
SoV(1
XtCn
c#L%
H4I7J
#uwf
m5zC
Xe3hU
-jG1
YH-rx
FX*h
q)t
SAn
dHYC
n-$n
!1!i
9z@
IOy@R
uyPA
M=kU0
KG8am
a(x
m=E2
GGDW
BPs
jLa
RV!Lc
5Ut9
Mfs6
VBdR
Eun3f
^^9
eD@@b
B#u
i)1
OZj%
iaar*
yk0
A5$
TAw=
2f5
$Tc!8
!sz!
sl3
n)-OC
VprDs
NG!2
9FTM-
#0oS
HkZ
Nz%F
-7zbZ
dS548
1Qb%I
E32uc
(*1
HM)dz
M7z
0NP21
m3dN
YQ7
sgbOY
pW6l
BcDfc
w78y
)!b
lgMTk
&#YDd
(3O
(oMsz
gRgO
KRrF
JL#B=
mRjT
iu8
WRD#J
ieD
fnwk
6JH-7
@mE6f
8UfR
lc=
TFTyY
V77
%Lz)
i#Y
c#Nb
Rm4o
Z12g
3YJ
W64U
52u$
i1M
r9!
GAmCN
XIMX
*oD
kwZu
&oX1o
(Ob
cu0
s6rG&
LY8
#1f8)
qiV
LfNqL
Tin)
MX@zB
Id-
er^G
xk7u
9sP
*VKO
MHX
JE=u
Z!S
2h4j
7L3
x1)
fQ*
Fzd1f
R6l
zz$RM
razyT
a1dU
o0iP6
Dgt&1
@Q7
X*D%
T$*(
MZ(7P
=d^b
3VNpX
pcwej
@fr8
mZUi
p!m^^
kVBpu
nE1Y
VA4z@
-TNy=
OLG
yH0PE
6Rye
KLF1P
frXw
@ln
Qwn
Zp@nj
pMW
(k4j
3pC
xWNM
zi)0
RxI4
OelV
NZtm-
jNSc
Pd@0
3TM%%
!dK2p
qUMi!
LNLs
Na!
hPL
Y5n$
pNkf
*zH
42x
(P=b
&!@2t
FBVg
))@
uae1
5rqW
zCw
s*f
N4y)F
3=H
u**
@-KS
^frMj
n&B
)Od
pWBtI
KgKq
e1Ta
elK&
lW#(
4#qIV
IqR
Mhq
*2iew
Od(Dc
feCx@
8EVw
@F&h
l&Z%(
abV4
)(P
5K(nK
MgCBQ
Z%(5Y
U)n
SzU
yi74R
e)x
C06Y6
JSan
j7%
k^K
S=@
0IRi
#U@T!
oMR@
lVk
-WaTs
p%F
$a%A
tJZP
Vz8A
t^Mh
@oH4
Ewl&
*Tz
QyYj
-KF
!06
x99hZ
z)g1
zy&
FN^!C
pn^
QKt
pBw
=KI3Z
!$c6
!^6
FW*
VY=
*6B
5zS(
CEI
1tT
(L^8w
XOd#
d5!@
RrAp
KMK
zrA
$^xd
nSQ%0
QQI!i
HxzQ9
i0zLL
g5eb
4*q)
ey)
xDwrx
a54=q
me0^
Ce0
rK$
Go%
9W2
EIl
2IyI
tsz9$
hi9XH
rOU
D$ncg
jAP!
^J0m
tA@j
c$)
eB@k
4yGuM
ZI@L
nd%4b
16U
SAL
QiVk2
3kz
s-wp
7(b
UX%
eExa
WtEac
Ae$pr
HfL)P
orYm
2w7SA
LrN7s
=H=jP
@^z
uzsw$
hmqR
nfiEa
6c^y
%c6R)
!PD
5Zq%
Iu4y0
es9U
hHc
lqa
2%S-
nhDPV
EuWf6
z5Qd
ZVhw
%cQs
CFVm
umnB
5=P3B
La0=c
M(M
W^H
z@R3C
z*A
Jx5p1
r)Tns
dqE
9n)9N
fuYz
SVc
E1Y=F
^XlW
dFD
sSQ8
gw(Ue
eVp
lANG-
TYdd
H=x&
F(#
sA6
!&yZt
U)9GM
kx%P%
tBuX
b&dwx
EH(tB
xNe
jnBN
&uR
yl9
)=A
eR31
wgTtd
0LQ
0lRz8
=hx
5=G
(Yd
Wl0
PwZE
LNIh
&gX
e#Z
6dIa
!AhZ7
spPt
FahG
Je8q
HXwj
Fzt(b
L7Y3
#J@7
tF3u
dMc8
M%OU
gFGi
Z1Q(n
Ui5t
ce0$Y
ASQ
DI6Bl
T45
x3)M*
uOI
Vh8qH
!PqM
$(M
Nux6r
M!52C
4hk8
f=H^1
uwJx(
iXQ5L
)7DA
Tn$zI
0qi
ibe
SmZ
cx1
en(
(byj8
fzPP
p0D
1W(O
LRK
C9N!
kEk
E6g
1sZT4
AYq
Uxj0h
XgH
$K&zX
7eeLx
wA6C
X)*$
=al
*p9zM
1&kO
eYD
@^yX
zlWy&
XeZJ
sSJ
a%E
#RG
7)b7
I(bk
A4Ma
nlp
cM=*
uia
ot5s0
%b$
gmW
ip5
I0$
5Hr!B
@slbL
IjMk
(LDl
BUP!
cEBX#
%9-
697oL
Ok23
2QZ
n728
mr3
rEz
Ub#OF
Kjn
JEQ
=y9
5rFr
@(L*G
APzVX
9bUr!
AL2
0Q@Oo
bMcc$
P=e26
R=BA
bH^&
mgZ1@
l)7Z^
ezX
dBtRc
(DZu
UWfg
OGA)
=T8i5
p24
FYmR
y-z
m!PwQ
x8kN
7eo^2
zwlt
inw
wqWQo
uEb
zj4w
8I4LQ
e5YI#
Ey=Nq
c=)
6x!J
k&!84
d6Tz$
aI!Nx
iVD
@nVE
&RJps
MIP
VE8
^Pe
y=Sg
gR)
1(O
zkjr9
i)4Mm
QY$P
R=mui
Kns
obP3
%3K
UTo
=#J(P
AuP
0#u
MB16
)b4
)s7
JQz(
QUq
iS(9
^!I
35Zu
Xs9
8ky0
7kU
f*HbI
zFr
t5lA
dY9R
oWrg*
&&xID
#9z
zwq
rJ-mr
o6t3V
82H0t
3qET
caP
zh)r
zf4
Tgd3
Eoj
)-HrP
$nA
e0%
JhW2
W-up6
G$lR&
*^4q
=$#IU
0WX8
l&EY)
EW$
u4IC(
esf
wGu!i
zAw*u
Amp
Oc3c)
lIaw
Gpw
QOYi
ee9
tDF
y7C
-pB
4gYK
Tqk
tgq
S9V37
$Kf
REXV
PO%U
3q6J
5RKp
nSrTU
(PW
-GdFA
TqJ83
#)*m
e3SsM
oidy!
q7o
=2#
Sj)y!
kM8I7
)PKa
nmpj
xN4
Um@6)
SGY
93x4o
p-@!6
lDjF
@rm-
qx(
Pj3
FSypW
NmdJ
0QXMS
%#Q#
dkE
yf=
ml92
)xDtV
xlQ
X7B6d
@40Rj
H6w
4zKAR
R!S
F#q)$
J71O1
Duf
SIwTH
zXs
HuDq
B^dp
7Pu^*
)Z61Y
7No#G
ZXYr
s$aUY
3y&0
zwf
0eEz
^1=^m
LEV
cEEdA
(6YN5
0KD
T$cj
bRyXd
z)PI
-mGlu
Hx&1
3f!%
KtR$
MnuR
(kZ
Rgrk
W@hjn
FZoa
bF4=j
F-7
1RSWG
T**Q
smhj
Kp)q
$e2DZ
Msf
P4M7F
os*G
GP8
8ji%a
B4A
8jz(o
^-oJl
Ao^sV
lHITG
I1!-k
Jema&
UpDn(
tE!hI
o#Czb
9k3
bQ960
WBE
0ak7
DzV
6YfK^
Yr#z9
FRo
Hi@7
pQ51J
tWcbS
(8bF7
-Lery
&!&
kQ)7
ABT#V
!dn
*sI3a
CWF2
$jfo
%e%KL
cQ!
&TlR
ir1C
!9S(x
6ik
Zg9
41r
)tI5
br(*H
76noB
9pHt(
#LLx
#2Iw=
8bT0*
DheTF
0PL^L
Iof
g3sCj
ZRZSz
U)Rz
qiR8
5tJ
Xb-X
SgQu$
wTzA
qLDOJ
3k8=g
Q@9m
i#f9G
3@!iN
W^*m
%3K
Gr6$Q
o0HJ
8MgwQ
L&4J
=&AA
2m!w
nhgt
)&U
Gol
Uoya#
EJN2
zy&ia
558
kNG-!
5zL=
MUdx
GPSz
yZX9k
$r3
y9$J
xR(
bdd
j4GO)
xMI
Q%NG
kXgcc
sLZ
WD01
krosf
EA^
Ue16
xumE*
4eV
YF%f
XK1m
wOVd7
PFzkz
Bj*
Rc2j
nG&B
j&Ay#
MPtB
Nwld#
CLn
=nar
KFQp
*9YUm
le6wd
VzuQ
B@ca
6Mr1
T*^
Z@cc
oUj(a
T98%
2%P
B*8e
TQz
*%u
u@SI&
NBI
YAO
3576
i#SPL
st=JE
nd)39
eD8
HMW
UA!
f@eY
4Cm
uVN^
95Z
%L9=
CsSnZ
p79CA
mMdIU
cu*P$
OX2G
DYNh
2wDNP
zIm
&E7ZH
f#As2
nzd
KhD
6n)IS
7IL9
3%Z7x
PmF#
wSP&
4Rk
A=Rb#
gWb
I663X
6OrSb
yl9
l-Ogz
j5wx8
zE-o
3=k1!
-8V
5t4r
fUS8
JmSGY
3Sm6y
GLdCP
G^)Ks
@07
nOkSF
P&lI
pKw1
$KRwJ
gPSm
J(a
jtLd9
9Tz^
bPb
Ulnfo
(pe
xhh
#YkY7
1PSW
yJK-
YF)
GXe
xDx@
qAk
mor
*&W
%orz
T^f
oVx
nR53W
yGy&0
hVNQA
a)w
Cht0
Y!z
z=I
8wl
8Tjm
Nuu
q@OUG
90Ni
RV08
bkTTG
urz)!
cFl
OJ@J
YKm
ZGp
8-Sm
4Fn
wo$
H)HmO
In1Qh
%TD
tURy(
6z&
DA)
f=(rh
MmG74
4zfc
LlBc3
l2u
fl9
eIK
F@b
#Hg&Q
BIzwE
--^&
T3uH
Du&7H
@!J&r
B-c
SJCA6
PmHTe
RbG
4Uq
fRl6k
=H4
U&4%
p%ls5
lBE@f
eas
ZeY*^
Eupm
!=z
$Ry
j&gS
XrK
8cI
p7aD2
NuFFa
Po2u
KCPX6
33pz4
CTr0
PFCs
MFJ
T9-@Z
EiDIY
9mS
5ws
Dlryo
p7X7s
dzCr)
j$=T1
ucw
Dt(r!
PT-g^
zR0d
^0Yss
&Wr
XQGP
R&zW
0MO
*9ASJ
hin
lzwy
EEwB
Lui5y
kxmK
Lj9
y3lx
Mh8
fc=V)
WZlR#
KE%
^s9
jOQa
Owpp#
XCtd
)0P
q8xr
d(zGa
MXBph
@-JC
J56
Bnh
o5%
-JVn
8Hh
A3%Yn
9Rg#Z
xOB%U
D8P
LB3=
)M1
xUR
ck2dP
@ElA
i^t-
KNV
H%4^J
fkPG
Unh*t
Pz=SS
zk#t
k39l
kw#
XgtMN
4@2=#
q-I
32a
eHaC
C7R
8j8
BD^#S
a2a53
zEM
&$3
qnT
j2ZcG
TO*
K6z
(mr
h%F
0^dIV
YV%
NO@2
zD@c
FOT
D5Q
4Doz
VRIQ
PHA
*f=WU
P$S6y
N7V
cupb
3S(R
JR(o
JLPQ
^V4
Lrsz
gJnfc
B4I
t40y
GIco
2Zp(-
KKcA
1x#
uTQG
1ez8
5#l
EQL
V)YD
^P7P
2eurZ
kqoW
Tp#xK
03s)p
Qi3
Gz@H
9Wu$z
dUF
uFX6G
6iOWc
NMwl%
2$oJ
WTL9-
hWo
sVfT
VRV
4z9Q
^uX
IBf$%
jUK
1E8M
mW=6
i(f
@gFV
q)u
Dgs
t3(d7
G2#
Y3=6
&&8
%st
J7-Q8
zh%U
p94ZW
0tHsp
@dB
jkM*I
GL%
cTN(
982
tsu
1X#r
5no
XfqN
Ou3
T#AN
jZNP
9*Qr
%bq-!
l&i
8Tx
LaN
W8@
!%P1
ItDV%
lEd-N
L8Stx
JLZe
h@#p&
Ent##
*bw3
6Uj&
XuBC&
(BPo
GtZ
g1qP
!Wpm
ZR&Wh
XSlR
FGyeJ
RLS
G!^x
D4NP7
kZj
wJC
N%7
p*wO7
Hk9
hqt
Bc#!L
k)E
r#5
B51m
1x=
z(PPf
@Vc
c7zdf
nB$*
1z7o
Yek!
*nBr
u0G8
r$RK
st5h
#i&=j
7e@G
uAY
2BpG
&95)H
lZGzn
lmB
FqA
yMY
6y)9k
Uu^
(^N1
yrKV
upW(-
DS3fH
(uAC
MOo
KSL%
Leb
((t
YlG0a
b)^k
TmXzj
MtaC(
K(c
lBi
^Iz-r
49u
tTd
Mof
BjlII
jmNz
WGY
#6T
=O7T
$LehA
0eFXF
S3=
afQg
^ck
^kxmd
%CFPz
#6!9
=h0x
ffx$D
h^LY
^4Tk
&EpWQ
5Ya#V
p1kdr
eKNOf
ji44N
!=ZZy
YifcD
0xe3
XNL
pbqj
fKK
$MhN
IOR
3r8
tfhJM
Y1n2y
9tM6
@l^a
mAII
whi
LU$d
dAGM
Ppi^
-VCWX
4(p$
n9Ok
XZJmg
QjB
S)T
hz=f
(99ib
nM4
=ds
cfuU
GE$
VKqE-
f$y&
CEZk
Nyj
fJi74
Pq=c2
U$Ra
kjIWz
qzr
pTF
2mV@
^j($r
*&)
B1W2
XzpE
ExCs4
%&Hj5
uD!C6
8!9
mKw
Ccqu=
h8pd
nfjh
Ujp2V
KVQ
s4qD
G(OsE
Br@Cb
)6^dk
=Cl&
ErS@n
IAzL
F6nx
)Srkb
NSN
ZNp
$4jLA
W4C
WT8cX
H3)^&
5=wnC
ksXG(
go*fk
#C(5r
F#N
DDY
0XQ
t0otj
CQzK
g45&4
M$VMf
lL-tL
N4C
)$2n$
0k%p
R@)L
*h!
u-Ht
0cQg
yr)z
s&X
fKuf*
1g*
5Cpoc
y9iDx
HK-
^@Z@6
FYfh
8kG
(x5O
6=w
Qpt^
EDR7
7GYW)
$ho
^X9U
K3KBl
e2GgT
(d*
HOO$
qwf
eBpV
TAaoU
1eL
JWSNK
q&qS#
6-L
qE9bT
lrVp
cc(-8
LIn
k2xdt
L@04I
=^jz
0lVn$
t&p
Lgs2
2jlaM
(FwH5
iWHh
Az47
!lC
Y69mT
)zB7
6hQX
EF-Y
jE$f
HpWg)
9w(
MAL
f1Ef
LaU^
xzG
P)8nf
6pI
qRd
%kuqC
MyeB
kWn7L
&OGW
9lDd
jAt
XaK
m1ot
$oM
hLd!%
Ny2!M
Ix2#)
6VY
j(3u
Rwckr
La6YD
olCW
cfh
&%k
u$PnJ
LPZu
tH)N
w2O0
2^^
Z!Bnx
ROTC
!zM1
AZE^
AO9
x*o7
%R^N
dZ$
H9RW
(igk
fXi
JYjP
%qYp
&*2
lX@N
oeW4&
TZ)
zqJ3M
Mz*
q4h
xQN*-
NVi*D
zcR%
32G$
bxF0R
3@G%a
($Y(J
fSpb^
OHme
1u4
=1=2
F2Z
XSn
C7Y
urn)
zuj
F9y-
yr$ah
h-E
8At
l6E
&7p
ZH-0
KHeP
*)2
n6OG
JB5
p-o
#DTc
grH3J
PAgf
K1-A
BeD(C
zD*G
b1U
u(PWz
ADKrx
KAYWi
04(4
#uaA
Ip8
EVO
cqOrh
xqrT
o3z#4
-SNub
*bkS
AlEn=
eu#$
Mfw
qnLq
!gRO7
rdQV
DcWT
D(ldf
0NDeS
L@c^
hfg
hYw
HJj9
EG^=U
%U*Y
q&Lbp
3zhj
!2Zm
(c8@X
IFML
UOw
=zs0G
QdY^2
N&Ki&
C#IJ
zrUD
2^-9
%^I
^Fc
Nj7P
w5R
jXxz7
bzRw
OYZtJ
MpLs
9t-R5
3ZAU
uSF-g
p!z9
@52
syAm
o&9
hD1I
#m!Pl
R2ddr
OjE
ztw4
AOWae
67snO
q44zd
Fu=3)
AQp
ausi
q5p
kURJJ
XPQk!
SdTa)
w2*
AGzi
br(Q
4q3A
9CX
BV(LA
h9K
JPhYw
ET%W
Ato
X-SpR
ya1Rj
F1E
e(aD
zxDd
dyD-d
o^V6*
#BC6
h3M
z7JL3
*l9D
OMr0
8Yr
FE3D
0pe
$kSaP
z0kY
I&W1t
V*Jh
4BIK
n7V
Vtu(
iSM5b
rA*U
(Dj
akra
$z&Y*
HI#Q
rrP(
iVtw
Ztp8
HZbPq
zC#Y0
uKN
%1V&b
HE92
KwiI
^Uk
X#zE
g!sU
wKx
%lrX
%$o
4&h0
ZzI
1DWX
TN@
8AFM
xN*T
h8#p8
CXDy#
!1z
9xp@
$p6
8aJ-
12#T
3Tmq
slBuN
1=qi
^3B
UpE
Qel
9xm2
D=J
qKHS
n$r
BFwu
CdHW
)@1cc
CoVn
qp1z
)=J
a6P
Y1$X
LaUjC
C-5E
3=lX
JmI
d-Er5
^j7
uwaRQ
z)$
LNHRV
yF6
WC2k
8YSxb
hEpYJ
slG
F48u9
HZcw
=3s)o
bwu
S5SAJ
Qu@
dg=eN
SRFcS
^HaLu
oZyQ
gC03u
wqg
KDd^
HgxBk
!i5Y
NIWYE
VDCw=
4A%c0
)H%
XQS^@
CQGr
P3e
HJKRw
Q*df
EuNVD
0RQi
5V8AA
xq1
tK%
CP-H=
75Z
lq4
2D)
&%Y
mH!6k
zBs
YsWQ
k@(V
qnzje
GN5UR
pa54
XeF&
3)79#
1=r
bCsz5
tN9
4=uzZ
Azz
x@X%
TyXR
VM#q
(n8
@XFz
W-)t6
fBUF5
8rS
-zQ
i9ab
U)$
KKU8&
EeMI
a^&!
YTa
$ye0h
B7X)
%f^
G6tqj
Q677
zpIQt
!Xm5
sIbis
Ycq5z
!@$sg
^Q^J
Le=0
qcA9
jzhmW
-@&U
8$8
87g
d$sZ
JAXy
N6l4
rPH
iu(
H=hV
mtOl
mA)tT
wKU
J5BD
L!DS
$aOGr
pq90E
wy6Nb
J0b
K)k
5q#P
U(a
s%Q
!oe0p
bRlpt
Pte
@To9
kM=$
nh0
^MaH
H#4Tu
A#Ggy
E(-ea
%61i
rBFg
zRaa
EmD
@@4C-
qlf
hV%2H
Pq%P
VO4z
sAm
7-wn@
(AH
bIq$
U!nRB
BUo
Z3@Xq
Kb!
&XuqE
&^#x
DZdUN
l9-Bz
3NGz
Jzk#s
QYT
nQJi
l6NXH
iyT6T
2Sk
YV*1
7IGJ
gel*i
z3AZm
Xz&I
Bes
wgI)
OVH
WfZP
0PMzw
BhQ
x&N
d3slj
xEZ=G
NXIt
!gyt
jqR
Wo57b
x9&
!CEe
up=
aS%II
u7d4t
WDR
HUAi
tZK
w&yu
VhY
$48X
Qm$
aTs
QjW
j7l0O
Y$C
gXx8
RN4dm
r$=ly
LlWl
dS1J
T*0K7
^tD
YYY
%!lI3
^E0Wi
@$9
xymS
U%Nz
M9r0=
oT2
msoeh
6=nH
tToQ
IJA9
Mnhrp
zpr
(H5*
UbEQ@
-j)
KqiYt
$pd)
uQ@
JK8
-lp
$n(
f0VBk
@zA9
Ma=
@xO
K6rL
rL8
Cd9
Xx@8Y
ZWQq2
oki
1(aNk
XEyTR
z9R
$YU
QzOY
H4r!#
@L%
1fV
z-V
BQQt
Ja8Ns
#4z
iEM
i)K1*
Cyj
S4naq
$KeT
eHImI
JdxJ
ebu
1$S=U
ZlW%
S*a@f
fGa!B
qdR
47ff
TZ*r#
nOm
!wq3K
2pV0w
X#l5$
3nzp
Fhgu)
9Pg
^BG3=
kKj$c
4RfH$
rwkr
s(z$
MKS
Gjs
sK@
I@ka
W5W55
sGQR^
M5C
FBlg
9kdD
&qYz
)Bu
*0#-^
dm-
Jm0a-
d#)d
Dbz
yrfA
p%w
JFt
KBO
8nW
ck(da
Aif
=lY
gPf&
uY1
UIQ5c
y2q#^
Sly
C5!A
R8pt
C^KC
lzh4m
2yIp%
Dco9
Otis
rz!
Q=PNk
73X8
JR&
Bf9t
ugF
j$Q9E
1eQ
&-(Y
5eTx6
z%l=
BaI
Ju^m
5Pr5F
7OM2C
esI%s
)tSi5
r(A3
pxf
mlh
5Yq6J
3pof
Fsr
a^!
=r#bY
#2w2b
9Tuiy
SL%eI
Zn9^@
H7tQe
1GgEs
(m4WL
4^-7
$*f@
!aJj
@TX
umG
d-Mdw
lrYr
&nVzf
5g3N
#bW
nUb
!gNr
0hER
i(h*z
MdwM
LlK
BdX)Q
y70U
Fcj
seW5
qH4
46@I9
XqPQ
Ai93&
Gzs6c
DRS*p
C%ppo
)jI
AF=-^
yYq
S#VO
y4uh
hO9xk
Eky
RTZH=
SI)p(
!OAR
OT!z
dD*Ao
#quK7
SQ4J
P#r
XlPP
spZ
@F27G
x%*J
z@uo
s5$S
yke
L66
9Crs%
Jk)b
q7W
mjSG
876k
dKxM*
6UB
&U&
=0t
jY$
5H9*
uSp
2WG
hwH&
A@W
f)PXT
O%xPe
pw0
c2Za
U(@e
z)e
j@i
ndIg
6C1j7
86!P
7Z*
VW!bR
%ZWtP
J&r
W5iL
HFf
QuL
Mk#D
m9I
5$e
=VyC
C6=B#
t@YA
1Ml
ZE125
e6Us
SlB
7uKH
FATQ2
zg=7
VHJ
cQmS-
*Of
WY3H
$&d
&I06
RZg5
AlgIV
3NVS
PDB(x
Dz8kh
LgZ)
d3d7
h56P
*^V#t
zb=
1EQS
qkL5
g*o
5Eb*
oPK
3yH
ANV
Dmz
OY!4x
81bR
G3!Y
LKGL
JFSOK
7)EN
BWt
7us1=
YwQ
nwC
fM&
eYB$$
KHL^
wa(
3ex-A
zzp@3
qzBN
uTq
U0(UK
89fb
6*XA
eg3
10F
j^M*
w=W
S$D3M
uM&T
YyeaP
u9%
dB5
XVsmA
beNrK
^2B
OM@Z!
S@WD&
7-2E
FW9X
!ZS*
AwJB
2I8
S8y%
*4%#
1xR
T)p
I9-8
4D5Y=
g1#
RqS(S
(8Z
M7Ur
!9I
2(L
-Tow
PEEB
KZ=A
eAK5
816
QVTkG
kRY!I
5J86
(jf7S
M#4Uq
jjjw!
nD-)@
wXJ
=l7h)
T2!
M#m
93r4
E!8
CGew
%edx#
bNH
DoMea
*2cbH
L5wmz
eAQ
o8uA4
)6JL
0ORt
l#U
6Ka3u
cut
IBW#
^%y
WrC
!8FiX
L@Ryt
&R7
5eI*n
EVFED
78D
xooT
-l0i#
umy
#qn
TH9wz
OuE
5l5
d-*%
XMW
Q^Xj7
R991i
uRS^5
fgKJ
d*mR
Nhq^B
b6d
MhB
FP%
4Nz
dcBBt
nS0E8
zFR
Ea5rP
N15
GpE
YVaoH
jK=w
2POS
Q@bE5
M@%
6Z6
=foE&
0sy-
X4TTK
re!G
x&q
QmeT
j!jm
k)WJh
q(4y
iJXf
UKZ
3%n*=
jLc$)
kaxy
P7h
z2Gzu
IrKN
5fx
Op@Q3
-ab
MBtDy
Ylks
5W&w
*oE!)
gBPK*
raRCp
tQrJC
kp#o5
=MXS
BS(O
Fu-!
5xxV
h=H)
fYYq
MCc
7*RGm
Mwr
A$u%u
$Mu@K
)-CE
iRsy
)7@D2
bIDr
tPIu
&FIo5
%(ltN
2SA
an0c6
^$4Hi
HW&t
pA&53
RGd
#TUB
VYQ
IIq
Ni6$
mWL
AV&
3#z3*
x-mh
iLb
HD6FV
zq&
*4h0
gHw
#a$u4
6H&
lQKIw
xluj
zQx
ALQ
G^L6#
^a5F
CeI
8(#
^u&
#5NC
(Mt=8
VhIk
5Hkr
zty#
o@dp
fZt
kM#z
n*T8Q
TY#
GZXj(
8=EP
-=s
X5lL
(Xi
QNdQ=
swCB
IUrR
@Bq
$=O=i
ZUqT
pd7
^7c1)
q8)0
JpRY
Hjp
$sE
NifT3
Z1z
rBVw1
ink
(Yc
I5Kp
$7k
0uaq
^f6
w@g
3WD=
g6SXz
LZr*
RPhR
031
i)M0
4gtk(
(FMS
duQ^
p!A
OU6
lI64
FuG^
@t43q
^3=6
-mX$&
fj0h=
Uo(1=
8p!9Y
PEkY
^BG
Nq9Fl
baC
KmfbS
UoUJK
^W3%I
GVmBr
nSJN
MC%
VRk
)BZ
9alV
0WKw%
T57
A^Iy
^OzeC
Z9@
wqP
wc)e
b7R50
*lV
uQ!
umi%M
w@EGK
6Lr
fQD
tnPp
uSWwq
ZebR
LnB2
7@V4
8@bG
s^^zw
x=X
r^Ujg
9wrKE
$Oe
52tHz
Er5m
y!odm
&Ksk
2)J
oQiNs
n$#D
G3h
m5=z
JUW0
nCA2-
JWE
97w88
aG3G
tIXD5
e0l
L#0X3
dHo
fDQw
=$C
EPa
xV0zX
GUDkB
47-
hj6
PF1
=z@T
AY&5
UbASx
pPz
pZ6xJ
8hUDu
!#w%
OFZX
Gr4s!
4ZG!
QqUoe
1AbXz
4c4b
HaW
rC7C^
ipz
#Aw
P)(P
Qgj
j(Jzt
MDSM
$Km
sY-F
mtaa
UOuS9
FbOJ
xz=Eo
yuf
MDsM
#&M
FU^TA
JZ3O
2-jfn
Jkj
3wd)S
ob9b2
x=b
i=2A$
yZ-
laqh
K2i9
2XkzE
rjDK2
CR&
rjQ
nnaXH
*cU
*1X-
Iez
WYnq
Oh6lc
W(uP
x55m5
U*(
VIxZ
PE44A
sb=9G
!b=Il
UDh7
TL5z
uzyCe
AJ@lR
qWfd#
(Ya
24Z
Rrj(E
SY^bt
i(z
Xm&5)
zdXp
yKz
d**S0
^b6^
CN4c
LgP=
wZW!k
Vg5V
udx9
ysDj
mi&
3aX
!sdX
oecY
GIHM
XbDR
linU9
mn!
Qcg
ffW-9
Y7t2
hWs7F
MbW3u
ikc
oznh2
Yxo=
Pc9@
m!PQN
Z8&
BG*9
OY2
zWR
ex*bQ
7i=a
4@OM
3LW7
5Me1
YZq
eoa^T
^X=
6Wn
W14x
kRG
H6An
qf^zL
Ta8e!
r$&
X!Jzz
rk#J
Swt
kRJ
EDIMD
4-20
T78Gi
irq
66%q2
7Z&
4&BT
tn-fL
2#t
IzFsR
wFOLW
3!C
7Ge
Nfo3s
0RHn
4z@Tl
6k7)J
Z#xb
nMX2I
AXj
-u&QB
79t0&
4ot
Lb@L
zlj
bu4N
d!gf*
6un1O
3sJE
&Uh-
D@H
grZ#(
uuqdr
qi)
7Rz
#aM
Q7G
dU^c
LNy8x
2QG
**t
GY$Pt
1E65
zJY
QsXTb
09XU6
XNe
fMI6
@z9qf
UfzL
mhU7
S4Z^
%aYC3
xq=F
Bp44
B&6
PwF
T*=0
ZkQ
Ttmm
zfAE1
p9q1H
03ra
rI2
j)%-
p6oxa
DXbWY
DCb*u
M$Y
z4R^3
tqrI
RuZW
rfx7
NuP$z
Hc2
-o!4
AYnh
uaGS
(je
Lyl
jFc
Bb57g
0NVh
SAzw
$w3
AS^y
!PP
EC27T
(Ro4$
%Pc6L
b#3r
w*@
Szj4
StD
P9cz#
=A=@
ZFn
&7U
1W3
1QrTt
pWR2
IYk
d9oX
YRoJ
Ciab
N)gI5
B-8z)
pZE
ixG
=En^
zmQ
g6L
8T7D
@fw
t=*g@
dWR
fBPC2
lw0Z
Rj*
zzF7
J0Pf
P07Rl
FCc
)1sz
qr5
h1W9H
z^gQQ
eY4m
GygZ
ipE
D7k
AJ83
36lDl
cQk
-SW
GZI
R$aOB
Q%d
5Vr)@
80%
2zf9b
teY
E2n&N
KCQ
5ooz
Su7F
Atu
2G4
kOd
kRV
(3=1
ect
!g)X
ltr
z($
dXz)Y
59THR
fDA)J
ThDT
j%Fs
Ihl
-M!ft
zwHP
c!)4
!m9Ec
AGEs
uB-
-IGk
OgR
zS9
Fzo
ZuK
d9y
$b&K4
Le*C
5T3@
VsT=s
N$YoK
nn1*
4zrE
#!W
%z&J
xHYFW
UE8
4C(
zH4I
j9o
PVfD-
(iF
O16l
Jtt
BAo)
HsQXC
IF!
oMF
XGRW
xqcc
yK5Wy
UdZ
xo0
n!)6k
nQLIA
Kno@
YEUH
R1OmH
(wA
U9B
rmo
fzA
jyod
SDw
uZX
Fu9
VnB
%O&y
bU!*
*#KLr
mnOEX
#WNS
YCb
m@j5z
Rtj
19c
A9Xau
k%x
iR)Bg
0bb!N
LR37q
w0sE
@SM
@KF
1@#
7z)D
c89Z
1J-N*
eRO
zxe
pfc4
!PO
6=Hs@
bDL5
Q%%
SKGiZ
y=ds5
uXaB
NnVe
6FtLl
KqS
7rhjT
9z4B
fM(c
QGx
)4WA
h-s
OrMY
h2OTz
9PCuC
=sF7
^t9j
S(FbQ
TrP7
#!q
HPuxz
KkJ
6iky
u)yf*
p!O
D8DB3
uCpap
kQWaw
F**
0&si
gkQ^Q
jPmY
$-9
Bz*
LWH#
QRl-
NXj
bkey
l4gy
TTTXf
1CK
O^L
($-hX
Nc9!
-*q
NKd
RAJsI
3Pp
9maa)
tnj
CcW
DkLrq
lKPha
sHX3
AXA-R
N@Q
AOP1
l4tu
r*1
VR2A
r-bXD
m4YC
8!wB^
yPpYx
cZe8N
D(2
ZPC1
%Uj4
LsuF
a%5
GdU
BB7
Q1S5
-mu(w
Z15i
((7QH
GREz
NrFe#
SyuJl
Y(ACV
SiJB
Lla
dnX
y6WQ
H#)xE
q%A
PjMi
6T#j
PBBzc
*L1-
mS8J
8u3
5J@z
G0d
)wA3
bde@
Lwl8h
UU!!B
3jI
3#&)
NiO
f&xL%
3J)g=
GVW
sT^
gy01k
gh^
zZ*A
Zz@
QN)Z
-lBFe
Le2
D#i
yx5
Vw1T5
(%nO
JJA
c3xTM
xz-^M
)%wO
3SuW
8YYS
)MH!
FP)GG
^x%
wPr
A&!z
FYxE
9=k
f(O
1ZgT
BGVq
c4S)
UR7(
0lu@
NW#
1hz!N
#T&%3
CoHy2
RC5
=g1
myJ
4Mm
4G)f%
IAOX
mb6Gz
*e*S7
$m)
1Y3
a$Z
^yn
mAm1G
oQt)
tGnp
S&W
8VV3
@tx
(&ONE
Q(4
ew5in
e5T
%&L$N
L1t4
JV@
uJ6
KbD
mr$N
kaCca
Ouhdh
2E1Kf
bQO
AYpq
!uO
jT5$6
^CrUV
PD*uI
#PO4i
&C0KJ
MNA%
QL5
%7Z
QSu
uedS
Lg0P
A^%n
ORYo
Faqx
waG
F$KCt
&por
rkcS
sLp
=)Q(
Vjt=
F%uV
SwS!
0XOVK
Y&H
gA((
*jryP
Ke#
eg7d
Wcq
ut-O
7kcd
HuH
P$#u
aa6
Rab
cwQ
z$Yo
0sJA
5RjU
1yFF
jF70
AWg
N0-9N
5L3iM
UgT
G*u
t$Z
#yDCQ
C=D
NJXm
l)CD
sAo
xR2iY
MMMD
z7z
D*2D
4pe
pVzH
#T8G
ald
@fP
I1%Z@
XOxhU
CJB@u
=6p2
IFV
mL^fj
Ir%$
f30Q
m0EbW
$xz
i4B
Io23U
Q!ktX
8^0
C8U0t
C2e(
^pPB
Qg(f
l7QL
)Ffg!
3gR&
Pa^pa
iew
ujO8q
8ID
Zypc
HsU
)P=P*
UuNw
w01^4
Aoz
8uVf!
F)M#
K)1lt
P4)
I@q0
#HUz
QmC#J
*LH9V
0RP&!
r=w
XJj
SkID
(HT#
OdD
UUN
4LX
)yDb$
I78!
r%Zp
TRYr
(%b
AsM
hkT
@n!
tEHD
U*NNM
tREe
C)Ux
e^KW
%uSUW
zapN
%(M2
5cuC
T%5
AU7F7
X0&m#
-XZh
f^c
iYFX3
98si
h@)k
sQ@x$
11EWy
*jZ
7diL
tcXA
xS-2
O*Zc3
a*0
-V6
s7WFf
*%VK
R36
H#xz
y%2D
(rPtm
plz
ps#
Lr(
jSw@r
YHE
Gipo
EUKJL
H2I8n
eNg2Y
&Ni3*
@gXlm
SYPA
odfq
$x1
@Vl^
c1z
!to
WEN$
#ZSbo
bPreb
mJqEe
4j3d
6@aKR
IPn4
Hk@G
kgjK
$jL
-m4M
q(8=
3^z7
LGR
&JUf%
skT5
Z*Xz
ppeQ
t-ce
6fL
#LRdE
tke)
&Jb
tKNw
r*bt
*sR$
-)eN
SrX
GEl)
!20Y@
bWn
dlc9%
dg-Te
LA*Q8
s&wty
3K=
&hxJG
VH6
KW7
e4x(b
o^G*B
Gjl7
^ln
wju-U
j!J6
#N0)E
nXi
B@oH
xh(
LuFG
zZ9
bcXW
G8JE
p(BQ
aOT
D#K44
YZy@
8Tt)r
jE=nh
Dq(&3
zQ0nU
eF8
%n1D
z0Ct
!s5h#
(Ne(
P&fn
p1-
AJ0
OS#
xVSr
p(VZ
t*5I
qdZ(
Zsu
u-K
Khl-z
GnbI
ip6%9
!3zK)
^Jp1!
azit
0oKX
5=LA
#4g
ucL
lzp=
=jlAJ
-i3
z)wpn
dDXQ%
C39
GPZ4
a%4e7
%iD
@G2E7
bO)D
*UcQz
)9!
*!Ab
IM7s
Dlp
KsO
Dca
MK*
%%3Ix
@kc-M
-pZfB
XS1KT
S^SJ
)MN0
b27
NTQxk
VZx
V^4
EKPp
g=6
NQf%
!5w4
cwfW
Z*NIt
ih2im
mrw^i
M%c
UX1U!
iId-
gM%S4
GE!-
*Y*S
G#P6q
UH0
mn(
W!3
42G-
V6a
OHL#
^4rr
0jI
d4NKl
=ZH1
7PAA!
XOVz
hIi
QK!m
%5gtP
pPI
&r(
9UHA
qI7l5
L&l
)iM5
sYa3
Lha
#g*^t
xUm
DP2l
4lFN
##p
cGe
BbW
XBl^-
DQO%
6c=tU
L06G
sUm
1Z-ug
Ak&H
IL5!@
1ihK-
#j&f
0Chp=
w2Ic#
xik
!=Z8
czC
Qjf
@kV68
tLzW
5zc
*y1dA
eg4t
)XWW
yEXHE
gTzUF
Y%4m^
BP65w
cg$
Qa@
YWpC
#@!)
BTh
qiZ89
6mM5
PCUO
Fzm
CemK
^dzF
Szyf
Sp&
oFfq
$jV
l*t
3)!
ZP%
UyO47
&0h(a
a()((
NNBDK
Zt9
c23
uTn#
Yx#-f
g&bll
GlF
!zWW^
xmM
k(z
jK^7
)y-n&
%*#n
2zE15
Jf-gR
N&A
atQ
WxYT
lnn
B0Kg@
mztRP
L!DT
C%c
4MF
hXN3
hi8s
tkD=
P(8S0
KY@k
nE1z
QzZ4
!s1*
$Zxq
sG8h@
x(t
A&Wp
!r3
O2UV$
zRS
itSo
E6kqW
jPV
xGO
ykI
a*a
FGILF
25-h3
E=KaA
U3n
jK%
if(d5
5zf
cDk
9IViA
pz=z
ozR
WIC
fwfOf
FNlA
c4$
#gG
bc$
9jW!3
hjZG
&^2i
K(ny
i*!
GbD
fS0
87!$b
gZR@
eCJG@
=^bP
qLz
P9Zk
DWGi
Nny7
o-g
KzU
RfU4
9C#=*
rpcS
mHuJL
$tZzD
IXU
4DZ2$
$bA
)RQh^
Zk3
OHV
kFrR
cYzQE
lLk%
PtP
ad6
i@VPU
lqUeU
jy$
Zt&gu
95R
iIEo
iHcAT
wruW&
jRi(
jpL68
tizIl
-$k
8#N
5c&
EhxW
Q5b
^25)-
R)qd
ba!
gTG
8-J$X
63L*
=Lz)R
)#F%
i=O)
YPkL^
X=7r
eYhGA
#9PB
KC)wn
ohj
DJt
JF89
Q)p
g@V
7e57X
@Ol
jUaW
&rB
4L-!
N*CYK
)cU
riajy
wCf
n@ZuJ
Pru
lFT
Es#ug
f9b3
8(uWF
z(BS
wo*O
P4j4
SYS$
L^$%B
dNU6
$Vz
lshM
RR$9*
U@wH
liX
la&fs
ixn
f7$S
wH9B
5Wb
N&zuL
YUd
a1Ik
i76
Fxs
Qjh%S
0Chzs
bzz1i
a0*6j
YWcl7
6A3
cDqk&
m1m74
Y1*$c
dF-
zxj!x
-81@G
Jsi6
PxDOT
MZN
42b
En9L%
%fV
tL)M
LO@
7%sT
sDB
0fK
F5Ibj
AY7
fLB
w56c
@7wWp
cAIlw
h1F
=Pr*@
0EfTH
kE%b
wUp
0o#a
zyDw
pd)U
dNz
^TiG
&YT6N
pJd
&m7
PI3F
qQOI
)ko
%pjyo
f$mhB
z#7
SSZ2!
SFQ^b
WXzeO
%Rp
gV5e
L#z
kTjK
eSbnj
pN0
gwuV7
a$$ba
ysY
dt1
Q%*nL
qZDYq
pk%t
&@*lL
1FHb
ns4
4T#
e0pPW
k6ROF
#fR*p
g*M
qYXr
8$5C
npY%
@gzr
GBVc
HUm&
xC0zK
f#2fm
d*Iiz
GMbh
W&$
wbW
pdE
PR$5
%%NUi
9F$hC
Ww8zq
wUy=
OJH&#
uXz
*Ij3
n87
8zNL
Tl!#
bC46Q
ZpN0m
N74
Owx
iZ$
MA*
rxLDH
eCtaE
SENO
qV*ZZ
mXD*6
3oUw
EF6Xc
-Fq
F6YT%
b)F
dFy=
1rlb
x$2Ig
4G#zw
HuKSY
NqA9N
HXA2
CH2ep
BA46q
f#Vh
zjj
nYxfX
FzoA8
rj3@
0CP
CVyy
wWq
AqkS
c6ud
U^51
O8TzF
6)KH
SRE)n
pi2)
uob
u$-
U=@
MD5J
$ua
S=2
n6U)
03HN
4Rs
nQIne
&O(f!
XfL
fFXY
RDy8(
irI4
zti
gqnD7
RGH0P
(hrF
Uxhwh
DqFE
NdWae
rH4Sp
gS7br
osJ
Mxwm
JMqd
e0!U
dxyp
Aawy
8hy-
q&qHW
3PC
6U%50
KZi2D
-0OA
%oe
Xx*j^
xD)r
bY*U
JFs@E
k&Abt
zsNnC
RRk
ati
CX%zX
xTLY3
Ydh
Y17
N35
aS(
1*DpV
=!R%
dbxIU
7Tb
Muk
F=FJY
yn4@
GBdb
wQs=X
a=7
TD0q@
iwqD
LViEs
ulAs
F4r
LmD*m
wTsx-
JJX
I#w
k(A8@
=C#5S
Y37Nr
tTL
FX5
$5ec
w$oHr
zzuU
W67%
I26j
j&TeO
H@pb2
JJQFs
Yka1I
BbNeN
=i$T4
d2m
edu
-2Yh
t%Wj
-T($T
G!69
WVn#F
ye02o
Rr1QE
2uU(
Y-&
Fn)h
Jy%
8$8VL
aH5
=ny
fjM6
XVc
WAZq
gEK
JHf
Yug
H0P2
QIi
6A7Gu
lRl(
fjU
HwOR
l$CK
nTD
blda
I5$Q
=as#
-3s
Ta@R
lKx
cL0W
0SZ@j
PFPd
uWHdd
h3d
VK*X
V=i
SqsW
(mGjt
p1jZy
xjNVI
0W@f
zl)DO
u2%f
Zx(
Uze
bs7
M=s
0ezw
)W$
W8a
wn5=g
DIg
QhG
20!w(
Fby6
@Rt8
Y$hmg
qxSa7
ksG1g
XbM7
iTz
QOC
gJ1Hh
sEW*
Kb8
SAfo6
pYMXM
5y(
pi*up
H*JF
CBC-
2)aC-
kGXeg
apKVY
c7k
G=N
EZD(S
zpkH
DNw#
ml)%O
Vcz
uq0xz
eUP4
d!x
$B1*K
)c$j
G$pjz
=w@^z
Nf2Gg
31)4
B**eY
P!t
hSy
(nB
-R2H
)pQ=z
TGPxk
srJM=
r&V^
*^2e
^bb
z=lP
F#)y@
nH&kC
T3t8
VY5)
SM%=9
Y1S
J^L!Q
e%e5
eHT
@s4x
OU$
d&f^
Yl6gf
gY4
d%BI
^om!z
*Q&r
#JqFz
Do=6
ZMwT
KhGA
uBa
lnR
KUBx
PVe&
PGBH@
K!IV
I-^9=
QcK
Jt2Go
*JPI
pnFX$
cUG
nu1P
Vbs
Captm
BVG^
E5z
jP^
zws
#iD#i
bSLmM
-x)Ja
RW$
GoUc
Sxc
^7!
d-F
wjRIn
9A)
5th0%
*G*
SKJ-&
(-77a
C4y
rpqu
aK0FV
-jg
3mgz
Ru!V
2O2m
Pi&ad
qFn
3#VSh
)wq
Mqs6Y
S4-*
SODpV
SZ32
znS
sJIU
fqY
ZDo
DkrU
$()
GzwJ
@O#pr
IjV
BYn3
6z@l!
Wbo
CzwBL
Eu(
Vzp
lFu8
J$rO
DK6
lgP
kKsp^
(5Z
5mEy
=1kV
m@*Ll
t!=E
rP6gz
lF#4
YjT@
dQ*B
Il*y
xIE
OLZA
Saq
6JTrd
c#Grk
$Ui
pTVF
kLu
NPh
rtO
y(G
0T3
FIy
Os=
1YAn
&TK
DDg
#QR
DPux
Zk5
BR-
L9=z
BiWi)
afH
Kz3xB
TJB
3*8hT
R5!4
03P
ws=
fd(I
r7d
4zf
eROP
p)ZX
Ca5m
V-7m
@WAQQ
Wq1%
QgNKC
SJ6@S
NRlq#
Cyp
SUpRN
yuc=Z
%5d1T
(IAgr
Qg5k
UzG(
(U-
SRi
&)X6o
lW=c
FUp3
hjFr
Wm51
1SCq
z3W
(#JKX
X750J
*8%
2id
a8p
Xm2R
n0T
xWaCt
1wAJQ
H4M&%
fj#@g
sOFlI
@aHGQ
3RKLu
5@U
OfJc=
yc1
UO$g
Ur*5(
ol(rX
XOo^X
RAq
LZCzO
!&e
Ca8
9N2
0td
y6n
zCEFZ
Tum
mRL
GM#)o
M6QR
3ebkj
@zQe
L-gr
2X7t
Hd%1y
ufy
JzN
L%Mu
hVbc
sLj
qQN
MZV)
^jg
#nX2F
i%CzS
$8*
w4Mc
*REhw
Wp3
LE)qr
uF$9e
dMMA
K((IT
jRze
)ozjW
=qC
)V3$
4q$X!
62)D
9zT
8A#qn
DTqX!
Qx^l5
zJf
qhI
dk(3-
Su-8
q^$
^4W
%bj
ErcJP
0Mqi
-1zKP
3##S4
dCB^(
@^u
4RX1O
Y1Rf
xikU
cgUXT
^Do
S8g
n@Q@Q
65Pwl
xf)d
98ROp
OhTi
LlL
2pO
6-SD
McNpd
^PFQ
KGK5
6xjW
(jh$
$U%
93)l
LCPfn
52P#
zAP
XVN
Jlx
e(%
DEP
qYt
&9-
P-rW
$w7
h1x&
cpHN
54Lwa
YoFl
mDTj
CsW8
pjgt
$X&l
U6bp
z#c
fPo
(t&
DhcP
eER
cxwqC
0uek@
4Z-yx
!Yj
WBd
ePlk
Kwi
xUb=p
=Np@
fmpG
(b8zK
R)Q
zQc
*0uq
HxjQ3
zM^I
Z(Y
^jcf#
P^*6h
7-u7
8LGV
zxy
rQQz
sKh
wKE
&gRz
Am(oD
$zJ
A6()H
kd1kT
Xtsz
Ms0Ie
092q^
j&8
pDrc!
tg%X7
0ZBg2
b0sB
Dei1
jkC
Y!W&5
^9GY
zwh-e
!o8ax
zXz(i
sHzB
QgOG
Inw
EpmQ5
l*T
go)nZ
X!z
yxI18
n#ddw
0-4z#
TNq
^n2G1
M=qU$
HbN
VyyQ
aGlsq
A$l
d-)J
(*Lx
OFX
3%Z
HD0
bAXm
omf#b
BWoaN
RzFm
4D^9W
Ifb
F-D
8j3Iw
6X5
=HHK
a&=23
u&sw
YkZ
pz3
J3IJ
AVYR
burlV
xeZ
Oz*N
iRGQ
SDfE6
)tjr
W*dM2
zWnb%
K%zZ
1k#
cpW
QCz0
wqh6P
C8y
hY08S
aGw3
u30P
Rua)u
Z(JZ
6VHzx
93)n
)feC
deyG9
gEiZ
CNV
zTSz
j6jK
(CB$
1SF3
!rhYW
a&Z
VEp
NFhs
Z$Q
aeO
o0Bb
6rg0M
WW1
K@9
%Bg
#I0
GomG
7)KzM
rS!U
Q7k
Ssr
z=A*
SSK$
$H)
L37ZQ
=Pg%y
UXyB
9V0
qbHG
7Kum
Y$)Sj
^(h8
@=FV*
SgKI5
5xM
G@V
C2L
^BO#N
L1&I
6U4PS
y1tx
A8E29
uXIs
mKDO
dEN
g9szu
Kz50$
*hxD
x&&X
Eqi3
f$a*
j0w
h#hu
rhy
jPaAR
*nT@E
AB*
GlbWb
qz8A
pHks
jyJ
tqxl
$kcI
!dR30
LrIJ8
K7hY
R!cf
1F7
)jI
5)#2
*s63N
nRlNH
fdU$$
NSsL
lB2)l
eqJd
7l67i
T3W#
D*U-Q
fCa7
##xTM
l&s)
nTYN&
(Br$h
%Nq
qb6#
FXr
P!gcM
xr9
)ahz
m&rrI
agx07
81$(^
Rke&
*$$5!
Kztn
ozB
W6M
^NOb
$K@
J#B
!&pS^
6V3
a1C
%sBq
winY
9yH
$9J^
Cpk
T!585
I(W
t5!yK
5f!(6
Fr4f
b-Y
qz!JB
B#Q
Y6=pn
uUIF
ezZ)
BNK!0
$y6
MgpuN
l%o-a
^9&@
gfp4S
#$fT
FnTK
rjA
%xOq$
Zza
E*0M0
NNF&F
9#%N
yc0ir
^#o41
jpY!(
Lsu(
rXpb
CR9*
H1Jh
y7wo
9r04%
l9)o
&(JK
BOyGK
2Hujl
)1txe
TZaOY
dVMR
g!fOx
pRVl*
cT5x
fft@l
=3RI
Nfo
KuS
jJR
UZKMR
H#8sC
Dxg
c@DJ
Ze$Lz
apf3
&Hfgc
n1f!L
bYuOw
j3%T
PwV
!5Da8
0oB
unen
mYig1
imDax
ItYz8
eaw-y
LKdiD
zrbXO
UWW
oj8
Bh=
iWw(X
DPr
aiQ
1pwqJ
!JJ
kQ9mT
9ay!2
WcR2
3zVWm
-%$*r
$Rz
e!Ex
U9M@V
IRr
Uh@St
DzHsr
!%dy
Zgr6
8Y(
h7z6
jb%Cn
AwFFE
OlfSk
#PisL
Vl1V
QX5c
O*C
4b^H
7S9d
Qof
q5kZ
@!8
%X%CV
-HnAL
S8mL
1=0z
mnY
b#=
WhG
z^lY
kF2nT
g@^i
k2nxx
tc5
jGi
@S7M
Lr!@C
amFF
SIw
EYO$#
fYt-4
Eoo
HH3tO
60On
&oAm
BQjRs
#FTlJ
^^E
Sqt
fRgz
5SMku
^T-c
kb@
QQK
C9EJ
G5oT
9DJ
oJUc
RxdQ%
(bi
t$=3
QeW
P7)
zUY
6NHn
%xz
0&cp
VR40
=)3m
e(f
qaj
N7ufd
f5jl
jbAY
JhB
(=B9R
(NC-f
%0pu
^nI
CNs
Oi13c
HTS4M
(e3^
L3&
)VOe
wybDd
omTyP
eKe
YSGrP
JdX
#SX
Gj$*
I#Z-j
zMl
J&Zy
t%bTk
=L*T
n^5
-2%2
J^*pQ
0BA9
S-b
QuK*X
yu(
wfS#&
(Xq
CVG2
l8#n$
Rwj
DIWU$
CSw
gcH
m*ji
=gm
n$OAL
H#=js
-ABdE
zUP
EUnA
J-u
SaX
PyDf5
kwoR
IgJL
6jSF
rLM
zdQp
Lrj$
eHJuf
j2e9Y
Kuorq
Q$4
3p@8
F8m
3$Oya
0H6rY
1^A
ZIh
3!f
nm-o
X7Q3L
eyi
cJXP
2U1hS
QULj4
x52X
Fgls
#LD
=8d6#
eCy$
2GzM
uPnOD
Hxz5
Bmj
qS=
-9w7
sk2z1
)Ux
Twenq
A7TlU
%XcV
eeA4A
WLjpz
V@ii
wbeu
^Kqp
MOpIr
jA9SI
*Z$n
JIRtl
4E^
a2&U
09E
CuK
&YN5z
s(b4
7Zrz
Pfra
-%L8
Sh%
=($!z
PRY3
4mi2o
ka)#
zK%G
I1wes
RU*Mr
q2e
ILS
%PRk
iXq*c
4yt7P
bL4
xhz
J0T
9flH
8ex
xnS
Oo$
J*AZ
6LzHm
KoV
w$qh
p-u
H64^1
RlM
-!xM
kjO
3#fX
VR9J
R3&
(now
a^JU
)dt
jaJ
iT(N
f5i1
!r5N6
y&7
Kb0qg
hwFgL
a!sIu
DRlJ
jp7#x
A!h
gPhB-
40S
h=Y
Z2j-k
GgeMe
Bu5
yp)
h$zn
DcMya
$o*Ju
$4=p@
$c)z
hhpXX
=4x$
%Bx
fT%
EEzja
HNPt*
RF5
ek%c
z(b
I(8k
Ct28
fQ#
)Nzod
F$V
EXqE
#GbB
9FV1
o^Muz
G!g
l*Cn
S(l3S
s%n
xCaX
1jQ
A#%M
-nAC
FOEAn
n6G21
y1y&
Fr*
rqaO
$9DYk
z5%
J7Q=o
7mPu
BBZ
Dlz!
Vk^9
^B6
287
*kO
qHo
^OilM
&dA*
zz4
&M4
J0m
7G4id
*h-C
I$MKD
=wE
NI)
C=aPu
yd!w9
hiVEA
NfHz4
=sa*e
Wb=
(@=C
sCH
8xy
(MpNd
AGq
VZ00
3mE
2W=CT
g00
tQg3
-EGL9
K@=@E
sz^Bs
)X%o
3uz)
b!l&h
&^n
PH)#&
w#eMf
OpB
RHfU
s-NBz
1W-^
xyTik
=dVJh
&Ibjy
M@s1
^Wj(^
5UoqL
V2=8)
K3EV
R($
iry
JZF
^L6^
UZu
Fph
gns
tePR
(wyg
ZoI)K
RGokF
t5P@C
7sey=
kZzJ#
Aw*$
zcl4
0qT
!lF
zKl5
jiNJz
1#=
^t@
U9U
W@b7m
O3T
huZk-
GIyk
Q!F*S
0uB
gf$kU
Cz7
zsV0
R)40Q
@2PEy
ODr
Lm^em
f5mPO
&bk
BoMAn
^XU
Jwztm
KzV%
WplGU
iZtU(
^gS
ieu
cWOtP
(Ja
p)!1
@$l
Z-Mnz
!YX^c
8TK
u(a
-=nJA
Z)Vf
-f&
jckW@
x^(
Nnl
zd5
TF6qz
EuGsd
Ilb
qOX
*Szgh
bZ1!P
KSq
$W-
qpsR
-uuW
^Ef
3*G
N94
Cfw=J
H(GV
6kw
$P=F
UTb
ALG
WN@
lTYn
s15
Dx!=
eSAwI
V5W
Mad
2DQ
6LK7
BA@
A)T
p3Cdb
Ner)V
o#0
Uwl
#X2il
zNo(o
6yTF
yxMc
W6PD
b(A
%Vd
x-$
#)3g
2dQK
Tz)2
nqKF
OAH
dyjn
w6db
I*yTd
%g&
zJdF
JUFz
3a(3
%ts$
=crqn
moc
zQj
i7FC
bpm9U
rQAe
xG6
7%noT
9psm
mUKWX
ZkYeE
cEdjz
Nkl
kLFq
-9V
P4N
yxq)=
yoT8&
qG!5=
$5kk
k93a
Lh^
gx6Z
uULC
JC=P
@Kyw^
AYzA
4jREB
K7cu6
0qj
2lkD
gZ81x
*VBg
L^@
NF@N
in0
&-U
s29%
sB24W
wmO6R
BSQxU
cTX
!YnlN
#Zj
Ys$
%NB$
yFN
KKw#
*tS
1tUg9
Q-7s*
rVeh=
L!s
CQ3
Up9SV
tm(b
oI%
Pyq
k^t
REd
i%Z
1i-
EVKnR
^ESB
gu$Pk
s(@
Xt0p
IiE
zgD)
whc
x4Z
dfP!
&Poq
pTw
a&o5
lFIc
#-3Ns
J5@
=4Jk
YhQM
KRG
-HOL
P%f
20k
f*OZJ
*qbT
Lqu&b
D40E
xWHL
M*d
Nf!
fHZJ
^Im
HH90
eegB
nkWd0
VTLP
V@0eD
Z7y
36q#L
-N()
Efb
M*g(L
AQS
pbSo
9Ggz8
S6Z
i1*3
*u)(s
wd*li
jKzd=
fBS
ctu
1n(C
QU=
Ios6
@1Ibs
JdO
!XB$
IR0
EMp
mz^O8
xmm4p
5eBZc
zCkZ&
1x=3
-PNF
G@$Z
K4N
SMq
u%o9
O3V
bUx9V
#M5H6
(ChR
3ni
sIlP
qSPn
0-&
ZHPK
zhk&
C(Y
MG9
E@*q
!f%X(
EAs2
t9l
YdzUT
H%U
!zu
)S0b
GDC
UPV73
Uinl
I@2
--hc
5(-
Q8irK
kfr%M
A#r
H(n@
pmEb
YoE
Q$M2
8hZX
z^z3h
cpI
@FW9
A!L7u
EC%
z0L
KjD=
dIH
&@Rw
FUYJ
W5%
84F
1oH
Rtks!
uzzM1
MpMGJ
FSG
%i5uT
g%O
m=ra5
9t2
qAA
MOys
Kmi
5Jl
!B@U!
sXg
YmS
@JC)6
JX2jz
T((cw
MC!
eVIY
zM$M
2R^$1
8DG
EirL
LiL
tMa
aE-TU
kVTf
Z!7eZ
(2Ww
OzMzM
xVR
UuH
mUkK
Yry&
AnM
GaN
KeNb
1^4K
Lli
DkD%l
4=X
UTMAg
%5=
GFR
HgTU
^JB39
M*@z
HIZuC
#5Gh%
l$Gzk
JS!2S
iyK
-z7*T
Ibfxx
LOgM
2Yt
uNM
#9=M
BLgF
DXXpq
AcF
f(E4D
Fud
WFp
(WbFK
6fsB
Trmu@
zeEqY
ttE
TK^^
NK%
DoZ@
T)l!
X0g=
z9p
PEB9#
1hX9
JgPul
0QLI#
Zz6XB
oEV(I
eSk
%N56d
P60C
ZVl8D
4I#Sl
z=Is
%S0
TPx
wFyhG
HhjDl
HMN
)p0$b
2@4
S%BQ
l(K
8$k8J
z1m
R%Yb
&J51#
YRo(
CizkJ
*=(
nE8Fn
!(^
mPM2
GzV
u7blK
rNWg3
0Vz
u$b)=
by*W5
gtxs
bS3
Xk@
!Fb
XCTa
I&Q
hR)rl
ud1j
w28
zfGI
7ft0t
j=-
I7X
&y1F
F0z
rij
rYn
8#CP@
I1O
uzU
fq=
Ck!eP
O1W
@m)@h
sQB
BfkVL
Et!
eJx
=8N
9!&2
^jJP
!t%Bm
lemrj
j#XQe
r3E
QJ#
Utg
eN%kh
Sr-qZ
bBr
Kg2
%Z7HJ
M0D9
L9V
7fQR8
w(*5E
zmz-
7iS
Vs$
$hRT
3Ji
wykL
SRC3Z
yY-5P
IBDPs
$J)1c
pRQ(z
8UkVG
KzA0
H)eu
zIG
ZCF
!cBM6
xsD
G=bCE
r!awR
KxpL
az!
nPB
=)J5u
z6o
Q*9
IK!-p
$)g3r
M)!I
Yk11f
UW-L
=hXed
Cgba
qUS
mjd
V1qt
X4$3U
5Gr7L
JW5
F0o
rN#*
MFAz*
DcAk
k5LI&
n2@F
4ni
FpQa
R)26
lQD1^
=9=Tz
HfywN
4zkR
9Kw
-4G
m#!JE
2J=2a
$50
C6Yc
V^8p
Q0Vw
mjzH2
ePmD)
$s&Jl
gpCY
N8yt
VKn^
zKIRP
DNc
%DF$
*NI
@RP6A
ysYBt
ROx0*
Fer80
$aFPx
d3AX
*Si
LA6S
Oe@
QG7Up
ehD@
g)1gb
*Cqeg
h^Tb
C!S
dhf8
nIP
h^T-
lxt
Zmc
8Jh
-Pa
KHrN
^IX
Plwp
fEzLg
#1L
O8E
ao!e%
fdk
4XAB)
#G*e
@#-W
)8oAe
Dzja
Agjr
C5kK%
TM(
ZuNo
Fuia
U!Q#
N$k
e2Qe*
I)u#
DpI
l6#MN
(SN)
YrxJ
LjG
lQPj
owNO8
U^VC
@YPA
h(i
&zIEG
0G5C
-dn
gwzn
)BVf@
4@CF
9-*
3QnHm
SW7
w2@7
=xl0B
lj0F
2Go7
QFHOL
GSa
&6Vu
adJQ2
q^a5
IOp
^sVSi
D$Rp
#3Di
j4=QM
KTUc
-@)
a=kA
71YIP
iNJ-Z
o6Toh
qxM
a=cG
(=oLC
4uKUq
PLD
A3J=
J8L%
E$p%-
(G0
Bx2
4!*Er
KP-n9
gmJU
67e^4
Zc8G7
S2K
9jZ
2DP
YN8n
ezDz
(kRBu
lyK
K6b(=
n^O
#os(z
IPNU0
4(s%
LsUF
xeB
LVm
zzu
$=W
7#w*
0m)
xni7d
IT&A5
$xT
#54)
tqD
VDE9
Z#5
7VIh
#!r
y-7J
S3GL
^2q
GNi
JlW$L
u9t
Rwu
M=yu
l3F
ckj-V
%YPJ
qg@&e
bb3-
Pm4yZ
nB=r
%rcf
fLIc
Z#J
^Fz
kj*I
mmr
UNtl2
s(g
PE1^
A(Yu5
C3k@
XTS
PxZg
Z)UUt
zZpnt
be@%^
L^C%B
^6r
Cp!
g$8n
d@LZ
dRWb-
3!F
ACA
Cpp
lABn
h#q=
n&G
U!t
AVhHo
M11q
PZ6
xbe65
I9h-&
Js$
JbKf
J4Tf5
QB4J
g*DHo
2^9Dt
syV
*jT
-Nz*
qEaN
zPIz
Eu-1
9BEk
JEa2
IEyo7
B)(P
56Hnm
FNqk
qn*
ez=V7
-)nP
Lw2
9Kb1b
b4Yk9
=hl-
1LG
1kw
%mz6t
y#W
zuPa
5*nC
)5HcW
#d5
&*o
d5c
^OI1
kQNq
!^Y
c4lF
L8%i
J1Zaf
3YggU
7f&
lAUD
%mVzD
BZ1S
mD9
l1%
Uy(z
nZFe
e&Gt
ziN^#
LXLem
o@=4W
(F6X
lty4R
rO&EE
pW%
u#Cr
mhj
=-7
lW)%
@P1l
8Gde
V$(&I
h9c6=
9Yg2
!4FhH
l2M1
U1-U
C!m
9Gpko
tDQf
YVP2D
GE(^
r#S
L8ED-
(lI^q
Lo$bX
wR6I
5s3U6
&Oy=
f%%F
^OB5*
!(PyE
R$%
k&3s
MiD
pN&
-7k
e9pET
LRppN
bl9$
PTr
4LIzw
LI0
jhzg
O*Gi
PV1f
BJ@
0HPYb
!VJ#4
D$b9t
kuX9y
3Kz
$P=
f2!^s
OiBYs
jJzjk
S=!r
T7nw
xXK
zbp)g
dQl
wPAF
ZMw
1q9
RF860
ed*M
8*BJ
suRA
zX7
i$w!
aby
4Tbq
=R&8
46jR
jF880
DQDhg
5OFu
0ihy5
C(QuZ
CxmIH
-1l^
tf8
X(L
(6a
TrbW
z5K
PEiN
(9(
FFg^E
#cOi
pan
ELu
CYZw*
(Sozz
5U97
%N-k$
(gwD
mIPoL
M&d^z
ja6y
eqO
1Y2gK
Lt9
j1KL
2d-
9XHf
hx$!
YAl2M
g%At
a!S
riY
n5%O
swQM
!ody
if&Gg
5xM
^oX
L#zbt
Iug@c
!R^t
@JI(
zZ1
PT#U
ORl
emt)l
P3A53
o6d4
oc8
Onz
1e!A7
F3$
ix%D
dHp
fIaY
3qQ2g
2n^Lw
W9-w
trtwz
J58%
P*dn
lDPoh
$dz
^oh
II0R
8@5
eKZc
u=g
%xnf
4rhH
tjcm
0$--
kd8
JfVh
Iq3fU
aK%
L@)
%1T
r*B
7qz
lWhn
yB-sl
tEO
!EP
yo8k
7gS
0$2
bxGOD
yzdW7
%R(f
LG7uB
MBfi
ROou
^JC
kbDd
%hQ=
!(wJ
=Qd*
&5(
Jzcl
LTwyP
=pxzB
eKhT
$dof
MF4w
izkVI
LLyYu
S$j
$5sp
o@UK
ic^&
^Uxm
*bB
b^fZg
H$4)x
QQmK8
Faye
uu9#
tYd
ID)
XguC
Kw)#
a8A
V==R
2Wm
6F$Pz
YEWDA
19*8j
ChH
2)&
=%x-
#-i
FX7
jW3
U4f=
W4d
bnH0
*c&j
n$Hz0
HYk&l
Z8w
RO=
pIhwO
0k$7
JkHJ
H9Ss
GHQp
FfG
%cs
&W2Kg
5l!jH
rbnoQ
$^Bl2
JjYx
0ZH
D-XZ
=Sq
yyLI
hLySi
A$B
Wia8
o@8)
=iI
-ce-)
mccH
dcLV
4fD
Jeyyz
cbdzk
jI8c
k7$
XaN
I70-
)n%*t
OO&Y
i!aCl
fK1
pZYJK
YDcDe
rrg6)
G@g7
HmSj7
bJ)
Ab5f2
BzwgM
5Py*y
wlJ
ywGMC
5dhD
iju^t
igyx9
e#h
*O7
cpHD
jjQ*
IrwT
k1I0
IGZi
qtO0
oEho7
BLnZ
=4o
DG@Fo
Y(^
!z6
tE5Q(
bkuTm
7XZ3
Rz5V
ww9AP
x-Te
6yS^-
Q=T
-7w
*5TI
MPo
*1R
FL#x
0U(m
Q@idP
)bZ
o^Dm
%HcqM
50#
frS
y1wU
O(f
l=kf
WG=^Q
I5zL
wd=BF
K6u
iiuXT
*(9ry
%JC4Y
St&l
YnO
g6x
aJlL
rr2TV
Kmt
RO43m
8lgw
Ds8
!b-
kcP
-GAUa
eu%k!
QA1
%dz
6TY)
E9ea
E*T
fpQ6P
%Xiw
9^1HP
AAIwK
Hxj
BBA6y
d1(
ui9e
e(u
s#r
&h4t=
YEn3T
n-8
pya
uc%Q
SRV^6
Yu8
eKn
ha6q
u%EA
!b&
c)^zX
q&Jdd
y0h
G$D
(2fm
(a9
j$jf
zz&4
KIS
SYH-l
4%k
)YW1c
K8Rs
4-n
1K4N
lHFh
c@Np
D*I
JNyg
&XG
ji9&z
e3Tn
WS4&
DW=G
n1Jw
K=XIt
O6G4
h$G
u*p=n
^GW*
r6wMI
#Yxf
Mpr
lJL
E*P*
f^t
V#zVG
%f*@#
UiV
4P9x
Q)Mu*
NVrUd
6eR-G
8pS
iiKX
OaC7
W9s!
-YbZI
TDzCp
Mb52=
Y#l
e8l-
GsQ*
Y4AI
q=x*
J&K
%z&%
YdViS
O35U
EcW
#lif
=UbEw
pB4
eFs*w
0H3
FE6
Ktux
ep8*
uObO
0(D
Nkj8
x#eC
q)%ta
0ML
&J2g
Uoim
HsJIX
Oc(
exm
*oQ
854Hj
odZ
=7s
zz(mB
@5z
Z^FJ
@iVJ
sPUsg
Wz7(
8Bnc
mVf@
IP3yN
N87
YYD#
rlq
x9k
87Nx
VMt
HD#
e&g
acxP
p-!iB
o!6p
-A6
6N6AX
$yP3
cRh
JW4((
kFG1Y
4XrID
aGM
#H&&
WOmd=
END2U
MHx
*8N
q)m^S
fisG3
Wu56
ORY)S
yMSD8
pxTI
WP1F
Nz-%I
zG&
1hA
!c1h
6@h2
-jfK
yum%b
rjS2H
n3Wbb
UUj%
G9%P(
$i0
j#k4
C5*Xc
QmmN$
N637
bo3S
(9zCS
5mtlx
rKZw
wjimR
W6(d
3=Hn
d#b2*
jC9pd
V^b!
@2%6
#e(
sD4
z42T
=kkiw
$iHap
JK#
5%%-!
AW19D
iu$nK
P852
uKc0(
7*%5D
e7=gC
K5$
YKp
II#
BYln
8jH
qAQ
V=K
azk
EGK1!
#2cY
j4M-7
xr(Z2
EB&N
G%q@
Ea-
WzV@b
*DYH#
)RuB
I5Jb
(1xy
-2sW
$r2
VohE(
Lgq
3az
&(uCE
8x1M
C=Io
rVqz
ce23G
hH6
rt29
3mn
bIn
zmuJG
c!a
pREa!
V0qx
SJGQa
8Um
I=7
k=nJ-
(3bC
wOyk
gYPT
H#=R
KM%
XGyBC
x-wu#
zh1
HMR
Uqa
)AU
IJD4
z=3tG
iI8ds
CHL4
h@yp
615^
B7tbw
dz0lW
V!*
z1i
oVLl
koAC
M*%
^MK(e
*YeyE
xE@(E
FUUwz
qyj
--L77
Meb
f1As
T^ZL
Mx)2Y
^euo
R3nC
@Or
Jpu
7HRf6
*O(hh
1bg
YXspg
1OOW
6^yj
X33
OwE
)4b1
eVM2
Sstb
$GN7
)PeNz
1@V
4L3f
!ii
j^3
C68M
HeY
8mS
1Ti
gg--
Fn(s
51Mng
n)faU
(Kp
7*0(
GzFO
4st
Xr(CW
bEW
InX
8qi4
JZ#j
jsc
OTg
aSn0R
Y1yH
kE!5D
qNzyQ
Tz$@Q
k9&
xBr
A5LHX
eLx=
bA6
(8zA
*V(1q
8q#
czeoV
rqUH
91tF
SuO
l9q)
Q!^
zgB
xhy-i
Z*Gh
WNxq
@**Dj
wNCXz
qLK
9B6
f8$Ma
sh)f
OgWF
rznA
fzj
fL6sz
r&J
$Sh&
FFF
M@u
WQyF
@38XP
ATz
)nN
CBOa
mPykw
keR)
VcRUX
r9b
HZ%ac
(7@
VjsP*
JHdqr
aKs
CO=p
B-xb
zk-qQ
UU1
^Fez
kU8
Pc7PE
*eW7
ido
ksZGT
kUtap
SdZZg
TWd$
NbP
Pc)
q$T2
8)xw
e^Su
OqY
FoCj
6zg2X
L)5^A
PV$
Uzqm
&Fc
gdQ
Fu8
M3xS
^C%sp
h40wn
U%Y
o2VA
ao(0(
J#u$=
IL7X
jOUP
8PD
U)GYA
$X!J
-^zK
OtuQe
CO*i
kZY16
CRJE
02$
XDlA
1zDGu
QuS
DU-I
4Mr06
96&y
1Dn
yOy
h&KU
ew=
HFct
#jC
H@zf
2X4
UPz
oaM=
xOZlh
6Tl
Zegmz
hoQ
)6er
!#M
@6Qxl
0jd
75s&
tfV
hRu
KLcs
D)C
7x4G
7A2
zd9#S
zoo
agzp!
KypFR
$l4y
rCDo
%p-
Iq3Dn
UT8j
wzb
AbI
z&$
%yY
Fl*^E
jcc
8@on0
Weem*
LQ^a
*DK5
e!sNx
7Vm
f1Q
sNHA6
DV4
=9a
L-3Z
NzB
WuK#q
$z1g
La9
$Cq
Lt@g#
cr@$
J79
tPm
#tauB
QU&
Odw%
Y@Y)W
0Ffe(
w%F#
P6u
Dhw
p^O$
KxA
U3)!
Kx9$
S1z
kbrp
3zl
NKme
(thS
z8u
MwoX
&myQ#
tNHBl
-20k
YRl
9bb
aJ-Hy
j=Wb
ayz
fJus
57&
SYA
xF(
3ci
ptJVi
1gPb
xNkk
GkGc
Ak4Fd
KgG(
5(@
mQWW
&)aY1
jI@I
yr4H
zAa
zjw
1SF
$hTA
NutE
x0fg
L7nUr
8OPW
eL2qd
d!E!7
#dJQ3
Krhc
mRh
7$Oh
K0d5
6Z55z
s#LtW
5KW7Y
Mua
ZEGn
3Ek49
a7eq$
RhDz
^nhq
B7R^
SgP@u
14cT)
k1p1
J%Ld
%=kK-
r)n
83ka
j4(
iE&jp
75J1Y
*s@I&
a3&nF
$#sG
(w1
3Pp
yRM
=8I!2
rT$z6
t7*
jY8
Pud&
2Fss
r1Y
MEe
2$sl
fW8
16wZ
fuxK
hllu2
zhI
luNg
edp
C9IDL
i%M
7NM3P
8Ot
VXR6f
$d-1J
xfu
oQ)p
7T2ke
rLX
bR9
#1Yd
28Y
2cab
u7Y$
)ISe
x72#
hBoE
uQq
tOq5l
59@P@
qEu^c
geb8
7NQz
Bmsl
Blyz
pWq
)3G3
ZtXa
mMcx
2ONQ
60)
czw!
XK3
gt1ah
T828L
xm)
)^1!
151)
^U0
u1-0z
UI-j@
iyDh2
PW1)
N)tuE
%OJgY
BCW5o
OV1
(Kf
7G7
WbM
%*!Z
V$i!^
oTUj
aFw
r&b6
2KN
cqcV
WE6
pWq
N=J
BZ-q
UbL
6MN=
r)YJ
&(&-
dpn
#hCEO
VL@
nSYl
@U=
rtt
-nw
tfE
cyY05
qDI^
kity
8xOgG
Gp7l
FHMYU
6D-
Om7
O!Nbp
jhz
cXVzy
JEH
52z
ZO1l
QAPPw
*4!
-^Z
Z(E
8-mUO
EXL0
ZAP
iC-b#
DZZON
GdUei
Dyf6
W(k
Qapzy
KF#Mm
rYRY
WRe&
Z1e%
)gq
PgU
2V!#
2x#Vn
WeNe
drbsb
fte
T6@GW
Qd&
E%P8
qPx
z4C
y)76*
zZoXH
Oh8=
dBGf
OHDj
Pnw
ZPyJS
HQo
$sA1
4V5
-4-Ow
Q4DgW
yD&%2
@9w
%!wS
5$&cz
mBJ
IV^
c*TQ
SVT=
1tmXT
t9P
bauG
ly*-
QW^$M
TwUJ
U8a
$Q8
WWq
Tf$V
fi$nr
3KVA
1snye
gwt0Y
5NRb
u@dLu
uxwbl
z74
9T!4
3pugV
yPe@z
EVVW
y0jX
eZLb
HMi
cA8g2
cB$J
z7pF
Jpbbw
wRMMj
#nOsC
YBE)X
^%p
05nL
%uG7
^!u
H%AYq
gdB%8
48n
((QUr
@Q^l
XMp0
ssyg
wO3
oW=5A
TS#H
0Gj1
EFV3n
=Mw
TqC5
rXqt
P0r
xAt
S3cKO
!@tE
#PwUc
ha$
rE&
mq56
E6tt
Mgx8
!ne
hGY0
wpQ
BnND
R0C
OGH#
(=jH
BDdoM
1ZDD
s)Q0
qq=w
V@=he
#GTi
oR9-g
mx)
Z!L=z
KdPL
ymh
(RV
I)6=2
tylD
KL7*
MFam$
Swl%
q2Z2
)QX
#6z
a=Mtb
^KeDI
T4=D
am*B
iM5
^p4q@
krhM
!i6#3
aWN!7
$5LSZ
Z4#
8iBLA
JmMmZ
xC8
L#1pG
twyMA
w*C
l$-O
gz=
NAjzc
^bM
AleJ
(ZUG7
J@A)E
ly(h
(Jz
ignOp
SKV
XmN-6
l$f
NC^)k
2ag
gqP5
SwXC&
LROhu
)zO4R
y*#9
EXOm
PPMH
OaV
Jp1
66^C
z(@-u
rWbV
1wnx8
SpfC
-*6
ZoU^
&IIU
r9a
tKJ$%
bF(G!
CTjH
Voa
CFNq
shg@
I*#5
tZ4e
g4W^P
dSz
Co%o
^5X=7
=N5
=Dput
27Q%p
7hqDK
mnP
sJ#dO
LLOUD
HR8s
7)6
%So@
kM5!
U9o
Tk&ta
=A5@
sYbOI
sDNq
&bK
K^6
5YN&D
UH*
T53t
7cUb
x(4x=
45K
7Ez
Ji1=L
B&CEw
GREa
aSG-
KmXQ
6%XK2
EGa
b(#3g
P**f
Fq-V
udY
ZCUQ&
U6mp
SRf#G
Kgiqt
SajzB
D3HU7
GxG
&BUk5
yC%P*
pySB
UT5p
q90ah
9LZ
P)b
#S8
NSx
=4ym8
XuTi^
x4aa
J&wyC
nZB6
FmMC
A%2A
fs6*j
jIb)2
#)K
K)hS2
x(iR
By@1I
cdAF
GVEJm
m3-y
WJ34
ZG$lO
k&00k
TNuM
AFgh
Wi-
D-x
)gN-
UcmS
2UT
3j@Ca
FU#@g
iaS
E!q&
8NPm
F)AXG
4Lbd
(j0U
U%uT
9MH=D
#*Dm)
6wRd
1i(DA
c=Lx&
Jiz!s
EIac!
In^
Vu3)
F-JJ
)dxjq
-nM
$9A
t5^)r
22q9
17W*
#G!
TN!
s&u8S
5#X
#W5Uz
jla
@OT(
5Hp5
&lY
ictKR
L4kpm
uqi)
CBZ
d&97O
zy(
=XS
#WN
fh4m
o8jN
-6w
ClB
3-TF
pW7*
t2!
=eV
U3m1
9zn
slxNX
7xo
Y*VzG
JNp7
BKh2
Cr(
OO2
as(n
e==!I
u(B6
g(cw
d4t
83NK
!H5l
kk48l
h9Oa
cAQd
H3lw
AqLEH
FArI
%$P^I
AoCC
sZa
0FVhL
SU*j&
jJWS
FirBY
Th2%u
5kmUc
lBi
=@oo7
Spi)9
Z!z
09q
%!@au
e$Nz7
(k!-M
8EAH
)Y-b
Dyd
i61w
CH-aU
COAxD
3p&
uSz!Z
BZ$eN
*h@
TwJ
!oZ7
YC9
-B4c
UQl$1
!zs$
O^bJ
@q4LS
ig5$
3p@l
WffP
hg8*S
zF*P
1m6
zAXf
PPg)*
V0s
K1-b
V-M=T
a@nT2
r3W
4=f
SOp
qG%Mn
sksN
0nl
#mcD
kUl
#Ee
Kc-
YBAtU
O4(5q
@2ja
b50V
D%4z
6q5
OW#
8r&sM
@-0T
3rw
=-H(
nFD
%XnN
ygJ4r
6y9
Tnr
Jtf
MjbT
a&^
qQf
1xk
A-iD
jc$
BX!
5mdWF
Zz4
60Wj
R*w
z@n05
ixs
ImNL
@x$d
5ZRrw
^k%n
QddhS
#-ZKF
YWKRt
ur1L
nwRQ$
@PQP
m3#j
nC)Xo
pmdsi
XCkID
NRm
zS@
QuJ
zlH
XWZ5
%QKd
aH2Hs
-J4w
fq4
JYM
BJ(L
EHtm1
tpJ
ELWYj
gjeo
3cs
pj3
hMZB
#*^fB
)oM
hTpK7
0Ic)
ng$%
FJB
kGHS
99u
fU1t
lcMr4
Ahy
@tAk
71=
RKQ
&y^p
7xb
5Ej
Umj^
TG01E
@YE1
iBI
mGq
X1%Z3
*^-Xy
HhoD
TU5=G
joBF1
QXh
XmEOr
luO
(Kn^2
mbddy
lXp
fOD5
mWda
hbz
C6d!W
g=qn
-Kj^
yYG
HqV17
c!KF
ZuFW#
tI4
Y5f
@*x
rDm
(J3
)el
540P
1LA6
Kuz
G#z
*wnuI
KBWG1
Q!@
0=-rk
%Hro
595
bYu
3Fsz
Qkk0i
*Idm
6DH(
7nGu
H*KuH
Uo^m
&&8C*
00^E
RySoM
Ttpd2
NLgm
TF3p
=b(
$DXl
D3Kw#
rLt%C
0sWnO
l%M-
N^9Ou
yfjQH
yHb
yyx7
QACAz
owjI
PVA2
0oV^
QTr
r1M
Qz!&c
w1Yz
1rI8
7$q
zQOp*
UCn
h0H!f
WXZi
6MW
S(45
ftCPQ
Egd
3U3GZ
7^YTT
ptnl
EVM2S
JDNc
caffe
ZFFL-
8(oO
y=!
TkJ!
^KQz
MU$z
3SCYr
%Yeyb
d8OW
X5AD
om@
@j4
EspB
y26AG
!zs
any
XIdt
VKM
sfztV
PNaxr
PF&A
T6W
DSL
zKR
o!xu
Lop
2Z5f
seF
kNuB3
YwLsR
LTrW
Hp8=y
G5j
5xp$h
gRl
WY&t
$0V
AqcJ-
J8AkO
&Tm
@nuce
z9L#m
j!l
Rfk
Izj%3
)R0&n
&g5L^
Hci@-
C=W
uqu
Ekf@
SDhM
aEIK
SqSB
Kib7V
ZlcW
wD^
cGK3
kZ&ST
pyR&
TRA2
Is9y
7g=Y5
wz6=
wcCP
E6f
x5N&
o%Ka
C4Vyd
ld%U
tk#M
8by
Stbyc
Nj3d
w%I
zofrI
u*IX
wGG
-Bnok
-i*
AS7Lr
Qnbjf
td&b
g(HG
JQp
Y(q
jOAw
T#Y2D
a1Cpw
wng
RlUl2
z9m#U
((RH
j1=K
bs(
yWW
QXi$
MDrd
nOP
kf1B
x0Sj
dy0Do
2DjP3
W-C)4
StG
-oQS
YJ4
2-h)
=lI
i2!^
JJ2Y
LkA3
c42
$h86
q%fYf
LyC
CdW1
dwoP
OnDdy
b#e
5&7C
H&!6@
l%Hw
4s!
IAF
KV%4
G%Bx
C!6B
Ys5
b4L
EO@b
zgQq
2tia^
D#3
O7!
XmO
g=PS3
@zu
2*C
l3e
cPD
o5W^w
%(ko7
b%5
#FK&
Mgw4T
Izh#
jY(
-XM0N
=&P
EG6q
X^Q)g
9al6d
tFFb
d$1Mf
#1nBW
4tjzD
P=l
-6@
G2Y
J%k
B1t
CV@$
U&e
kJXo(
b9NA-
Eml)
G@C
kMR
dT4
skX*7
EHB
*Z4
3=L
O2x
(O1G
iB-l
OP^M
YgW
KXf
dHEmz
zdSZy
U!@w
zZA
V!8^
wR8Je
xC7y
Tpm
fEL
lbVD&
dH#kf
T=%$7
u6yn(
15K#1
l4RX
zTW
xZOi6
ddd
W!k#0
tZ%rB
cpcIU
o&x
5TmO
))G
7JABm
D=U
#N-OT
QlFEI
kSEI
oWPu
lf@G
57$O
d0y^
ekm8
9^3A
RSJrb
0nFu
sD7zk
$qI^9
l-or
RNJT*
g-6bt
$qwO
AOc^
UT&P$
7KA
73*
@3Z
7z2TU
C-z
o-%
4wDW
x8Ga9
ua9I
qGC
r*@-9
j1s
w$n
tz5=
@^IH4
-l#L
N9Iqn
n^$uK
0Ys
TOd9
ej7T(
AOh
PU1
ekei
GrW
WWNAz
sjFK
6@3z&
d2o
NhhJ
iiYR!
eMBD
yE0
@^-
u(&Lu
sw7AW
Rm9
1XwQz
(6A
tQ!e&
ZX8P
$!-I
-iks
DzIew
G7w
D*hKX
Coo&H
M@A#
9rsuo
11Vny
EKE
g68Pe
pDq0
mZR
z9ybc
O(z
M3=Z
yp*&
s=nX
n8^
U#8
2Fip-
w%U2H
U*z
Mi1
lzQ
7TzCS
Tb%&
Orcib
M*ig&
1Xo
K5$
=kY0r
42E
tJ4F3
HU4zu
hPu
oumJ!
bka
EGbKx
5pJ
WLPbV
Mc)
EI#24
ae$L9
=ezP#
xGzmn
zqek
HBa
Bqq
CTFVG
YQwJd
4@7G
7OhEo
Gmo(
u#2F
3Hmj
HCDV@
hGrgS
^BMc^
-WTA
Ot)=
=4F
niKZp
n66I
^aNB
TqoO5
ieY
swx$L
1zf4
CS7o
PgB9l
FLBrw
zL*1
GM6wD
gzs
GFt=
3FMw9
j%yi
YN2
i8fe
O%n
yn7m
KQcb
ew*
O1@7
^C^tb
1Rz
11Sd
Z=y
*rXqW
ViJ
mgLVj
sMN
(&Oc#
RUXdr
$c-
c1yJ
5T=
1cJT-
az7a!
dtd
X-K
6*5rj
EYYwP
L2CG
gNP
B**ge
Md!r
-Oe
sx7yG
uDawi
fjqWY
0ct9W
3Vm)H
X#f
%ge
AC4q
Ply
0o)3
=zL
spF
fdR%T
6z9bI
E1z
HWF8
lfa
bQ^
O64
3Qw
bH-uH
a%hz
2Q^j
ag3
*f0b
9sD=6
*2h9T
8SQ
*!QX
g4Y
@i-
K9^t
@K2r
UP&
h(mgV
4NbQ
H7Y
z-S(
(5em!
SY0
=WXw4
EzYT
(8-n&
KBaeO
W5hN
nJST
K=Bo7
ki5
8@--
cADz
UTN
kiXU
bVZ1
Wo0EU
2P5Z
rQgK
qbqr&
!9k
gJ)39
4UT
RE%D$
xqg
19G
NGj
Rsnj
ABYY
Wgb7
%jZ
M-A
01GW
6kUyI
f)DlZ
IsQ
qR0d8
E-P
zS5jD
=bwS
q*roj
M(=Y
74D
05Y9z
0C@Lj
h(u
Zg!E
3w!1=
JxW
5TD
(AkDT
iI(S5
kRL
*L2Z
UX#rs
8VJ(B
2EQ7R
qSz
#HA4u
Q#hm
AY!
zYJ3
(U5)Q
UAh
FxJm
zGO
Bk^Y-
qwjMa
@!n
3jfVH
YI5Q
u$=G
kY=f@
^=qN3
g6i
4Al(G
zEtY3
syBl
yfMD@
z@N
J)4J
rrYah
2Gr
KM(r
99z
mnf
Yfx$@
g0-43
uaiz
LI@d)
iLo
i2za
s(8*
g-oL2
V8fCb
zD!7
d%1
0az
nUwcS
jRGQ
fdI
EjC4L
9^#g3
VX$l
ZA8mz
^eRV
-FJK
DPKx
=O7=Q
gb8mc
4kzj
RJkDt
X1MS(
Pq1c$
p5AB
Brt
O(lb
zTGke
q6p
1YA
YfoU
yuge
wWr
$Fu
of4
mi%s2
!k!
F@eCK
*r&
r$Mc
tWz
41*
b)EV6
18R
$Lex
9tj*
xmCA&
%J83w
r-6
d^f^
T7pye
aO!
PLbRh
oQi
mKFR
Oy4
*E&
A2VJz
Z-s
6FM9
HrjN
OJc
c7HE
dXmaC
Jma$g
A5q6
aVts
j3Xl
GZ)op
&cl
m88
TZl
OAt
^Tg8
dN$bl
-0DRc
aye
2NFT
oFdE1
KndHZ
2sBe
&*zcU
oyA
!qfQ5
Yzlq
Z4(f
gJMOz
lrd%q
@JLh
omqa
l&wU
9$b
tPIl
=2&L^
IQ=
2d%X
sx28
DglKs
QkYMm
^h2u
zMU
zY^zu
!pr
jm*ka
slU
x(xu
$pu
G5lg
@-oK
JdA-
tKQJz
f5^r
9-C0
Ibq
h3fw
JCK
pLcF
HM((
2ytrR
wKiq
PR%6
zy(
qRj(
xYd
c7TW
(2PC
aMsm
R0NPP
zHEf)
P36mz
FTXeq
iQQV*
VBpHh
V76k
H#*u
$^g#&
WLI
yec(
OYn
A3SFn
x1EX
1h49
@2II5
ZYY
o1AEz
mTj4f
kNh%
*F9f
wG!d(
lxDh-
*^$cn
^lbr
i!8
J93%
Yxasa
5QlE#
C$4
4zq
#Q^r
h9L
y3zjF
K4nu
ptp7p
xCfZ
TgaD
)QW
sJW
B^k$
FYs
7u(
tk14S
7FT
j1k
sEfz
^TgFw
lL53R
Cy%(
15c
QeD
jYabR
@DL=
4)(
!MATn
sux1
SV-
Ml0x
LHWb
HWL
f-iG
zMw
I!zC
k9Uc@
*cYUt
)*0E2
!nHFl
MXx*s
z^O
$nFiO
^1Y
57Uy
FC5U
ofJq7
9UK*
%oW
%8a
4j)6
tp%%U
IUYLd
*2dz
%eT
K@CwL
5E&=0
d=4
$XBLi
UjBw4
UGG
ATIcn
mGwxi
0GO5!
DmJZI
M@0
GzHHq
ZzT
AY1
ny-3
g0j6
SkiYZ
KYI
!h6=
1!w
o-S&
SBK@
#*hW1
iobDw
JXi
HV*D
X)wR
TBxrO
mtI
R6z
LAp5D
dKO
wBl
F7=
%sJo
k3wx
HCp@L
euzF
n)tWW
XBiqg
7X(
tCfC
yuJu
6i*
T@jc
nb3
n&D
Sc=
uZR
eA18S
K-(pW
@&bl1
X7sGz
DPf=
dfk4
yCt-
x1g
dqlVj
!K*Q
FuiE
Mn59j
-*7
YdU
wef
$^Z
IYH
iNwe^
#Mj
J(Lct
w7u
S*X)
FOkz
!Dnd
O!o#
ws=^M
R#P
ryz
MH34
EWL
dSF
7AOc
0hnqf
bLnaf
kV=3M
!wE5m
n$l
Bsr
ESx
qo3j
FMZ
C&IE
HwF-
$^AX8
ASAe
o@tnh
$82S
oD*Ka
GmSy
OUV
K=UJ
SqcJ!
V1tOH
=2Wx
Gg*
&dka
sUI
7ii
42xH
f9zeT
s=xVB
twK
cHUW6
lri*
V0m
O-XW
l9G
lzDhU
rnUD
5O5
uC(V
ZQS
YdQ
Yxq
4J2
-9S
#p^!
rhls0
Yle
km7
yFLAz
QIy
kxu
E6eH
9*gPW
Igb
upqk
oae
#ac
fu(V
I62
MW!1
!KGh
)BQ
lT-2
a$=
GEC7
YUq
WY(
2654
VyiTI
lTWrJ
=ne
0jp
GRtP-
)G-f
q^d
A^g
iawq*
(9LO
df0
HYmy
BEjJ
8ERB
8z%W8
X8tL
9dDti
SnM
Y%cd
jyJB&
Uek
dKz
OVnR
hDh3
3ag
JKLzm
^C8z
DX)%
@Uet
q9x4
1K6N
dhP%P
-&M
DHwC
tJMO
E(5Mu
%!Q
YoD4L
SKpd
FzH
%MUDw
mCMz
Gdfw9
=CQ
%G1=
6GDxd
9F!3W
wM8
k1IaL
KhDz-
hc-
W2@
AS5
QDxU
@V&Ps
SdMs
P-mie
Zj&O-
RDV
^#s
X5E#
i^sY$
zhs6
6LJQ7
a7eL@
#!f*
C!Nfw
yy8
Wxm
3O*
=06VS
=%T
2)&
u1hi
5sl1f
JX11A
57)
oMu(
%Jz6J
38!
BiLI
s5D
l817
1DGs
zLy
o%jbP
%rNlX
pZ!NQ
^ZS
QLj
y0H
IcQdz
Cb3J
VgBX
Aze
^H4le
r8oSC
Iyp
$cF#
Xhr
WE1
uJ)@)
CS5Vw
!NeB
nc5
ByRd
V*aDP
n#-5
GP2NP
4U4
CMzi
PlicW
LW2
hcb^
06P7H
GwS
6TI#e
uV=(h
T0R
0Q1g
PpVM
*L$&
8nx7
h9CxW
M$#l0
D#(0
jjBm@
FO(oN
1nT
#fPk)
xV7
qr-Y
$fk5
Yo)
!2Z#2
#Pc
43L
yo=
HE=M
9^i
U@2
Cuyb
f5FJa
sABf
g10B!
nMS
V*e8m
4jN
8ads5
m2e
O36Z
c0%&(
JgWD
NSA=
qzs
Pndn
u&w@@
0uCaJ
BTOh
yA245
VZy
UETl
Fae
ei5n
6gi
QE^A
ZaB
yad(
AWfs
EVH
@s0
kOe6
@wr#X
)$&Xr
keQ=
ypD1
6YeK
nz6
f=VfH
so=O
$AAFA
kQ3
=Jo
Fsky1
$uR
MkU%C
#-c#
kAVc
N5J-x
Tsj
4Bb
=SH7o
rQC
r4tlV
SR^l
U@4
cALn
EQIHu
mtyEJ
VKeu
Se-
Nw1nR
&Ok
@w81
alCF9
e4MV
ZU=LJ
EaK#
Y9jk
XMzS
jL&
^%@U
bi%M
qjaQ
oH1
zfp5
(lD=
dzi@x
mHG
yl^#
IX0z
(xT
N7L$
0x#
RL(N
%-M)E
S=6O
sxlR
Sa$
9RpHP
U1S
uKK
4PDh7
ThUdI
eEd
4Y=n
2LhZ
mz6K
XrG0
ija
rUO
fMY
9zq
D&x
$YxTb
lFy
fbpK3
P^ah0
J2t7b
6&xyZ
ze$LC
z^U
k7m
zUpa
RWR
(y&x
0Y!-q
Ec1
Pu=XJ
GFV
Qus
P11W
NU-
MDS7
VXn
T76
Rw-
5Ns
kW68
M6MG
C0kB&
RT5
jRQ9
bAs6X
85Y2g
7Tz
U)LR#
YeR
Gqd
HP4
=tVcA
Z^&N
#d^
th-
e0i
)@lTa
dzwO
$aTx
X7^8!
hHWA
Seb
$Z0M=
zxuL
znP
Roe
9or
ib81i
#nTr
N@Cz1
L$c)4
ikz
0y84z
$S-
C!l
t-Wt
TL1
M2cuZ
oI8WK
-1TF
Ihe
p-Yn
QiQ
h@1BO
BTY%t
9MG
ox4O
j%-J2
Wbu6g
AZlIF
B04
HeX0k
sutiU
HQZ*
$cDa@
m$TP
QmL
fG*
IzB
wms
EM01
qIK
dCZh
=n*H=
gHC
r0kZD
ty&
r-E
9DC
7zG
$GlG
NDB
(8S
DOI-
oCzT
g9H!M
DV6N
j&qr
i9C)
F4-Zy
02o&
8n5l
U(eVc
nZlz
pLnHG
z4FHX
5ae
R-T5O
xZA
Vs-q
sm-Z(
FEKT
83Cx
SNPbL
SKsn
ZtbP
@&sD!
(%q&
gFsu
^%V
6nr
SydWD
9WYp
9yWA
KBt!z
fqLC
zSQ
7l6
wr14H
w^^
@X!Wj
86d
Anc^
0aUy
dsZ8g
)!G76
&aYI
r(#
j=CnU
dQJr
os9
Bz@s
puf38
&nC70
k8x
5&f6
5Ba1a
d7O!
X%D
n&Zil
mJ$a1
CUVnG
O0Cb
Ti5
yNug
A#^F
PBypp
7E0
zb5mh
^=C
(QaX
Tzx
e@69
XWh$w
QzKa
LBBk
jfm
Tp&y$
E12
ulV
8Jod9
!j9
@oQ
l=z
#z6
FX^
oEZ
oNST
wM0Gy
Efr
hhD-W
=!z
$5g&
(a3S
PEaon
fVC8p
#ZE
T(E
KHe
VZf
cOQSC
yug
I^9
3pQ
stg
IK!
T^i
0c&JO
n9Utp
SStP
4I2Aj
Vspw
u9*s=
r)kE
Rj)m
!nAB
KMUDt
%%H1
gj-U
X6OH5
egZdp
UFaj
-co
2uzo
(ai#n
$05
l38MD
j4)l
Ebm
zza%
KQb
#2Zi
=od!Y
8sL
HMw6N
h6N*I
XO5
ltM
e6(F*
Xa&B
KhqGO
Zh=Nl
6J*Dh
^2LQ
r!qeJ
gxJ3
fxq
3Ij
ILA
wt6!M
WDhm)
Du!
ZdL
b930
oVC
KMrpz
TY!
5lPLz
!y5G
63#1
XYV
eirp
Mxl
bW5HC
uWa
Q()d$
Wg@fY
6GL!
qOV
dL^
D^dzS
Gdx
i3=u-
N=x#6
z*z
!iN
aoc
lEa
O!#
d%$7d
wYiFz
)o5-
=1KSO
ccu5
ehf
SWfD!
wS0
hLpu
t=LmK
q40&
W(GWf
tG=
^VbFM
^=W8
l#fIu
4JT
mlOg
yeX
h=x
FKP
ZIpt
=3odO
zKd
Q)Yz
d4w^q
bMCOn
rq0
u3XIb
%B9
nh$
Ur3w
0G9OP
2o0
ejF
unF
4nVy
JHc
TF@
ar0
mm3XS
zcrk
awNY
5$Gfj
Wrgz
lq1a
11Wa
b)i
i(zWU
8$d
zhg
1rps^
VUuE6
9CLF
6ApH
K@d$
Q-b)B
g34(-
NKZDR
$z4R
6CEY
pK6WQ
XP)!o
hmUbO
&nzT
xCiGc
5nz
@iUq
2yATx
M4z
VIH
s!U
^G%
u1@
%z-TJ
fRR!6
w$#Z
OQx-
GMY
f88Q
z7V
h-m
uXlA7
ISwgq
Hqe1
5spC
yN0U9
uUI
VC%
lJV
HS!
gNtG2
k)k
tIZ
UzOEd
6N05q
Cot5
SpRJG
*$$%Y
FxhX5
&N$
TqUkg
Zou
rZS
VWGK
j2k
f60A^
DN@
szHp
8r8H!
a8#
5UF
BLJP
b$8
tFm
4AC
nB3K
=lF!r
ymq
P-P
Xkz-@
!nr
Qyrzl
*z2!$
b#C
@P-^O
HJ@g
VQ2
DmWO
ZaRd
dK9f
DAh^8
*ci
B6*
%e$P
6FQX
eM6HY
ktmpB
q2u&
t@3x
EPG0
M@dY
#J$TE
m4mH
d0e@q
NUs
Kn#
GAiIS
CCCM
7Q9B
afpe
Cc*
dot
G=0xz
=z^T0
tfR
MFn
8TtM*
hl15
Jsqe
8JE
ozkmx
eXc64
Yp%Y
#GeL
N^2A
Vudty
$O#E$
h8k
Q!0(
z&P@-
Tmn3
zHmRa
lF$N
H*J
UtX3
Q#zz
Luw
$9UY
W2r
DcU
eLo1
Tl&
F^y
)aqI
uKN
ry%BZ
Kx(0
2J-
-d4
tw(0
-1L
upSjB
fkxDG
8XG
uk4V
7AqS
Aw)T
oMYn%
m5DyR
-Hq
pzONi
%d7
@m5-0
XwG
7kH
a@Nl9
8CA7I
2Ns6
Bq@0o
SGd
oaENL
E51ki
ki&Fe
VHx
da%
aSWfT
(o6
FeMhe
2(p8
Da@
QJu
Dmd-
peVT
7p(Vj
EKe
5n9
yEx
UU6Y
Nz%
eSB
aVKc8
MYih
CRB
UY9yS
L1Mk%
#Y9
KMQR
TFa3
qf^x
0Je
pD)@N
96Fl
Px)i
iW1
!6ao
6t1
wdh
BiJL0
Z##(
sh9lh
*O%1
ggF
-LKT
cBL
1X)=
$WJK
*1u
aLJfB
rwr
2cI7*
%VLcD
kJA
7z-rS
XC^
Ld7
AU*
fLUeK
OEM
8!c
5fnG
o&#LS
CX9
u8MJH
)zCSV
Tx#Z
)@CE1
ra=%
)BXk
gtM
=VG
^2)%
GyB
#z*A
0Aj
=r8
hI$Hd
bz8p
KLY&4
xszCU
$!=F
8hRO
U!j9e
me3rB
nVK!
gdJq
g8i
wmhr
m7U
@$l5
o)L
%PuU$
qBE1
=xgcT
O!Dx
&gk=
s)SK
-zX49
y&%dz
Xczgn
nz05)
^9h@L
VW@F
Q9B8S
ZSst
W5w)2
t9Wu
rJ$I
@DaPX
%qJC
Fdc3
G=p
#rrF
1JB5%
JT12
BWXcu
4DUUM
J^e
nji)
GGbj
zljZw
yFNB@
PYh
51$
Q#%
mTx8
eMX07
X$e
qqNeP
z3-i
w&23^
7U1j!
jf%
rI()5
EIS^Q
Fk6rT
wPLG
s@(
BL-
WE5
9R2
)QBn
ep!
cUm
mXHy
n4@
EzZu#
5Pof
SYwe
2l=
W&9
%T#9
AszK
x-wQ!
AcKa
V$h
TzX8
I6b
SDXZ
EAu
Bio!
GAL1e
r=iqN
0eaTw
UPN
ZRz
zQwz^
BFJ
7iR
zxi^J
k76
%xll*
tre
eVZU
TmG
^rZn
Dj5
(Y8
NeDLj
A=ty!
ETc(
Mz#
LInf
g0Xd
84cc
kg=
CrB
!nGJ
5G2zp
ez(
ZLK8
kmrO
QKjZU
@GV#a
dFIy
Hysf
bFw(W
JspC
V)qd9
=KUN2
PC@E!
TuJ
dn!(
qS(
AqYC=
pbe
x6JE
PAsa
yq0i
F7j1
NOdfX
Fhh
epT%I
A(8z
pBziR
Lki
cBF
LUu
^e3D
DRHb0
4sErp
zkT6
A3P*b
F==
jQ89
f0sW
t!HPD
7m@
-hPkz
z8!mF
b^z
!SNLd
z5kg(
kJ6Ha
O-eX
L$DWH
k3#g(
=(9N6
y@7
2TJ
Q@P
zpu
i1)y
xOn4
V&QTs
NSS
c&37
jz46
W1Q
IE1Y
UyIm4
TYB
y3$6Z
$Lr0=
2Ezx@
zN5y1
xmG
@gI
4Naa
cbUO
Paw
U)=(
8RpuB
6RBr
C#f@=
^@wo
66c!t
^WD
gLPIh
KSz#C
*mD-
2n&To
k2uE-
pJ*
mTm%i
8Uzm
cKmoa
heit
BbO
ktB
GTxFm
e@1
^I3(
6Qo
ZxVJ2
q)fl
f3jU
xJDE
oHs$
bd9
@^l
6FXYR
YrL$
)D&Yw
6btT
sxnZY
jji*@
RmM8f
0%6
zCy%g
^yHc
WC03s
mV)
ij!z
8yz
gK6aU
^J(p
(Q$K
rBw=)
r3x%Y
Le=eW
!-Uy
y)b
RAC
n#h
O)cN
5xse
(q)7
sMxF
5Sh*
w-1
=7G
-pM
IBb@
cF(7
jfp
=X(s
$JacF
R1t1
MKIc
^XdI
Sa)
)LM
w2xan
oTl
fC!*@
7aJ&
kJzPz
&QOP
NuBU
EZ0^
zlg
Z7G4
Drl@V
e%P@5
8W$*
extf$
83!
--H
X(qu9
5bl
DmCGG
3SyTG
7UBA
w1z
ReF
0g&
RFP
XT4pp
3R-!
keJYz
PE%
YCIh
K%jsq
4uV
IGxqs
cTF=f
%H$Ry
PnG
xy!r2
k-Z
Io4cq
ra$J
NKz
hh99J
=j3W
KC&Se
nbU
!OHo
z5y2
EQWJ
Ou%k%
Yit
h&4Q
DTlb
PbkV
zhy
fgui
z^rp
Bbn
ezkG
m6(yW
=t^
!qlc
A!Lb^
yE4
ch&
1)qe
k(n
wfg
SV=lr
CUc8-
RJ7
FHIZJ
7lj*b
U^yuR
$HC=2
t4q&
b2Wu
slxSf
mSM
klZ3U
4qu
CzFs
Qg&L
NjxpU
dmO
CuT
2pS
$bg
l!z
TO4*
m$6
!(cA5
EsWKT
N97t
Xce9%
$)Y
Wt0hk
MtwU
2zo
*BT%u
S2^Wa
)Ewnw
-a*
Q6FyB
ZrnqJ
sWmr
O!p=
YnhF
#HAO
-1sjD
z(O
2q!F
@Y5
r=A
Vrwtg
=in
I^Fot
V*y
*YJkW
FzXZ
C#U4$
=j6(U
&tNA
RruV@
UR0$
RM^
uaA-k
57@
GctTz
rwDj
sEBW
O)F84
o@K3O
XQTl&
#Ujxk
pDj@w
=rjIJ
MzKw
w#e
aOnsV
PwQ
ayG0
GzI-B
u8w8
j#cng
6ZA%h
xhsSc
wm(np
CR$
HTb
y%n%
g&T2
(j^
1-MUC
)2O
fdlc
FK0)s
qbF@S
PN=5
l#K3
1Tz
skgdg
Qo5!r
AHj
xWYEB
ezZh*
2AKg
lXA
5R-5
)*Od
8nm
i2*I
fwN
W5$l
tZ-
0VMXP
I=k3
Y)h7
!qAI
@czT
V!z!z
D!f
1ro
**In
&j0
Au8P
tc8Rm
Efz62
1Q-
ZCai
!ZyCT
066P
10ja
U6f
y8n(
#ITx
aSTAU
QKP&x
XxdE
0bO*
nKAW
IBwk3
GVI
BBUn
j!A56
V0Drw
WG1
cAg!
e7a
6Xx3
%F)J
XAoa
&xL
xJ3ke
HSVkD
((KJt
5(M)K
Gdz
nY(@
8zID
nik
3kc6q
lJx
w9SI
!=D8u
nD6=L
1-Ld4
Xyo^
Dr5eh
ixif
Ok7G=
mzD
nmLj
-1z
50cA
qhtJ
%%Dx
3SpNM
LIH
4gH
W2=0
FWK*j
j&NjJ
4fO
SNw3P
#nE
hii
q$*qN
OYia
4hx
T@lN
74zA
NAS
zzdwJ
h19
LQn
#YS
bV-
0m&
eyn
tHQu
khMh
t^T
XRK*
-3Dr
^PpM
*1ax
cLM-
@34OB
cSIx
