LtXT
Qa^o
JRO
z^#Q(
cj8w
7-NUO
iDgyF
102
-m&B
qz^A
tg2y
p0mfr
j=(
rtyQ
o0Zg%
u%bpJ
X-fO
dxT
d%W
f)U
wmfe
hC^n
W9&
$b)
2J(6
@EOM
IVH
w=e
WRI=
psoSH
PBgs
z@Lq7
E!2
H)ic
nrmt
gwU0W
H=#1%
$D1zs
l71g
aj)h
MI$Z
$ok8p
J9t
(Wdg5
lluAS
9MHp
0&C
ZXb
7XF#
Yc&r$
&zE
g07t1
qbK-
#=4g8
nZs
2Ngk
Ez4
zY1
=Y2Qa
KW8
yKY
XpPl
n0DXJ
YKrg
q82O
bzWC7
Au^6
FzDz
MtYa4
I8Jx)
8lFKi
bYU%
2MQ^o
0(-s
*nfK
%z7wX
8KfQ
BeU
CzYYV
tx$
Kkm
SiYko
7bSS
zR)jd
$iQJq
JB5
W19j
uX7%
0sY*E
MyMT1
feY
4kjH
eD-M&
m@fHR
kKa%
RRCV
^1M
y#L
a5BD
5ZjCz
