$S(
*QYS
5M^
sA7o3
5qp*
515
4H4uW
3)l37
D8t5A
$K03
M(@
Ajc&t
i)Vs
6Gc*3
VY^
HK%
#^DR$
!d63i
YR-Fz
!m8y
c-Jaq
laqy
zuqU
UVMi
4Tn
i^h
qaKFb
X8%zP
j2J&
j0Nw
kL$g0
N^!ad
3fWHs
1t#Oy
N0A
$VKA
NQ=Q#
fWM1b
iXI
2MHN
H%5bD
LPiO
uVx
$mzT
5hpfh
@%K9
*=Y^
ViXU
iVrV
2Q$S
q6XS
)S7
Rw)q0
SyDC
ZP((0
&zstP
W3nRw
Z$a
hG-
knI
WKBq
zRp
ZIh
Y&w!@
r5M
E$@U1
lkI$
)V8VI
7Eg$
JgGMZ
te*jo
ih8NG
sPIp
tQO
51dCY
YAk
0Tf8
)xm
Ph)C-
zC!
Y(aD
BQ00
SjW2Q
^Qd
Eq=
D&U(X
zAq$H
WxV
3BG
AZO
GPuG
z6p
@cWlH
Gg-
ShT-
D!L
pCB
SPS^
XOq
jL*d
YNh9R
#3d0b
BNI
U#U
I!U=%
Sww9
cCx0
@fHO
@xbQ
4PpL%
YuJMs
fBqSx
s$I
TLktj
^K!
=kc
3Tz
LF-e
6%K
jg5
4q!zM
A1h*
5aM
jE8N^
n7H
pEn-b
ekNm
&I%
Tp-$
oO&I
S0l&
uXYYN
e#2
DERu
2)3
y$67l
Zkm
s&D
JOl*
4wKe
$2h
Gp%zm
WYY&
6LHB
d5dK
6Yhgp
BEy
xnTP
%b0
APiO
6Ar4E
51^8
X!hV(
8x5
aJp
Tki9=
NYhE
bg0T
V84j
X%f
%$Q&
dMF
(yu
m5x
b7uI
Mluh8
62o
CIY)
*IF
8xS
bn1j
@Vl
=1zU
$IXlP
Rr1
WhzZA
@O(N
EJsw
Bikq7
Hb5Tm
IIj
hCXw
$ka-
Pue
XO3L4
DJ9
$kQb
H^oYT
juxAb
Y-o6(
oi!
t=yQQ
%qBn
IUq0M
r0Ma
3^mC*
H=Q@
#!=g4
*GD
Vdw
XzS
h-nD
#N*Z
y3w
Tun2
nIp(n
i7^(T
cLa
&)rlp
O(6Hf
prDO
#kdc
ks6
fgD@
9X4u
qquzm
LM7wS
iu9b
ezgm!
%hOz
Xtq
Meb
BXf
t0j*
CTkr
)n2
bE4a4
PQrVV
@17
hkDu
gL$
iMG5Q
F-J%
qjiXp
XQgWP
5OgYy
X#fF
Uzbkc
M%3n
uEQ&
rg)w$
D&2AI
&RS4M
Y%br(
sh!$F
iY@s
t6hm#
hfEt
qD8Q
84Wc3
)82
fT$
6o=9E
0uj0
Hk7y
$pz
dQn
eEiAh
==F2
ND)qf
A&-
=V&
EER
PHHm-
gTwNd
A1W(
5emq
cjj@
1FDo%
Yb=F
qhqf
M(L
&z(
VldS6
Vu!x
K1Dmz
8xU
PSR7
AtGW
=V18g
Ctd
-gzk
qu*f
(zz
(sh
Orb8$
O)7F
c$rP
D&0!
U&9
H^%lk
oQ6g
u$!
5nqBG
0szw
21$cW
&eEh2
HpcE
*he
1Ao
e#s
d4AD
ukz
qzdC
3Sl-
aX4
*@O@
R9l=8
I6fz
!oP
cOHd
KFa7
n7!R
K1aF
3RD
E&5p
@ke
TfS)z
#53e
fh=&
6Lr
5#eX
nzA$W
sN(
DU)
dWo7G
asZY
(aEGk
P&G
1HB
sUuj
b*Ob6
a1hD
E%xL
2gB5
grQ
$2d&
&2s
&eF2
YhjZe
zKkR
r=h
WCc
iRs
edqW
-Wb0
FfX3
-%ZXR
7S%7
-KHm
!*7s
pTiW
1Q#
HY%
$lF
Gmj#&
-XyV
9P5
Z1yMR
U)u8N
N-uC
&JSf
4zRl
oQI
ZBbO
EK&2
eO9CF
mkuP8
=-NRN
OL(5
t!BSf
Uiu0
nqYh
3Ut
-VB
tM!im
dc*j
f2Tx&
9qBr9
i@zS
E2oU
Hm2-n
th=Gm
%0h3m
L2L
X!H
B4zm6
Yslg
XDH
6rt
0TXQ
hXb@
HWQe$
aDOw
^09
7az7&
)iVz
ccp@D
e0^F%
iZe
iz8m8
zR2K
sGdj
z5!hj
Y@99
-65K
%Ah
9Dia
#WLu
08JEw
pQ(9
(ae3
@^uA
CFfz*
x!WNZ
lnC
O3cD
Rfx
54Vl
MFGYz
KDf#3
@9=d*
7ncVV
XD#p7
uG0
y*3S
*Tb
4OwX
nx4
qugkb
^kt
AkuM
czH
bGBsG
aDB
Bn(
gxq-
SFR9
RMPqz
Lx!I
GQTi9
JPU
#^(
x6p
C97E
KBcOh
B7=
F39
S94o
z#Da
-#(
62!tk
%NGc
knHj
Bao
)1GCx
5qN
&VOa
Y@(a
5p45
Me##^
EwCRQ
JE0
KYyg
H&#e
#Pl
o-x3!
gkB
=X-!#
IYX-
dld
jZu@Y
qAyI
Lyqw
1n4Ne
w60=
rqgSm
(nl
4$k
hePK5
Unx
V)q
MGmL
d1J
&C58
YZr
D16
JItzo
gx%N
3Ii
o#53
zw0
Hke1
eWzJ
*sl
mW7K
@()J
nY9Vm
Sz^-
Gid6u
2kKZ
&n3T3
n)x=e
Q-Iz
KfB
ikI@^
DT$IT
SLg
5k*B0
HLa
4E@b-
$fnT
7qtt
7zXx
t)0#j
Ra61
e8e
VN%-
L-3
n5ii3
Y7&
Gs6o
Xo(W
xZZU
RPDq
jxVS
hE!L3
dZAO
ZlYj
OGE(
Razmy
-mY)
&sd
7Fk=
^ZuE
k@UJl
&SwD0
%w!^9
@3qwu
1bV-l
uT7Zt
G1B4
$XN
AMa
6a3N6
A=Tzc
914
VMrb
sSuY
LcM
y*kC
*i8sl
Y()
4b-
5zDaG
9km
m@hl
BW3X
m12
NMtfb
(kc
JcEZ
N)A$0
UIlC
@*o
tCLV*
%#a
xPRA
4d2g%
dIrF
rWFPa
Ti^
JH5
CCnB
qjW0
KY6
#%$uL
%wYH
jjonD
mWB
TK^=
grx^
Xs*
eSyUg
YwA
X3A)&
1!b
AVs
2Is6@
GOU
s9Ot6
LgDth
)yD
kV1
OfR
)8Wyy
@a$
GI8%Z
rnha
IMyXr
L6DW
8*1
OLg
jNl=4
1b2*h
0Bnb
#TLpX
ni2
sT%A
azLf-
TE&Wz
3jAKc
nXBn
0LTO
a9zj!
Lx&Gz
5jHA!
tbrC
#gCOu
c3A
EK(S
hoN
uKC
r5T0
Dt5
6)H
fLu
1C-
skjm
&M85
pfS
D5-6G
WlJ5
&ZG
)Wga
bIif
H(H^Q
!rD=
*Ic
z6*qP
MAXL-
YWi
8a^
@Skp!
o(iq
$6!d
d^1
T!@Mq
uVmV&
3*N4
mHg
!*$%
0OT#C
L-1d
oUh#0
GuA!5
e1=et
TZWV
q0i
lii0
U8q
sgp
zULz
EGAf
62o
ROLP
ze9X6
t^b
hPJ@
)GTye
xe1Br
NqAyY
0jU
jA&g
nya
3-#
=zEp6
-MHT
!ew2
kk&B
@ma
)Ik7
7LC
#hPgF
s$$pK
kA$
x7U=
4LKc2
HRt
z1558
IDA
jlz
Eh!i
%*e=!
Cg)MA
6VG5
XAGcb
93q
aW%6
IHz
9Tb
2xe9M
42J$
qdQbW
Y2#
AmOQ
$IY
DSS
wV$p
aEw54
YID
Kg^!
PjPp
czYKc
InL##
rtn
V)#
ym3jY
0wkP
p6!*$
Mw21F
J$M
6hy
zJP
(ehl
4qx5
HRV-k
JA*
5%w
5anf
0$z@
Fod6
XJsV
$aMWp
oZ7NA
B=%CO
--YfE
R^q
LY3h9
61e%
^Xz
uyr
j=8G
VfBs
3^Y
NH2
o@XC
ffzP
Q5xD
6T)
xOMDE
1CQ
32m
m9h
6#N
Y1QIa
!bQ4
QECpN
2#*
)ax
7xuL&
iACU
tHiV
%$UC
O7-Y
nH4
fDU$J
KU4(
p$r=X
0z(9
%qS=f
B-4n!
8Vp
Y@CrF
AaSD#
ET9
gwRl
OCu
uC%
@$Ht
hOfpe
deuc
$&d#
@I8-
L%cx2
LsFC
@UpR
b-Wfg
7)sg
5r26
MYPC
Zxj@
l%gai
VlP5A
d8X
mxD
G2JA
uV=
)b#
aQ#p
%dxPy
@TEa
=y!6%
leV3C
UYoK@
S4k
-CT7
LUR
#dBzc
aXW
lYbk
y!HYS
0J-z
9Eff
tT=M
zYCqA
FF*
9al
Vc4)2
*NSlP
TPz$N
pq)6e
OqB!
e6=
FD0ek
8j$
L#f1
znD
k!Xfy
p%tLo
ct2
6RMP
zOrr!
q^b
0zfo
cmON
2tA
dJp
53s#z
f6S
cPl
0Cm
!udY
3on
j*Xjg
@&ze
n0z
&YC
Sqp
zof
SUH1
UDn
Ley
H)d4
)#Z
ZsP7r
qTM
%Ui@
^gupO
mhuME
u3$lP
jkz
xGlr
f%wON
kx*%&
zFP
e1E
@*nY6
1*ls
Lc2
SH&e
SmX3
ws#B7
PD=
qbB
KUN
U*MX
60s
Q)=zu
9g0n
jTb
-LN
Kx5nE
TiciQ
bKjqz
s!V
sJm
5@f
hFt
eQaJ6
9I7
kE!C
$0LL0
-s)
ekCY
yI7X5
!gC2R
^7kX
=k*el
woI
P&D
l=)I*
fin
oM@S=
KF7
WJ5s
f$$
FW0
DgQz
)c6e!
h13H
r#I*
2b)
eLM
y20g
dWf
E@fm
#EsQ7
oUz
t=GaH
0lL
)3%3
sO4mO
mlz
!sZK
CXZy
SamL
fbB
97$wL
JUHR-
d)=H
nQSQS
1q4
zY1#3
kYLb
PHh%2
^WAk
Rit
R%VPa
nhc
Oeri
W3i
eePz)
t1^6
E56J
zqVT
33NHl
qW5
za7B
0N3de
BoKK
Aw4*
%x6Bq
t*ju!
rNz
)yeh
kjZPA
T6^
N3zm&
Z$9N
Ub$z8
LqL^
CnI
HJZ
KLJ#o
oH37M
8bMD
4DM4
MQ$A
350E
#T!J
=I50
0=e
lhS6r
RUA
ERrh$
SHpwS
zjuU
69I&
5^*Y
#ilw&
=h-
%MFad
F%*
WEb
&gr2u
J1Lqn
GVq@4
U6n-G
4^aQV
gUc#
uDOg
zQg(
8yG
rXse
J7*0S
UpC3
ziDT
-yhY
4l6I
