cL8u6
0iF
gAO
a5(wN
ziulq
4cSw3
DPPNl
ttk
qexV
8#^AS
lms
z6WI
gqbdF
^#6#%
S(W
LUz
LHj
M2Ur
qbV
ApE
aS=DL
GC0R4
LHA2
NZ^e
t@R
9Yb
2S3q@
5JJKW
JJYy
Pp^z
#BU
Osl*V
aF#Cc
Vi6k
Bt=
7U3k
t-Xf$
HUmL
tdx%
yO%D
q7hsk
-f0$
!Yi
CEA6n
9-6y
6Ca
k1BF
BOc
rXg
6Ax
g=O*
Sbo
Ppe
^oK
$0rq
Z!IN
=7Bn
emg
bcP-
SHK
BJ^BH
Weho
SiWy0
QJZ
aF2
LVu8#
xGW3c
zc^
Y30a
l=hO
!W9
TJx
wxf8T
O=jK
#o^Q
EwPC
a5ctL
#2OCf
3n6
nKY
FD6
6@MKM
I^2w
eaYP
6LP
GQ51
Fx%l
0)XV
M3Qdl
Dpr
dE1)
ipQ%F
8NLG
pxM
Ul&Tf
=8H
eB9
X15h
hg#
7GOR
dzA(
3DSR
Zhl=b
=8*
5wBA
yx3k
OW1Z
Dg%-
u-Kr
UPq4
EzW
aPzsw
O9c
17IVg
zfJp
f0u
N(Q
UwEA
ka-q
w7^%
^(z
&fc3-
gj5@8
4zq
NFUFQ
3cIz!
E7Gd
iYh
3(Uw
Ayz7&
^TX
U1yC
xJBcJ
Mk2
gyPiR
a*=0@
%rHY
egm
Z(Bl
%arsr
No*S
lz4ru
MQm
dM1r(
9)Lfb
%)(E
JtCu
W)6
pO&
TblR
K0OJh
5BPZq
dXHcn
xH7CE
kLh8(
=wN
Yxi
5rd!@
%MYH-
TX$
Wf=
H^m
iQ@r
Az)W
hILH
lYT(
!n=
YN2
SVgG
WuP
!TWrV
j#4
E^lf
lOIC
p!cA
haDs
W)$
YnQd
IY!3A
JUb
Q)RZ
Aq^Q
OaQCo
IPj
$pHGp
%brn
=z5
5FYN
HOQz
UVu*2
KCl)
2GIz
LY6z
kYm#O
6(X$a
p6Fwl
G3gtf
MPqUf
TZMH
kNk
0BJj
kG!
GWe7P
#gQYJ
HVJO
xPEVS
Wpl)x
RzFD
HNmH
BXs
fkzX
jBuC-
G1A9w
(GLg
$&s
3EUsd
GKCuD
JnXsD
ioAP
#4o7
Ghi%
s80
l@^EQ
c#&
J0T
EwbX
&3d
qVn(N
c^^
g&g
YKCM
C&)ll
ZthP
-9f3-
)1Z
kgT
TBg7y
WW4y)
dooth
zg^H!
Sb$u
)e9OV
M9yt
oe%A
fAK
!&=
KbCfJ
^Ri
%CC^S
oohn
a01
win
3BO&7
cVG4
WkC#S
Kj)a
Vb!0
kUX-
fb!2S
@Nk!O
8rJJG
Jm5R
WB3
Ot(d
*O0H
o%(k
$@w
Vc)uE
lZ)
K(Qg9
P-pn
yMg
@UlM$
^OydS
yCjy
tqO7%
N%n
T!i2
e77
#Sy
g3MwG
iTN
gT^=W
tXW@m
-K*e
Dwh
40n
m98#
Dto
%oin
au0
1ue#p
w)3
haApw
ZqM
qrup4
(j*SJ
^0c
$mGM
J=LoX
yJb
zLp7
A)m
HP@YX
Tla
Sk=
Rz3*
%0^F
x1&
duW
&dFHH
g@L=7
bEsn
-bT*N
0q$Dt
S5M)D
F0=z!
6%8
lPBp
!b)
9sNa
bXx
zt$
^Lg
HUm
q5kt
Ezd
oSU*
RIh
FD2SB
QNe4)
0tjq
ml0zO
NsTs
Qj5
MCuG
hoih
8N#4%
zSS
ig52
2xHia
z8l
DzzQ7
r%Rzr
a7Rm
0bp=&
RTBB
=M)QH
JE0
-HYD$
pKpc
KHo
5l#0G
o%dMN
j-8M4
z$FJ
P$5
9Mm0
Sm5
hSVIk
BzLM
^@AQR
%ix
54*p(
p77D
w=7z
r@Wk
3jpF&
C7wE7
DESo
SIUN
%sUu
f=ea
iVu
fpY
%z21
x3@z
d^T
=miLF
2Ay
jhn
C&y
u!nr
eG8=
xhLo
3%XDf
muW3
yflz
AY9SP
zJSP
Gdau7
X@g
qTf
THo
Tc#
#J6
gIC9
JIz
xh7V
FYLz
fJcO
1OX9H
JIshl
%rZk
tL4*-
cqK
mcd
p6mr
qK2
#f7
jkUW
&fyg8
IZPp
lCSYW
op--X
7b7
hKI*
1fchr
XqZ
OLP
kQ=
nRMtr
eGz5Y
BL8Q
4pg
$Sp8u
7YW
Pxs
zi7Ay
=8Y
u&EH
lj!un
Vba$
VH0P
*(Iul
3fP
Rdw
^85M
map
JoVB
Nmm
e-QkV
N7U
nQznS
KSXY
zh29=
S!Cno
@xn6
ChPHI
yKMY
j7D
URc
5@=*
Rak0
dO9X
797PF
TqM
yp^
kNe
ca!^
gOs
29G&
G8B
QLG0P
2Pi5
dgN
HV3
nTk%
BI3jZ
mO0
eU6
Hz1)M
js6e
8dF
Me$
PyAo
L5Fjy
KIt27
1og(G
9Jh
4j&xz
4F)
zJ1fo
=lFqw
MnCJ
ZHR
(YK
4xi(
Pl-N&
Y#4
KtEGU
T$zH
6aL
e1V
3-MSo
oV8
%bPF
K5&
kmH
P9z8
*9WA
Q1RM
h5%
M&^
4njej
oYS
oW6
Lbu
=ii@
OJF#O
!my
^1JUX
oi4CC
EqL
^mNnu
hY5Q
@(4Sz
XxId
iL^P
ceW
cpI
Z#%c
ztLOC
nhfg
AG3
BUd
0i^
P75s
KdG
B2FE@
ESQr1
0nB
qwz^
JA6
zj=1=
Vad
KQz
6Fn
fVLs
B997
RsF
RmTW
1EDCo
p=t
6W&#Q
RsU
pJ&yh
WRF
WIWIj
5Ta1&
O(l
6Sq3
z5i
@SjkG
h4Cj
x%(FL
ard
Mn3
wM!g5
g=4sU
dPf
7Xdi
!nV
gDz
&qj
go2
G*nc5
mgeq
zn1X
z8o#&
Yakn
u4em
y1k
TR5=l
=@^Y7
eNar
bkU
KxSQ
n)G
nNo
7*6f$
5HX%
z(l
lwPF@
1h5EH
EHfs
ndtR
*s4^
XOs
cpE
MQns5
5XrY
Vf-Hy
pKI
*T8
kSU
r(O
GSoaC
XcM47
FVF$e
V(S
fSI&
lw33#
NA5R
^u9sK
mk5
M)qZ1
a80pX
ItMmV
t7Nq
)Stk
Iijl
*t#
&=$R
L*TeF
xdiK
OZMwT
Tdf
fmB
nZy
^QdF
EVD7J
4H0@
#y0O
kfVS$
xQMr
306N
J@6)
f*I
4Y^6S
y7fB
WZb^L
k&OJH
K-c
3DeF
9z=-*
4agY
-zgfg
&G=n
TX0fM
T3f
B&Fdq
X0ZY
emx
VCb%
BJsb
SR!
#ry$
g9W
4q&Ow
1==
pin6
GA8sl
egY
dS$3
z)x
II&
Ck1F
BHI
bnR
ULzP
@F!
xwB(
YSX(
9&DiQ
)WiYB
PDC(
rf9
47&I
niC!(
DuSO
nbBF0
DrW
edA
UuLeO
LcZg5
K55
$q0
*E%
@^7Wy
zMH9
Fw&b3
#V6@
rh@ZC
Pmww^
FKSKo
mBxW7
6FMxr
V@3
O6t
1PfR%
uCm8
)z3P
&1owk
xMai
&#zXW
Q*f
NuVcm
UGbRd
C=z
glr
gKL
ztO
%3Fi
oo15
EFt
z5*T3
FV2
0oT)
d2B
D=c%!
Q6%
cAl0
szV
1DsY
&j-nM
b0=8y
z^)
CJ*
81)
TQs
sSyNV
x=s
RCNd
*UYA^
jan62
gZ)d
Z6p
cD8Hq
FeI
hMZ
Mf4
1w8
VZ0WX
URT
9qq(
2lmPE
fNF@
z-8q
nz)z
2daAk
%SeE
z(*IC
A!AS
Nope
(40
ATw-
lPzIQ
jh0o
P#jOc
%oQ
Nz6q
8o5o
MDm5
qR7d)
sbRO
BQ3Qh
Z1HHZ
YEX
5CGZu
rz5q8
!L&1
o!==T
8Us6
-HL
XVIC
%0Ley
F@%1
jo4CT
FF*4r
9MF
Inzg
kmLaQ
MD=P
bFj)
47)
9MB
!7B
s-C
g9C06
i06
wIXIF
)8T0
X^92
f@=
dZ#^
&QG^
^=g
TBtf
RrNt!
VLE
QzIcG
=N(@L
frdG4
hCOMG
C1hZ
q7s
fZOz
qyQ#
26Uo
2RX
e%-eC
iAkb
2*4
b%EV
T7Ik
Hx1!
Eic
y3u
JVSYa
kDa#f
8Pk6I
g99
ilzV
E4eZ
kO8
ZIc
dLIl
i1IxI
SP(m
6G6
1ASN9
^Au@9
B7l
BR0
BaX
Q(eWt
4Dk
e6c
wl@!V
nOE7w
hZUMN
LtU
BwA
LrEu
gZmT
zXxA
!&Hwn
SQg9
i3wZx
zoW
#Ax$
n28
^su
K=V@
UV=L9
)lc&^
o6PsW
P^y0
Seo$G
0$z7
fJbN
k7a
r8(Q
&S!
s*E2N
Els
YypK
RcxFx
Fg9
NtVgM
xJ&Wr
zNy
PNQ
LQDju
J8ca
@OQ1m
oy6
0UTdR
7*G
(mBTM
0GPa
7$I^
oAF
&An&9
=KK
w=8Nt
W54
t8s
*Nz0P
)jL8!
zlmNl
QzbR5
x-PF^
FaC&H
2VB)P
TcJkp
abM
$Qz%
sUtT
*x5
KdBw&
#yl
FgY3
l1#fK
B3(%
xGGq@
p68kq
VgLS2
k4RS9
ZlXLo
VVE=
xQ1y!
bapm
nh9b
X1Qch
*)1
QPb0
Rkm
x*O
HHSn
Kh@q(
ljhN-
ok1
bn@
8-A
jDrqU
0Nx
UIU
(G=V1
moL
chDw
OXu
hDkDu
BY&
=4*i)
$OG
KTQ9
Pl2E
y0qF3
X9-zA
r(gOk
zyi
%DL
!9)A
PG=8
!Oq@
4*f
ZOs
QsnB5
GW4
ILr&
12R5
J&T
2p^OR
i)!
cdJI%
YVL$b
H-%W
@sNM%
xWYk
W*9GT
Wkxcr
MMs
aq%
#qfx2
TRM
wcf
xE&
oX@4&
)Ew-
EL!
Ubhw
f&Dt
H=si
9gLpu
4V8CY
!^$@X
f7pmc
#8Du-
$9it
Ord
7-b
UHLc
L3RRS
Cao
lM44f
p6T
An4*
=ry
Vmxwq
1pgX$
-E47
fWx&
xm5S
5Qfj
A#Thy
a^b
^X5
!rzV
1^t
5*sOR
$5%)
x7$
n2p
z66@3
E6jS
BX&
s3Ny
2hgr
