7#c22
XHzqy
jo)^4
L29p
GUFR
qA0xG
flPRn
Da7lI
RMz3$
wWZHW
WP^jV
nE0Z
EhKh
Dr3R
YXk0
y7zAz
QTV
5zJwM
T)Ad
1m&R
3wo
Qdbp-
DD0e
KIb
Fwt
9(z
^KiS
Zrj
hTVN
095(
eVw
CAj
M-ti
WXp!
A9cA
Ba8
W(C
Jm4
zytL
!hR
82m1
%On
ofX
Ytr4
oz-
#3D
mATst
Nn&^j
SOy=
b6f-A
ak*Qa
)coY1
PC*
0tm&-
M&m
gPO
)e1PN
el^=
RNBU
YEH
&68
eM4V
VIk
68l
gz)nl
HRE(m
5D=z
0CoZ
nzK
n9(U#
0f!
Fn2&
j8fk=
bg0G
PzC
T49G
^(!wy
nTTw)
ysbzh
a)gp
yN#
VaB
IG0%J
oJz
dK&o
8A-r
^%3c
X@@&d
9VV*
k&OE
F)ET
V!s
k4CP
#=d
=wrV
546Ts
-Kgu
eP*x@
gk*C
UKi
KnBy
4k#j
*IA&
5KzD
hN)
^M&j
V#%
rm^h$
h0-HA
ekz
1*qgh
z2I3O
%0Y
^CO0
=(Z7
OUy0=
95gdI
pdM=
GoeD
tA*
o1Gr
Px0
je%1
%gli
QByAG
Q6&a
TJ(Q2
Z(eW
nDS^
y*m%@
HFU(
#slb$
bQto
Q=$x
Djg
P#kOW
pgQC
y4C
zNW(1
#iD1
#lUm
W202O
Q0KR
2My
#sz
1WJ
K5M
yK5Z
Dzp7i
LL18r
Og0
W)1ya
t@wu%
kr)w
)pu!
WOGgS
zB%r
zN)
y(a7g
Z^2R
AhLC
iGQ
SwNEK
^9&u
zZ!
Dhhh
CQY
F80
dio
UeAE@
r$t)
=lF
IlyJo
tsVcT
^#az
Sbgek
8xzH
rD(X
nUY9
W5dd
1X*5
1x%Mr
S1S
EB0P
O*#q
u=z3
z9c
W$9
g(c
kYON
0R3h
zUOl
RrBK
fkkhY
0xV
#Iqmd
Q$Dx
%G$oC
abxg
ADnT
$5I
7ff
czx
*V$#
3P1
NAK*^
q@6
xmc
KoOyE
Me5
qyJ
H49s5
pkOe
NY7
3lCnN
-*@H
hHB
S)L!
2C=E
fyt
J-c7
Tt8@(
5Cl
9(ME
5BuB
9c5
bgR
TOD
NuQO%
mzt-
cFs
^OIBV
NBu(
mSb
x%U
3)ij4
43qb
gk*qG
JlZnl
)gO
hN(
42b
BaI*
5uTBi
PtO
rz3
lDsyd
b5qL
V8W$K
Bxz
qz89
rLL(
RQ$MG
pj5dH
pJ$
HX*!=
g2a40
5Il
2=SR
aVWMW
BQq
&Ke%
-uHs
BtY7
S)X
w@S$
*XDQ
zYh
TiBh
Lh8A
yUHIT
S(uQ
KDiD
PRDuT
0dD&
n4AO
WtU
^x$2D
Lhzh
@7n=
ail#
R%2l7
nae&P
oeBex
ausG
9uTy0
xrf$
fXz
YcM
AMO
#j(
jHcX%
6Hc
QEtn$
#n(
BnWo@
KIB1
oy=Yc
eTx*p
Mh9R
9f@!I
AEZc
=1S$B
m1gL
7w^
g6y%Q
X5VW
jdLE
=Zx
*1z
Ki)K
3k$
9yp
yKzbB
Rzp%
wrhgx
mFW
WOMb3
*bG7
8pjAS
$VRIe
1kRk
UM9=T
oB$E
7V(7
9s44=
Y)F
8XA#V
NjF79
1YMuJ
A-$
91%Ie
ZRe
yR$n
3j78X
plmJ
XHxYN
Y-*U
YSqAw
%p=pT
VazOG
X(w
$lB
$$wi
JcU7
n2Ou
Hbi
TODh1
r61Ls
^Oc
8Qnq
j(xP
XHi
NBN
u#%Ui
@P!
*L^Y
Xcz0)
j&-M
Wep=D
t)*
aJ%I
qF*ea
tVSnK
CEK#
SnsON
x%)49
lb)
YjE6
$tqR
S7!G)
frn3X
pOKV
h8@
T%e
Ozh
lgh(
LWX&-
7U8
BLa
#CGUS
Wzt
zwM=C
qf%6
ePffn
uY!
euT
A$N%
4h8
WEgyO
IRRH
4P3G
i@3R
A5F4q
XUBIO
T7o!d
L^U
q49%
wFp0
o!SMm
q3t
BH&Di
A9Rd
tgwX
twaz
!n9LG
UtNZ4
g15
wQUXE
z-XA
mGVe
xg=
!PW
aiq!
2#Xxt
LTC
WqHR
H%dy
DqQ8
%2N
7q$&m
h1*
zCz#i
@8FK!
pjSba
IGoz8
&C@mA
CXzj
KEV
KPW#L
wWRy
@TN7g
OxqPG
))OH)
NN4
wm5
gzwb
(!c
1mt
M!z#
36^
7=89
R2Ik
1U)2
1SiS
BzAk
Wjkfu
@CI
4pa
*uh8y
%C%f
en%sZ
bLP!
waNQM
!&x
ece
5#)H
zy6
@c6LH
l2Ce4
N-#z5
(KdP
L&65T
Bs15J
buz
eXX
EWIL
)B(*
UKlW
yXz
HeeeF
crQ%#
CWx)x
)EiL
=SB
VLmR
B7@7r
-e@nr
Pn=
P-0Y4
OmdD
CG4Q
b^s
9J9ia
1l=-
rI2ki
Tu-uI
(8g
Ygc9
SQ1
59ss
YK5
8lJ-d
Ee3U2
6N@
XyZF
r6I
Gco
c2xXn
cf)
PST
T71Aq
d*Jt
#0g
9(%r
X6GFF
tsC
U$FF
BJr(
VVR=
A6i
4Oi
lIH=!
5Kw
IjfhO
g&(
Mt#PS
(r3f
SJT^
@lz3
-t85
zl%^
USZoJ
fMhmF
&Y1i
#U(fn
kRlE
#1=
T1ZFV
h8o
d^-1V
QfG
zRDT&
TMthR
lEJ
ez3
B(X
EU1
bex
QB=
BDdDP
(Z@&
ng9Fb
b&FHB
LpZyf
tA!#y
W@C
QWN
4m@8C
ND=!
L02C
(FL
da2A
VCsf
xEcIh
K89
b)&
9f!iJ
Kwb^
XPhY(
*22
s5Yx
dzYZW
&k3
7Uxx@
1%7
kZ9
zUO
G=47A
Ydz
JowE
%BTs8
Wwg$g
pdLo
Q^OeS
=JEM@
huQF
)=n
Zju
MBk
590z
s=G
!%su
9aqnh
j-OMu
T^3nE
QlO
WMSg
Of!l
juw6
4zY1L
*Jjp
K=p2z
=2a
y$tE
G36%
8aA(
G6acJ
j(t%
#BF
cpQ2
OteXy
L-1j
Aqf
Lka
%IVJ
KBx
f^ziS
WnZ@
Jagpl
ZnCy
bur!!
9fX&N
#SJ4S
WZ2lo
BaB^
eff2R
%iV
mny5
lt6w2
D!E
joP
80zle
Z8rU
yqEeX
-&ws
yy*-J
(syV
5R)
KSxPV
Eht6
V6M*Z
^CB
Nw7
ai^
*zCz
%q8N
o&WDw
ht1B
&JSE
ZV4F
*g#uV
X)e
nZk
ml0rt
&c9D
143
yY!
KuI4*
b(801
2wB8^
BhFGg
WxKc
^jXc
wcK=
yfS
OohJn
chnO
opl
@sS
58uus
Ycw5
1Su2m
QoyzP
PFsm
1tH
ZY%%
5sl
c=l
r(Y0#
kbmM!
A7(o
YG%U
=&zt
dz1
d7uqC
F)@
$nZA
r6ws
XhJ9x
O3-8W
@y)
kFS&*
DEUK
m*0
^&r
eRA
6D=
3)#
X#j@K
D1fq4
Xz$&
5=X
X%GS
=Rw!
GQs
^HDyW
0wDjC
m5%
c-^dM
&Kas(
gtA
LH5H
zkzn
-UN
4cj6
e9k
8cAz7
a49rh
9lYQ
CH$(
bzNJT
xca
4POM
TuJs
O48
or7
k3)4i
WsR
sTEnh
g^KT=
9wF!
f(xx
JxKdM
NKL^3
pGDB
7EzkV
snC
Fa6DV
m65N
@cJ
nL%&!
uyI
3XO
Ps&al
zEx&w
W8j!
nNee
e!)
ICZ
4(W!
uO)
akSi4
3o0
P&8^
4MjO
)sH
YRLP
Nh56
4PrC
l4!
Z^Bn
wtB
h7zo9
pN9
Mtx
8A&t
23PH
z9Vat
uztdF
mRa
-=nFY
GR%y-
toza
17xR
&e)k
eQbN
41^d
yUf*N
gbT@
l7c
27r
tMAe
iLzsp
L#wU
S@nQH
8bK
^Tjxi
5xF
(=(z
Qp-
8%DsQ
T*r
F1Q
5G1
Tbz#n
&r-el
S$jL#
!5d-
NyiR
r$&u
k84C
5OQuY
JVD2
2riza
5b&Y
Bn%
0Je
eJ(d4
zr3-y
sp@Y!
(Z5Hu
LXZIy
1%(4
&-LnI
arpb
dKm
lLg
C-2)
Q%s
wmEw5
1(5
cox
41F$
d%GNs
gC$-9
MaxU7
EZzN
7w!5
WoR36
BezN
)PO(
--5A&
@8Yc
aR%
R(k
XHU6
ln7Ib
r0bY$
y=c0
b*jh
eG)$
afX=-
3UpWH
nJ1Z0
@3!
41Z
-tk
hhEb9
^iM
g%B%
(8drP
eRLn
oYY!z
WCplf
%wk8-
l&#l
rr!
iZMqU
TyVIj
l8pu
jy1
5T=
S!^6u
o=Zz
wwdUx
cGzEF
D51S
TL134
Rmca
m$c
)hZ
qPGc
-zB%
D8MxO
YL%
FlGpm
%K=
4Wa
3GRwb
S#w6e
wMD
s9q7t
p9M#C
$sa
b*J
VJF
z(46W
GgX
w9y@*
5Ur-
F^R
PEwQ
H$5
JFF
j7YQ
kj)kW
KPO
@Dk
ly8U
Wo6O4
3LrK
hc!0
d!Nf
*Ec4W
jGwW
2FPk
7x=o
ohJUK
w$Rd
9cp)Q
gIm7
GSm
b@o7z
^xunn
YJi$F
e*$4J
^SCp
XXa
J!V*p
ewi
WSO
1tl
f3s1W
Huz
4nQ%
P0oc
&f2a
tRUL#
6ct(=
JHDT
GgSG7
LP=H*
RyO8
UUe7
5QYA
i2eTM
O%TEE
%Y4u
XZ($
plx
g12
WDGa
8lD
6%wG
Sg6*
IGqt@
=MJ!p
Jzi
)Y!M
rgm
pt-TI
nIeX#
JNDXK
-n=
p6j
3IcK
48K
2D-
CG@l
^c!B
bBt
)o=!N
BNyP
&NtRN
zgu
y3Bx
qj88
Wu*
fGu$
@W5
e#A
Q3yo
lIz(i
fMtk
LCH
Je4Wa
M=c=A
iBMG
-$H
-^*bU
zkdp
qUj
T==
cIoE
nbd
yza$
qR4US
NaZ$
%#)lF
SRJ
-=Z3
)^QZi
rfr
eUD-7
liZ&
V4xn
YHd
ACb
U%m7j
P1o
AeG6@
(h#p
d#^&D
o#B
5&I$d
^thtd
7o=d
cO3
6sefB
Gt-o
m$@!
LgUe
niE=b
9Mj11
qdf(7
9NN(W
1D&EB
G6cP8
BEdn-
Ye0i
HfE8u
xI)X
f&T
Gud)u
Grfb
YzJnU
xC27W
aOf
cak
rFDA
np3#h
GVC
2qh
wHEk
w$rY*
yoNP
=t-
WjO
=)Zi(
2$P
8bM
46j
Db-
DCRK
96ER
kn20
8o4S
EN5
ZYcs%
ea!1
d3-U
N!f2
gYHO
bgkP
YL2a
ha=7
H^C7
RYr
wDnt
S)I5^
MExK
^t#r
^IoH
MMGzZ
Og!
p!l
b1x
CRdb
UV^
KHf(E
=Ma%
db^
OZXj
mzui3
(AW
j)b
fG$4
L6y
*ec2
8t6
z2ce
tX-
$HIR
inZz
L*l$g
)#TJ9
QT8Q
RdMId
iK41s
W(B$%
(MFH#
VoO
ZY$5-
I^MB
V2k!*
csxz
WhS@Y
oTfao
VQ*t)
FwL4b
zfCE
abtss
Jj7)
GlX
M4m
a7YP
=F%9P
49I
j9C
q$l
o*4SC
zUTcm
3e!By
lol%T
ft))
QB1%
)E6r
Gg#7
QOu
c787p
6TB@
Gu8rh
6OZO
=BO
F5=)I
39F
FWwNG
W#gn$
DGw
B@b(5
Ij$D9
56s
RNg
=8z7
z-x$
bzXHr
RZD
0#z
s!a9s
=CGc
&f0(
)Nz9u
TLBz@
4$k
gsi(
T5GyO
BCq0
ZjHJA
L#=R
Y@Q
@(OQ(
iM#-
UXrZ
S*k$s
Wzz
l5L#t
6frU
C^C
pi0
d3Y-
Tp7ji
9Fe*L
Nuz
c6UJK
ske-S
d)DE
gHr0#
jOh
zHB
Fx1n
2h4V
Bg*Sx
f8wz
4V1
^yzz
HML
-@r
aFY
z3@
3Ur4
lt%R
uUdq
W^Y*N
$FR0
so8
=jY
u^i
Oqk#h
QjFop
jBSY
Qq&^a
PZm2#
D-X
NpQD
-#)2C
1=c
c*TT
-FAo
%ftG
71H
aijgk
#=e
&zaQ^
VZ*B
z#o@
do4
tDmM
tYqf
iyLG
glyO
24s%%
V8zHf
EPyRw
yN)
)zGT
9a2l
WUFq
e^V
kz1i%
&CBzy
MiBP
-pk
Dp&&
C4&l
)(Mz
i(Rn
kVcU9
!y=n9
j$p
cJIz
RT0p@
Eu!
xxWz
VCf
4De
eWpz9
EOcQ
Oh@Hu
eHnWQ
oH*t
8^=f
T!X
ubTW
s!^lf
BeXo
^ktD-
JWeJ
GD9$F
cUw5
*I3(t
*YP
JR@ru
13&
!kxc
AiIg
S=N
FRG
Li^
pc8nj
%6ySp
CpSd
H@J
72P
Fc-
PnL4F
u08w
uV1P
zbnk
ZMx
KtzO
GS3Z
RF!
RI2=
h9mX*
@pB
xZLAi
Om@
O23W9
*S(OD
Ch5bS
551bN
ML0
z%od
66OD
LtH!o
EP2x2
qlNb@
R9M-
INmE
zd4
iK(j2
wjT^9
N$g
)iIi
zekT
(LfN
T#N
IHx^z
4XP8
lrwpa
*oV
wd#0
Rmu-)
M(3O4
Pf9
LY1tY
)tMnf
i!$
!c5&
#L0J
z&G*
4s41
whc
NnY
C6#
#z1e
89^b
3G6
BDp*
Qf$sE
CJt
Z!a9
7=0-o
zTnw
96C
LXz1j
moD
DpJMu
xQh
0#=GQ
j=qhl
&RPMC
EBaMW
!6Gx
!gEt
2zr-X
Vf-f
aNFp
jKz
HXrAx
ryZI@
DrHYB
z4W
9wI9
MiF
fmBg
uoe
$ck
w9M
%TtgY
#mKR
GRO
PdU
SkG&1
cU2@
dDy
Kmp9
Vr3ph
4Az
@z8AS
$9P$l
SSm5
Bbc
*9d
UH2h
uoeV4
cN*u
FshE
NQbN
beMu
9rIb
My&!
XxF
8=)
d6ktB
*Nzh
ehJy)
TyhyT
AN5rk
EzGs
glS
z2l
-ou
z6Y
zfetG
2S5
l9)A
i5l1
pfn
0rz
ldAB
w@pt6
xXuM
F#5M
#=qH7
jNI
!1JM
h^K
7u1QS
$R#0
3PR#
qXN
F*R)C
qFH
clPjH
9YinV
0Rh
ciW
xmW
wSJ
Vttu
dyK
!zh5
C5m
Ut4
CiXio
G)D
BzT
zIo
rA=h
$QpB
mnMO
Lq7F
FK!T
5i3
q3SJ
H9aw
dYM
r1V!Y
Q2*
lMdfp
HO3
87RF
i(g
bRb
2o#
^xC
NUCL%
uo&Q
-L#
h&Us
mdl^
zE*
4^@I
&geRS
2RcV
xVkyF
kh^h(
5Hl3
u0nz5
@=fy^
IgGR
)Qk=
E=X
HaV
5=Y
WZSC4
Jz2cs
Q-rL
pONA
YT^
fBE
4a@K4
qCQOZ
$gS!j
dLu
@VPw
K(!S(
f*jy
G#o3J
@=P4Y
zrF$
JDbX0
E%zB1
5tW
10Wx
jHc6
756L
1@FGO
jrbTI
Gthi
4dz
JIC)
lDt!
Firg
JTmdP
1EFl
Iun
2%M
%qi-U
XVDWE
de6y
DR9*
neQ
b65
@xs
CAsin
zmAQ0
WKg
1Sk
B(s$
rKI
7YjF
k3!J4
n-050
z6J
$qf*d
eS(Tl
xyfB
zpD)B
ilP
x8P
bb0
lePBq
(UlV
b18s(
)wSJk
#)E&X
YFVg
eyW
C)8
5Cr
%js
H@Z
5c)r
zNp
K4((
ZAi
B)t
JDG-
-$N
7&AI^
9TL3(
1ZhTY
b&m%i
cRz*d
$2kR
SnL
U34
dzH
2$xY
3=sE
Jjsk
ZTIp
wwC
JAcn
X(KZy
3ALXC
C!Z
m-l
a&rs#
)dxV
b!nsz
gwD
qjd
DDC
eb%yC
&J6=U
VxB-
0J9m
HS8M
Be@8
C!B
RrgUf
9JNi
N5C^y
Mz8d0
Gal
-5)8
1IMQ)
lh5Q
M71
CUuz
dY7
ZK=n
3gIMC
gsq
1)POf
QUh*Z
R7#u
aim3c
D&4u
6OA$h
H*x0u
o1B@K
dbHh
Rk&
fID%2
)N*Z
Fl@Je
lP7OK
%)zI
WgMI
wUsrn
Y6Vh
t6An
4=tq
9NJ
NzI
k$q
3rM
Bj%
x$i
k^5
sJj
=sF
ICC)
VEF
FaV
GZLNo
Y)S
IB*$
GGz
&Znp
UqUa
w%ZT
z1q
toU
@jDF2
)A%D
5N575
zWfL
3&kC
#nB!x
HSU@
2Lk
Q*g8
gY83
l-MUY
o6rBL
!y2
%m!
zA9
&TcL
%28V
qWf
$51H
j8xL
YB@
BJy(
X&P
MG2
=2iY#
zToo3
wrQ5C
8!I
8$2N
dW=9
hlB&
0$c=
#XA#B
Z8!
OW5
ZCfL
Z%J!
c9NxB
nYU&F
V@or7
6nTF
7R$8
niG-2
Ce7
xVw
AqyZx
ls8
g=&^i
E-QE(
fx9*2
B5yY
)oij
lY8^
L&X1%
mYM
Xye
G)-*7
73Gk
kj)@#
$^%
ZnKd
JE!(f
M%uXr
NKnJ
s(f
jE0MJ
shR$N
!aLz
Vx8js
mwH
!=%
Frz
tNkG
pzh
$Nj
boK
ze1
CNT
WnTV
6^2QN
oCG
)8l
QzNg
d5jBo
pjK
P@F2M
Bj4I
st)
b#*@
tAPz
TgD
ipOLx
S7FO
S=$
SeyhR
W0jP$
xx!Y
&S7
Ay1m
rw=R
)d@
x@=
lBOc
ekp
)rj0
(BzCN
wmz
H71u=
Sqth*
E@f
X5FO
HlO
zTz
z-u5r
dCnU
0DKT
&xK
!1z
zpy
Odq*
J^-^k
zfy
TN-M
U5#I
LG48
ddIAB
T%6
zFw
UKrj-
lKO2
njG
1dA
Nk*W
z%%xs
-L8
ux9Ju
EP(C
Giii
C(fzW
6jN
yKE(8
zblG
ff5
yVz&h
#Xokk
ax9
O=1h=
Zq$
ODr
x^=R
C$y
^i@Mu
q23&A
Igz)
aDu
L@a
mky
Jyu
5s638
gw4Of
8r9
NKG
239^!
%ma
!n0
xATd6
iFuNS
Stp!0
GiXDR
78HG
)qo*
mXSgJ
sO6
Oy5
6hbZ(
E-x10
d&(
2N1ki
zz9!L
lQh
z^O
39kN
ODwC
TC(
odUg
=(d@
yz@E
DQZ
&Cc
^hH9m
hHE(@
QAz8o
@4z0
L(^a
p&y
-wD
i-w@j
@V4cW
iYA
h$e
O0BB
2mD
xbA
jGVh
9JD
06p
M7fZM
AW-y
AWM4N
M@n
)nbg7
sn!GA
P#Cdu
=b*e
-7Klp
Z=c
%6V
I#zxw
N&C&
=2*q
97N
91Fg
Ra-
sO2
x*gw
Ksf
^0tRg
f3Ahj
RKNsA
ehmg=
cw6J
FUH
hq8S
SsWyt
Y)z
O7b
A65
fAkk
bkn4
SuTA
ObMgr
#73
kB(I
ZiL
XbskE
lJaJ
3t6
edGh
x-P
Q*$R
*Hp4
kWQ1x
pT=
RE-8@
CQF
wQe
2*BL
8pFK&
@#I
3hVJP
iX@V@
&(1
xneb
pbPs(
T!q
ZX6
S#=2x
dl0s
6#I8
M!MO
tzA
C)P*1
Ls=$
uo17n
(0C
S60t3
19z
8BdNG
TsD
smNa1
RMa
BqPA
Y0#iP
V4@
udtK7
UgJ
P2g
!Fg=V
gwN
woe
8t*
XH-
-t!
)B9eS
OP79D
&kX
JrL
g582
&aHj
nZp
rlbYz
ChAZp
bl(
L%X3*
!dX
LA0
M2H7^
-zO
8*(
-&N^&
cDi*
34u
uR)n
QWs$U
YLax
a!YCV
g1DE
nAXRu
JeSJ
KLE5J
G3^
mn)t
Uob*F
Qbti
*ruHz
7bs-6
WzW)k
&M&Ot
*i4
(*yA
lz0
KaeYy
K8=$
En4Np
Luzr
QSG%
RQRus
$zMG$
wbMk
bc1J
wKkwP
-mI%9
6Ky
8ASz
fgl
#&K
#Bg
!hV
e&5l
t$*W
0pxa
dXdYM
#U^5k
$x!n(
k(VBf
@ZCgk
&$*
eEta
Cx)t
q^0
UdSCn
3Ku
pzd
qEI
CcCW$
de0N
!xO
BOf2d
F&5P
O03$d
I%-
tZX#Z
i-CV
)%H
ieojE
P7tYp
t5!(C
o(!
RszO
In7RB
)Y$cw
QHSsb
u-j
-9p
=W3D
z5g)r
p)9V
otml
aUzY
l$R#
Xhc80
%z%o
4xz
#cc3
c1h)0
DjiP
6zs2
Ntq
U&zoX
()h
#4=s4
dYG
ykio6
d6O
5tHW)
ffei
*B-
Gy=
MiQ
(6z
iHy0c
#*W
9=^
#7e^
LY8(B
s-EI
$N!u
OYrwm
#B^
a%$
HtA
mJjTI
zV$fO
%#sIa
5cxe
WV8
%2)rw
VM6H^
f^6wz
chaAJ
rXf
RoS
mNoe
acl*a
u(t
4^l
X$l
igZCs
YCMYA
pZuXb
txS)D
j-Pa
@5^8Y
)hc
r9Z(
l4b
TH9!
GZaz
zP)Q
7#4Oe
6P)6s
#ZQS
fmJ
!@lhL
3*E
zkP
YciK-
lNuEw
Xin
zk&
^7Ej
RLy
Zo6(
^ILRi
ZD2
Gjh
W1T%
8(8RX
R4k
)*Sy
x99BA
^NH2N
85AI7
#N(
%SL
$MIQ
&FO6I
)lbzb
HqKF3
%dE
1S0R=
cbrDe
Q%p
SO3
07Ib
t9c=
9at
nyX
6yTF
9F3
CF8
4omDI
!=CeH
dre
s0&&
ZBOzz
#ro
XSN
35j8
bpFhV
QQT
lNme9
^QLyG
5Yhb
WDoq
JP-
eAD
pnfou
*7C7
g$8
oaWx
=4EA=
gSL
3Kb
!elgz
nZlLz
tJIi
^$ZeO
wiiD(
UBXey
Y3Mx
kRF
7dtMl
rsXu
1lBO
B89UN
D4f
Duy
xtC
tBK-
=zn$N
sbei
G5a
wnSI
0pWj
jG0kR
zYk
^u3e
=79S
mxQ
DCq
D)q
4MnfI
ZQ%BX
fw%yf
gtULD
z0@WK
slQY%
Zc!G
!(D*
cN@
WIQBI
YGR^X
5i@
k1h
ctN-m
fOdlO
a#n1u
zFiXw
fJ4
stj
zgx9
m(n$
OTU
^)JpD
cdl
bCSF
&OQ)
u6d
LX(s2
jwN*6
GDUm&
$3t
cayk
HCg
%oU)
w7i
(9a3
uUbp
^Zg17
nmT
5Yz2l
!YYfq
Fd%u
in2$!
NR=h
m=F2n
z1C
PImzY
ynmMb
cwrp
d5D
&Gm%
fYr
N0Kl
QOz
JEzf
R=Owu
e$Op
C=oSo
o25
S^-
z4x
BwKK$
Zak
kc-ok
z99V
L$e2
szQc
AJ%K
x4z
3zA
3K*)
g-p
2plJ
B8p
r-OqJ
M9C
)bl
K-Ut
Uw=FG
TP=2N
kRz)
aHS&
E=A
)Vz
p8m
48uf
uz3y
CF%XJ
M10
U-9
==A7l
IQ(i
lx=)%
NFDP
%^3Y
3y7&
1S5
d!iX0
tzh
00)
KiE
HX-
ZO7q8
04Vk
rf2a
$Mp
-YbQ
i&Lph
!32
Tiuw
jIXWm
YDNO
5lZ
U&kC6
WMs1
jHzEP
u3f4
p=a
^hhi
RdUs
!&h
9qr
7eOn
E0*X
O$3
2aa
Ywj-y
l*D
(P5
lfA96
3*&zz
qb^z9
zXy
ht9%
ZFZtr
d&$
jtW6d
hRw
WAmYz
RcNIt
mHocU
4p@g
^mJ-Q
L7%D
n(G
p&z
IFL6
8z#6t
SI^8
1sjP
0I-Vc
)eS
BM##S
LdrZ=
zhqc
f(mq
M*A
2csCd
(%Cxz
hbzK
jNwC
Uy=D
QeIir
juN@
6zO
9L43
GVOVO
01#&p
YUII
lYal
-YTZ1
75ACJ
&#elk
Wz%Y
qeC)*
Xmm&
G!E
VI1
sE7U1
zIt9
!Qo#
JE*X
ltXJb
Sz$2N
n*G
fQf)
uYQgi
#m0ZQ
6Td*
!)FS
R=%(
gjom
Wp3=
zTfm
Opg
E9fl
m%zc
Mu8KB
kn13
12#5
4lZW
CQ$
zExx
kntdy
(N1
s%E7$
aGnV
V#Uk
!Der
cGp*
SzM
$eNhX
sXzH
^Usm
Uo3
Gm*
aerQ
2*@$y
gHH(h
ZCC
ZGxF
aH=
2YqC
3cJ*
n94
OF(
W06
(Z9
QHI%r
9-Z
XF=5
apB2
d8f
&BYu
I^P
-T89o
kALD
@J0Z!
CpYSz
JI8Y
9Wj%i
S1G
OQ*
ZzPl
W$B@
oBMR
Vr=Mg
MxB
o@T5l
kE69B
W^d
JjsnA
XEQR
aE!
nDM
cVfc5
LuzEK
0HJY
C&=n
2e9
!I%tx
EJ&
%s&D
V&O
ZcDp
GMwVH
Tud%
@h3z
ICq^4
X!B
aBf4I
MOV*n
UTD
XZxh8
@p4
-w!7%
W2cuc
u!6nB
i(e
HEx!
uG#ro
Lsq
WZsd
t&ub
P)-0E
Lcn
DnwZ
qq1
e=iG
h5=YX
f4i68
kU!X-
ggE#
M$Kf6
VG2
obg
mOC)e
pDp@W
htBV2
Rqu
8fa
VlI5
op3h
FFQ5g
LP%F
-R2qN
0VD9c
FhH
B7w
QnM
uMQ3
wRF@
#8s
9w$q
&GD8
FsK!4
m!i%
4Z%j
Rwa
*oOU0
oswI
5It)k
oFuN
FTKW
uOg
fbi$j
u$fM
@#=
a)9RF
=3Y8U
r7YzJ
-T=
F8)U
#UTpJ
zRny#
rI2
rE1U)
AZ-h
cn(
er)i
jd74
zxkiB
#DL-
p5%O%
W5nP@
nx(
1uQO
t@bAw
Ebc
c$B(^
WuIP
@Yffm
#Gc
aZCW
nmq
3!ySJ
a6NGQ
VJjR
xDX
LL!nX
w8s@u
$jCt
TzmV
R)k
J8MIN
-58e
8uE
5I%&
bI&FN
Gyf@i
N%8
Rs=k$
-e#
Y(x
P21
1eD9Q
ZbE
0aL6
4EO))
yL#)x
DwnL
7ka
BCdxn
do*
T@N9
SPyii
(DK@
glY
bMZC
d!n%o
T7x9h
0Yox
EE4i1
2bR
hzI
6PB
St!!K
DKkZA
44!d^
ME@!l
z1O
f7W
SA=94
Cd@N
@)zJV
VXYk
sY1qV
MRm
7SY&M
s8OW
z&b
0&ZQg
AJG!p
O^=wC
T36Q
y!X
hqf
V*RhG
rdq
cf6
zZC37
dSrnk
jN^
sCmXC
WXw
cM%U6
o8M4s
*&g
dbaH
Xi0#O
r-KM
z^qF1
HruL
g)A
XunF$
xYzjq
b$Zc3
5DII
PEj7
lF(&T
5mH
-sQ
2Sc
l@^
2(h=
LwAG6
e&)O
kjj
2a3
4B$
8F^
Q&M1
7ltj
3yW
Ymo9j
ZFA
h9t
Kgyz
kAfY
CpV4H
=)r
61rtc
beV
n51F
6Sc
CTl&3
ywE9
7f)O
C$8q
Shs
*Ky
^n4
QLBi
H!p
LTFV
wyH
7Fn
2tS%4
#weQ
Wrn
EQCxJ
J!wOC
K1kAY
XE^z1
=Nd
mjAN%
B0PJI
w$y
#LA
!$xBP
&zsK
zDM
SmGo
#T(
nGR
nOZ0
WzJ
fom
ECD!
(!DCu
Cuj
fBl=
N39^
%zg1=
8xi5
^-o
21#
9TyQy
kOE-
kl&I
wC-
Dl(
#zo
5sBz
tzAw
Fypjz
xr-
QLQk0
KL7
Xxxja
0QuB
78G)
$9-Tz
q=A3
0zZ
-#b*s
lsx8
HcX
=cx
Puqcz
wAwn
X!4U
=zg
a=cC
4ym
8wS
xDGeI
e#F
eNYe8
SLW
%-p-
5oXu
L2U
13Nw
zep
FdWz
gpVz
(26rr
n4p
Pgk@
ABH
(i(
NyA#
gOY
NrO
HX8f
Edtq
=hnbN
wTyFN
!fbMN
5$sp
Zq43
uZPMk
Y1O
iDApU
5^$
XnAVf
yutUx
pmgK#
zH7MI
ZZa
-Y0
=KB*
E3Y5r
)8)
ZZGkH
oPO
B)Y
02(0m
dNOU0
6U$s
ds7
Ix1n
n#zr
J#X@J
$jYj
JkTZ
Iq3o
*zWa0
D$RTr
hn^HB
R@uq
@wSA
8E2-r
#r(s
)6Ypz
iEsB
VHe
DRn
apH*S
&B7%D
hm(y
mZR
EDY
Fm*
q)zf
Y6Ymb
g%h!a
IB9
dKma2
Ed)0
xQJNL
bTXEj
w=yLL
zmPx-
mFX
HAtq7
UZ)w
*y4
!t!VN
8AtM
JlPW
-SRa2
U$zSX
35j
pBF64
oJ68
rta
IC=7
g6-G
B32
@No
sJi
BxqQa
jLM
AjIc
rzFX
BcRh2
9aT
7)Vp0
7=R
FIK79
)o-mm
o12$
ZbdEL
mG&
MY7@
P(y6b
-%xiy
Ve3
wuXh
F&!S
9N&
RnZ
JAS
@OW^2
1GGei
O5=B
Xdr
nVFrn
cOC
($n
Csa
iFz
)&z
G8X
bM^c
nb#!
B17R
J)g
Vo#
HBdiz
oY4z
DrFD
@Awu
wLC$
Ab#
5z3@
91yNz
!71e
ik!O0
ham
zfo@o
c2DC%
7ax
b5iU
JnQrH
UV%H
4fwnU
03Us
HSS=2
4-J#J
*eO
l^P5
2cy0
bG!4(
#X^
t#yO
CWT-7
nXd
YH7*
ljs
*$ucg
CXeUl
BsuT
P5k
f^rz
bHKR@
a%wiH
*Y*
L0CY#
F3h
#B#
p9l
HmoDm
@bx0D
OZEV^
kcd
d3gZ*
OrL5
KWTK
%Ib-M
*Or-
rHF
zVrHS
xGUk
Qta#3
zXx
Fzj
sjx7
dCoDH
6l11@
CHs
TCEoj
z5hI
XIcqm
eWgFk
9$1D
^El!m
FWx
Do&
^5sM
sDF5
6KY
ZO!(
%JzK
yhS
$z&
ka#
LOtw^
$9J
wwFz
4jC@
KL)3
NzH$
7scBY
QlU
X!qx
96E
IjLwH
Pcr51
C6WG
H^!
yj$
zAf
!e47
^b(
i08s$
TDCzi
ES9
8u!y
gRt
NA=k
!32G
fj5A
t&l@
UN7&
6doN$
*caxW
qzW
3E@
wk!
05X
lwu
X#(
7o&Z
Tfa29
Iud
23G9
a=gZ
1ft
Ht(m=
YoTZ
c(u
sdZ
K!%
y4r
zy9
)GlJ
zsE
LU*
ZjHP
K*VY
&Uq%L
jtayO
5z*VI
2i4-
y^c
TxI^j
Qd^
ejA6b
ND!
k02
(eRk7
Ph*l
H#1
QhhRI
)J@h
e6M
E9K
qma
OaQ^2
F0o*
zlD
dYer
YCV67
zX8
YOe1D
!(WB
o(XM
e(=
W(q8a
)3UXd
b6a
QyTb
y4m3t
NNxS
R=5
tL)
g-qT
u7u@Z
PtZ@2
bz4qw
Jrya
fBw(n
*e&
Osx
LOG
z$Q8
zNE
s!N
1a90d
ShF
9s-ZH
KDC
6baQ
o1y
!LnSE
oOPcx
z$tz
wuhG
3(x3
0Nd99
IKmk
=gQR
SsYcm
q1Jn
#f=iI
6OUm0
hZL@3
Vc2zX
fYL1
n@2yb
dQDEx
@U-z
wof
i0e1z
A4f^!
b)R
B&3^r
8xYMJ
cqez
njiH
Zo3
!LJ
ElPt
SO7O
0Oh
lzM
E@pZ
SGpUx
y=fx2
QsX1
M7B&
mnm@
Ab5hX
SRe
fzR#
!cK
EJm
(J7
X2*
B&l
CV2Rc
=P0z
83oTM
p*wg
WEaX
85=op
Ck&
-0o
VbP
SC-
95#nb
4bje
(lWZ4
Z*(d
%R$B
0tN
F7z&
xiRK
Gzg7
gemC
I4^
*At
=4Ln
Fr@%
eI5
#cC
IY%Yw
Em!i6
y$b
-Hru
V3TTj
F^qK
RbzY
gF=O
Jizb
8dK
zD7Fa
EFt)
%x&
uB9m
Wd2I
)NHEB
B5Y6M
S14p^
YDxC3
ymUnd
InQG
K3*W
Bp29)
f=mO
R%NP
$BNc
MkN0)
WaEm9
z^c
^omMS
Z19l
c7k
!t8
=o6^g
4%k5
P8ir
oEV
yjDD!
tBW
nRC
a!AkR
n5nMJ
DY!bL
L&aE&
^@H*
RIr=j
Lz^
@esmr
y=q
09Q7
CKz0P
Gz3
=AG6
Lf56
*a$$)
mjo
@IPou
Tz6
7ca
^AH
9Mz
EL1db
R$Lz5
2*C
Le1it
&E2
0w1
^dcch
g3fQ
MzLI
Hzo
r^V&N
#73w
uah1
Ui-u#
mQ!
LJ(ml
!8q1
-K&
k^&F
p*l
^b=I
xr3i
biC
(G7kI
w%ax
OsQ
gRY
9)l83
9#j
Q&zp&
)5Ty
JF1XW
hC^
F46l
8fc=
!Gof
bKBDQ
8^=u
tY8R
CTJU
X)YI
m)Ii
j*mg
Bi@z
eO2m
0F8
RNlz
FxAhX
Ck-g
Z1iS
bb&k
5eY
Zjf@(
4WlV%
xn5
NDO
NiI
5swa
IT^Q
zGlsz
nx@12
fM4
6Gh#
KhL@
K#cX1
w41
9Ydx
*o@Y
$fqL
QB6*R
Y3g#$
iu*
#yG
xl)r
4wks
u(s
*TQ
qIJQ
JZ8s
x2To3
nugd
YQot
J3=jz
CVhj
h57K
NnFy
P1W
4$o
hucV
#7XKp
pQ&W
VHi
YqlMr
D)q
fwZu2
CCS
lW1$
P!Ii
ag=
sz#O
IGZ
eaoq
AzegH
DX^
7TuIb
Ce6#
R1C
rjBC
#9#^c
0w^
=UB-
y4i
Ng$V=
0EOXH
o#hm
rwFtm
@psR2
SqX=
-Owl
s61
g0L
M@2
4zb*
q7c
Q2A
XLND
8JnC
U@xKi
s(Mgo
DzXNu
zDZ
SlcTC
d-ml8
bS^BX
$mX
t6N*i
WziU
7$Wq
-N%9f
Cb5
4QwHw
C3!
hEX
1VzW
3ii
%1l*S
s6L
N%L(
8zxY)
Iw!
=Vh
6O*Om
PSsL
GGY
hEed1
N7(hC
Mz4
N=w
rdQoC
Mjn-&
)@%a
9LDxI
z!VqH
de4Gf
xuqt
RK=kX
u$e=
AO5
SH-
zqu
hVS
$#8
Gp2
$*H0
5yB0
MdaI6
q#!O6
6LbLm
asT
9E-
*0nz
9ew
weBf
Qm(
aw8ii
InsF
g2rVG
U@J^
d!Q*
ag2
=Jy
pL9N
XJj
QdS3-
$yzl
YLtsH
Kr%$
MM$!%
wU7kH
Is&
YGJSQ
7@H
bstwQ
SoOy&
p3d
r!*
Vxd
Y1b%
oez*
SJK
iuzJ
p-)O2
eR^z
JNDjK
aB9X%
kdm!^
FQ@f
(zY
tHUM
uQV
(6(y4
4gf8
u%j3b
e$F
n&R
aqTfs
71heu
*SY
KV@Q-
QdiLf
uzj
Q&#uA
JMEUN
K@iZ
-He
4fQ
I@gz
^4wyq
m*#
hAx
!nPh
QbI*
a*lEB
kuTU-
joL=$
kC06
51xs
=28
2F8
(5d
8F%b
41B!
tfy88
Nwu
BMko
wx7H
4MWK%
9RZKV
NHXDR
6UAPY
w&U
JkK
DKP
)98
L5K
G(K
^RdTU
AVmQh
Ap*b
Qzz
9S)P
$xy
%5g3
dHX
GyEM
oU*
ynOM^
5Foc
5Nzk
sY#
qdLe
)Son
zml
JJz9d
PxI
3YIhL
Jom
2z%Tl
k!N
2ERS=
fzh
)zJ
@-5Hz
7QU#
CVK
Y0*J
tkWw
SH=
UJA
VfKQ
CBNlM
1zM
4Iz3&
%$X=F
Dzf@
Kax(Q
wTY
D0B
nz1EU
Ffa
5Vf42
HO&
X%b
*J-fp
DE!3
)Xr
W*%
mMK
^74
TaWI*
XNxHz
I@3K
j&O(3
nwN
m3koA
$IbBu
4U1h0
LiL8R
poK6H
Hf6AU
P6t
zBGiN
Qop#z
^S0
Dmkd
qNJ9
K-^o
RPE
dnWtH
Ey36t
&zM
pOkU%
r!WC
0$TZj
wyr
C&2
K=^L$
5DWK1
!31I
PIO
PX-
$A-TJ
)1%
5-VXh
#i)#5
O95
cHO
OF3
GF)
Lhp
Ft0zs
Cg&m
!e90
mh(U
2Wz
QL6pP
eDN#U
38q
&%9
fc-
G2IK
hKB
j8dZO
!o342
RE9
DVog
Kl@sM
@*z
E1#
8X6uu
^*z6Y
ZV9D8
b4ri
VKW
-sS&
&@l4
P)d
Qa(7
MYijg
@TX1$
dG!
(t-
U$i!
)GaW1
*Xi3l
3RhG
EHxie
)!7
z7)BR
uLPy
g)PoM
4jZj
Vn32a
z9alu
7p#u
c1OnA
fQ)r
H%4
Bpkw
h5T
y@t0
w2(K9
fsY=
s=Lu
VHJ
*E26L
$%#T
ks1L0
T79Dh
@iu
RJHX
he(id
xyU
GEQ
JHI
OeN
00ZqY
FCf
7aW7i
qhi
$p5(
2cyF
uuuMx
X4a
Q8L
q@m
#*qIz
!KY(
Bt$
iU2
mf3Y
kAK9V
j8G
#GTx
aHK
DHbKo
ge%$C
y0$p6
w%9w
8Dn
M9)
@f%O
rI5
j9-dc
8NPu1
6QLIM
xBR
Kh$
z^)
3X1zF
Z&V7Y
nqy
%^4T
9@f
9gL%
z3@F
Zt7x
l@PEy
J@jk3
EGj(J
ogs
!uORm
rt9qU
%k99
sH0
G7(y
IUR
*1Qj
nRFk
*)Oi5
m3P
QeQy&
w4x#%
b-I!
&bha
VSEcX
-GK
cxCh
H!l!l
U5CyO
00k
=$=
!VSP
)oTS
ot(
OLei
%1D
3Hl*Q
V!V
3abyR
OSja
7zZe
G91d8
JF)sx
Z#izw
7dFaO
UcKzf
^t88
@ALJ
oJ%
(T&tP
yhPB
P%ZD1
sTC5u
KXU^B
&JI8
2UVQ1
G-t%
!0unn
MfS
tY#h
tgy3Y
AOV
3lm
yts9
pf^
M#jF
AioTx
jd81
2w!
FR)C7
BBd(
Ka!(
XWG
9WpHF
p71
&bh3
6cRy
k6OuW
)*Md
))Oy
quSR
ohBIn
Qgq(
-*R
U0wkK
1^=y
Jzw
5jzcl
ZdMlI
boPP
iH79
U=g7
S1yAQ
8lA
T#rl
dSf
1^b9m
#WIz9
QS3A
FX0R
iZcpt
3mu
c4Tfp
76NK
nWj
cF(IY
u)l
9NU
06Y
AbQ
FqP
4sYt
-t6
r8m%
8MrK
0c8
8T%i4
FDiP
Ww&0N
H%I*8
kqE
@)F
(a1R
#4z#j
1kzg
VeF
l%A
--Au0
@5Czi
ZxZ
i=4Z
6(dg
T%1rz
S(x
ndl
fHrc
W2zE@
o0S
uIwHp
9Yd4
Q91
2wc=O
r3dF
^^=
$FN
ZjS
I=3E
UaJ*J
8(TL
nxA
XM1
7kW$
h=r(
#3T#y
bp@wo
yPz
#%ta
aHtsi
S4QCM
2U-
^UAya
U@Ppm
qj#8%
O9dde
%VU
$%Y@
mucX4
$VN
p!rle
fyCy@
8GD#x
$5$Jc
41m6
Sgyp#
s(O3z
1yEQ*
FsTE=
ROS
a9P
f9S
Bb3i
ae!
@ND
TT&
jzq
pqB
RG#!
^CH
Jlc*d
C0*zz
=DpX
$())s
EL*C!
0L0
7V5
mFr
qme(
joss9
3Os
j%$Dp
5-q
yTV0t
&QGX
Ry2
5PfeO
PVGV
gAe1
mhmZ
ZR6j
^zW
Eqk
9OEm
z$H
J&iW
eisCd
1AIDR
3jN7
UDH
Zusyr
BNkM
9fil)
O0Sc
-E8f
%T6
b1!
JfPZ7
j4U
yTlz
Hqq
6um
9@sx
DU20
sz6%
W4z3
M%nya
KIj2h
$5k
TmK0G
zl-
19pVk
jAS
TjV
A97
*KwF^
Ahan
S!dI
o*&
JwEz
8JH
jQV$
x0&A
5jmH9
aos
ujuaP
KjTh
Ox!@
ZdFh
51-s
lRUy(
^#Vf
LlO
-T$V8
#9Hl
7%%
c2Sz
pkTE
q%zH
Q@I
jK=c4
^pL
x5i
6ag!
fz0k6
50i
7bw
rm&
7DT(
Drt
mpz*
eZku
HeYW
-24X
fpR
BWBk
uQp
z=-h
(h@wn
*(w
F!nyK
fOHx
CYHdI
cgZ5T
dz8Cy
ZrXV
-sxD
09d
Tsg
xS-
Rh%
S5A-2
bxQH
lpz&V
z5P3
SYt
wcZV-
Bmq0^
p=)Ql
@1$4
eUo
b4@
^5TE
zLyYm
Fe4
tKP
gEkl
Vqo&
Ek-^
e$rc
CQxk
Sg(Zo
C9B
MxW
&=&cV
6wKuz
FF8H
YDS
!IrGc
#rm
1CDmp
oCJ
z&K&
lr-
HrQe@
YsbF9
d(l&
!B7eq
B$l
YTY
lMs
GKb
ML=
uWY1%
DVO
@Jzd
(o!O*
rV)oS
P9V3&
(&ke
^Jqp
SUt
ru)D
x9Z
qjkk
ajp
&y%U
s9g
4oye
2KFKj
RicZk
j(y
z4#ri
-q%Os
4S^B&
bS$3
Oxo
bN$
7%Kjs
G@zt
6@YD
mG@
@ulH
ekHgf
(T!
4B)L
!I!
TKmL
peM
QUcFi
*taiu
LzzC
mgts^
opzl
gKEN)
=mh
j4g7
Fi4V
nQkk=
cDU
jrQZ
ecd
tM8
^%gG
HSA
L2U=p
3aZJK
#e1i
HaFsV
@)QP
gH)
7V1
zT#
LczRt
0Dd
IZPre
tik-4
ci&el
3%JP%
Fpp5Q
ABGXG
Q(Lu
dqDwi
Qb1F
JWg
)1n
lJIW
D06!I
gOA
aks
r82mB
%nL6A
2%X
N8dSz
Tz^r
3*-bl
ruPY
1M8Y
hocA
498*g
J13L
^cN
5Ef
6gbYy
xzR
mc=2I
Fz@Y6
L)A
e(AR7
PIrJ
%gf=Q
j^92
1&H
@^5O
zx45Y
kyz
mj(
zrc6
Qn!)
yC9E
J*-
ro3
DVN&
r*)x
kR!k
(zAW
pzA
zMUE
X7ed
m(A
Pzf
y^N
IjmB
3T-%
CjzOz
q((
J^w!A
3lhlf
V3F
X7e0V
9B-L
M@qn
wa7W
dR%o=
jO*#C
QDH
3iR
LkJ*i
T6p3J
xiEpp
KezZ
uAV^
ac=
bO&
(#Ij$
UiL(
)(X0
tz*xK
YG3OT
wJOe
Gl*U
3dA3
xLX
m=I@f
1Of
9Ll
Juzi
u@-*Y
ZRGm
2uRh7
^ie
-Y4I
e6rx
cg$
WcJ
5Ly
PLz
Og2
D4DL!
Juf
1OyZ
BK#
Lid
$e*w
=KIA
y6ugS
K!JbV
m0UjV
0rl
Z6sX
Z3%p
Vct
NqhR
^ID-
^gSoa
3#T
SB6
uV9yE
xL5M^
rjI%E
toAe
3kP
B$h
d=DDG
H71r*
p)Ia
HH%p
N1!
Qn9#1
5yh
nzq5
K7)t
uGKR
Kz)
4lx
0Ph3$
UDQb9
$iuNa
sSoM
Zte*T
h%%6-
w#6g(
lSiPc
qa=
aUd
ePMi
RX@
W(X
SQ4i
PR4r#
nHeq
%JI4
2fN%T
=J!f
%mlim
tL^e
Sh3s
#!FL4
nMFy
H&O
2^6%K
WawF
UOd
-7)A
*-zb
^2HAk
qWAU
fzgiC
74TN
w-lM$
b76&p
@j9
g$1xV
2EM
)j1qt
l-Af
%z$u
uUn
*mi@Q
aTd
u(Z
&gV
U!Gb
8Cwu
hP07
8%Fq2
b^1W0
0t7b
EKLx9
T!(
uxJ
xz87
-eTL
zzM7s
c9udE
coju0
IQ(Up
!fgud
xBc
nHE0
Bxz
)c4Q
x*!Ro
SnDL
m8=kY
Ig&R
Zz3P
TYnU
$f&
X=O(J
9#R
(KJ%
aaRJa
Lz=
JPnX
ajeR#
TWRG
GlKw@
8(@
y9g
Uipx(
*$VY
lCcu8
kUG
iDLl
bs0n
gSD
bKD
*bd
IDZU
Ky*d!
nJP
7UR
03)
0rg*5
dNK
D-lZ
!bC
7jMJ
TQp3
rD2V0
NLt
PKYUe
Ib9Q
z4Ss
%d%%
@^)j
%p0
sE^
iyn
teAN
OT0A
aoe
1*ce
E4keh
Jl1
Tn&u
JqJ
b(gz
GaZdu
-(=
cATK
a-#o
83#K
Up5
!YRnS
yLF=
#xi
INw
q&h
#8I(I
PqMR
z#MCK
N)x8
Bzjh
1E!
u-h&
1Lur
Q73k
9q)9
Igpk
03yB
fm0^q
w!-Y4
NdQzk
h6z
kfFp
9bZ
g73hD
J)f
39th
-Q%
IwS$
Tqse
4Bou
h%n
SF(JF
W!#
tEr*m
r1J
nI3
!w(gb
GI5Gj
m-yF
0RDG5
Y!XN
kazk
O9Z
M-UK
439l7
oIu
z0q=I
3rmF
@zWI4
J(e
yqNnq
Lc^A
93a^k
qVZD1
iL%q$
=-XtY
6x3s
$)1s
!7Y&Z
aTk-
Ooe%
8^0
Ps%H
awE
=4eF
g@TQ
7Ql*
R(qU
pjuND
0x0r
zbX
Y*PYc
nzFt
A4Z
2D77^
^D@56
wXCx
(F4p
EJdbg
oe$
0Jk@J
wVhZ
TA=
o(*r
-5lx9
r!E14
AP8!
zG3
EKaIk
mtOK
FiI!
9OI
$yiAt
dmj)2
p!w*k
F54
9t*
wx3)#
M^c8m
MZz-
PI$
myWiT
Fft
E$Ii
DINLb
o*Q@j
VH70
sOxQ
ixch
Xxo$
BX^y
$kfpx
WKA
z&R
fQc
YV6s
zWIx9
W%5
^cFxH
zqkJ
1E-h
nsU&
@A1B)
=5p
I9s
uzffP
wh3Sf
s5I5
#rC7a
Jg)yR
4gKbu
s(R
Vxb2o
ZZ&n
SWg
A7d*
diwy
P4u
iRsI
V$%K-
egxo$
kF*
XAS9D
&4)$
(XXHL
NAS
L(7
etmZW
kM-
UkwJ
XN(T
x9p
tXQ
wOQR
q^Y
q7zL
G98
USp&j
r=WTx
OVXI
M7*lE
)cb&c
)ds3
2)y!$
^3Kz
uJ%O
A6Uq
N#f
Z0s
e0Y1
VDH
uUqan
RBep
A4Dlu
M)IxH
w2aJ
HrS
%tB=
9DQ2%
-l1Co
&zf
Rc7
@V%3
zAV
fef)
QG-
z9!
UC%^D
wWBr
$V!
%dkd8
=iVO
!jXJ
qoj&
ikmG
%x*
Kz)U0
Q#XmO
sTaA
Z-rut
6o7
)4)
dU4
WOLG
4BAF
c4J^r
Lba
A4RB
S3(W
Gk)
c^3U
suCAb
#BFJ$
q5fzX
WXR
EV^
ZhH2
DYzz
zWY
%Ui
FEr
XJB
m#e
7mS=*
K1r
56%g
jG54
MtmnF
ba)
NR#
wMYPZ
sV7aG
TeiSQ
*$s
A%U
U^q0
exJw
l=KP%
)jr
J69B
ur3zM
4y@FQ
2l%&S
bujS
!rK6I
N=oct
N&4
g*G
J=r
Mr4
Gkj=Y
ylU
2ZkU
t@1
fZIX
Dkk%B
1H0W
RgxRi
V#!c
=bJ
dx$
9ZIJ
2=CX
aSyn
)9e4&
fO*mf
6u1O
8ON90
fD2tQ
1&L
NwP6C
zIx
t)X
ZHx
u1Zp$
*EGe
jnf
6)lQK
WtQfE
aK3HM
LERV
stAbY
3r0a
GC(
BQJV
Q4(
rl1P
crDre
4=!
!^tc
g1&#
fEe
ZehPT
()6
0Gdj
VnY
1In9$
3sW)P
-CiI4
JuwjT
qMqQ
j2$1s
fPbO
O9Fg
%FTcP
Yu!Z
OtAfH
sW9
MiR
NGO
&5^1-
ng)M!
c%i
7Uz3I
QA6Oe
*OeE
-Fx
(o8
&Klsx
eda
b-maT
w(Nc
Mlh3
QwW
*I-T7
gh#
Zb2sN
LLKj*
KaT
$j-U
zffS
W0F
)EL
HUPT
&3I
5unZT
=Sf
Emn
POp6
n8fa
y$%kY
zF5WN
3ELXh
OuG
x=rm
@dc
q!Yaq
Pm@
7s&A
Quq*P
54C1)
)O6
Ke9z
4Jq
b%p1
O%&Xq
9MF
0pwh
QSQ9G
mDi
UsQH
s-A
Ggw
kC*
&Mjos
)K5pq
eA*W)
coxs
!fJDW
fAoh
0czAF
0o-0
jHz%8
=%5QB
JD8
7=rS
n=tx
7=y
gs3
9kz
@g9QW
Gc9
^kwI
hUrF
F5zZ
aKXD
Ka^wW
nz!
xBz#
rjD
W@eO
w$(
o1sXK
bQ8P
JQYyj
UWt2
7P23m
1pG
E^2
$%4
5&f
e-Pk
ZOEix
soAxB
)zH
oA)A
Xzq5
K6-2d
gF-bO
2#H^d
Smq
jRF9
al-3
UFB
DYl
3c)g
Plyp
8*a%D
IW$
SiY
tsH
(Czb
(TRw7
i#x
p-t@
SiF
VHJm@
2ll)$
oIPdV
%CsZo
W8^N
DMmqW
e=oO
ym0
z*Z
VdR
tk%
(t9g
CroAV
^w!
)uw-j
%Ss
z^!d!
3Jyg
hpmJy
Cs&Ce
Y!m
!CUs
OuAPW
Tgi2
SE8
Yeihg
(i6
T99
EMjm9
J3gLj
AlYuE
C*=
#KS
V(@5
%kFzo
2Rz
b4B
M8p
An$F
GMF
rImX
w2C
&OYK3
xC*6n
w24=Q
)#A
a=w
qqDRz
IyV
ntSnD
mYJz3
Vnrh
#oJ%
zji(
4@h
F01Hp
zZ*
i2p
fLJMM
yC5Ez
f-=
XPXO
zfoiL
y2!k0
gN40#
M6Vh
*m-uA
NYy
UY=
U%^L9
O0H
shz)
851p
YxO
%OoR
*Yp8A
oZT1o
(Vdqr
F6Yl
OmgWV
$Rb6
2BG
zDP
yWJ^
73U
4cS
O@Onu
7%i=Z
MNk
R3(
S6oT-
yr!z
BfNS&
lqoH
tSph
)z06
Il6Dc
zm1
ws2F
b)zY
r3qb
je9W
x^#8
PC$o
xHiFn
FEt
IKI^
)wb
)J!Z
bW^
YyJ
&oU
mcBf
R2gw
8Xp5
J*sM
eB4Qu
6^TB
xlw
Rd92
9EmU
gW%S
f8D$*
&^4q
Zc*$0
nAkPS
jMy
OG*0F
j%G
2nV=5
C(&7
T^X8)
Rchr
^Sy&J
D-Yu
h6$@
rj6%
^mK
CI7j)
wcL
jEmHr
rV-o
3qhU
=8V
Ao8d
n-@(
%Uy
zIQ^
Qbg
iTwUt
jdHq
AuuL
TU-S=
fjqJ
0B#
WU4xV
IAQD
J#Y7N
x2N6
Oi5
H$42
l2aC
f-z
(bg
PB2Rx
T5V8
6zj
D8y
GHWh
61T
!wg
$hM
P85
!k@
P@TB
PElG3
Zb&
Qmdi
rz=f
zpFi
*3T
#f#JF
bb2
ti7Vt
(Hz
Hn!2
grs2
urOq0
J#n
Nr)z
OAdP
!O$5
M1XL
acZ
m5p
m6M8
!#CcY
qc3eQ
lre
(qC
GePwY
y%hb
Wgqmq
P3*M(
kBYZD
tTZZd
!%^pU
Wj=T0
33w
7q0!O
pjJS
@n@F
j##
dRI@N
7p0Xz
4dLT
dzDzW
H&fz
JzcoR
gTDuj
5Mu
RHXWc
Xz#9X
XS@n@
m^%
UVR
gQA
i=a
Czz2
p=-^
ZH1
N(y
gaUY
Y@r)
qpG
657
dZ#
&Fd#
Pl@
NBfo
30-b
!x&R
jYei
BK5
CAp3K
c4m
&$2X
EzsgU
!j^3&
Hz(e
t2zhR
7%f
bX!c
e$f
hSsF
YEc$
iOj
7!JP*
WXur
iT5KT
CpBN
V5l@
p#r
HCbA
h2Npz
eOD%&
Inn
N$L
4%8
nDh)
rh*zu
A2c1
iiX
b%&4j
XiBi
j9TH9
)AgCF
=x^F
WMkyt
YCSV
b@j0%
&F3!S
Vz#P0
KdZ3a
$or
Sz9G
eq5U%
BM2Z
%&C7z
QLZ!
pQZ
18zC
Dx1F
h-5
YVP
wT75q
kPps
9wdl
jmi
a^2
QWy
^bzR1
%eUrV
Zg4j#
4#@
aGYS
rTwH
Jc7%#
Se(L
q)f
WbT
i=m6
6z%Wn
TF$
WGeI*
!mj&c
r8RYL
F32pj
Z429L
PpHm
5Cp
oET
@lVr
Kmi^
s%8S
jPzoM
G9-
jA2
hbxcl
FdQ
WI2dp
$ziU0
t-i*y
EsU
0IRVj
WVEzg
PFl%
!=VFX
bNA4
Pk5
xZb
f3bi
xPPsO
qnmoB
r7)e9
NXgsA
w5T
Ht1H
&uPKQ
2H7
%@p
i4z9
z7#
a-tY
FYE9
IVQ55
92P#
Vj8s9
jRRz
)kg
*e5t5
P!TN
@r&)
qi-
nG-G
Y-1!
^VE0)
9Iz
YFqaG
W%c(
a@8-A
Q3g
W!E^
AxD
I(2$
cE(z
w$!MT
sj=cl
s*CW4
5k$
1M&
nw=pE
2lb
RyS
KjJF
1jQW
()j
dTLr
rg&
h8Y)s
u177
t^8#e
*-p-
ota
YqU$7
qnE
EauON
U6BmD
Z2uIT
iaQ0
2)f
fzu
d-=bY
X8mG
kqu(K
4-C
@kb=
5d#=T
#Pz(
5Ca
*s&s0
b$0
7&1*Z
hEHHj
cug&F
U=hwu
&jy
p%F
HVrM2
Ch%
NPN
4$hPB
z#s
kNY95
ZRK
GaNt
k7Jz
ffh
FTB#N
8zJo9
L8ej!
eOQ
!S=q
WMPd4
%0Mc!
hi*t^
A$D*6
jK5%B
H$ceK
r9LmT
t!&jG
TTKf
UT!n
bhEU
hOAJT
KOs3
Q7G3
4VU
0TQ
TDSQ)
(@EiG
35J(a
pHmr
em9
rWW
wfxiu
tqxk%
GrOt
^gG$
Ti3!
E!$
VBdP
Wb5
oM6&y
HPMz
ju9D#
&zajJ
&XKES
Lc8
&j^I
PBf
@))g=
cf@y
8$wX
j3h)R
8zbrY
EaMfM
g!uc
U42aP
0zg
62oF
*)C
FtS
1^t
je-H
mx$
z$X
W6g
TKu
97icJ
X%z7
0IY@4
E6&N
Nfl-#
=La
-SUM
6UY
wkm3z
5A3Y
=E--
G0ej0
0Gz8g
upQWj
yhq*X
QXmd
7R-D
H1(s
&A4fy
G*!=D
zFDw
BpG#
$S0
q#WD
$rd
r^Kz5
5OC
G93i
#IxdY
Bm)1
XTD
pfw
g62
cpg
0#WM%
=t@*
Ow)
JSxl%
aT01
CqD
ox)
lCIqp
3fhcH
tn@S
Fcip
8lND
oQa5
WSbux
=#JM5
mqf
S=G=
#B8pm
S$6k
*#)@A
ziu
FptmW
jM-U4
B(7@%
EkXm
jSyKE
bYj3
SCDk
D09
xxG
)P9
z164
k#GK
BiRZR
D@zm5
fad
XXzw!
3O=uL
cfPS
CekSz
73F
O&a9=
-iT&
UrqW
uG0^7
V(-2
ZKW48
D0l
&)u
RoGAN
!N$Oh
APyEl
ZIn
C1f
-6#l
hC1n
mZ*cA
x3cxe
z9!A
(ttZ%
FM831
L0#
!U(o
PL&y
bip$
MKlI
-kX
54*
lzGJR
ih^5
i3U%z
Aep
5XNla
WaTo
3GWQ
^i*9W
dMFD#
KA4Q
Hzp
BOkQ
u)$I
loJz6
gswV
wDqC
z^u
WfTXM
9)x
hJAC
UFpSH
CFzMf
JJboY
&j1
HeQ
Oh)n=
FqC=4
y0c
)em
0qz
P=FWd
xXUh
ck6=o
3u(w)
D7Q@w
GeW
X3$
QDA
842^T
4Qt
YKem
9ze
^bMxk
8hPw
NZ8
r)F
q4=
3BP1e
u8*Bh
$Kg9
13S
Cs8ga
qpd
h7N1
ZZ&dY
s)4L$
lcX
wOP
K2z=i
g4Q97
8IE
4eg
pSI8G
tpQC
wdTJ
pbULj
86i
&Wt
k89
h9YM
KG@#y
PgV2
N9OG
@^c
frhO
WKxWx
-T57
m-VUU
7R3
hV)
$J6
MY&tt
di(
NeWFX
8-ICj
maI
R8Z
ofuu0
xzl6
7Hz
kR9
58*G
GRzV
GQL8#
VX$$A
x%uy
N5y%
g(zJP
HUK
%cJ7q
@wNiP
w=uXM
Rj(e
prL
Y8)u
3X6
zTO%(
Mfu
KVxI
=XWVR
dW(8
d^A
Ek(
4Vsm
jxI
ym(
LEM
izk
fHh8
IZTA4
zth1
9YHL
h%X
5Ds
e=KW4
5zMF
uqS&L
1BTh
leW32
A0d
3$!$
iZ@
#rDM
N)Z7p
yEMA2
bzA
%GQ5
7Tj=
V28
@n2
B4cT5
0yt4r
@%rfi
cTF
b#aPB
hEbQC
!4X
!Sm
%JpP5
XrGz
eybN8
oGbd
UIr
AVK12
b!Gf0
^x8NN
WtZZ
IeZ*h
)yJY
-@2
P4#
IzQaM
Noyk
f!&c
Y^d%o
fVM6
P*y
94s
%1L
g4O!L
7br
^0Q
1HF
6MspQ
YB*
B=4N
p-K
4UPx
aQD
cZ9u
jx#zz
FN!U
^Jj
=dE
3G2
%%0s
itiK
XnP1
1kCS
4**T
(bN
CrO!j
!a-$
)eU
cJlLx
y$D!
%JSb
Ww%4l
$DJN
QLc
qzJ
UJ*r=
*t$
R2-
IGHj
-b7
^u6
FPzNd
wo01M
ZHrxR
DAl6
J^M@
n5KBV
y@7
wFW
wqx9
)V*ZV
Hu9
KmU
NE-7
EdRw
Taxx
)=H=f
l=Y3
scob
g!x
5CbZ&
tBuf
m%B(a
3JC0
A9A0
DuMDQ
4&(
M8GrO
J2L%
%2)k
Wl0(
!!W
)QJFC
Lzl
uz6
W*Fhg
HT1
adC
8OaF
OD-8
eZn
Z2&CS
pzK
n4a
pS39S
oOD
*b*zV
1G$k
Uea1D
Z*O
n1D^*
!0%
EjH
t=WS
kyW(
S@a^
w1(Td
V3f
iul
=wE&
N#Mq
iUI
Gj2CN
iSLk7
yU1
eD)0z
)^-o
MHU
s!2
GWVUJ
Bw8y
7$$
*sq
xXnt2
!i2&L
P=KjE
Sxq
C#J
KMp
D7m9
Z4@wa
GEg)
-M9z
W0$
gPeK
etHOX
Q9Yp3
yqHA
My@
k7V2w
faS1
D7La
Dr&@h
Te68B
8Xx9L
*Dn^z
aqL*Q
RT&
654
!Ey-
D*69
lq*2
*yFZS
OpWO
ILV
)#Z
uuy3=
Z&d
m!bo
F@O
iU3V
nyoms
b4c
ITye
zwW4
6$N
qqg$G
AEUz^
wy=e
BG7xI
lGtI
Y21G
BTz
zwsC
$PHo
tosG
8tI
R^3H
B2AB
Rz@B
%pn
VLl)-
nW4
R#w=
VUb
L(lU
Y0u-B
h9K*
m)7
6yG
SqSU
xc-I@
a&y
tf@h%
5JK1k
GOc
)xL
=rTTM
51q@
G#YS
Z#xu9
pTtX
al*
t07Pp
sQY
ukJz
N^8G
BPx
Uns
HJm
Z3N
rVrR
RTBl
g$gil
z9-p#
qiTyt
$XQoI
PRUTS
mgf
x7gy7
SIU9
Q0%&9
8Y$M@
hBA4
-AZ
dyz
#zb
)Rz
YDs40
(@n
zP5Q
y=6-
RuV
YGH^*
Rn)uh
%iks
KQSP
SwJ
YZS
&p$
S1sz
#%R
xzDw
lRY
pW%*
oVZwO
lGZ8s
8g8
(ER%
4gt
B)ntR
ct0
$zNg$
U)TNW
0T1O
MjtMd
xsq
mfV)@
re%z6
mQV4
9=w
012
Qh-J
@du
dit
31$Z%
qICG
4Fz
S#i
X&ud
mb@
0anW
GkiB
Sq4
Zm45o
5#N7L
AQ*
1801
DB2sO
&OCU
Qr!u0
zai^
s@K
Ox!
wnjhc
nTz
LJjHR
Wqo
g*%
u#l2
oL8
YVcS
Fr!
O-s
ahsJL
nl%TE
8F@
WlA
435
@x9B
7T)
tK3
6U6L
kJa)(
l1o1
SzQdW
Yg@Ii
S2mO
hq5H
eCTCR
4oM
X&^R
Cnl
!qeu!
^KYnY
44Ib
tN31E
u3ZM
KML
yCE1t
8l@
shn
TWd4
TaD
@9RSR
KC6a
S2(
uu#
aMega
F*I
-(l
mgu8j
M&)FH
JXa5i
x$6
z8(
9#8
hHU
r7gY
KXB
w9@N
!G8
q87
ja#
=6N
P#U
eIc7
%j$w
k7#N
khd&
7AQIj
6Jb
4eA7
=Vzn0
f-h
FSku
1CZB
3ZoM
cxD9
5dK
RwS4
eLi2
(Xi
^#X
WpVpt
s7G@
rMW
B^L
H(-k1
TbLl3
i=Z
Ii#Ip
b(0o@
@sm
VO-SO
z3&O
u7fX*
&f74
8I^7q
gsl
4n6O
8b8Cb
P16(M
3iF40
T#4IW
&1Og
7KIC3
ql=&
dwM
s=w
6oc$
nt5
M*qyL
Hk%B
4%G
ortO
#RIf
Lb&
(TL
p7I
Z8xdb
3sW7&
4GR
hdOIU
FF-
dIpFg
7Xq
BQm2
017
Ob^cw
#%12Y
Xow
)LOh
QAR
Bhd
%X0U
HTigz
4GM
NzC8
^*4
ZDh)
%a%
6Xn
Qpkb
NIWqj
qH8K@
=pBb
!Rx%Y
Y((tU
-4wb
pNrK
7*#
an&dM
T-@
Aa5(
RJ*
%r@i0
eKAcA
$73
7z0d
zyV)L
RgYi
u=US
Tm-%N
#7#
si@z
E(idm
8e&WE
8xJiz
RUSBs
gJuw
6KPJ
49Y)
J)GN
zMG
%u^
q5E=T
7B2
DHmTC
RTI(
jdn
cPY
l*w3D
ThiL
HEw
ycx
Y@RkI
^hc
(rn
PrY
rPine
u7N-
WUz
cu8D
SBne
LRWUB
BUSaW
DEg
qa*
I#YUa
MQY
3xw^
9G0
c&e1
bxu
631c
Qu7b5
qL4
ph%
x$t2
j3Dh
rNMm
O@drn
Gc4)w
0yR
O&5
!*qY
sp0Z
TLea
@$Q
Q@W
0y4s
OdBQ8
x=ll
xD@
Zig
Yzy
pyx
DG4z
H8aJp
Mkk%
M=(
gqmA
0AT-
ZFz
HPO
7(fjI
By!(
tgx
lptC
lGM
eZO9!
ckr
03J1r
nic
7ci
ePm
8p)qA
ROa
WHq
d4L
x%(9
G^b
=55
!yHc
wF9
#B#jY
$RO
jk9l
5Q2
UUzf-
gMY#o
YHU1
G@m
msA%
76q
QKE3c
s13
!cjq
yl1
m3E
a6S
ak!
zGVow
NXb
58oMy
Qhj
zhQ
zkdz
Frj
GxS
GAF
IXhm
@uP
n5xE=
PfZ(
QF6C
6rh
QxU
Uji
4bz
cY9AZ
pFth
X2M
2M3
xHz
xdeNe
@eUp
qKyV
G!m
5Mut
-hXI
4FTa&
sM&p
tlU2
PFC
gdD4
k5$C
DpG-h
rSVI
fMC
CVKL@
X0871
(bB
MBf
3zf
bQN8P
IkDb
iAQF
z2n
j3Xb%
hutXK
GLrhC
r-iX0
K-#o$
tY!pi
Mh-*
5e7V
4Oe7d
9dmwg
#l27
eoI
=jJ
r!pQj
Gut5U
)rO1
G9*E
P6#
3BN
JeWz7
WPxI(
64F
uTozD
l7q$7
o1^t
RN$wp
#KF!
bYzuI
P1YTB
4Sb
YNeG
KU!sy
X6Fm
TnL
^O^4i
q7p$
zmB
LIzNN
*C=
mcT
@y3%W
%T^
CmZLa
o9k
iG0dQ
SmH
SqjUY
)o3R
7y4V9
DSzJ
7h#W
Ig(=
ZI^
^dYT
S6h
XJU)p
BnC^
#cZP
QK0u
hkEPM
c0y*
Lqd)9
bbYWs
2Un3x
g9)(*
cRCe
LXSLb
Wwx
F8ffU
V)n9L
^j-
sB-#H
q^3
8G0i
dDk
28mH$
%Iz
mjHI
kY*uK
IY0b!
p5*
TOV
g0x
WWU3
PEFkw
l7Ag
9z8h
0Jr
6Nr
hI^!L
oYJ^-
Li6
^en
m^%
!f*
@7*
c@2
SQpo
Yt4XI
W$YY$
iHm)
Jz7sl
CjYQ
Lw8
Sk4f@
5yr
w*B1
zWE
OBt
co36
AP0
Ou-jk
NEJ
%gN
XJ*
z0U
)%rzg
M%6CP
^!L1E
f2(!
quJ
hWX%E
rN!R
rF8%3
7m5%
Ga8
tNhrk
-YKA
rXH
=tq
7Xc
sOoKS
IqtBV
Ode
yL2
HXqT
YjYT
l-2x
oJP)
6gEOC
UezB
gSM^R
zBw
Ks!
nTW
%-f9&
weKS
(sU
Zc7N5
#c170
K1VLC
#M4S0
9o^i
4jG
GAb*
r*bo9
Hxx0z
kfb^
)Eo
Vz1cl
0QyPf
ng)sy
7bd
PV)
Y%qcD
$fo
5yS
e0B8
CN0
V=m--
fJy5N
6VGJ
Ka(
RGzI
eAV
kImwL
8Nq
pw*iF
R7D
HCI
X3@#r
Jczs
sqtyN
V0f
n8%Zr
GYjG
-i6
mtO
06Zr
%Ey
pmA
P0LY
4qF
w3#b#
dtVAt
gpb
8oN&
cTCTF
z5m
^@p
4rc29
VAW
&dDk$
#XPo
8lgU
IE(
xmu
O#Vc
8%rGJ
sIVL
*cT
tz5
biMf
-S6z
8loUW
2Wx
RJq!
hRdPM
sm)Q
*Bc
L!b$x
m3^P
tpn
NRQy
)6Ww
z5jj
*F(x
Q*-eD
agR
ib-
sTp
@WlF
&D$
j@P4
0=kTA
wmU
$JjA
hz8cl
CGh
aJl
u-K!7
rW*9
wyRI
$8lg
iY^8
6##
5GXIl
S*)i
&%Ki
jcE
9bBwx
-u@
K$o-J
Y)1%r
#k6$
L$XFT
DA=3g
8nk$
(mdd
3i^W5
%tA
*jARZ
1@#m
bQ@(
&uz
Elyps
9Dj7
mcIpH
2dK
Nd^
(2A
MKl
yEiB
ir1dp
c=I
zz%
%2A@
4M-
i3u
@@F
XMaG
@zS9B
8Q%e3
7SQ
=p9g
LCx
%N#
o%^
^X2
93!
1^9
w=KZs
r0Q@
Hzb
t5y
Nf5zn
bO=t
^Mqu
l#d
kXs
WcYJ
1L@=T
o1U
THu
FWY$
miz
tyA*
Mdk
Nd$1-
(zC
HR%
m1=b
a9Al
eJjZ
AwM
8hV
EDtD
DocU=
FUok
%q9k
$*!R
L4Ht
rBxkx
uhew
B#sB
MkMb
uXAW
uk#
aohFe
J3Y@H
fgl
404j
T7^Z#
NX$J
2cVC
@kO@r
-#G(e
yzg8
XPm
qMkZ#
=14
TnWC
@A=g
ult03
ATY
^F2
N3$3e
*4zi
EkG@n
mcL
baG%
3%)z$
4eN
B=a
y!8O
NI7
7Zz
m*baD
Ryhm#
SRbS
(GLw
O4zz
=3x
ZfgT)
1fi
yz4Lw
p@R3F
cl^hr
qmO
2Kd
pHY
ALh
!V8$Q
#0)xj
mYO
HH%F
Jsz7S
XZb
Wcht
eIbCC
K8y#n
x#Pd
00Sr
Gnec
@UsGS
g*Z
dX4
kH$0
^Ijrx
6c5
(ai#0
XYrJ&
bQyhY
pzq0A
YpeMW
BchA
fn^b
0^*%-
z5d1l
c^Z
UY*
*7S8
)Nqq
VYGa)
Wj6
Um5A
9d!EL
SKiYp
Rjp4
WDJ
mSYQ
o$C
LtN
fwy
O-D&
@qJX5
O0!
lZa
KN2C
zG!
8H=
R=GI
Z6Mn^
M7*wb
ch8YI
f5Znw
f3I53
ID0
p#(TA
HbrU
k^tRx
5)Z4
Gz%
w6&h
KGcBb
w6P
uAPp7
E5WUB
!mF*
Jxj(w
-sx7
x3bWy
$uOlV
1cg0
dr!6
MYJc
zkz7
LIPkU
Hif)U
E7)Ok
NuCU
DWY(T
lm@Q9
Dr(
#gr
HePV
s)@
2V@Z2
Z*jTZ
K-Exg
7Pz32
x-&
QND
zlYY7
(gU
$#wPm
qqiP
L8uHQ
FlaC7
A)HL
3)kL
VOY@
@6XNI
yApP
9B&w
hz*ae
Ca#
)I)RE
tRS
QeOy
z=9G@
&55&
2*V2@
uexeZ
4--#H
7u&O(
fCp
@d)
FM4c
epqUT
jV4
Ok67u
u@RZ
q1B
=XX*A
Mzx^%
-PC
y-I4
opVT7
D9Rg
ct!$%
=k^
CjH
&uM
yG^
a^Dd
9SW
Yn4N
o#j@Q
@Wp
ylu
R#AfQ
VY-eJ
nwg
@Rz
T6#5g
$A)
St@c
TS=o
gnb4
lYwX
fq%
Ert
P%%H2
Moy
bAm
EuJy
5l=W
w#O
nlxdB
!1j
0Gs-9
FzHM
6b6S
tSF
Kx5P4
oXqd
LWzz
J5Gu&
Kzw^
o!W
A!mq
Yzyfc
f*ABX
=j!z
c09D
muE)
Y=bP
Yu*8z
s^Mo-
AJ!OM
V0NB
Klzl
wlg
Y12
eGQ
G#Mp4
CmL)r
n71X
znh
OzJQ
hm^
u%TJ
xPk4
*Dr%X
6GSHM
Bzu)
t!XT
ZOFL*
zq5
$r-
Ll1
6Ml
%&*
0Y(Et
YIEU
%8jaX
NFsz
-A6!
-1&*
%=8ut
^1b
fso
aFL
q7F
84N3
d)Ej
i7pdt
L=D
N5JPD
a&B
BuraI
9N9=
ymfzm
Xp4-3
3wYT
@9Uz-
#0-kN
BtE2m
gEQk
^yzqB
ek8
GgKwi
2!%c-
AJ*Q-
pRyVa
x$eoY
Q*9OI
R70o
krp
6(MCA
cmgf
t1G8h
C^0YN
P4#4
Fq3D
J9Rta
eZb
zKB
qwg
9gG
%0L5b
rRZI
zKJz
51*
9zE
efE#
*-j2=
-$YY
kUAwy
W^-MZ
C&XT
C49F
yVp-s
A$z(
PB6f
U!P
CVBX
dlJ&
3^@
X)nU
=Wj=Q
&)xZG
N=Xj
M%VT
P8qde
iA)L
Wf26
ue84o
B0A
l4&
nVr
*x6
YFr
qnT)x
Z4bD
ot$)*
A24JE
H)z%
PQz
JcCug
*O%O
!G=
De0-
%^kW
Yk#
Unl
Xe@
$G=
Nn#
KL5r
-r-0
uQRV
QJ-)
5V$42
uWb#
iOCs-
)jM4e
VM^6
M4Ug$
eFT8C
%PM
Hy5A9
K(mmA
-JzN
z@i
eqj
@TUf
al6
!(dc
I@M)-
-zDLD
w$!Hs
8Ldmm
k78&
&IE(M
FMxJ
E$(
z3@
zfet
HjY
47DzD
7$bO9
u4!m9
LyXJg
1d=S
3G$
4FCQ
-!0%d
i2x)k
*c1Y
=-DE
u0Naw
8Nl0
gX^P
=NT
xVU^5
&NG
MqJgt
gM^
X&Hh
UIm
(48
nV%6
AhR!L
6k=
PlA8X
=TIz
IfL
7g!n
b-(Q
pCLkZ
cwujV
AWq
XNAl(
2A%
q)1
k78W
lCHt
EkhB7
)pzNw
hjD*
S2c
6q)R
ZiP
$21Zz
#LQX
6p0=F
pn-C
XVEK
o!Fe=
Kz2
5mL
PrT
9V@
tbFB
CHlq
DlHLO
eMzY
-Aj3
-wBg
Fog0
-h8$
UOBT
h2E
ILMbO
$LZ
cIfrf
s6KY
!bx%5
%7q^
&q7@q
4alI
R%t
Br4
01P
nwo^
-p!
e&#5
zOhs9
P!9TY
%TEB@
W(A
1hPW
L4Qwq
y&C2O
q5ljJ
mEW$
X3j
pWtOO
i0gG=
u2$
RzS4
R)9n
&IMcm
N8Ux
P1KLd
xTN(
6fE%
7sX
cwTj3
H*9
%lTN
qsm*N
8%SYZ
n%kY
g23)J
U4#s)
2w6Z
lOnkw
t-xB
ikK#i
zD&ZL
6$$IW
E$zu
SGdx
VGk3H
K5til
92D
zL3z
s-ws*
=9KL
CC(
TZu
ip=n-
gcqg
THM*l
QH)
LQqno
5wfk
kYmq
8!QdU
VF%*o
o%E1
yy(*h
U69
SuVqP
sIr
VHm
bz1
kTq
lCcp
)GsIT
Xa3Z
M8Iu)
U%Rb
EEn59
#4E
IL4
ziF--
zMy
h)E8X
Tj#uH
*42iJ
xMk5
&DgL
a8TgZ
7GY@
UoY
n2Uz
qiW8Q
GAb
p7Y
*O6
WuuQ
&2)%
JsfRz
SegxQ
OfJ
AZRS
7N=H
MO*
H!W
5qWZ
qKZ
BA#T
)al7V
m9eI
VlD
kA4z
mAD
1r-C
FHV^
lcFC
$718
cnF41
kqp
E8m
D&2N
bsDcu
4V@Q
#zohb
FPQk
F%b!
XY8
2jeFj
Mk8Q
UWIIi
-$$fG
1Yu
%ekH
h#8nW
OeJ=
NrsZ
ws@=P
C23f
ATwT
%5uzG
%-l
kl)
JMfzj
Oue-
ruEdX
-pr(
yg!
6%E&
-BbI
DqWz
QkB
KfjC
5E2p4
eSV
eB^tO
swGQ
k-(e
H(Pl
ZlPc
z$Ep
OuKn
m0o4
CAzM
K#O
%)IMz
k8zar
nzzP
C*qk
A(^H
H$B
2WD
o2M
Jb0
=LmZH
U%Y6$
VDI
lS930
P61R9
4XmdW
aM#S
pi@I%
Y1T%
aPkj
mYSoO
KM0zX
*Jor
jbd8W
WB4
CCf
J3@C
(5RC
o-xGG
i*isO
WPYQa
^PE@e
q#hf
3Izu
C--o)
3Kw
2OX9
z&rg
(dd
WVtN
2a7X
CD)@e
an!7
Lyc7h
Csw
IqJ^
(C)Z
1WP
jU5
IKz
Wnx
qnBC(
xI-ba
QHUE
^SZO
u!Ut
&WOO
y0F
gZfCx
p!j
zAi87
kdIQF
7SyX
bZds
NtiwF
DHM
-Tt2
kg7%6
z*t8E
Djo
bjjQ*
7j-u
Sj&
Fb7&A
n!yHZ
t*T
SS0
8yl
zx-cz
iWk
FSC
T*1uC
^2%8
^^A
c6q
OdS=W
VBnhD
zp&W
kZT
)K4r^
TT8m3
BBZO
fnu
ceo0
^Am
hKy
@G&w
-bRF
DoV
1=^)@
zq$Je
1KHT
H^tz
$RMw
YOiml
5dPF
b&%L
Lgc
ZbksI
!%y
7twK
Ywb
T4K%y
O&%q@
$E(
bLFU
0Do
2==)
Q!#@L
MYce
lYN
RZI8c
jRJ7
^$F
M2E!
DRb^S
xW&y5
U$=G
uixR
uPx
(Oy#
*fNHz
n^e
HF$u
#w5Y
5mo
3$QA0
mIud$
Q6C!Z
LjN
B8-R
R0SA
yJXe
V-ArY
MmD
^a!
DA^R
t0N
!DHCf
Vi3
p@zF
zBh
fxntH
oW2O
YMqo
Al@k
cC#
-4pP3
taqS
I1gz
B%c
dJG
P5%
JMud
E9*
%7CG
46Ziw
VrJ&
zjR
6G#tO
w2oH
mPY6)
WY3
(%^
fzVz
t#S
PCB2K
0qu
f&3wV
16JJ1
7xAw
X(0EI
hrdMK
cpMb
!kuq
gaL
#ztCe
dCwG
n^@3
@eMn
BN(K
h=5
Nl#Vo
Iywy
CEaj
1iS
z0Y
!H&*S
OzFe
@fq
=fAF
pY!%B
G*EB
b14G(
^Z8%t
t^&B0
qER
-74
1Gd
JaIt
iaAgT
Vn5Vt
PH8
Rqs-u
^lc)U
9PZ
bZ@L
#*C
(CJ
5f11B
tWp%
m&@
hV&5s
b!nhH
NYF
Ldeos
uXKA!
Ion*
HEt
TtX^k
c9A
D0Jko
NVfz
zGKs
zR=gY
FP5jF
lw6
cEfq
h!sx
NcKf
WVX
zl(A
dh(
Lwup
qgLr-
ng9
w!2$d
oyn
$uD1
KD9Z
m=Iy4
J!Lo
7eKy3
wup$
9EQo
T=jh
0ynAQ
(wnT
%hY
yJ)!^
$QcFj
lEXo
!r@wI
Fmz9
27eX
s=V%
%*dA
Y=Ew
XbMP
U$zo8
onrR=
XMw
utLA
b5(1y
2EuB
&2^2=
i(WA
BzBj
-nM
*Mz
ROLQY
IG^
UYb
Eyy
EEB6
Zwpk
8sHmH
)jKg
$Nm0
ysd@q
&AyP
Pz*Jz
1RM
bYE
6=OJ
M8BK5
9P=Gp
MtY
Uja%=
M(A
hl4
iSOda
4)9t6
sqW
ZYA4D
snqGt
%S9*
!z^)
Lyz
FD9l
ox5$
Ma*mT
$fs31
Dq*6
iSPl
t*0
P47@
(jC^
#k*
BoJ0
@oe8
ZAm
9CR
c!IhE
9&ubU
mmjf
EQZ
xM(
PUR
%6is
Ad(hA
dKLE
ajQ#
of6cw
JOW!W
G#-Yh
5D#Y
=1ZX
uYVlm
D%T0G
39cq
!zKK
L$@
UePD4
9BR6
%ZBy6
a&&8i
bE0
4U@z
d%$r
QzS
1W6
hT2m
k-CEH
pitPZ
yo52O
*&z
CNE^
iud4
fSz0
q9HOh
rzJ
TANdK
cNd3
j*(De
Wb78
)Hx#
*cOS
&y9n0
hpi
AI=
6BL6I
!xG
iqw
o%aV
It6
ug2
gkJE
=eYLl
Wmcy
&4(
zu@
iX8
6Am4
A@oI6
x8lR
%KOw
sEG
K=Sb
aQu
1ht)e
FOX
rR*t
6r--
x6rz
s9bZ
G4z
*q0O
wX-
w@b
XhpX
^LN
pds
o#f
35L
FZe
UjXR
V&3bc
1TZ
pOX
4X8
4g6L
&BbBC
q7PJn
hmkJ%
CSW3B
Oj#=
lt=P
(1xex
MJXk
bzr-w
SK99
JJki
uDh
iG-
buB
yF0H
)j-Sc
zEd
pFH6
M67g6
J)DMg
#1pr@
5wqB@
0B8
H7pb#
dqYp
C**CQ
29UdP
Pmt1
wOP
N6K(M
-88o
86z
iVQ!W
iq^P-
ON6
U0$^
&n2
mcj
xY9&=
W#Dg
5PK
IL7L
WKX
V%#BA
ptP
!PBC
=!=2
X%Ie%
hJQs
8T%R
I6Q9M
ZXZ&A
JKNL=
aH5u
Hb-t
yHlcl
6l1M
R9e#
llP
GzS
we-^^
&yC6
yCK76
nrn
ADBQE
g21
4CJ@
5*)nP
dtQ2H
)uJR
RPn7
x87
&hVti
th7f
L%D
hfe
f$G6
uDA
y2Hm
WB7Cz
$g$
#W!
M*LH
zqfM
tzF
0zSx9
d-y
t1UbR
5%%
odu
pOW&q
!=O3*
Rds
PBR
UVEE
RYzK$
tuP@
E%zIn
6Fw*L
3pA6i
G%a
IR(
Pkj
2S#x
p#=oW
feD
hKI
B7o
yhKI
q@r
yxXn*
!QsV
HDRJ
%7O(
XMX
8JDJ
E*h1*
dYlW1
p*U
6fbNf
^*u26
cw@%q
gPK
(2*
rTgh2
Rw1
O#Q
9LMwb
nztA
3Ql
tA0lu
95C5n
-eSz
@lD7d
n$itC
@aA
X7#
E7pf
r=e
@oS
14UoV
eTg
$KL
6zCK
ogB
&t5u
i-=)
u9%
Ft(
0&I9
q6N
cjFe
Jr(Qx
yC=1S
UE#
22l
cxK1z
eTBiY
8Cr
goj
P*jez
2E*l
IxN6s
l1Fg
z8)
&!pD
MIZc*
UREK)
m2qSi
0r*-
#4=
TwcgS
m9on
XD-
gHkJ
PI)u
aLIC
p$eB
=2K(
gq)
GKG*C
-(Y
!nC
OdS
mwI
e&eG^
6uti
f1Ux
$6k
-2f!u
1g(oo
zbA(
6ban
aCn0
4MH
&k03g
2Y-kN
!zt5
%PX
2Ny
M%P
qNwxy
lVyS
QZi#
OBy
wELo
M9XXa
fTauC
IiQQ
phH
5z8t
%NO
pnh
Mzq#
Z3A6
8EOsS
zyNiV
rjz
wxb
IPC
%QwN%
9bip
7Ubz
@X8
hKc
mdu
21$
zcS7
GyKwz
K%4
gpUm
84MfX
&gaOx
8za4
uemET
BAY
1dzO
qLFlR
Kef
q4q
b@r
RJf
I7tEx
IL9#
V4n
q49
*mE
XC&S)
b8y
zNNl
H!YLD
g(qUY
P$3
Ddmz
YBgg
gV3h
eT*
Iio1
2cU
#Ml$8
gOX9Z
(O4n
Mpp46
YA03A
fca-
#36
h9&B
iWf
kI@0^
SQ$*
!(A
&cU
ar3
p((Nh
F)W
LTj
l&%
*sn35
zYF3
=X&S
Xk*
zG2
zEBgh
4%zO
e-9*y
8uUj9
sLPt*
0-c^r
eek
x0dos
6D*dA
uSSz
fawph
t-c
&CJ
ZoE
i9Gx
7hmPU
dD=O
*u=O0
d6noS
0rQol
fr=e
z3W
lm(Iq
B&B
1tYBM
*d*A
jW9!
tyB)
fCi
PCJEU
rM8n
DX^eh
uD)
lwh
tSn
NZ7
@Gxd9
K9fR
d4te
7r=
nnpGn
#P&I
@-G72
YTgX
DSrr
%xt
Zz1
wk8=@
I3Mtm
bB1a5
Jk(
Fx8
t%IT
JZJO3
Omf1Y
Y-m3
tp)TY
hhMn
iDBu
z7*I
438C$
nbab
gr1
@LK%F
5#qKs
QFZ
qe*g
=XX
wAe$a
t*0x
*^i(u
h=s
#AmZ2
m4j
qP7(
&FTcs
yOi
txVtp
Rnyj
wSkAH
LR6N
Rk0Yz
W%w(@
5LI
GJy7&
m7%Y
lSWix
Bm^)-
oY4
fABqM
ouiW
G%Y(w
Usg0
rU=k
*2gG4
gtBkB
BbK
Tot
(c&
b8T
OUz
&YX^
1J3(
OM%8
a!X
60x
R9E
unwX-
eCgz
@!lXg
kf020
YuZ
0OQPR
mDhI
5(o
BFAT
m59
u0k
5*h
=L95s
xlAgt
ieJ
QX1NY
(E65O
3EH
jkJ
*4JD
zzA
!(kw-
u*1
BuE0b
bu%@
&OCy
-p#)
dAW
&ebX0
M=wm
%Ez=
EW9
fa^$
hG8
&=II
M95pG
jyGIB
4gf
7Pq
1SJj
#FrHr
%z7tJ
FMcR6
!TM
*3E-
a1Ah
aR4
S3ho
amfH
ze6TI
tLQk
t&-)
VjTxq
C=GnF
79)U
8BXiH
xe2l)
t3@
7@Zd
WD8M
&s6!i
%!u
*JiR
J5mf
d4Gym
94y
x$1VW
teV=
XwN
L0M
$a1M
&c-e
nJCQ
8%GFx
CojC
Hpz8#
Dzi@
=kk
ZT087
Rh#!
oZ&!G
bNV!c
=kc#
1yu
otl
iP4Ja
VFh0
X2mi
LiK
euj)
W1Zt
Rpp
a9RUT
k9K
z-$k
@AZ
gU*6g
itXct
Y4W#
ipY
XTMX
f5P*
OZA)
(5RX
@Vi
C(#z
V0%
*mZ
3kP1K
RVcOk
@8q
eZE
)jnd
4pwx-
Ohw
^EtVq
Ngr1(
Z6W
%)$
ZT^
#Qp
aaD$A
X8g5
n6N
^s9*
Z9jjw
rKkQ
NDc
Rds6
^Ek
TGU
s5Hha
EB#
jO%=
(1ssu
-3nN
(cI
frV
75@l
aWs
ANdi
27Hul
tsL0
i-zz
-xs
#iU8Z
g@VQz
OQQ
nqU
^sWq5
j^o
qFI
M-KA)
AO=(
C()
)G#
87jAG
0MM!H
$^r%c
mn16#
mAYB
CocP)
2weEf
Ra(5j
3j)
La)
nfVT
TyNo
st$
u(&fK
2*p
rd#E
tsdw
@=L!
e^yM
wt!D$
NF-Ro
8oG4
1Sc
2na
nEPPD
$bi
O*K
ZFQW
#wtG
-c7y
PMsro
zj6a
@Hyz!
f=#)R
zSA
Vye^f
eV-
)98A
=HR4J
r5L4
U8MfQ
S--
@l7A
RR8
ut#
gI)g
l4XO7
zm*GG
(xik
DiJ
gSoVN
mAf9
P^uC^
Nk5
baJo(
c!23*
K%cfi
wma
(oA
c8hdw
Ulfb
=jY
PLbZ
aeY@
GjV
f^==n
ZkaYH
u3%h
zK1H@
P9^M2
fk4-
HB25l
W@I
GRp6&
e$sr
K5(fg
5Gz2X
rZwJ$
@njY
w)=
Jkn
^9Xae
jHs
d*D6A
UGb
@zFJ
sCl
sId
szJ(t
Jlsqe
zDl
RWN
%Rq
cLja
Iz5
ggmgc
4HCUc
NR0#&
F$-8O
RusWI
=XRX5
7S$l
pnJR)
HHq8t
@$p
Ci137
kk$
gSOc
TPjD
cae(M
#Zs
rON@
#=-G
U7#n
pN=
$dm
%&c0
iS4
AW9
q-0
JG8
RW-s
A^m
7JEO
s@aCZ
rnYs
mVxh
E@W^@
9f8
T-5
(KLT0
4ubz
z&@RS
R9g
8wX
YOe
Nxz
UfjS6
l*7n
P8R@
E^u8=
O=GL1
3sxn5
cSp$$
2R@*
AXT
4ATe
lIS
(eL
7y!u
xR&
DQ^1-
K%cnL
S!g&
=KT
n%qbB
e4n
G&hM
Y4f
62H
b5fB
qcn7
Hfs$i
Bxjm2
jD*
ipu
h0cN
zK0lf
o#7x
fi%
*uis
@xO
yia
Hl@=0
Xk-Qo
rIbf
3I%Y7
PUi9
MIUJQ
-px
MI7x
PTy$
p2EQ
AsLdZ
faD
zOFcs
9zG!
SYs)O
x!m
0L@
pd5
l4jGy
ZcOJX
D#y
Ctq
f3R
KNT
6POdA
%4F
aqp!%
JLapM
Q!d3X
U5B
Bek
#-SlF
iAXr!
6m3
2uMD
nJX)
rqP1
tou($
WSV)
e)x(E
8ac
eyz1
IikJ
*h77G
!@^T3
Eug)
2ly
JDu
uJicc
nL0f
Okcp
Xt&M4
C9kR
QZt
l&F
5HUK
5Z#
BrJ)
Z=d2
hd%U
Ymb1
&#hU
diR
T18
FVdi
^Sne
2Vh8
$nGJ5
r6fX
GY@$$
8jMhH
BaY7
EF8a
z)lu
m&M
gA6AR
y#=^
zXh
DIZZ
op(!C
kXym
r-!(
Q(Q^
MwG@
d8$h@
iCBMK
GB$I3
o!T
zOPRO
mZz
yhtN
d%X
1jIqQ
ty^5o
&q*@
K7Sx
O9(aB
d(mf
zeYZ
a5y
EF1
Hrl
Vhje
OUxwR
INC$p
VcpyZ
fce
ALce
Y*tu
bZPZ
f&j
ZJlOs
$W72
%B^=
O2VSd
RITzP
l2$
-D3
AHK64
kTVf
FP@o8
==*eG
ocI
uBWy
OI#E9
kQw
636J(
s5&D
T8=1
7uYt
S-x*
cPsW
BtJUG
=rkrf
I2lO
-E%$
ypc
WPz%
zUG7
ULb
#%F
OG#mz
)&NE6
sEF-J
&PgMN
)rm
aRy=
pg^tm
V#o
p)Q
Bz#)J
*o#
cq#lZ
ta9Jm
6oDFR
ckNU)
$(N%7
T=V
iKz8#
zD@N
nJtRn
@2R
N)Y
aSM1#
LMDm3
$pMB
Pf5
QB-R
i9I0
RCsB8
(1W!
5tg
IYS
)gN#
sVO
yQj6
8zAoA
eSMA
WDpBS
jkz
sI2i!
N8Z
nxMr
irE
BQG
%eUw3
x2BdV
NzhX
V(a7d
ZzQ
z&h4
ayeWH
wBNJ@
Fuw
=yP=
BkZz
1z2
PO7
wJwS
zdDTa
(JUO
7pPT
qK=$
l!*0h
m^q!
WoIG
OP$1K
8$m&x
C8cw
uNoK
=owA$
YS4
z9d4)
lFs)
VK6rw
qA13n
E8#F*
0o8
#$xN
VJCkS
DfCf9
Qgm%
z9y@
Q#owO
4V&y
Vuzz
f!&
sKi
&C-z
moQm
Td!
r7@i
OOb
QK0R
9uj
F=x
nKM
4rB
fF!
VE^q
wzp
BHN
hp1
T%X1L
E&1WD
b5m3
3sx
mz^4*
6O^
4gw=
r@V
0*wqX
xCBGm
sJE
Eg=
7zRj
z0Qn=
6Pobg
0=S6
o29V
IkoO
wJA
nLt&Y
7)3h
e=4AH
fKF
mhg&
m%7Iy
SMVyY
0!B
H3F
gPk70
-)2s
w(mz
ue7aX
$Jnb
LFep
QzG
Azr!
EuB
-F6mz
quai!
EYV7L
K73
LSKb5
dY(6
NLdd2
)7z
FJAkK
k1Y
6sU
A6H
n^yb
wDi
^qIjO
fRk
Qm0QV
78Sz
(9P$^
$U(4
jqtWX
)w6
YiuR*
y69
s7Ur(
XsKfu
06LB
lTHI
PMM
x2i
i3E
zmYdH
VIn8)
^*43A
^Q#
quP
XB%9
6In
)b4cx
iBf6
E#5
FOP
0IxVa
b1tXK
#yL
()7
82E9
0V&#6
ZZK
1b@C
SOn9q
qLFo
n$CM7
XNFj
i)dzV
E0l3X
M2tc
$cq4C
F1&cV
uzfI8
bA0n
d-mZ=
GWPY
b%4
igRA)
yeD
%-xS
ZgcxH
xWCO
HxMoA
QrH
n7k
gsS2!
qfNFE
h$(-
OnT
9wB7)
mYrd0
F6Sx
L9IJ
GaV
y!W
s(r
$K2r*
mzr
Sb2Ko
OjN
qC$
YoJ
*XZ
yz(Ms
Jw&s
eA6
&gU*
Y!^
9!W
I4!HB
ZWjT
P96Z
Pp8Ek
sYiO-
u-z
0MVZF
-1q
GbEqN
dn#Ul
2Xlp
kEN^
3yuz
-zI6n
czz
6$A
5oT&
RT*
-Q^
0wQu
xIE87
)2jG
^exD
3o0(
Y$PP
1Uz
h66m
RZ(9
yHXx
C5^R
cFQRq
h2k
XWW
)dz7g
f3AC
xaG
yP@g
4DU
Kadsm
dk#C
Y$yGH
DNd@W
DUHt
14&
G-SIG
V3CV
-bB
&iS
TDX
rsH4
u$TT
yVE^X
D(!Gg
=f&
Ama
iDf4B
gZc
%U%
R7czq
2Nhx
T^hQy
SVP
PVp
062p
Xw9R%
L=*
3^s
MdFd=
d7a@Y
-UPJ
Rjo
@dC
nmCY0
&zHY
UGrqO
ZMH
do%ZY
CiRr4
aJEj
%K29
fCV)i
qlm
%#FkD
*wh
0W7
dWsA
2fh
d7m84
)wBl
BtdU
q^Hi
sU3
ImowV
Zff
8EBN
HzGwp
4%36(
QaEi
Aq9=@
-t@
6=fs
Q9VTm
W9b
k=)K$
%kYn!
PyB
jgL
jP6jY
V&GW*
qi@
0ja
zcblN
iI3
zmA6k
HS-8G
M8o4
&l*
HTbI(
s1D
J9N
r3fV1
eGhO
n&z4
0y%s
hQL
6tB
a7b
AIu
zSdz
8JFo
n#J
DAf3
WB%D
!Uh
!$o
z8O3^
1GJ
FUG(
VoI
W#YO
l57
Knj
l&tNK
^QA1H
HxgX
Tm%nn
uFk
rG9C
a$ec&
-zy
WzIp9
NHd)e
t@c5s
4!m
L$%yG
1y1Kq
b)QQ
ukd
wL4&@
(sW
sK1
GKrud
4Jb%
@MyZz
mHzp
2%yg
5zF
UC*2
cU0
Fto=P
&5$mL
eYxZh
RYczY
V0Qc
0-S
i6n
&ju
*5S#b
$*BRA
aszg
7SY
u0x==
nBwG
mz%fK
Lshw
#Y#
m9p(
#5rAh
MV7
c9*@
ozd7$
yU2@
l!7
zoYfp
hooy
8C4
tJT
@=g3
LhK
X7Oo
XP4
%g-Qb
GCwY
4tBS
Bk&
uI(R5
-e-
6=-%
GBSH
F2W9a
S%w2
r#s
$YN
TSx^u
CDX#
52*SX
piM
FNVo=
bj9
&pis
tE)XL
m7()U
a6iS
(ADZo
Cci@
YDFYz
nYWB
bek
D&j
8hTU1
0#0
RVKw
JK#
s(zzR
T#A6(
u(ye
-qdJ
1&oj
FV=lp
-OiUV
1Yg^
5Cz)H
*bDN
z8-S9
Ug#
Hpe(P
^Nt
)aP
fg8$a
tzL
T=o
tzo
0Gd%
cNT$1
7HR
sI!
ez4c
z*X
PtxB
0^r#
HE#$
xLyh
wkq9
hmBiB
T9bUZ
jxjH
Vq$
Nsk
HA9
m$CM$
4&rp
VIXh
B&-Q
6W!4
i4DN@
VhZ
oT)U
H-*o
#Dp
cFmIL
InFEL
5zW
(Kwl
RUz
usE
XM&w
qS&
-pxA
lVn
*Af
QzP$2
PI(
CuT5
-BlU9
eUuVy
Xuc*i
3zz3
b0D
6an
PSQ
Je#cK
Wo0Ag
Gu3zh
L!a
bNB!g
fDn
Op0I
lk*5
8eO-
j3*b
kR(I
iij
7UDfa
DBZ
1Fxga
n$=1O
F2y
Mc6
)-SIz
yjL
u87
yW4w
Mzl
rrkdT
!PW
=Ao1
zFquF
4afJ1
wI1
R85
tC)
hDrly
JDo
Mu(
Ra6
ae1EJ
In0
FItO
86$-
dPA
$%z@=
zjr6X
ry*p
1niza
sl&
DVc
x19lK
WBJ
1z5
iEOUs
UME
efhs
wq)X
bPJ&
8=u
Pnj
h1w36
%Jc6h
YOm
tul
3z$
rHS
bZq1
u9#H
lPZ
O9-a9
=g3
=C7&&
4TepG
=tFZ
17*B
sYI
zDU
DVz
3F^B
zwTb(
wadhh
BkGOZ
g6=m
=-EE8
Dce@Q
F*g
1yTzb
((Nq
L&j
4cXL0
2h^
bTdV
aPJc
h9q&w
A#3
ecz
aO#Sk
8(CKo
n^es
#&R4
^zh
uFty
lIkbn
a#S
ngM
8Ad
euh#
wp(^s
V2h8f
suT
VL^
0Wh
#CG
2kx%A
=bAj
rl86
jr2
BI7
XFx
VtWz
#M5
7gwxr
bi6
q^B
G%L
oo^uE
JGrp
Dnc
!Rwg
VhK
#2M-R
KTJG
#5)ZI
hIAYF
^qe
dl*-a
N49A
SH=5R
m(B
CPU=K
)y2zq
76E=
HjWn
GFx
UE5fJ
pV*3K
VOD=
!tG#j
h!jz
nT$i
oLSY
L#%pN
Jym
hYF^C
z0b
EscxG
5DUN%
LYpP4
76bi7
gpF)U
#aDi
DKE
2JohG
cWZr
Me6
x1fi
zXU)a
84ud
U)@
E0ti
(2%Bd
s%eb#
HBS0
oejOf
08zo
MUPX)
4z(H
c(-bO
wtL
9DOX6
rk#
jOW
ZgNA
s!X=
JZzH
zT=W
Wxm
jFSI
6Q$-S
z!zM
BZ%=
zDL
t$H=5
*ykf
cBI
gXI7*
glN
kc0U
Jb-jY
R(8!
Ej*
&FX
&nbq
Izgg
^A6h
9FUDL
8H^S
V0t
3#x7N
9g2Tt
Q&3
b-HL
PEjl
a*cGi
)6Q
RI1JB
(KZG
)&J
bo&5S
Aog
*G5yI
pmu=9
z$d
-eT
NVi
M2VI
fad
tB7ez
*3j-g
s=K
HXaT
z*KSc
!yzEn
oLpMj
YTjF
BkSW1
$Ukx
4tQ5
pwi
=7)
s26
Ea=
aS%*
z)WAn
9nD
N4VU!
c9z^
u%N
i@0
z9zn
Jpeh$
lZIh
R5Fqx
pQQ
4Ap*
e2z
lys
5&Qjy
qF-E@
p&i%
C&)
BAgP
E#M=n
(t!cF
)5z9c
D#E
Ux^pN
bLk
Wo*g*
omZSP
DYi$
Fz0ma
@=$#
P@i
VRgV
6Bz$
FgJ
l@z9
pp%G
aq$RK
z9RI
XJ(V$
RQO
Te)i5
ye2r
5$*sX
O1&wd
)002I
Uq#
wVhbP
9h66
^eil-
8Ji4A
Kbs#
5y1
qMd
n6h
j!r
XqB
7f%l
R5F
WdB
$-aw
Zs@
6RSo
Py-U
wRQz^
&WPAb
YN6K
Zdg
TZA
q7C%z
kAPC
dpJM
t)9
jB#*
=4qzx
PiF1%
)6W0
gGcwU
b41
BIGI$
4G(0
bbg7N
xqN*b
l5sO
KWz
J1PM
yJf^
#kl^
6r!Tw
=EC
d4ZD
R#Z
R@zcY
Pw3zZ
LowUc
cZz
)nW
#GlwN
qQxPy
l(5dD
2Fj
B1Y^
QCl
uPetb
V4E
7Qsg
#BnXL
uz$zy
C=E
i$N4B
o(zNz
MWds
SbY4
ax6ye
lcu
Mppp)
-l@K
Vo$
KfG
&)2
z*1
g0ET
!l09
iSzf
QY7
#Ksg
Fpr(
Q!dJY
uck&3
gJD
)$7BG
zg!
2R7
QDL%K
dhU!
Tb)Y
Mu9o
cWW
d#z
dob
Sn&)
^n5*y
-VHp*
wSW
P0)
$Dhp
CS7l
HAARm
E0X2z
5OK
YN#
3S9LD
!sC-7
ZI!
Vkpm
DLJGE
^8#oM
tOz(c
l3Wgw
LD^h8
c8KW
7^l*=
E29f
aXoz
O42
^6R
2(V(M
W&2
yg%8
F%qf
dj)
@3Zg
5lr
dZqA
#I1-
RDW1Z
%uq
H#J
V5Q
66x
eRCH
4M-GE
wps
c#n$N
(=#Ic
nCL
fbR%H
4JYqn
-xM
XF4!
JUB
N7Z
xzlF
)ZV
qkXo
h1wr6
N=B@
()fEz
Xku
UAH
s@jMZ
(te
*oS
O@*Y)
LqRto
BHsNg
Z1gqu
CGNz
=!d
xCR4
V6K(!
y7*
V9N
(&^
ozSsh
QIl6
y36C
s3VM5
Jc8
^%by
tV^n
yck&@
7B!z
-$AB%
wmp
5%*0R
47PlD
0qX
f(1R
Ymci
g)qJ
kV9
2Mozr
gP^
IY^
(h1
FYI
G)#J
kcY
&Jt
B0$
Z*B8
xf)OG
CYDa
k9h
YJ2g
d-u
kaUD
d$84
Dz3i8
5D6
Ysb
$=hH0
Yc(CF
(YC
r1z
!&k
2Fna
L3%
2$V@X
yT4T2
5QnJi
cXc
ye3
K#Ui7
T#tc
#lblh
4hLz
7jm
1pP
&0@3
)p8RI
3MTi
UgV
-l0d
yB(Bi
gD4w
fZead
o3=4a
SWp
o(3*
0X7
i%z0
-Lbo
iC8EN
D0Z
J^S5
TZZX
Rl4YC
QRaz
6VVt
^Ud
oF@
L-^
!r%C
VVT
Vd3
U#d
dek
T=M$
1rr
SmjC
WZV
zwH
tU7g
q7e
$dP&
V3Y)
tBzw
rpf
3QH7
MD@VS
EHxU3
8sy
6gW
)j#uY
heUf
Gezp
C0cq9
#kZ
WBUW
T2xyw
#NT5
d%l
l*Z
se1
DKC
#Qg
im(4
TP-HX
jiV
N)Td
)1t
@)w8
*f(6
ePz8V
1SbW@
q46
tAq
))i
Mfmy(
pSufx
gCn4
O6a
mCH
xDb
(r8sC
8uQ-
Z(n
84eSo
PCgpc
VGA&h
*a3
Zn*
8W&^f
eLl
44c
2Ny6S
XVz
mf&Ui
OST$)
ZXyGr
c4W
pESzY
EOD!
kZQh4
))rf
4O!Bd
rHT
h^G
0%h
We5L
%=Kx&
!gRE
$ScU7
2=Zj
W2H
WPO
dIz
-7J7
u*Rnj
wzoXJ
qdlCQ
1OwT
m62
rz2L=
Hjt
IuuyE
cY0)6
D0a
c4Qg
h)ay
Kq9z
q93
P-KqV
YLiZV
bpCp
KLe!#
H--l6
G6D
w)i@
QHF=
e-V&y
7lwAq
Tw1&
4msp
Sb#CG
QcQN
fPcjh
U4e@g
kJe5
0CD
36Va
F9zkH
kbr9Q
gkMh
7mD
8MS
k@D7M
X2wT
*mld
DU2
mMy
37P=T
Dcl
e!0
uHq
1s3
Xup
yfK
tS2g
qpHj^
z$iED
IUpro
lHWT
yD9
UNjH
%cd3
l##Q
TS7
EV8lB
!2zg
pr6
f^n
R1iGw
i!$
2IU7z
SAo8R
Cs5S
buzh
H1&
Hjg
xQJVS
61TwG
7K7d
N2zsK
Gc2QD
4TT
F@0g
4At%
Ahyzn
EBNN
#*44(
BT5R
y#GQ=
6%h7
S&ahq
QS%
7EOn
edn
8rk
IaU
zZLD
TrC
!3W
p^r2g
IVFWF
U^5nA
!1AN
6l*
w2fpA
T5==@
KIjCl
hoJx3
Dyn
m%4H
z@bL
=l*d
s3R
KeY
ZzF
#$J
YUq@$
lizB
4mp
Jqzb
%B%
uT&WV
=c(-
MWL
iQL4P
HSBA
Ksf
JclqG
42U%
texCs
*fe
B0=Q
Q9*H
H&FI
DG-mA
rlCKe
aob
&VS
ThW
pw-
*z2
u0-
!uP3^
wpN
@D5=
MRY
7uyRc
@&)J
FC3@
D@5W
W@J
wVaA
Ausr
7xR
fUz
DJz9
M13G
T3M9D
UVSZ*
^=0
4S5(z
ICc
lL^
8Dk@
&NKy
!N%C
=FnzL
0$y@z
rgMJP
hBkjJ
l%T
JWi
&OxQE
Zjjw
NpFjC
-kA2
Hd-
*lzi
l(=
jfp7z
ns3
!9E*
$#pN%
%b*5
Ey*
Hht!Y
2YM
aBK
dHf%W
HtaTn
MCY
PBmE
gxcq
ZzV3
US(l
fqTG
VMSFK
S2z8
hgX
mMHDm
o-=K
qEefI
P-u
=HY#
xnV16
(Kw&u
0s#
3S5#
(RzP
G3R&
&Dwg
w$^Vn
T=ooV
R8W
RbIVZ
SGB7
7E8
7f@
3765X
bLVE
o6joH
yfq
nKn#
^2&
qYu
j5ESE
mfFN7
i0ex
sW=tW
*E@d
7-9fI
-8yu7
##Lg
MD8G5
UJrhK
%0)yr
ZEA
kOOR
g&L5
C!2
mqq
jY2
V5iV
4wH%
$(UMW
aUZ$
6wN
W(=W1
lQRYM
XQHk$
7kckJ
k-t4C
ztNG
q4QE
4RRIJ
U#@1
*b7J
3s9T
)EZi
z(w
A#8ZD
eDUK1
6jz1Z
P4@
IdTp2
44M
7zBG2
y&D
4ECH
d5xK
@g=CH
G$!
cB5*G
a@x
WyEl
%C9W
y=K
uhy
gw-i
b3Xj(
eP3
Wq!
n=iC5
HYyH
4SP
AAq
7^=
)Us
OyH
R1ZCF
XYcS
iD$
wfK
FNS
e^&Is
cE%
secQ
!=Og
ExZ
kQiA
7U-!-
GX2!S
D9!k
Az9L7
zyz
pil
hfF
cRxL
KTy
^!EZq
&di
lX0Z
z9%
9ZES
1zy
mLiFQ
mok
bfqSB
UclG
uRU=
%1l
4m^u
n4lW
&#3TP
#Jx
m7ic
yZ9Ta
Z!tpa
5z=$p
U&IX
HxF
wH2=
p*hz
-=U(
&QgV=
)(ckG
^ur
oV#e
Rid
*wW
STC
W3n@
(7J
TGFJ&
Yz(y^
E2!*V
E9r1
!OT
gCXUz
n%)dP
Q)4#E
1)wn
W-E
0X@H
8#5-5
2Nrh
cUK78
02BMS
PiZ
0XDn
iMaS
JUU
qgrXL
^qTR
AZX
u5^*
LRV
RX#y
=f*7n
V@T
Mb!Cz
Bhyqc
SLVVk
9AZ8
Ds!
8Lf(D
CEo3
ua*
Kj@
y)^
tVo
4ux
=Ix3D
Ja@2U
6Dj1
yS(
l-bF
E91Py
7cdmu
KAzRq
Tdz1
RiL
FhJP
LXEV
ARa
ZXow
ybsu4
aF6
w-c%1
SSq3
p^G8
JuUK
zqjb
S=4
Ezx
W^Ni
^@ylP
3-AND
HJJ
#9qs
2#AA
fg$
iX2Qo
!JyO
JRt0
!W(
fKXgc
wjCO#
6Yh
nXuS
b)Lq
bWEC
5pwo
53S
8#A@
uqQmw
di3
HHO
&#Pq
tl%y
o^N
b^-u%
BHDp
B#WHM
kUX
4@uoT
&I3X6
B*%y
uMBYj
4doa
%GNJ
4(42H
lkVk
D7&6
WYqhd
g0=J
RyPSE
M$U
yJ6e$
(Tq5z
PsP
=EY
gu#
fAw
a$%
B0tS#
0ta
g(HT
7jQp5
QaN
Knd
7gb
9UjL8
m29n-
fSkrZ
O&7
ds(
F@$j
3cY*Y
GtU
k%MpJ
8wAi$
&uIsu
&ukQ
xGoha
5r48
Js7
Dz64m
$AIdC
DTk
3k^a
2uK2z
z@j
6A2h
m)DG
g(N
&r=!$
J2u
YBz
^Qz8
iJ-ZJ
smU)
co)fz
*K97
6j!
SSTu
9I!
f)Ww
olf
nifC!
#%&
om1
8s0S
&g-C
lUx#
hR(k
$Lg1p
a6I
z)tZ8
F@4
&oqas
a6z3m
ohx
qeX
h^t
q9a
H3V
gUm
Upu4
^bD
xy-&
$D1
m@BCy
h%o$
&3Q
1i-k
HzT(q
sXL
pAUX
ZUuh!
Dr0LS
7zJ
*O$0B
BgNr6
JU%
)4DsR
=HG
kjY
MG^Fr
z$T
ATo
5EIk
Q$k
Dzfp8
z9*n
EQ#8
tV2
H6kOS
)NU
H01W
=#o
-82A
Toz
m%2%&
TTM
BYxB
rPw
!6x(
^b9
$L3p
)6&E^
Tij
4eJw
s(C
dzqx-
&OH
0H#j
#AQ
9!Cb$
6DfE&
dtgS5
$5a
JAd
1PV(
hL7-P
pEm-
7ex2
fm8P
ze@
dCp9p
t#E
IZ)xx
HMEL
$6Jjf
5S63
SYpP%
VOFK
p2W
RTyQ
dFQ6
t*t
iL-3Z
AS^
ArX
)zSt
3OF
hM1p
1IN
owH
FBYi
A@8N-
