a9yZ
7Acc&
J)YXk
6@W-
d$y
w!FR
h)xd9
0Nze
R4a
l$w
z%qGX
jVp
#s13g
bdnE#
gdTXB
GB#W
3r2s#
=O-g
6!Oz
cKsxq
plO
Yg-
CCtA7
JbYal
2&)
msPk
e7Dmi
mTza
lnp
Lx7R
b9U88
-g=
$*=z
(YWN
W7i%E
3gTU
HMgus
k1S6J
MTc
&xx$P
0AsQ
6LY*
xn5
%wD9
Aug
@7h
psMUU
hFHX
rPbG(
KU&1
48FO
nknA
ob3
ojj
Ww!
#Lsr
w)QB
uTd-=
Ksjr
*VfC
itT
q)*Z
gd@k
BWnT
6*A
S!X
kGj^
Jw)C
k2F6
IB%0x
Zz-G
wsOoU
s8(0r
pN%sR
DgV2z
hjY
Xn$z4
m5X
d6d*3
rJN4J
Oqs
wEou
o#07p
Rfo
RunV
=i@hq
4oL2E
#ggB
6Do
51e$j
Yuy
ES4
6tKXt
YI3
LBWnT
zljF
VCBf
n#^a
k)Xa
iBx(
NnhV
=d=
6mDCl
k=s
$QA(e
z3aQ
u$M#
T!0
yYH!g
y=H
Nnc-s
=zNSW
&%n^8
=Ur
bl!Th
)&-7W
M4$(K
i^Xt
1-!NG
7KCr
BnGC
dyG
w&6n
x7F=#
aujC&
g6k
N$f
Z#fC4
2y!
&Ve
rR2Yd
Lxa
RVD
l3g4
&&SG
r=Krb
DJGi
5m*w
0OS-j
Q(!K
QnNpm
SM1
ZLlFw
0uz4N
$t0z
O7Ou
R8i
-!^
h-3KQ
$PgO
3h)uK
hT46&
!ad
wOn
11%
5VrK1
J5Mz-
(Nf8)
4q!
dXJQm
6#QY=
7YKCy
-c!lU
Mi%Cg
%9rfT
uFp
SyV9V
PSds
f1I7
TV@
abB
s8P^q
s38
3di
Yck5&
KFx8
x1n
$ob0M
sFZ
(N*Ed
Zz&2l
hDelp
kGpZJ
SDE
YGp-
Gn$JO
8pyB&
bC@z
ERchW
F=qZO
W&s1@
rFO
OQ=
l-VYM
p8xlC
Rh#
Lyk
Z5*n1
$kH%N
&uK9
u)OSB
QHs5
he$
kZdG
Tsf8
r@F3A
inb
8c=
gaI
F5E6P
1J*^F
%3*BR
Qnhf
T1nm
CTG3
%uaF
!CiP#
rV!
nLBR4
uHpx3
*4ZU
E3h4B
jF1p
0Eh*-
h7x!
^nEV
nPJ#S
uPUe
a!=Rq
aZKIq
*G@
9E13Z
4-C
h#n
CR9a9
$p*
PS3s%
q3LuA
6FK
I35*
dz(@
Nxae
kL$(
PSe
eU-e
=hIx
Bb4
#Ml
ByTl
=TG
oS3
(ila
XkWSp
BB1o
Gd)
5=ob
Q3XmJ
fnr-#
z4SB#
5Ht
41Qz!
N7m@
b$X
Xgz
(7zj
iYtt-
gG#
82d
ulMs
il5
6VIb
*yJCG
qbm
wC#
)g=
TdPgq
K8kBL
n1FzP
nqn08
Ggn
N0O)
o4z#K
o15R
46d
Tam
V=x0P
8OLKG
sd&
VEjy0
$Pfne
*pM1
@UdgQ
sC-)6
nugK
gGqz
2Wn!
-=3V&
(WEw
e5m
wguHS
C7@u
(@zZ
IMpR
D6Ow
5LR4
s@K
wwD
WU97u
=dhL
zPuAW
MY^
0G=
lzlD
jx6
wY4p
e0Cqe
PI0K
%B-E6
M6F
4CGJ
928l5
Du1
IQD
JIzMJ
%6)Ba
T8W
&7!5j
*kH6
BszQt
NG)S
Xoa
sMz1
b7VYg
G)j8
hj(F
dJOrP
I1n0
CImF
GDi
3WFT
0NGQZ
xNd4
Dl3
pEihE
S6l
kCP^
pPjO
K7B%u
yxx
xyN@A
d(Wf
)kS
hL4&a
!e-
9jMX
PS2&
dYO
Nwkw$
iPmS
KgT^
CWcl
&=YZ
ldbu
K$Kr
5)1s=
1p32
kuyT8
PzqEK
YA44
bMuD
dNrDV
V1jr
UQS$
pXA9
ESu
*4O(&
a@wN
H!=
P(q%W
lmJ
RcR
tE3x(
-cyp$
^(ksE
AQt!
$!1
D#xY
azy&
B6n@5
Fo(mf
P^Gx6
km-
2PVBq
TBd
iSLUY
##jFP
w%zT
X@QEl
&jsO%
@Uq72
O53@P
$K%
#as
lZ6o
)dpV
=re
ITC
b7E
HDkVA
^1S
$1$dQ
W&Ap
@PKWV
CyS&
l^FKH
K!!
KyA86
)dat
w7E
7CEK
P1NE2
5QwyY
RV@o&
sbuA
Ssc
F*&
S9$Ns
b6Z=n
iCwOh
=1sr
mE7RQ
EBT8
@WkO
ZFtP
^YW
dg9
rORf
3X0%H
ux4H
2Jn
EjGGf
qj^6
)0sd9
IGI
!(g$y
w9P
dpBj
URkf
jE@ZH
U48L
eKo
FRV
r-&Z
O4oI*
yyPi
OorJ
wAdj0
E@3z4
k16W*
ule
74#L0
&&jdJ
^rdH
%%F-
KnC
pCh^
$Ik)%
dTY
t8H
dwg
7xF
ncbQ
xsViZ
#0f
PoU=
ZOZxa
PGS
nO-
QAGS
QC)h
igQa
70De)
9&SGb
Z6e
t%)GQ
Tkf
^Szg
&ha
2e7Eu
ax5p
%44j
tN2)
d8*g
oW9
2*l
FRf
aEh
nV0r
-i2
k%)E
^5B
h&J
cWA
=#GX
6cK
NeHk
*fUf
E%#d
qLeDC
lT^9
%j0T2
09q
YRr
gkuD2
B&fQ
Zwl
l@)5-
ld#k0
hGO
)tga
b!m
TAi=
29ul
o=z^
hPy#
Tn=
432
OiNrW
!g6
4jh
wme
5%x
lrCL1
GHp#
z)6
3oF
Us18c
6SKQ
eW0*h
DpDju
yrX
BO7m
XLRk
zoRpp
@DV%N
&F$
D6f
)#T
@Rs^
Ga9u-
Ps6(b
lGI
Cm9q
QTyt)
z7Bo$
7C!9o
a!cJ
$M8h
Y5y
boIp
fu5
1zQt
7Iy
meb%W
DT9!&
S&BI
hQ#
)9-dI
RY*
$IGlY
$Kt
ENL
Sj7C
x1bW
=TNi
Bn7ir
!kq
BsW
4a^
Lw#
1!K
ro1x^
4&N
=I&x=
gqFn
JaAbf
%@d
wZWP
ayIY
DXbj
c4)7
zN$8M
PpN
po5NM
0Bz
!nq
8RG42
fscR$
uhYF
f$Ik
6f%
R)yJ6
)!A
f=d
kJy
Jd$oH
%&V
qrr4
AAw
f&$l
oAqj
P&&f%
HFn
rCI
ZGRBo
3xjl
ZZiL
bfb0
RBd
9Q2Dp
a8RP!
=IS1o
@Rr7m
9JZx
MFIR5
Csh
96Tq
QKoa
Nzwm
Ahfy
fNwCn
HD&
L=q
F=6H&
G1)O4
n&0%U
n81J
z)()
gr(3
n%l
1mY
=CI
L-KZf
apY
85)
6q!W
LNMS
t1R&
(Gx*
B-C^
klN!q
AnC!Y
)jd
a&CZ
R#iXb
y0P
dpoV
w4#Cf
d&n
5Tjl4
IS002
=g^
xi9
fBbRC
#zj
niO6e
L@5
ntakZ
$^3
D5z
SYPSx
K3TR
tqkcW
NH-$
fD0
cp5l!
ls)=p
9zIgN
=SHAw
tX2%
zVIJt
zm9
T06J@
dDx1
pQe2l
sO5%V
Kb#)
EtwF3
N!X
1-h
zK=i
HOo
uilZM
J@n
5g9
z&=5e
Hf%TW
HNg%
fw-
Ze!
w-Ot
aXgc9
wFr%I
xhZtH
bcm)V
$w0a
s79f
kDNAW
Iz5zG
E*f
lS8
&$n1
c0^m7
^stJ
qCIY
#Kz
)DS
XUEq
SbKb-
q6%H
&TX4b
PSHdw
rFr0
^j)
qPd3
ML&
Cx2F
l)(t!
gAbhy
CN1
3xz
T06wM
&B)8y
0@a
F3EE
K$s)u
K@yTw
a78
77)i@
&6j
uI0V
nulas
s4s
yqfp&
3u(E
X3@*
gBr
C9yR1
FhROs
$H$
O3ywq
hrQg
NS4m
pP!3
4gZo
#(LU
UIVL
Z77Zh
k-q9r
u$ja
b^%Is
G%qr
Zz0P
59q&$
VhOH
4ErN
ctmL
Ppat
yM(K
-B!5
g#8
MLFcG
4Z2#
t)ka
PL!
kpz&
T#V
a^c5
RxA
!Uw
t4@n
*91#R
gJAX
jg%
L=BAc
1^$Fe
q12x
OUh4
Sfz
o=9
#f!
f6am#
baIx
QpQ
iSYc
6==
uimB
ZAAn#
(2V
%xoM
d5JP
rgzu
q$m
3Rtw
pXxMB
f3z
nDj
Dr-
RBeSG
enw2e
j#zl
A8-
g^l
w11wJ
r4m7
R7b7B
z1Cqu
=EK
=CpaQ
V0C
!$sm
0jw
^NXd
tY1
*xzqO
z(^
YL(
27dy
yfN
VwO!Q
WtJX2
WIAm
)^w
Z!a6q
Hu($M
U5$#
3E(
5dC
j)p
5ai
6Gc
zs3
XbB$z
e$S
zV%Sb
^iw7e
-tF
3lRul
*Mg
w)w
sNpl
RmhLW
bcs$
95P
zR=*
sS!F7
FD9
5&62S
DSf
NeO
aMuxI
qWdaT
-Azm
s2UF
eYuz=
Bfgx
19H
)uM
Ch@l
SjcJ
eFd%
4&z$A
roV
tGj
=77$
B6At
Ml8
bPf
)z69F
zxoK
Q-7
ZL@fx
gqV
thy
TyXP
LaTzc
zqU
k6e6
2&N
=maC
x))
tNiQ
#kEs3
p@H
e@lJK
QDR
QxN)e
KZm
LM1
F&az
i4s
1eXp
DpSRX
5Mr%
D7o
MWV
HoMiX
R&6
34dh
UdZ)-
HBWu
$EV
82t2Y
mKtb
D76=
JG^!
*T58K
)jrJ
X)z
VGH
!oqU
oD1X
1wp*
Vw1
QV#b
bff5C
$Wbfq
0q0s
s43r@
4#OG
7l$B2
&9c
XTN
us63F
sB9
XdO
KcpiJ
fIwx
zfo0
y47
sgq
M4D)E
=-Ol^
r=a
Hcg
fNF8E
90AkG
Kxk%L
NZ(a
NGo)
bsZ
qBMs2
%8AE
el0Q
ssUh
Ndhb
9-Gzp
=0@
&Bzm
tx$
YKHce
tFp
H*Ce
35Q
Vi$8
3em
lTg&
j4)3
ZD6z
l@iM
O)L
MPXG0
I(Ez
JC7A
Tc*Q-
N#H7
3JSm=
d9q
tzYu*
4PPZG
#t2
T#jaV
qb73
Spu
=KXzs
M)^4i
gwf!
QG6a
txER
zt2P*
R#LQ
znYj
nekS
f8Q
Fgdg
4qW3
Uir$E
ZkJJE
2WJZo
JB=
P))&
Sie
$TS9A
wD1go
n9MqY
qsu
0!O
F7q
Al7E
ofh
d^!s
J9jf
7E-
NXuGE
7IVD-
VA1
Q=z
*iyQ
xb9l
Dyb
Xhp3
(QC=
9FGU
tY%Pg
9*#
)ZM(
S&5
cl0i*
VdYX^
diYSL
lRogQ
Db#8
c-c
VK%%
YtXF
&a7O
6mni5
xHCR#
A6NCC
Lwp
E5qe
TjNk
H-Yw
0ly
apf#
7)r
VnyG
*77HW
QAj
s)$%b
R6D
)3r@3
L7u-
F5f&
N(BAt
prh
yAI
zQB6z
2os9A
UFI
*=Lak
7-z
UWz6
PEA
W9!
Oq2)
Zpwc
eymH
UO0
nsDh
1)^
Md)D
bkWl
Ydyz^
oq9Jp
KP&V
J93HK
hz9gI
AM&
lS26d
H2y5
9RG
*c#
s3a
26*&
qZ2
ze-a
AgMc%
PPa(Y
N=)FE
zOgWM
QQWr
3zU
)-P
1y%V3
zL1$
8^n
7%IjB
i5)8
E-he
l$f(
-OkO
HVO
mjdYU
2b-!
O-8kP
8uEX
(PI
iWZ
)^#
d-)V
jnFd4
%-T6
qKq
Z1OU
zuCBm
-!Hk
FJBJw
40!
$czQQ
95DP@
w#0uz
aWd
rCWS
aAo
X!*S
&(3M
1%G
lmG7
P#4(Q
3nz=
F2sS
fXe
A%5Z
9zc
jFd
*Dm
o!h
6jL
IWz
-b$m
N#DL
kYZ
Z77R
^sL=p
fycF4
W8s
fDI!j
HeG
#3L4D
=R%0
G-(E
@Yqj
a(Eu
5SRsl
3Zx*
o*Mt
f!Qd
Rxs
sqWpH
(sqRb
LI0r
8Zy9
!3E
XqD
whye
FsZ$
VaIss
5KtO
skn7Z
$Ig
Zj)du
zPE
DUmD^
0x3@
tNLmY
JjdV
l&4li
$Qt
=X4A
bJYt
Riy
igqcI
AlL6h
!0R
sL=z
R9d
EiM
Jb4p
bUi
l26w
wfKi
o%%4S
(-rt^
HJyb
aMJ
!bQ
b8q*G
CkMpI
mDJA
Y@86
cr%F
q69Q
NER!N
rpJ%
@N%BS
iC-
xCT^@
mrck
w8t=P
&FnM
4r2-
hAb8
s^V
R16L
*qHk
uzK
CSg
5lDV
C6F
S0=!)
wFz
9h#2
2BO
f!(B
p=I
dCWg
*fM9D
QPO%
dRybh
o6t
ntw
a(7
h#6e6
0=y
-@@J
CcB
mA7C
8hdy=
8^t
*d9
6r8Q
)lT
3tfNi
*5(
^R9
kg%
zK-S4
b@B
l4*o
duEit
qOz$
DiZt
c3z
-Q2r
qJo(X
$bkpV
lOoO
-^ZPc
uItV
-zn
Cbj
ln@yZ
9yuWz
nGz
XL1Vi
75y9
oym
bB5
b#5X
f$=FF
CR@
BM*L
zXrK
WC^
oxtk1
Y!Xaj
M(k3
i2=
aE&a
3Hor
J4)s1
O^TtA
sFQ
9kD
A^rP
ajxF
(w8-q
8lt
kV9z
9Le
5dJ-I
MZ#^q
U5puL
#0pag
(RE
SlO
#iu
p1)
mze!
oYqE&
qaZ
hJY
hi9
8zkYr
c#UUF
Ng*m
Zruk
S@38
S=qJ
gJYf
&jtS
Bqq#d
^zBtY
JQKB
s)5
Jol
zHU4
23#O)
NL^
(8Dc(
UG#
8uSfC
Jn5Q
^1x
5Nx-
6&W
^wRtC
EzH
i3)B
!2a
yAkNx
wP%iq
)W-
^Hjk
1#G
ygHV
J!KZ
dQN
tAQ
E=MR
S!eT
FTS
07X
*)joP
TtZ
4uTL#
9!fK
JWrY3
zAd
F8s
pho
PRA
Q$x0z
PzB
(MG
bmSQF
O&mc
&K5TQ
YI*#
XBP
wp8X
prM
tw^
Xp)
V!yt
iHIP
JQn
0#R0
!FD0A
=iTPg
*M2DM
AUg@
bJ3M
D^x
e*g(
t4G
!BDgj
9xp
tEkw^
CdrV
kaq
RV4
l#lK
1WP1P
l@SaT
jQ2
XqU#*
@1x
qXPf1
xG!
7z3*
$6CJ
d8nj
0RWX
OS-
&n(
zKH
XaH#
N1X
z6=6
=WVY
#=1N
jAU
0%Dr
YzR
-bOD
0hWfR
Ir$Oi
27K6
^GC
-sG
Fkpd
xmS
JLM
eX*ua
c*!IQ
Vj%d8
@zO
OlUA
6O21)
4UCa
a8Fx
BThD6
iio2N
Y)E1
!3-6n
NhE
N7yE
w*uC
zHi)
!53f-
fdEG
x-r4
LLn
-Mr8
RLFw
KpLs
MySs
zfY
nYK3
FHn3E
L9Ra
!JV
Lkf*m
-G)
rxV
pLj$A
d%FQ
lY#U
O$^#
m3Cj
oxug
W^@)M
4pqr$
=B86
NUIa
4S#s4
X-)G
3zKQ
!cA5
UaE
$ue0
x6@U
OONaH
uESlG
Cjb4p
rqTki
wIz
pXi
wC2mB
sFj%h
kMqq
N6d#U
b@rLi
x#zo
JUxNO
4Ey
yMY@
!Xq%
l0P!i
UAu
@6t
9BwN
dOmh
@aT0
cB&5
&#q
e22!
Xn4T
rMks
!!=
zEFAV
l%iM
YqB
Z7!*
#XzV
Ewg&
9c%as
s=uF
XK!
^D6TF
tFG
L=Cin
G)k
7bV!
FiF
&c$5P
az40E
mStB$
(Rc5
F2d
FtBo
GD)
@FbK0
SnR&
89n
Qa0#
0zika
1ha9
t0)c
u007&
GgL
x#Y*
pIsD
qdDD
WY#H
RYXSx
Gnn
=MA
9Zo%
pb#ZD
CrMaW
&yG
Y47
-IXF7
x4t
TL5-
Zu*
Ul*Z
Kpm9Q
LS0^
BNh*V
A1c
I0&
wJi
%qtf
-iL
aXZ
Q9XlG
&jzh
7Ee^$
oJaOz
wwsrJ
GDHP5
SdI
Jmq
$^bH0
aKgI
Skki
O(X
TDb
L(V
9ai
t(@LY
Mg-d2
)$&^O
RF@zP
(Dz
zml
j0f
$xN4l
saNO
nzUp@
zIQY
gKCtO
z81zT
win
pmK=
fkdr
cTyf
g)ZZ7
oZz%!
EqAK
eW#Hg
p4Utu
c%4
Dng
@8Uu
cn9
Hwm
X*NB
2e=T
R1m
@a-
rlmpy
Tbg
8WLnT
cQNMo
c2^Vt
fcgt
Tow$
N%Ak
wqGJ
cT6WH
Kf8
KXTN
W(5m
z@8e4
&bU
605P
Qxn
@&DUT
S-Q
VTc
smVRT
fDna
0tEQU
ztn
5)8
OC=
aQI4
fj)xc
zJtTP
b@E
Gcn
Xmqz
mcW4t
ziY$D
7fAKD
@xR
Cc2
qq*
7P8z
7PqSC
%p1
gQJ(
9kD7
#st
KMN
!CwL
@l(%q
3jrW
o3-hY
n%KiD
jfIbO
b=eXH
0O8
jIXh
q!Z
!&n
n3NL
oms
54936
Ga-@
7s8Dl
R52
SSf9
mqn
KRad
8z=
39$)w
LOl0
n3H
PVd
z9=!
YL!
dfHkz
3Fy$B
t0%j
^U2@-
gb$Y=
lQl
RYL-
Db(e
Xxw
f1W
3BX1
th6(d
cCKR
jh$-T
&RL
oxsg
jfSGQ
-9^$
^1Rl
owPd
K1X^
CwXSS
Vlr
yfm
^xB=
dE^Ia
1e*74
V6(g
XA@
fuKcf
(B6&^
5ql
Gw-zf
#H&jD
^%M
TFPd
s!U
1mgI
6wc$
B1&TD
dmE
Vkm%G
@q1i
FHi
a4Y
ckcW
xiguj
J*r#*
PhOO=
NP4e
DRW&
6d$Ru
yEH*P
j#(o
JV)5m
EEB
KDyz
EXIf
T)32
d2tIb
B6lb
%KjJu
&HWs4
f-o
e#rfI
hjI
0p-o)
3tD-
qslLp
iUW1B
6&8*
JMlZX
pn)
R7X
GCaVF
hcO5M
l%mR
qz@
Oq3
-r34
glUBR
Pi)rj
k3WF2
gcC
SXw
Q1t
!Ad%(
crQ
dj(
KFep=
fct27
5iYLj
xz$Z2
iy$I9
wbrk
22tgH
!33ij
i6N
qhJ
mTK
da(
gEuo
!G#Tb
o)s
1(I
1PH
CKG4
J@@
BF=
u0q(A
AUC
qpx
e3DN
m8d9
eJ=
IMgp
sKf
nfaC
Tz@L6
ZO6R
-&G
^MdZe
@uCS&
LCuG
i9zMl
^Ynk
kk*O
JQxt
i$L(Q
1z30
wH!*J
ZjRlK
U8SRj
d3i
4tHVl
g4Pk
)Bm0
1!lR
WUq
z&6
o!y(T
xzO
qeUN
p4D7=
FgYu0
k6A
V%5R$
Sp*#
oJ5iO
fK@T
5Epe
64gz
ylB
06u7
PUZz
BWRN@
39q
f=D
rF0
R6z
LXYU
W=iRW
FJik
jnU
eud#A
pW44N
Fre)0
-M-D
gF=n
GGA
SbG
Xlsz
93V$i
9CA
Ctr
H(Na&
l03
QJc(
IQUE
Yj$sx
--R
Cm49u
u%O
a3S9
1df
QoWu
*ef
RU6
rY0Qk
aW%x)
ZQ=uQ
@V%
uPs
zh0pY
%tM
%ZVt
kig
UCXI
DXB
Y1n
p93j
Or2
Li5jL
gV99
5CZ
QcTN0
%41
&HOz
yDu1
xHMD
!pCx
fD=f1
itJc
rHG
CrV0
NaqQ
W*qZC
T3F9
%C%
GfWbW
Nd6
p1u
Q&4
r9W
@@mTV
SaHux
W$Ig
PyGp
^-V
Y3QNn
nKZ=P
u6a
AepbH
)bJX5
xPa2m
YIrUp
jFctt
#$1G
(4&mf
00&gk
0B61
crgPu
zth
C!mzi
3GsI
mE59o
s89j
8B#
kwaw
T&k
rt7
9G!&d
kPo
PDer
L*zx
WL$
A2lWu
g81Px
ssC
PnFp
h%r7
z8sh
$f^1
DrElR
Ss5
ILg4
QL2d
)eWDE
9L3
eO1
XeD
guHfC
OA-go
&w5Yz
zbK)F
&!j
7FP
kSo
*eV
0=JB
J&Qi
ww5ti
x6A%
4J-
Ara
Ko&9
1Cy9
tfGA2
9j2dl
4t6
az9
p69
FK!
Ni$
RMm
oW$
!LA
Fz8
f)m=
zWr9r
#s0n
3UT
JFt
J$n
TTH
wMj
Is9X
xKpo
KOZb
inmH
-l!
aTycm
QR81K
6AYr
GdAx
cPpGt
VTgd
uHRjF
FAmkg
gy4
3bd
m$j
uzE4Q
g7n-
xT%K
P@6r
5=eB
CRxj
XXF-
uUB
XPw1
T(V
w^h)o
4imMq
8J1D
cnXt
OVOqj
HVit9
*eI
HQri
GO$Gz
VC7
Q&r
r-LVx
jC)
o2V^
A=5)
3%)A
hV#q
6Aj7
NVQH
Vfba
&NiYt
gUVo
M4XL
7JUm
3n0
5zT7
-VDE
u%39
0daiS
YzX
7d1T
Kxig%
%9J
xw&7
G9D$=
GkXNe
OUz2
SFt5
L8-
qrA
3Ex
X0*
TW=
eoq
1F!j
z2*
E%=
r*e0Z
jwy
nPMJ
Nx%8
@zzj
mHX
bXy3
2Ts
s7&ae
z!mq
W$*$
!XA4n
0SoM0
HO1
BG1
9&Ld
RhU
)e#Ne
Xt5
QynM
p0!
Kf%
6=r
$oBTB
Gcy
5FU
zLZd
bsJ
JAQzw
ZWlXQ
Q2g
9Po
zy5Ji
#fw@(
(tc
$Lm
r&oA
IrQUY
tGk&
01O
en)z
RZ2h
oyr7
Hh5t
7pNyn
6PO1
$2f
HXm
65jaR
HCpES
4Jt#
7co
&peD5
9Pg
3AV
f4b#
%8gI
e2TR*
-jRwl
lC@
0Zzt$
a-L^R
(*n
gVhw
3Lr
F9@^G
QBVT
aZg1a
Jhi
NQQ
5xu
KHhfw
2=Q
GGuIs
K&(0
n-rl
5wT
j6c
TVt$
KkKo
1cB
CCc=
b%0Vw
kqX
Kie(z
!xH@
2y!X
5e6Ez
^*Z
iVWI
m-p
RWV
d5FI(
bY$
x^%j
(8bik
hCgc*
bNaGI
$zy)
Qoqm3
oPwDy
KCj
5V79b
d8(z
XbWwm
xhU
^D9FK
MtjI
ok4I
oK3BT
sdf
AEzN
Q!u
yKI5
1oy6
X8^#
&%t
(dj1
Er9$
ZkRTj
&z8T
080
gzomJ
nloE
*TBtj
jsyHG
jISqI
JT4la
rk(Un
z)E
lebk
a0=t
GP8
IZy
CBY
dE%
b0V
qo=i
*g8Z$
cZn
ofP
Rf=e
Mh854
=V6tE
)G9LP
0P(G
LmGAt
#)h8U
zU@fj
iGfja
KKcs
2@cW1
5*=4
rItj
jAu
ajB!
2kIL
Ywq4U
RE-s&
Rd#U
#-zG1
^*px
7uz
86Ka
y^NDx
tS=M
4hr
q9u
PlI1
HyAr$
Y7y
7ph
kqI^t
W%a
BQ4mu
k)O
-MO*%
t!4o
8srSL
XKxV
cba3
dA-qE
0G4
JpI
EzTx
SdFt
gHe!#
&&MKf
kHL#u
CCgWx
mrq
jTPb
Lmz
9(Q
Q0e-8
GJ#w
gyzB@
Pw1
))B^
jC6#x
fp)z)
$^Y
ukh)B
0*P&R
SHz=
9m@
5B6RP
8$=Sz
pUSAj
S1kX
zQm
hGzP
sxV
T*Jot
Cp&
e8^
sszI
)oV
nDfR
nb3
qazAx
&8k8)
w=cN
5(khM
@7Gu1
)ChWc
dFHDA
hdUBT
RjJH
ZqLJd
N%r6f
e-f
!6%68
Sqo
5-y9
FG^
SPxe
m3biF
CFp
)Ek0&
B17=I
2xTM
I&G
5#U6
)QR
9tCKJ
js7bS
yYz
eBD9l
fFBb
GVqm
E*7
CdR
6prQ
f8X5k
c-zY
7LiV
cdR
jF3)
scp-
!g5d
FDZna
efz
10E!
BHe
%5jUb
-GQW
#!kra
w-T
iRY84
)MLoF
3aZgG
G#YQt
1MZF
bY*8@
*-r2n
toWBb
!uzN2
y#fMC
n3k
(8*
06i*
KEQ1=
x8Ta2
TdG
BcRq
foIp
zhra
8m7*u
u!Zs
U#God
kuV
%Vi%E
UT@E
3PZ
67hM
q1ira
zhM
0FkW
fiJ
a#u!)
JWa
p%ly
jauNk
qeIIg
WOPn
JYpY
NX1y
TQ7
KHqt
Awy
@Gl@
2G*
R%ht5
04HsX
R*I
H(NX
)1s
9w8h
R4I^y
Xxt
$Tb
nBFpU
3DJ0#
XR-T
5Yd
LBKwd
TH1
WzF4
L3Q
h2y$
xoS
dZY0
2-w
(m8Bo
Mc7fD
dn8
w0V
ynU
$Vbeg
LyJJ
AZ!
B$z
pBSw
Awzb
cY34
tlI&9
X5^
C^G%
WhO
okzxf
O9S#i
O0k
zyMn
DAI
T7$9F
MpEp
Z(zF
RV5LG
T=s=8
0ONgo
mn8
VM$l
JhK$F
hiJeb
xVt
F80W
ghLIu
lCa6
2kk
SPZ
RzGkd
1D$
7&^=
GT5Ga
9XH%o
ytsN
IV5R
67m
Xf%2
HQD84
1311m
fih^
gM6
7o(@4
xF81
9Zy-@
M^ysj
BoiU
pY5
UJN
U0s=
2pBH
L3TH
hS93
#Qp
D1Y
&Y0rR
mYZ
zZk
9-XfX
C*^
=*z-%
omX
qbwQD
JWNO
&yC
rZb(
LR9T
lMRnO
1z5Y
cu&5
ySI
tPrr
8)UeS
dNE
7ei9w
t6Y(
Mwf
lq$
seq
a9Oxt
Ip0)9
yB1=i
r3@fF
yOgr#
g)q%
MwwBz
rO@y
N=^$
yfn
C#RHL
kHo1
Xjc
Ge**
cCJBi
DOZi
2Ww4V
$%)%
aE4Em
lgm3
BeZ
ds-0e
RSI
mr^jY
My)@a
eLQ0e
VAM
oLoRc
MsB
A!U5
wP7
oXP0
-k!
L-e0
4dz
4@us
pBE
Jy9z
lgT
ifE%
B%wu
6DhMN
$d*A
#2y-
pzT
TFQB
NRJ^I
Z*T&
*^b#
=lrSp
j5CZR
NE@
SNtN-
Sd#U
Dx2
G3e
6Br&
zpu1
Am=Ql
Pa6HW
rEr
Rdf
PA=l
(0JB
5^z%V
7QTxJ
Ur2F
wsd8
8G#
&T%
Cf)
VF%(
Hjs%-
f8ldG
XpyZG
F13Ew
lQo#
=iN
O9z
m8@f
S5%@
Gwpz
o&A
K96!e
Vps
I9S
C9w$
9ZYt
rJu$
34F
-Pqf
gy=H2
(x-3
n8k0
zUto-
e-xT#
s0hU
Tc6d@
xJk
dNQPc
f1=S
7t2d
ybo
D-FN
oW4uF
9-Z
j9p
RpFjK
KaZX7
@1YVG
fWc
szI
xjX28
7XE
u%F^
a1*8z
N%F
Y6wK
%S3W
suqrT
IORD
^l*
%A7
c7$nQ
bmt-
o7#r
du3p
wlP-7
OX9j)
g*W7x
shz
BeNSS
&437D
NMD
D9aPr
0%mz
Zr#Y
07TBC
pWqiS
sd8^
HqMQl
HxfDO
1-&
ec0o
mB-Cd
2j1
PTKFc
^N2^
w-4=N
G6^Z#
RwbOW
Ynqs
qrKtg
E#z3h
CSi
sM62Z
zKz8
xGNaH
=O&
@fP
))za#
G)e&
GcwpW
*3qM4
q#b
8h@d
h@mQ
X0o6b
Kd5&P
NMqHy
g1U!
MAY
NUsJ
wXz
*ojPZ
EKD@
b$#fn
79w3t
VHZ1K
=a5Z
k8wZ
pmi1
kWFT$
Q@p
d&J9F
j5#GO
l!r
inq
ckW
fc&8
Gxf
O1wWu
XG^VU
j7u4w
pMhG
XtnY
cRJt&
Pzm
Qne
wOS
7fn
cQ$k
YFX$x
92u
z^f
$dgNu
XUa
=oc
%jD80
NFM!b
uFz8-
C@Pe
W%tin
y3-
=A#!
w7-
90Go
=AO
VcrA
%ehHw
@J)%
y-w
3*UV
FJXG
a$EXa
3VH
FPnrI
pi8R
K3riZ
0u1
!3QNo
ZQt
iaA
u6z
WNz
7XcSE
A&p
5WIP9
oqNX=
OCa
g62xx
zOM
DXf6
Oxg&^
WzAFr
Oz3
TdI
Xx*$u
R1Q
RC-
3E&
kzY-e
Q)j1$
S3&
Z*7
)F@
((y
RG9
S3Qdu
$Ah
HDhN
-Q3
tPOB#
y7h
QCM8
mr0FJ
AKp
77ELl
AzzUu
nua
gdM
3zd
70s
Sm$A
dPi1B
qwo
z^DL
a9UNV
D6Rc
LXf
AWS
^3Bw
1sJ#
MXz
MCLl
*co=
TKa=
c=H^W
d@h@
DAqS
rD=!
N3e))
Xj9
zSc%d
qOD$
Mmr
e=n
seeU=
^7C
Q&Q
Pe5)
sUsw
afQT
d3MY
wLt59
9SyCT
1#4
@2btH
r8a
)yX1A
XckPe
!Zh
p*nl
#D$(
zb*9
craZ2
*rpeS
JpthR
D*89(
uiY
XOMT
fGri
z09wY
2HX=
aa(
Uf%
V4-
mx6^a
$XVc
a4w
HK#
#JnF
zuxZ
3Iny
**AVq
1Q9
!O#
lSU
pD=t
#*$1
HRBN
aEF$R
=^N
lyf3n
yU-
iMJ
CTSlF
N(4f
Sd@
SIZ%
fHs
fAQi
m4(
%*^U$
Cs&c
u4R
=ZH
mfHII
P3uyf
9M8M
n*b&
b1A
mhAU
fgzb
2c7
pBM9E
rQs
rfcD
l(t
zJRH
KKI
h^8
(cTn
9=j
J3P7p
rfg
u=PC
4EVM(
U(!D
cVzAi
BeR
56Smk
nRhKg
Onb
MKBe&
Ipb
nPGJ
K2)
z9kj
Ny2
wVhi
rai)
J)QlI
yqQV
SHV04
whE
pz9K
1Xk07
xRwy8
Nl@t
E3t
UwF6
MLC
sIPxQ
Cz7#
LRGI
gO!H7
G&Di
soeo
AK-%R
wBu*8
OCs8o
Gj!)
&Y#
@FMd4
QA@TE
0oUEw
4t9yi
Sad
RKb
HDY
7cp&
Fu@Eo
Wd=S
iIGK
@gF9
JkF4
tEFWX
5Wpnu
=!Dzh
eJA)
bIl6
eFR
F5!
Kot@
gAl0*
@MK18
t1&
X0*
BSMU
7$l
L2U1&
wWq
DWs
ueI
)0MIh
-S3Ha
ULL
VBbVF
lu&oy
V09
PannD
TGz5!
nJ5U7
ead
Van-
d8O$u
(gpbR
6&2qm
-Tw
pcX
Ttn7=
@7D
1ki
aSB
1EQ
9ES
r&Cf
ijWNK
HZw
@(M5
&zG4
BOja
UKP
4arnw
!@z
qpj9
-N)iD
SGc
8ukna
)HncE
mqg
GyVz
*7&
(w^S9
zHH9=
DB&zd
miDR
(I4*
u2D9
!R1Y
=Zyih
bE5uU
pOl3
Qma%R
WeiP
df0
iUj
buY
05s(m
Iers
KD!5
Rd9V*
TKjZ
HjGsw
e3J4(
ANFKT
ee0
6)b4@
paKV
sgnf
Fc*fm
acc
L08
D%ze3
(rh98
VsTJ
l4AdQ
f)jyT
hH!
imy
8SNni
(QzEH
xXN
od%Bz
9Af
CpLN
Cq7
F!(
#j^$
i*n^z
@FA
2Nl1K
tU1cj
rBb
=&O1
rXsx
9bSe
FyYk
Fa4
Lda
D9)b
9Vte
@Yl
QK^i
7*0zc
Y!5V8
8zj
jlo
4GzGF
JIh
7%KN6
!DEKz
A4YNb
nRMNl
Ae4(
CSiT
o9kX
c#ZT
zil6
=mz4A
zzl
JO-G
$Y*Wj
UUy
(3n7L
tHb3
YJ#nq
V8CB
h#FW*
xBb
Scm60
Ik(@h
qM#
eG9IW
FI!g
7tO
on-
Fbt
5a5
@k!z
KOQ3
26)
GRHJy
2BApI
OjKl
oIP
sCnby
INn
jdf
(!E
HRg
-5k
Ka3=(
JF2
=N9
nfbIp
&bP
2Hfa
SG^aJ
LMgy&
izG
sEjg$
F!=
1c#q
S!%r
qCi%^
21V
-z)l
a&H
Fj#
YoH
&iz
(s-D#
DHSz0
=P2
8!J
#AY
^kye
MqI-
elWf
w6bG
w2a
-MCw
xoK-2
bRN
W#epx
7hb
U(Ip$
)Jqg(
LyU
tkIm
dOiim
*CGDg
hAby
9z3
%ei
cz$Zj
b#f84
Bqm
k@yI
u0Af
WFWz
d(^Lw
Yzyz
s*1#=
x73!I
O1wq
&mM
IkPAG
2fk6
Pfe
NYl
gk1
S2t9
ma85
@5NfB
%n!R
(^9
yA(V
$Q*q
pr5e
BQs
zl8Le
tFYdt
XU6
ctO
6QF
$BNEl
l30
k9Zt
M$rX-
CL#q
y6w^
H^i
X@sX
pDQz
Cu(
4Tk*
mbw*l
o3REr
jV^bF
gFJr
9x!
T09ot
**A
JHd%f
g6Xx
th-WQ
z)iL
X*Ri
!cT7
^oMwl
eLQy
G(&dq
cmOMM
mZAUy
@84
9I^
0htR
JzA
9#PC
Ipz!p
zh*
CuNo
)@oyQ
x#5z
rHSC
CcI
FiFl1
jGRF
3oU3)
FPM
BGat
79(%o
orG!
*nUz9
dm*
NyM^
3H(g
JmW
rTsF
ccY&
LlI5
-KC*
q%F#
n7l-
Zb#-
C(g6T
GaVF
umBh
YZiY
SNC75
)z-1b
gk56
&ZES8
FHIF
rfESo
29B63
(dD8M
3wx
O8Egx
F*sS
Timn
3&x
51t
Sf3c5
$4j#
)L2
h#jW
sH7
zV9mA
g0LA
yaW6R
N13
yj%
ku8I
s*P%3
C!8R
p11!
*7SY
t8L
kq2f
4#-*o
Tz)
SO#Ho
u4jz7
rFf)p
$WM2k
&pyz
L3A
HC#Y
E4jPj
nrg*R
e2R#j
8WK
JlkwU
zJ=
x%EZ
(azC
%Q=k
yu42R
fmn=F
z(B#
9lAxT
&4oI(
Xa1w
D4A
kLn
iG5
nc*
z)ro
DizD
bq0
84*e!
S=3W
6S(
D%S^X
Cze$
(%qA!
4n6W@
zx!
X4UD
5cER
0e&q
y!fNz
SZ!##
P2IY
X5e
m6m
b19d7
Mcjy
Ty1@
FKM-
Ju5@F
BMqE8
*h%L
)3UD2
0AcE*
@pfB
=g*
8$xi
*8)j
o@@-
MuB
=Px
o@C
$^!Zy
#PV
Xm2O(
f3E9
5AoUx
U6rAr
jZH
3@u
-Omw
$$MTP
F%U
5a3
V(US
m6V
b@GkC
ON@4y
IYH
kD)05
%wf!
E=woP
Ddn
T76
!BH
Zd&y
r$7
i&8
G6qBk
uVp
WaI
uODEr
y7XjF
dBzs
5$-=)
w@^X
Bo5ou
@!S
fc*d
K8ryD
3pQ1
Ifua4
tyD&
y^4A
cuiSM
G#^1U
dfW&i
j6UF
%Qpo
m(&WZ
KkZ
RO*
UB%ab
Twa
rfU
080J
6z3(3
l!JG%
aL(
rwYn
sp!F
A45i3
5^=uV
&Hw
9oj
e60
9IK*
@z18
dX@
)y^
sP17
Op&
HQp
!NP
sEX6
r-F
ncg
Gmk
0TG
%%F*
r%C@t
4ZF
HyH
Cb=Z
(Ga^
OANB
o*&
xSh
x(B
!LK)@
Sbp!
FzNBi
9TM*V
KebB
lzC
Y@V
lKk5
fc4!B
JZ2
d7ul
eWrg
VMaU%
5!W2
#7Sg
fj=r
=6n
kw%0
77T
HelH0
&83yX
jfcxZ
O-h
Ygqz-
WRU#
%)th
J1Z7J
fbaCJ
Bm751
tgCX
fLc
YLHJK
cwMkP
RUw
PQFc
za4ds
JMVY
$flW
1P4
-m#
xGUs^
YehW
qCz
M)^a
aAz
f)xR
xzWg
-=7
rOT9
dbi#
tU2gZ
oJBwH
OX04
VeuK
pAP
SrOnu
USzf
u1J48
mc&=y
Vmi*B
OIzb
(fA
(hj
r9KM
(&y
fkY
Ql3W7
J3T
=4Xj
dzG
mb*
7Xe
zY1
p7Q
eMo
&tIu
O1o55
COlS
nz8
Nzuz
raZqB
G@n
H5H
(Hs
gxbZz
a95(
kg5
3!EVU
rNJgH
ohl8
Mfb)
=D8W
U@&BQ
@$oPb
#aG=
09*JA
bQI
nS)o6
2Meq
Ks1
VVcwy
wJ%zW
zRnLd
Y0z
(w8
P&DV
!-R
mo9PY
XBY
Q5%*
mWg
o*zqp
&rGzi
B#fd
OOf
)6Vn%
hqJL
u(gP4
wFW
kY3#g
dUTH7
5R7Eb
NuDr
%@Y
rVs(z
0jm
AnY
ZR)1n
&Wn8S
E&7#)
^&1(
Nz@*
RI$z@
53czR
whcf%
7!Y
irB
W%xc
Mr^
s7DU
gTHD
Tzy5
kt5E)
zZ31R
KX*m
7mj@E
Pnt
eYI
z=Rq(
*m6L
rA9
BmYq0
b@6
br3
@Y^
*Hq
8WVn
zk!T
D1@
rjaCo
iHUD
Uialm
U*p=
^nQ
MES!
DtIa
D3utc
X!P
xrq8
AgJ
-5eze
V&iz
OrAw
GzVb
a^Qp$
C#T
V=s)O
d-YV
SkQ
EPHz5
wOB9
zkfh%
srKWM
MaNY
atDX3
Tar
Ol0
Y8zxK
eOS!
cmLUf
3iG
9Il$
@$&
qNtwr
I-S)
Uhu
O7dq@
f!#cP
3tl
S#)
)&cMa
2uE
nuUJ
We#%M
axgqp
7#70F
1@VzN
Lb7l
HUtzF
WAiQ
i1fn
yz**
Izd4
sm5Sa
A9QK
0ywqi
%$NiL
=B0m
50z
KThu
RHdqf
3bg
fm$7
ZOh
B%pb
^@!Ef
@$me
3yfm
jf$
&Eh)
RcE7
F6L7
67%h
atC
M4@
q3Sc
RcMDN
o7Nl
zZZ
3xh
nA9)
cnU
e6yN
&6UEn
!g!
pzg5
QILIU
Tz(
z&8
-KMl@
hUj
RUXl
&-sym
I=A
FfxpR
MF&K2
VMW
c3^G
G%%
nVk
PuC
Kw-nL
4lugs
fsRzf
dqu5V
mwny
1Nm%x
fBB
#PY
6OhN-
gpMK
Si5(
zuzuZ
eLifK
ll@
Zh1
=N-H
p%Aq
o7zi
uOc
GaC#
80%C
7yc5
HPU
t*=
m=T#G
n)ojz
*zQ@
M8B
)8F5q
is8P
H^VJ6
AzxxX
L(z
@R@
3fsRb
ik9*
3RP6
OCU
f$j1@
=drl
JEw$
wXId
xB8fe
nG*M
tX5C7
woN8l
aEu
r5k
Ii6
0W#Zh
ZtJ9
PucT
iM^u7
*zt!#
zbx
z(Hma
LZ6q@
-Ui
w@Vs
#x9
3x&
-Es$W
p(kP5
bzyp
6MoME
Kfa
gr#0
D)l=Y
mX1Of
=!YO
xQmH
2AD#
VfT
hNVzN
=%-
78O=
!2o
euwZ
)z0%
arY
G=P
9&3sn
QF@s
ITw
&b5(T
pMYT-
kq#0
J4aM
b^*
mkam1
8hk*P
u3jn
BXcN0
9MeO
sZXO
8(!
HrE-
1eM=(
64V&N
1T)
-&UC
3c6&u
fAjEx
W1is
e&w
E2u
fii
oSn3j
kAzE
2Q&)
LR6
@G4E
CQQ
FLdt
x^TWs
43QC
#4RDR
zQ)Qh
qpClG
oPh(
ace3
9XY&
g%SJD
2kk
TEjf%
BnjHI
inu
WAZYw
#8W=X
x^QK
53OB
dyhNJ
fGMNz
@taU
xW4!5
x1hGE
C(5)B
TCJA
jfdLT
eLjJI
H#k
tz*
Ro*=
y9xJ
)0!
bzAt
LX#
%C&
VkmX
iaa9p
M0Sb
$zs
Bh7sm
QbF*(
C5Q
2jzV
hh)u9
G@uWx
XN0
CM=
3Uyp
9uC
fdm4
Zsr
rlih
&2L
43W
-FO@Y
NWZ
rWMik
8dk2p
^qW
Znw#
R2-K
YoXuR
5ie
(sYIF
Ydm&
D90^*
KM@
%!k(4
IBUQd
@TX
3Ln
0zd&
UM)
L=2s
4PD
nrP^f
DEDq!
wJR
mP#
f(YE
&X$
X^F(Z
jCTU
d)!
glq
qyzY
QEf@8
eBJK3
lI&w
M5kLb
X%cr
k7t=
0UjZM
-((PD
jN8WQ
9um
J&Vn
kQ*ue
t!x3
dZ4m
ek&-
IpD&c
CWz
pF9
G!N
u(cP
NhRA#
4LFo
eaLm
3GL
V8Vh
8h&R
02D9
JsJBw
dCHe
p=9f
@UgO
*&7)
5V)2
i)19Y
uo9y
pgRL
u87
lxbF
d0J
x%&
VVp
qz$
@hiLE
Hzq17
LGc
%Px
Os3Z
1zBF
gpd
clUd
!zOSu
Yq8
4F5pJ
CGy6Q
EQp(C
-Mz
zu3
2zUy
^uj$
Wp3(b
(@n
)#4z6
UTpm
WdB
0QlHE
Tfdk
6^sB
zKi
yzzZo
V#q7
miky
a*80
GAg
326nG
)H*G
ztt
7-#)
KD&t
fZm
u0f&r
n2$
84IJ
SPqtZ
Fey=C
DxuV7
^8m
p3x
3LcT
*nM1
1MXrS
@$zm
03Sg
1AEU
9w^cx
bQT$
Qy6Ax
q3L
(W2(t
&ISL
xl0)d
fXKcM
mcRTU
RuTwC
h6r
^-x5
zeAd
5V6
*2ZM*
ofeB
bmE
bCd^d
m3LLn
RJrz8
h7(O
b67K#
iQL(1
%^f
3hC
hNkz6
XL4
lkBK1
=AoyM
iRA
1z%n
7gjB
r=6P
!rk^
5(MB8
J!C
BcMk
&1u
B^83
&r)80
gCgqm
9^Co
sexn7
rSM
6F2
S3l
Jhb8
H-Z
TTM
Y3X6!
8YuJ1
cEl@e
2LJF8
!y)!)
NfR
RJa=B
)o1%
fc3
KC&
t@^c
hbcp
VYJS=
2BgBX
@a*Et
ztho
F&g
xJZ
691S*
hsgN
OiJn
=bB
jF=7
C*&*
Pmr
znah
l2O
-&ZE
mhZO
&ozg
A#b3$
wh1
9rA
1%@Py
YmcC
zna7^
YXR
1Xpz
S@VV
d0N
8MJ
c33
&Qz9
)%p0
UfL5
MGYb=
9s!4
3b2
HaiSz
-R)
bK1g
f^cz
(Bl
Aib3
2jUa
Mby)a
o1GS9
5BI9
wA7
AdG#G
aoz60
YGY
l)VC
W=z7J
!b8
AKd7y
P(h0
c&8q
BiL
M&P
ljQz
g!az
ssuV2
Gm!)b
JZC
ha05@
rOPhc
NuoR%
PET
P2BB0
IUn1c
dQUa*
E-C
MwTL
)KyN
LBL%N
UzWAs
8SSeY
Rs1e
2^UG
nkFHO
Vzf
6OnW
nU0@
!JUT
iq0)
l^9eo
9Omd@
2#knV
AB$
ODl
9yF3O
B&Gp
&O-
)w3a
qW%
2p@K
4L3
PS3wz
NjZfG
=lu&z
&W2
HzD
EFsPI
YsZ-
ps7C
8D)EM
kI5h
FYXTh
PX3
GHZb
&an
BzL
(u6J
lCEa
PmM6
SwSWq
C7p10
QAX
uI%T
Wj8!
4Q1)
rgADN
ZES!!
d4ib
^5H
OPA*(
qmlq
QI)
Dmb4
U1m=
Rc$T4
%OG)b
2cV
9XTh
PAH
UQ8#i
9kXR
hKa@
LpOzW
s6Le
!XR
nKs5
KUKlI
nQex
bar
Hx3
1aSdj
s3$N5
E5fY
gVab
unohZ
=)W
q)G
T@gI^
!ea
GlP4E
4e&%7
Y2WB
YCg3
JKE2(
a65VR
(npRT
zeb
78!
HW9!
CjT
(wL
0BOE(
L$z(N
lM%
8U*R
gp!8#
l^4on
#M*I-
&=X&
D4-zL
!(s
Qbbag
GJUKL
=*m
ysD!D
e2L!
J1pl
uL-
%6xYM
izyH3
hCmL
xFc
@VIEX
!!EeQ
O)I4
4EGZ
!%My
did
7#Y
6UG
mis26
EW3t
3(N1
s$-mO
z6XZ
Ty&
@tZ5j
E4q
2sQ
Dcdc
%jU=
bxH
-!r
reofd
Up)d
5TZ
fN*
3Vhp
NE^*i
i=o#
ooLyL
^bI
M7p7
9(NY#
pZt
W%a
%jPF
E7!
Qm@WN
wLi
&GNx
@Myrz
S52gI
ZP0
pH40
J1UI
wSZjZ
I(rs
r2QAj
zz-UT
bA4
*rG7c
Oj!Cn
(3m
G&J*9
prb
KyBy
22ym
!t2#
PqtN
5XR%l
iy4
m&4&
bT7
6-g5T
Fa*B
42i7h
ZgE#f
%p7
OtSAh
-w5
aZ8w
%L32&
^u0c
j9^56
q&zDL
q=L3
Y=k
Wdt
dGrcu
X%I^R
xwQ@u
kz=0
gXj
y%^W
ou(P
Edt
R!h
2-eD
tc(df
L%zSP
0ch2$
luK
zB%
8iKcF
fJGA@
$kH2
WAV
OU^j
hkG!
4jn
2OS
cn!hz
8hm
9RXT
s*a^
CSMQ
SBR
JO!*7
b(6n
6NeU
8qLLC
tec
0W2
3i8
LSb
Mat(
Um(
iD@
hHQyE
MdP
LN3
CpG6
M9VY
SwBlw
lBS$
PZO$
pst
FYqa
R^Jm
t43
Efx*-
qwk
XYbn^
O7W
1R0wf
Q!KXD
jdlZj
Wzcn$
RVdXa
S!8
Zk0
Bn61=
)eNd
MOi4$
MZ!8w
rGp
MNLC!
eZJ83
9jmpF
E4p
z3z
$NYh
LCm)M
Ro^
VEO
V#6
7By(
lm)(
&&X(
l^9*z
4OH
xRsX
bd%R-
7sl
O*sP
yA&8I
mUE=
2UA&
fl^
MxAYm
ZYeg
TfyA
nfXZ
7zA
i#z
&(-
m(KDR
Vz^0D
YW3H
jg*To
uWN
U0O)
WslR
F(F8
pVDC
8i4r
pAm
q89n5
K3Mb
zYW
JQEYJ
Ms$
bcr
A$S
r^p*
EkD
6je
=94u^
YNIYu
(-Jd
onDm
t0a
0FUk
n2xj
KI3Cx
p@@E@
C&Si
PkrJz
NzU
N*gJS
=zLSI
ke4D-
8jT
eLn33
XF4&F
F2OpH
WNO7
=1H
yF0
!Fk5V
bfSX6
xap0
Ls*
KQ@4W
2&a
YnBY
hTmI
boL
yh7j
S!5l
W86
RCo^
uKDso
VXe
Xtf
-RuR3
epYE
n*I
Cp$
dFWgK
%PRGe
VUd@
Vg!i
Ay88
Lnn
Qg20
8^8
Anx&X
cNqU@
qWC
b%Wib
Rf29
-u@
=6RHx
PfI
5Wc*
Fjf
PGj
VA)%
x!)
pl@71
zKEf4
Iewy
Zb@
1^@J
47(f
ZY(=
uxjT6
mufi
2$T
BUjz
TM2
Ogu^M
N!rrD
2up
2Kr
)Igx
mScd
wsxzc
BQq
978
hYz*T
KDdlT
W^t
4R0U
nh^p3
p6e
Zza#
8AW
0JH
xbuA
cBR
)PmF
r*OG
R)7!q
&ro
T-B(2
k12%7
E@VJ
m5#
*fES^
KNzg
tafDs
@7j@
%cD
-QI*
a-5Q
#pu
AuoE
12Jnp
%q9S
x2r
A*$
upPQr
iZ&J
aC6u
Q!r
Uk*H#
s&f
S^N
ReF
(#*OR
d2rt
Gi(l
#1Dy
TosaP
1Z0b
aOf
%ZTj
Oyu
QOo
5hPMQ
mwtbb
Kos37
d1^n
WVN
wIL
-Zh1
447
W)=9P
qGB)0
X-G=
q79
JoSN
NYP
0cnV
G@*jR
%B(=
JXy0
6Y3L
ZiWx
ELTdc
bGHj
Z7M-
-tVE
#ya
2D@jq
SkA
wToQk
lgz
qJ=c
#0f
*TP9W
RkEy#
Dj9
sYN
qHfI
6L61A
IyN
S&&8
6E@um
Lfzd
Y39
MktYx
OT8j
5%bi
AQ3I
!Vcq
R$gnM
(zJz
d6-
H!VTK
AWjHN
(1u02
asuW-
*owL
nmGX
iA4
P5dX
9RR3
E2M
(#$Gr
EttU
Zbu
Jgzq
g^T
txRh
en@uf
WcV
Q*9
MpFh
JV)5B
KuJRD
MFC
me^#k
CKJpQ
kdpql
E5z9
7q2
VI#9
%dW
1kf
bd!f8
k4W1
Z-z
p5^
UY8Gy
EyOZG
^@1
khIN
$c5$$
8zX2
7=6
NrSH=
pf5C9
U=5ub
AWccj
tnK
nm49F
I4y
97pMJ
ei0V
Q6Q
3--
e*n
d(Kr
FuD
Htl
fQMr9
9MYQT
A90!
JJT!0
2&V
TBCl8
sakw
4rH
kXsp
sTj6*
7BUzm
QM#h2
$4c2
(A8*
A8L
wpX
(%1
=^-T
g5&N
P$Q7J
R-k
57I
q6tz@
MRWa=
P7CK
shb4
ez29w
&pj
ocm
U$*(
zUs
6z@sz
NQq
2ez
-MaxW
AWi&
)ol
CX$)
^b63N
oa$w
g7bZ
C*pBR
AuUZ^
9fYtN
cUPVS
acPRz
1Xm*#
K2=l
eS4
SzK
wz)2#
oPV1
LV*nl
w0r1
$8b
6CI
CXO0
7fN
Kx%nq
w#L
L2%u
eLp
VDy
5A2@E
O%q
zyCF
X-I0
4umH
!J0
ly4hb
slLB
N*C
VCp
EjC
zp(
9$Y
D=z
hsw28
47w
-oFu
nYA
-s-
w8B
HjXrz
o(yrI
K1Tz
Msw
CSfz7
zPC
0q&l
BLLU(
mi)
hQe
)EIZY
3G14P
M$bM
yahxp
axD
bTm3
zkS3J
&e7
dF9s
hKM=
g)4R
rJqq
MVxt
SZDa
mLb
l^g
pbb4
7ku
3GX7=
(ngR%
9pOjX
f-n
n9rc
f$anr
ffu9
Psn
IsWEI
w(&y
r(GQ
G0Y
V%aTA
3^xy
p#UU
nQFwy
zXc
XPL2
5j1=-
QOnO@
fz6T^
tnfEA
OOV=
skaG
%X!
ub%(
nZGLN
EcjEx
D9Z
jE$#7
ulU#
gXaX
jnC
uJgY
d5aOi
Y)R
oV7(
JEC3
cydp
OpMN
xFUc
KHE
EC9wg
XgZkT
NtpS
wOZ
F(M6
24^w*
sxq
Eu-Q=
NVI
ayaxD
!uj=
(*gm
=zg
Htzb
uO&E
zzBF
MRNw!
GGb
dQFwy
eb#
6E0
zD5w2
uT5
DwO
zfPml
6G-%j
%y3B
9f$
5*U
pF(j
33of9
i37-^
yfuz
wReXG
6$Cs
NAp
1l=2O
tqe
!dxF
DD4D
CCa
PZK8
bcCr
NhS
tjP
*lh
4=S
zSd
ELV(C
qTHE$
xIx
n2uA
8iS0
-d$I
x$F
JJE(
DCI
l75eR
Vb@8
^8TW
yn(HJ
Fx4k
kJtfq
clG3
$QWOF
H(#
pu&C
X0&$
HEHzd
G4Ae
8Xh-
3z1Gb
&w8
y!z*x
Ch2
jg%
H2s
ZKJdw
VwET
LUf
*C)n
qy!3
d#!W
yDyD
CH8
it-eX
PsMX
-Ub
q7*
yW)kI
cHiH
7@1MD
V66CC
tF2M#
wYz
cRD&
LJHD4
sce
lmZ
%mMsk
!oG
QuID%
V9F9
bGWq
10#i#
m1Mf
fLD7V
iLD
RROU
eA)UQ
n&r1g
nko*b
OKXj
Xx6Q
LWM@
(65=X
9*K
*%sSf
e0L
*p*
w$D
!2-hU
R-(gC
%@-nS
BVOz-
w^Y
dUA&T
&il
V$E
72kn
)Pm2
ZP7
Vqn
=kbYX
(y&b
luxQp
zaxnt
p0ZOE
Ck7b
#BhB
p=Q%
3!=7
DOdp@
r(AE
5lfaY
Ng78
OU-iT
gD3rq
$g5Qf
WVd
TYG
ADo=T
7Y7!
FFQ7
HTR*4
DPBf*
sWk4%
Gj-
ZTaT(
VSF*F
Y51d
jz-1K
lYB^9
L2f
FfPH
o2K7
-N@UR
n5$X
!NAS
(l#)
nllPK
MU#
-YL#
HeqZ
4^y
3t^
eBt
pjs=
sYuI
MlQc5
qTc9
puz
f0Y#M
m#$
L-Jw
z8#9
zYMJ
VkI
cO38E
h9j
KMQ
7(c&o
V(d
yny
S5$
(QKLV
h*AO
gQ%
-&zj$
GAS#Z
p*9
Co*t2
@Z$Z-
0yoE@
7(a
3K&W
KC0l=
jDQ
mxS
-3n!
Ad1u
kOo
5j5ea
cbF
xTa
VuG
2%Z@
I=h$
Sru*K
cqzy
$U4D
Kl3#
auq
V4D
Yoj
!RbSj
G@sFs
*Qx
FtS
gfe
Y0P$g
9&Ubo
)@oQ
F2y
&kUp-
WHQJ7
c3P
0!3
xzK
d*Xnj
dPq
FEJm
0j1i
gQ5(C
jgP
0MPPD
g)*a#
O-68Z
5Gw$0
UIW*
WiHBx
jzp
adr
jSg
S%W
YQMz
Bb%N
M*B
WSf
LHZ
JZ#
a7X
5gz
EeAGu
F3-
zzBA9
jm8J
V**yg
1MGj@
4(34
Hp#kW
pM@m
^^0g
Qoq
JjJ)g
a$t
z9pU
zTPi2
#8Q
AmU%
j%n@
kS)B
Llb
J936P
P6yF#
%taMT
U-uS
ghqg
GopR
-T(
13nd
b(3nV
t!)&U
x2AnG
dewY
1lS
Hzfm9
=es)Y
xoE1
aF9Q
=9e#
LzP1
GIy
-jTA
&fsj
y7)
@V)
(HgF
i*=
zgk#
kEzAz
OPliD
H43
cP8
xWILs
G(xF
DW7R
h(RG#
urf
wi7
xUXz6
gyz
pq@
Rbs
&tUhV
bpxZ
c!#8D
63GTG
YgIb^
R3g
A9O
0JCr
(rB10
4d%l(
x4q5L
*pd
KD5z!
jiCL
sIRz
O(H9=
(MTO
zw*rQ
t&S
26!
XyoM6
(i6rw
plRc
#gPOD
dcN^
psL
mas6x
cP(QR
99KTz
IlgCC
zdke
FPd&f
xbpc
9(i
%-CwX
dgi=
^ApO
shD
5E%E
B1#ZZ
YW#Wz
0)&F
T4Qo
Hqk%
zTc3
azTq^
eyz8
*%$c(
T1IQ
1tB3C
X3U
781
r5bm
Cd0
ZER6
e3p
nQg
$B=
kV^
Nzh&L
5@8
sQH5T
2G--
eYbcS
B@F8
J!bO
)Qles
$b%5
&qI
a05
p@TJ
hVb4H
66r
bfLd
lYz
AQlUM
-5uO
*Rs*
QY!
0ta
zx@%9
)7p
7Ji
NbyCz
LgH
D-)i
96ek!
WpH
oI0j7
rV0#P
nh(-
aCz8
pM5Gg
%7L
gJy
TLeq
gbKO-
Xf6T0
z!jV
o0y
0r0K
%z*g
1eF^
tCc^(
t71C
@(gV
XhbYo
Esph
x^YB
XB(T
2)8cM
J-L
OZQr=
!zI
2n!ns
6!zn
md0J
Qse
NTVD
43I
Wzdq
SM1@
TO2p
G%B9
zLIZQ
Z&p
!Zu
r$Y=Z
X12h)
-f#CT
&zgHz
#bIX
Z3JZ$
fe-7
l8xq
A(%
q8)K&
BW(8p
jzqN
t7Y
kFxm
Rtx
89-tS
iUE
20l
b!k2
OtUX
z3sE
Wni!
r1m@
zZ2qQ
B!Yj
$%1r2
@rJ
#E)
@91c
-7wAo
d6#cf
ZMkzw
KWjf
*Nbei
GLt
nTU5r
h21
YVE
nHGs!
UG*p
&6go
cVM
c3z
JZ2
5)LJB
H%z
xb-
Un3YH
&uL
5VVQ
EGxf
aOi
t%S
a3!7B
Hs#
Za7
RAJ
mu)
Lz=Hq
I0^
IkX#Y
b#7Dd
swjH
2rD7
6%8
Az-C
oWE4
UIP
gzTJ2
hfM
lhz1
Cb(*R
Wf^M
xZ-pO
@UozV
E7t$8
GDSdM
A1rT
jbo
hTXf
BJ^!
7cP#!
RG&
z4l8C
cDB
sAOIt
dPN
^$PVg
=77P
@bk
O%ki
z3(A
la1TJ
Dbk
D#ap
W@lo
9^J
0lC2
%oiM
xf4@(
yhRX&
ElNk9
kjbPC
l)w(4
HudmY
OKA
l9E
Y9sm
-*1MA
r&0p
z$Kg
(=g
uXE^G
stCa
qzqw=
z*c
CcyL
sSG
Lmq6
ZG5rg
-poi
tE0&
faXA
kCAl
G&G@
*L6cJ
Qli
lP4G!
XND
mBL
sw4e4
Tui=p
jB)
sVs
FFJJ
=ly
CxD#Z
Kpwm
FAZxi
Pizf1
81i0
xqb
c@e
w0d
FAZfL
akeH
neu
wagV
JwG^A
7%fQ
OPSE
JBe(q
Vqz
d*#4S
tKz
1pz
Sb)
Bu2R
!e#
@05o
*BNM
=Au
PVm&g
@e5q
ydZL
VT4
(xS64
#5(m
@zL
B$!B
1Qpe
*leS
$@4w
9Z&
YMUR
dLDB
FXs$
oRz
%ef
^jA(O
dN)
k-Dz1
Zp^
hzE
QSl)A
Nj*o
Li7
$9)
W(O
z2zor
nWEJV
f0jMI
RVk
Xt#XG
thE7
sRW
JEOPh
u2pb2
efy
zLxWN
yd!bT
EdWf
CB7(
F2hz
X9R85
E%Y
@0gkf
#=D
ysP)
AZjG
$kh$2
hK4x
Z4J
%EV8
t5U&
7eq
hzZ
Yu&
x5K4Z
hfs$
L8oid
9imc
gL6*P
900
6V=J
nUS^
eC*VM
w$s
*7-3
SQTw@
WPN%
#l-Qz
4jY
VO=
oo#3
3G4
L6iL
SIS
eTC
4j6!
jK#
u72Jz
mhniD
CSamd
#nNE2
-Q5tP
$T&
aOR
58N
DnG
zjXNf
zo1
Gjr
IjA
IJnEt
)5pZ
D=A
2#b
zzL
=H9q
y@wyY
AQQ
=Lj7
Bi4zy
h&9$C
Ved
16Az
rpu
gAVtz
ci0
Zp)y
)iIV
dE1c
%0b
az&l
6%t
jAI
MhW
jJ^5c
ZUtYM
z-F
GUBu
P5!y
0A7
24PJ
t)=U
MCj
9bp
UWH
Zb%7C
9RTa
=8u)
3cVD
Xzz
3S%Rt
-(W@b
2gz
JrRh
B6ZND
I9o4c
w#0K
razP6
exy
k5z*
%3E
lFJp
&e46
DL#A
YS^
puu
kyxP
D%5
msJR
out
eJ2
$M%
5Xn
nkBr
sPy
^Hbj
TsU^H
3T^)Q
Qk5M3
hTW
4CVC
(I1
HNhtV
7*5)F
ZKO
O@9
B(o
@i(Wa
DE2
5FskT
x1jU6
Ddlp9
Hf!&
QFzNi
5RAl
BY9g7
ff-
z^fd*
Rwuca
#&!
Zf2
PSM
yhXM
rhHT
Dcu=g
mf3
VN43x
PEr
p-rg^
TuC
rCyi
4l&Gj
8STI#
fpbzJ
bIhGq
Y9OLD
x(uyK
MgA(
kSPq
Uolc
#JJ))
4)o&f
dzZ7T
JMHk
nArp
$masy
wCu
=tU
K#@5g
u0yQ
61qgU
6(S-
ftwe
S83T
Y(Z)b
@t7fa
Gt)L
cJ6X
dED-
uzup
DNi6-
u*^
*lZi
aXH
bO0X
p(3PW
Cae
r@k
5Qp-J
N^gJ
fW2rD
0-S
h3#
6Pa
))G
)3b5*
a5zi
3!mjZ
S8H
sFXbH
AuNM
qu%MI
mCZzi
ETAN
hF*
zWC
Cxnu
5qY
we=
T5X
S7tC
aW%B9
NI4U
CZ1^G
e46Ot
!TN
=BC&
pO(
cyoVi
uJ(c
TERxq
j$b
Vk(VW
bpPn!
2(Q(
Ls0xA
7BAB
TAJuI
WeX
UY#
P7U
1z-
d(k
#7*Ap
X%f
mhzq
zKY3
zNc
-S#H
i%q
MgmB$
^lqL7
P-Xi
=b*
o95
-SL=1
IrJZ
iZ6qP
dChRh
%Cj
1V3XI
V)mEa
q54Q
LZW
3l%
C8l
3b^K
MoyD
ehO
Ahy9%
DgU
nZA
Osbwh
n3!)T
abPm
Ckw
MzX
HqZ&
chpfV
jk*-
$)ete
s8o
(l8
fZW*)
wVEf#
z(V
swVFV
bjG*V
2Dfc
C^x
wRoe
8a09p
Q#pbn
KJ6)
%G1
QGR
7TS
^eOL
g$!!
FNe9
X7j
MTXm
x0iXw
efkX
(eOV
KyC^K
bAM
H@W
ijzl
^XX
7zM
46$A
51(
exF*b
LTgPd
UH=
Sio^P
wLl
T&Uf
rbW
WXQbT
-Z*t*
27UA
2S(M^
Tz@z
xkjNL
dde=
Sw==
94iA
NdIe
8#X
Zr8X
I28bP
tcO5*
(AV
S7K$R
pSUh6
ZSxDe
#DNX
Y7a*
EJRs
PI)
1F7
dzd
eWWz
iln(B
fjU
zSn
WUXH6
JWX
pZ9
b4Yq
oxQ!
j#T5H
Dbr!
Hz0r1
j65U
o%yt1
nY$l
yit)U
NE6IM
i2A
pKK@
zDb
dHer
mSO@
Ja#
fMbhk
i44
TZqOi
tUG
ZAJJ
7c2
(CQ1K
CniNu
kwQQU
YC0F
llhg
EhmA
GGizJ
HPU
gx6
(&k
^DeV
s4ZI
nafM
AqI
s^g
wr&
ad#f
Xcc1
SG7
5cSzy
&4R
jdpu
#zL
&2M
o62*
qOS2W
Jm8F
2$M
h5^
c)B
-piUm
8j78q
M=gQ#
ZF9e
XKbwY
BTk1a
c2p2!
&A%MU
7W3eW
f*T
u5(
jqjsM
0sMZR
FbNAJ
Tx7w
l7!r
R6x*!
*n=
0Ic
e8B^
gQ-f
7esc
l309
rLxhj
Fuw
BGQns
&sr
Cs6
R9Zrc
jHa@b
Qt55$
zD!t9
)IO
$Q)4&
R0jiJ
0sO#I
@h5
U1^
WNjO
$%9
Op@Sg
3gror
wWwj
U(qU
sMcU
X4g
b##
7Z@
iNl
%9Yia
q9O2
wDCm
m^x-u
tms
zkBUu
z)lez
USpT7
i4*w0
tkFd
sQb
-RQE
9Hc
GGz0
Mz)G
bLTL
jof
jPJaR
-d4
6Qk
pYgE@
3JShP
N*Q
t2m-
BUi
#ls!
*%SD
c-#Mc
ig8@M
7a=W
F8z)E
qx#)m
ycg
Mjyx
$yW0
X5en2
Gk9
ZNi
r&l
WHd
*W=r
b%u
F6uHQ
mopX
ys6HW
wC@U
dYsA
)g%@6
)#)
Zw!OK
YDRf
#pr
C*8
SC6#
sKtSk
csqF
&nC
WEW$
sSV@G
Lw@GU
bmep%
bc3
Ng)1$
6nO=
ZSIdA
wlP
4HabI
uFCk%
c0rHw
R%QK#
!s!
M5r$
lXV9
%prM
qEZWY
7fh
pBUlE
zmj)#
WUMCu
WyrcB
K$7c
4aTa
7*u-
b(*
EHz
bGr
g*rm8
V!i
w%d
Zj$T2
jLZC
wDW
pEbB
%eA
bF1H
lSio7
-JTz0
z2y
Fs)
g1FQ(
zMeUE
maCcP
1RF
fa)
#2k
U@E
czn@
psK0
C6M
dFH
Kf7$a
*MP
bHV0F
x35NA
2lII
8Vm
DGOZ
ZPMU$
LbS
^eM
-5A
=^6k
MOY5
qdC
ZH31*
eJOg
c-!
UA2oG
j4RPK
n*fW
fXzR
(w3r5
3t3=-
X^$88
GwJ
WMi
X#pe
hhT@U
TZ5fg
3h2
y$ci
5oi
lZZ)r
fN(N9
!1=QJ
fdQzO
UhX
&OrS
ndj
po$Ph
a5Mk
WK2
X!$H
@7NQ
7t5#
3^Iw
MrK
rVS
DqJZE
*Xx=a
B#p
tr7l
bRf
ldZZ
sxH
$cbVQ
-y5
zr0
8#q
zQ@
34k
cY0E
W)z
R20zS
wMGm
LtNj
ig%N^
uhi-E
o8Wp
LzIc
SMl
^M^S
79i
@Rnqx
q6Jy
E3XnC
kdD
%KB
N7=eP
IpR
9aQ7
ax-
T-yX
a$m
TC3
B)6
prux)
1fV
KJocz
gBMk5
2Wu!
mEgR
7W#gZ
R^!p
mglzg
gJi
PRb
3$PIb
wFLQ
74wkB
@CG
V0Gu
&yn
oB9
j(L
9T8
z&Q
6GRW
OX*
X#8
asMJ
6#7A
lE@5
aKd
riOc8
NszlI
e3dx%
QzcyB
Cd0
kgV%
8a5qs
btz7
7sE!
N6zY
&psEF
@uor
2Fhh
*j3
b$4h
naCP8
K00FO
uN4
DKOR)
5$cp
NzN=
h&of
B343
hPwH
O4!
zsB)(
8R)^$
^B9e#
p^mI
ScM!
^f4
6Vai
!0=K
wE5F6
LzqsI
2Qj)
cZq9
AA4
n3VV
Aoq
#n$g
(0N#o
HbSp6
5d8
-^fb
i67l
dYIB
DI)F
@OHn
cUp
ZwM
Ps)Mt
!w19
W@Xq
z7m
IL-
0=TTt
NALY6
li%
aezbe
=getG
hlMi
2K8N
#n-
7z0I
(U=m
h3Y
HM6
4xLC
Q)-&
!kd
l(e
YM%
@EK
fNUTB
Sriw
%z7S
#zf
oGC
A8D0
aSB
yMZ2F
&9Jmc
T2GJY
-)a
MBLr
P&U7b
0B8
i^9t
!ORsO
9us
iir
!Y&s
0yyz5
Vkn5z
lXy
PN!
*l)Eo
Crb
*E63
owBf
2FoA
#s#wt
1NZWq
etUKp
0Kl
Lb)k
GW2
c@G#
zatt=
jXt
sT*
rq7Qd
!EZ
M&$u
Gzk
xP%12
yiwjf
yeEfZ
=sn()
x6oN%
yQ1
KZo!0
Z)0f
V*I3
Zlp
7WZ2
Wf31B
bgR
AJa
zQ!y
alW7C
S!Fm
&=Z
TJC%
@@z0R
yMYB
4%7t
YQ9T
kwA7
##Ckl
!gO
gz1
!nclz
D$5T
Y$c!
BIAX
Ay2p
^z&%
f4d
T%6w=
98(8s
X1Y
kxIt
D*p
uPX
X7H
SoALN
SczWs
b9Q
!Ha%L
EYU1h
Fwg
-f4em
I2ny
uRFAQ
l5h
39o5)
l4(a
h7olh
Km8
K$bj4
$%5H7
tzbP
Vjlo!
KsYJj
tzs@J
#nn
!f1
iCa@
Y0o
dA!Ht
*V#
w!z
X5#-
t23
1SPY
pTg
6&(F
g^t
^#%
(zI8!
W*=
y5wL
umRX
Z6YS%
ANIj
fQy
IJI
L143^
qhp7O
oLH
5mqdt
i*c
cqPf
Pz3oB
j$Xb
FIXM
yFI)V
=bsKO
^0YBO
0VX@p
FXh
usT
#y%
7rp
6k=2
MUE
w2L
s*K%
TfU)X
aR!
&Fp
I8QQ
4=@=t
PMB4
T5hzP
YlHW
Ko7d1
=gUu
yFs
jy%T
9CJS
r(2zi
MG%
D9rF!
ekDfc
uq=
LX(
to$2
EZNY
Nfo
obh
Up18%
rO@4
8TMO
*3(O
U#qWk
h5uhj
c9qF2
3lGz
URcU
b9U0^
E&U
aNuyh
IH-
Q@YVa
mZ&wq
UOF
nRglz
9zQu6
asI
yBr5U
h@nlw
sq79=
clSZ
=5l
rhzz
pMYp
O()
=#z1
KAOe
Kp#7S
B5nh
qdtt
Jed
G&pbM
BJ1lh
#d*du
mkBI
7z3kT
Enzzi
FUkES
I2R1
B*$l
ThdQG
K9hE
J8kr
c5*
qQL62
qxx
U2G
ig@
&SM
rcz
67F
93*uy
J!x
a(V8c
bc@
9%)a1
)1c
szA(2
rrCg
2ew=
50lP)
Xznnn
uK4
mF3#
BDNL
3DlV
5z-4u
&$HP%
31E
rN$e
MWujr
QFs
1(-L
MDdu3
uc0
UF(9@
9PK
VEs
nO!M
VE&kf
dJs
^Vk
4$a
jZ*
Spn*B
szOS
H@^
q@7*
dp7F
xxH3d
VKd
sm6
ZpO
zt0)
4woAM
pE0Vb
lUV8
g2N
(f)4
OCPz
pbR=
tdQ&z
ez^
fAr
s6R
yhIo
0eo
@Yqci
ANI3
O=Z
zWd
uY5V#
Y0i
YGM2Y
i@$
lBSMA
6%5
#ryg
W(5
Scz
ANk
#89o
F!L!z
T&i
pouR
(LH-
nS48w
K$wf
Ian4M
eqf1
@fP#
$M1
=(n*
W)8
GK1
Bqpb
m(Up
B)G
9z0
UP(7
AcI3
qZ-i
h%#L
Bep5
seR*
@HIR)
kpE
1ogo7
ZkD
mZFj
#*kF
CWiyu
(bcW
VyCJc
=9u
jHeg
@HIAI
@L3Ta
)eNr6
zTS
0Y$j
lCg6
5Iq
*CwwX
9yd
pcxos
BwtZF
dl2a#
SXu
D$W
3DOz
P$btQ
-drC
zMP
@%jJn
Gk)55
=c@
k=Vs
cgyw
FnKi
nG=9
MoG
L6Ag
RB1
X4dQ
fcV!
o7tU
d0T-
Py@9r
V$N
ApE
xcZ5I
MAYCi
bCp
G!-R
*gtwn
1Sei
Bol
=e(Y
sV8
lGRa2
!1@eC
E(eTH
rhuLY
t!m
pP&
o@J6
fh8
@8(e
u7Fs
57UHn
0VS
ZbSNz
6k2R
q4H(E
gDb
SLeF
6&)@Q
84Ah8
BiT
=kGC
zNV
l8DoT
-rtzZ
RZz
(0lf
P1lE3
lZq
En%
PJz
z0sz
J@G
%11nk
xO&E
xZc
tU!*6
$Wgz
qfQ
CP#M
8VH
bjlqG
L)WL3
fkkMG
)UU0=
o#MX
5J04s
KdE2z
PWA
hNhr
A9V%f
amEp
l1E
xAW
)EzbF
uHiq
XS)L
mzu2
rYe
Tdz
qJocw
UUZ
4-^
2gd1o
9ZS
p-29
Y-3R^
c(ot
oVX
jXIW
i1o
V9!V
^S3
fNO24
*@xYo
4&K
hA4X
^7=
dqa
Qf7Nk
I^0fD
bGb!
=Ye
5Low
aUPqC
(pIs*
9%NLf
TMq6
$AlUg
xup
qFJ
UcBb
g96=
%4L6
kom(
64H1
$ymo
89ca
#4RG
U(5
ZXX
!K)CL
rIfz
ab516
ZurV
Nl($
gZnM
r)K
@FQG
E9I
R*xrP
ep6
lNq(
LaZ
d2w1
oHWcl
EB8
%9(A
SWX%
$Qn#
bL-NY
hCH
BlbR
0cRd
@w9
YS1z^
1PWtZ
!*YQ
g)nG
eBl
UwN$
I4p(H
^#-
7Sg
tgL
@jAt
q@jFt
!5u1
FuV$
4wDr
mq=zo
tXD
Ap&ut
OjT
6aZI5
)TJ
&z59
G(jf
7G-L#
asL
Dg3q
sh#Sr
b3z
Fg!5
(ekx
XR=
tUSw
Cnis
PP^xr
OzBNY
8n-
^4ITK
@qe!z
RZ*r&
SiP
$sFh$
LkuXo
#7f
skAP6
24mI0
YUlw
Xo11S
Ne1Q5
1DCD
@tIPw
3x@
nAp
m#O
TaK5
Bsx
WLX0
Hc6Ia
rGjb
5CQ
)SY
1VN
DCs
=Wo*
YIVp
VLzc4
&9NgI
CFT8u
Tby
w^B
mC(i
gbAY=
Fg2D
AB-QM
ATL
oGuiA
68e
45D
J(XM*
gsc3I
#Q-
Ct7
ZZo
QS4(e
8ndC
MXJO&
z8^H*
MmG
7MAl
-*X
X59
n)yF
NGl1!
ie(B
6z3db
EzY2j
4(%
l8&M
ry^Cn
k%f
duIP^
L2Iz
FZ3F
r6h2
eeJe9
(zq4
szJQA
Nmy4
kle
(e(
gc4j
DC@nL
!Y%M
1DC!
hJUdz
=V%^
5s4
fF4
PcST)
6Tsz
zzM
QMR
u-l0
ua0H2
sFH
rt!%N
YuN(
81q6
-8IPY
k5W)7
nnyLi
JCdk
xI!2
^IW
Q-pyT
Pcy)
HEHu
d69Pf
5q29R
ynX(c
xjT
Y-DW#
GDNo
uI^
2QXwW
^6z
D@*
Ndf^p
!jW)
#W^
Gbqz
yNH&
8A7
P!Lu3
0&V
wa17r
5BQ3
fQ(cr
*NcaC
sUAq
NN9@t
T^1Ib
V)P
E!z
Rpgh=
WnBx
!JX^8
)L%6
zqAiu
!tf
-1N
rIzn
d@j
HB-
Q(9lP
lzT
tyT&
BzgA
t0UN
oR^
Ftsu
FQK
BPeT
3V*
@@^%
dBJ
EX0x
oZZ
B#1W
IL0w
VLY
8B3Hr
fs^rW
Pcb@
%!r4
kGphC
HKGC
^$J
!UaOj
r@z
G)55
^%0==
^#S
E6j1Z
MRj0
56C
qWgw5
zU9z
M7P
!sC
ORQB
6*fE
Skw
HLt=q
^Yzdq
1Ks
sKkw
4nagQ
4@-
axMQk
Zgm3
mNH
VcoIg
7hHx
d47
Lti
%f5U
!Jk
9it6Z
Zq6SX
A&l
Xm9
QMsN
XOEn
5D@
1=9
lGi
tlk
EK64x
Exf7d
auc0r
zNs
*tO%#
Oi&p
Jpz
9J=
1PnR
Xz)
l=Z
jE7
coc9
uJkOO
f^1
dq2
cby5
L4o*
H2qG
KaZ$M
g(7GW
sS#d
rzF=V
fW#F
sPh#
QKF
#bMA
*su3L
3xC)V
AIs5
T-6
i-i
oGuRD
agzp5
7gK#
E(jZQ
3=)o
AE-2A
&&L
8(%Gz
RR4=
-BygZ
c^kG
@z5
D6bmI
7dcIS
z2AD
lJpp
&$E
0LG
SGtdG
@q3Rr
VPA)
9Uuo
4D)r
!kFl
@6kR
ECA
t2GK
zBGPx
Xws0
l1e8
uNz%i
A2=n3
pI2G)
*y6$
nOl8
$iE
YDx#
$ZP
nx&
6sQ
!Xz
Fyci
Qdgif
S-=
c8LcE
e5PG
cx-
r2C
zdX
(WP
FnD
VL3#s
IgdH
(L6
OGiJi
cS!
FP#lD
Pf-%
R89y%
BP^
e9Fr
$1VW^
D2s
pfW
ad&2z
mU6
IKXJ
GIBI8
Ar#9f
e1A
Dr%
sOwQt
p@IwF
@Xw
BdNy
Sd8Vk
!9I
wXxkr
fKfB
6ByT
ZIIg
Sz9y
)z*b4
8LQl
z*Cg
1ohsT
mkO
4ceaU
oo5
kn0K
hHzE
^gop
6$CO
0TXfG
Ao7$Z
zp2#o
Ea!LV
b&z
l4utN
r02
6ZNeV
9xQG
JNo9o
F#3
O7o%-
x58z
PVKc
lEJE
y&BM
XJdD
CHzTL
bE0
w=1
Iz9
W%Wyc
(dJH9
i%x1
)i=C
wSp1&
iPO
X0i
qJM
SMp
)xK^
0wgjt
N!f!
*V!q
RKQLm
!Y7!
dYdX
J0aX
pV&UV
(7GQ
qNfXD
d*w
^@b
rnLR$
Kw6
1g3t
5I7
*-u^
h7MeP
MM$^H
Pq8lk
R56T
ja=zL
btzC4
2T=)b
zDsLh
jjox
aDP0
TVF
9xqx
yuR
XNb$
XV4
T&og
dnh!
bHI7
91zlk
4E=C
C#z
z0=
c)6MZ
g%Eo
M!h
uaH
8f0K0
#ar
40VnI
%=RD
cA@1
tTk
iso
!Tw
q9B
6bjp
l1Kr
(-#x%
d-#
FZI
082H^
ysDf
TV3u
R$rL4
72w
yKHra
#d*
8^uoo
S&Xqt
!-!A
9i%Qq
M5s92
2P=z
EOhH
Djg
u8Z
gN$
&S-K
HMa0M
V5kGn
eRzmd
xCKgm
y&(
yLk3
hzqs
x(BB
siib
eI!
EYh1
p3lgl
mym
PqxV
*183S
RD1Wz
hqpN%
ozfYa
u2$#C
-iS
&^I
TtsM
zDpVb
ABfFR
OUE
BsaN
dxS
IF2
M3-p
rMZ
lHPW
b$p#u
9z4
#zk
m(6
ZYI
ZD*Dj
1yzn
w*4m
&$#mB
IQsJ
=!w
zmg
1kt9E
zNoL
cjBi
a!L&
uC-e
jj9^
s!Kt
5@s
5MR-
OWFz
W1Tu
yfWAG
!NlWI
4hB5m
#SUyr
nYS2
SyitX
8GAHz
Xzl0
6Fpd
wo3zp
gH8
M7-0
bnc-
!gZ
M1uC
V^U
BIT=
kaLJY
OFOQs
gi0zE
mU!
rzid
IDjI
jdw#
zZqOG
Wps
QAZ(2
Vq1o
Vt09
QLS
^nTc
x^)W-
i*5
6s$
3kl^
G62
^8%%&
m$Sd
j)7
CElj&
=Bi
9#Yz
XKmF
$kq$
zk9
J@A%
z9qa
VgSp
$UQDd
KMU
YwaC
A=Oyw
^Jb9
pKoWg
pjORb
wE1
FD9c)
@i)i
7UKBm
T1h
Ty-
w(OS
-MK
^niq
8^R$1
%AO
cEwCr
q2f
=WVIT
lMrPS
LHaw
poP
*25
5gW
L%@
kw3
^yg=R
cb*)C
TMg
EQ9b
0NZ
GEf&
blMh
X1li
aP6s
1XEo
I%8
UHE
#z9
(yQ
iTNi
%MZ2&
BqhO
=gz4q
7^k
5&gi
kH@
h##2
8=l
rGR$
xzrT2
LBe0l
jSQC8
AIFl
ARX0
pHC$
*W9WO
p$p1h
G^kS
T%Hz
(Eu
(-pr
zVzuL
b#bc
40W
LIBu
ngZ
7rblY
4Zk
ryY2S
oIfG%
=mUR
oD%km
gVj-
Vpt
zHt
I)f3N
YHt
CboA
i(Vz
)fn*2
6zI!
zwL
ktNB
NEC
#L6jf
3RTNA
=dJM8
1ad
ADFW*
W3BB
2jj
AlK)
Pcr5
-jWk
^cz8r
&(jGE
pzH
Ej3@
AkK
mR9@k
ZxU#
QD(t
AOa
2f-
*zb
!c(C
N2Qw-
zGB3
8e)F5
=C!y*
7j2
C&6R2
%-1
sRP
WWb$*
B((
S8z
JV3
03cwy
WzrlI
8&u
(tKw0
gP0A
4JS
hxx
n(27@
jC)j9
awAO^
KTl
)i6w
**a-
sz3
fFz
jXBlg
R7%n
g7ID
q(yL
m)C*
XJzz
jxa
hdHAN
d&!7
qQgj
S%O#x
mp&w
wm4oZ
R9kuA
M=heW
np)N2
3k^n5
by^
fh1@
HBQ
gPh
Ph9C
7S0q
WM7dE
gYx(T
628
6zai
h)wO
5uN
zGs(
wrg
#FX
SA6
nIUG
i#40
6yn
0iH7
5K4O
A6%
a$m
4o*2
Z#o4(
zglp
pVzw
Q%wBd
!$!EI
72Rt
duP
C2Wf0
6YX
EX$
ViF
RgR
xWGDx
Rz4m
i7z5
SZll
(P7Gc
kQdF0
fQkNY
F)Ubb
aQG9z
Kuf
bGh
&=1d
=^Z
*&w4
Yzw@8
FJ#3Q
nu%
7jfK)
&JV
xY5W
jX)!)
))BV
BT6=
n21SV
b4)C
WKKM
NkW
kG40
nIA=l
^1Y
FVQ
zm9
QVF)
hS)n
Ii9M
xM)
c7!%m
4fD^n
XR6
8ZO6
rLi3^
6Wq^
S0EW
=R&m0
K7c
-W#
=rzn
juf%8
I!W
KOMK
m#D$X
aDf
-%UdM
7@G
6KU
H9$Tq
dU&
r=M
0Ph5e
@I=4J
oWz
aAgc
!i=B
dOA
f)#
Q7y=k
JczZZ
MwQBx
gzm
as0
XIJ
6B6fq
L%YfV
#VTb
whz$p
S!!z
kT!
RW*K
JS4M
%d&Qf
S7l
p9Qq
Oj2om
Z3@T
A0zN
ifxyq
VFlGl
h7pLB
SOL
d3FY-
LH7*
^U*O2
iTdr
ardb
SYX
Hm21
9zRFf
HBILu
J93Fb
wA-42
lsfx
gwB#
8muaz
q^9S
41*
XF!
f1Rm6
HMwR@
FTP)t
szqB-
e68i
WC19l
MJZ@1
UK@h
CHac
hSN
QhnA
ez3A
Z-B
zEk5P
p5N
MZX
3te
1jYAn
kb&u
VOr
6DbVg
lUX
hfd(R
i^c
u=xX
!gpO%
E96&c
Yt@
q&E
W)M
&2h
c%@m&
hD=
O^mW
(wg(
yg=Qf
JF8cx
Jii
NzItY
(CcKk
)Dx
ZIa@P
6nfqw
-HUGW
Q*of
N742g
7(T
Wz9
3@PR
)xMT
5r5
D^2B
X@Ut
alHP!
^8rG^
xB^c
yNA^
5uKUb
iHE2F
zGA
TtSC
gy)h
co&z*
zXy
sqbqt
^LsZ
#4)c
NE3A%
LcG
UUu
(xyxT
GCA!
*!tM9
(5bn
aSw
m@I)
zn4r
(Zgq
tB1W
khHG
Q75
wXy
C1MI
K3k
=Sh
WGBH
$#Aod
5MCU
*9IXI
Vz)
u71T
x4ztI
Q#8
iyy
Dn&
w61s
1Lr
Sb9
dSJx2
DaHS)
g7d3
2&#
Wz^U
J3Bq
=#*B
hc@4z
mtJbn
s#Rw
a*Kq
oTp9
aX(z#
@tn
y%nhN
M*@cQ
OLcn
iL03
(8SQ
MI@
bb(f
J60
khNxL
yzRPD
gJO1W
9!M*1
oDNB
H088D
F2*D!
7FWxu
SHh4
6-95
J#l
ArHi
dL9#t
9Wrj
p!Im
3ru
a2$
)%&M
506OP
uoZsS
7*U
fXp
sTz
VUhCq
Z1F
CTNb
2sDz
mq9#
13&F
Zqc
KcPe6
JBi
3sPE
EQ#a
#tt
ZOY
Apz
gDj
@ms4
8iYX
0w4Q
zI1i1
jVN
JJ#oi
^D)$
wra26
bJNp
NQJ
##bf
=8m
9zU
GAPbL
Ncg
1XP8
K7SV
RJ((E
sL%f
xEcC
C6NK
t-(^k
yd2
7yd*Z
(NV#
0I4p
Zk5u
m5j0h
Keod)
85uec
xDwk7
4TBP
D^#X
5ggy
*f#L
*)O
Usg
7GjJY
nDM74
5(1S
hFo
=1d
6f6
8=%
!bh
Yeu0
wl#
*u-
%RoK
dz=A
i2us
FCu
UPX6
zU#1w
VauK
wk5*D
z1H
sd1
Xa2F
%kxs
W=HQ
zah)&
Z@8^t
az6
z^oSk
!$n
kWMLV
p^30
ydI&
8cIKI
@=aY=
@hmWS
@n#*
WkA
KXy
2n!
Yig@!
kmP
jSH
9YbN
2!$U
&bf%g
FN)=
DHi0
&Uc9
Y(RRt
VY6)@
7B2$
601
kiZ(
p7%mG
Xtzg&
hcF
j@E
q!7y
XgLw
tRg
e!^
Oqx
C8P@
Trmp
m#Sx$
bS2^b
6HT
=GUzc
59#&l
a)Po1
aSS^=
(AM$
$Mkw
yHXNY
SCiS
JDG0
FnKs
WAI-
Jqa
7ifCu
#T&Z
5DAl
xzl
h(Y
3XO58
=qZDs
nP2ke
NJL
NAhm1
#R-P3
!BF
5MT
ozPaY
cyqYr
tgEL7
nuNQ
Z!g
xyNA
^f4
fTqCS
*Zz
^cWj3
#J^pL
wOJ
0LG
Bs2w
hE*=o
tQDV
faB
^Oouq
Yt)
i@5
s8j
!8S*Q
upJR#
c-Vt
cwF
TbnCz
fm#-Y
Cwk
=xS
(ezB
gN*
SgIa
-0Au
fS1R
HgL
IGu%D
(-h
BKBy#
IqO
%E^OE
Apts$
ZGZN
UjBM
Y#YQ
!z#kz
H2(o
i%pr@
eHY
unim
GMwYE
YzAn
YNF8
D^2
aVo
-zEd*
Nfi
eALFT
G5CTN
Ihi
1Br3
M1ws
Mln
ur7B5
Fzc
YVuU3
TOhK
qoy
qh(
49ofw
px7zO
cmW
JgZ(O
A3U
M)mqx
cI!
hzW
pcQzn
Tw8r
shoqB
hK-z7
h*e(
x30Z
xM8
suCX
Q=^M=
=Sp
zQIqo
rVH
Vr!
^&JV$
Xl55o
FBz%
ZO)ep
lx58-
#^W
SgXE
^GXB&
^Xp
FG#
zcnpR
V@e=
@!l
JST3(
k=L
6*8
xrkI
zKtGo
^UjAf
W2C
Kb-EH
k2COV
YsD
UKVC
Xl5
ZmOa
0fx
##)ra
5kH
iB%b*
)4d
6!&o5
&a=&
c@nc
obM=H
cxH
4O7=
)z&t
90Kzc
%Izbe
qsa
FPBO
L1Y
jziq
Y8i
Ni8DU
FD8=a
R=rK
y^a
3#E
qZwo
xKg=S
So&SV
EhV9S
FL3M
CkaFp
CMndX
arWaL
=D@u
tr=t
qqt(
Gr(C
SD)7
ACK0H
PJJ
7u6-B
7@b
3H1aM
LF-W0
5DohO
CO$
$2$
rNig
fpUc%
qp9
uC#
sztm8
AwYZ
-VR
7cZ
#xS
-C*o=
ZLA3
PA=
4kVk
8x*
TcJP
69X
Giyd
tZ@z
r0-$%
ypk-g
!5D0k
@3Dl4
rD6g5
-x%4
Vs*
YOt82
#JP
*Pz4L
(Vj
(wd
hiA7
29-h!
sQ()
q$NoR
d^rK
22#8L
Yy%
rlN4A
za3a
Lthe
ACk
y7got
#Xmp
8KL45
0#y
j0Kw^
s9!Q%
1fR9j
p)#)
qWjWU
wGS-
5^oQ
*Mm7
fyjX
(-f
NZlQ
bMh8
pmI
SmbJ
G*3N
xjVfU
B$J
az3
-G#
%VT
OY56)
@EhF
Wz^O
K3ye
y4Fs
XLzWT
fABAy
S4p#W
q8ax
b(s7
J36G%
)iHw
4$V
U=GmV
xlhIu
HFq@
b#b
0qBb
OlV
$SK70
LV-V
H^&A3
&q7s
$TG1g
!nO
8*H7
zZN
89PL
6Up!H
4m^ju
AN-I
sr!
^@gc
X(2w
gaz6
!4T!
zqCng
c#P6
pIdf
nNP
3R=L
5-1Jf
y#b
#KGt
rKm!
n#u5
iwE
XpmWx
CpsJ
Gbl
7jzN
dmO^R
Z5rz
*WK#
RNjd2
UdpN
yrtz
)@XJG
qLs
2hz
zFc
ayzo
jzI
rkuQ*
C5A
Rfh@
Uw@
JjQLf
wsw
OdLG
r1d5
7li
ReJo&
hBf
wIN
yi6J
Smq
mEgFn
NSM
wTC%s
ZRz@K
Z0Q0
pJ5G
#!9
nO#1
XwR!
&bCM
#e2Q
4$$
fY^cX
ZIB#h
Q68j
tN%(
Q=G
tza
GY9@&
HQ@
Xya
yKjV
qQ5
kwn5
zdBCL
*X8uJ
phjpl
9Zh
Jz3U
K&r
Z$t
#gfbO
luON
x%5#
ON8
D&o
6b4Ty
(Xqz
Jjt
#9#
##u
1iB
lNzQt
g$0he
YU@b2
LFCbU
Ill=H
IiA
YDoQ
f)m
bTh*s
Eg-h
C0Y
sew
oP=q
!U8Vg
n#@
6-d
A%*=%
NJeu
16HN&
Wzk
npuT
nTu
tuKBt
Y9FU
SiORz
qZV$
dLH
tr7)!
2=j
ypQ
TMn6
ZYxn5
Q7Apx
w5GZ
fzdp
cGB-
lH&m
X0S16
ZKfg3
#wif
@=#P
cyukm
MBV
f%P
scfg
aA5Dp
TpkR2
Msx7e
3uc3
P!aa&
O9)
Q(^9e
)gV5
lUQ
Qw58^
D(O8
9#s
iXpQ
$SWI
%at@S
SoB
xKSA
971
lxU(
3nV
B9cU
EG3G
kN5
-5G
^li
Ri6JK
6f9
mhk1C
&p^0
lHtw
fG3C$
34)p
#58Y
fe#
ZEG
3yp
thL=z
fK@7
Cl%Bw
Vz#I
rck^y
xbE
uVaNi
pOlG2
fUR
1#%
Yty
ZWHoH
Cs&
igVo
zm73
Qq9z4
UJh(K
tCy
JHoOp
2z%D
E7q0B
9)o!W
6uw1X
G%#fZ
^^(
-GZ06
XZ@Yn
s8SB
zp5P
^G(r
XdXqI
M7-t
^9pq
njjaB
*zD
aKW
NbjhC
la9%I
oBm4(
BEmo
c(qE
6iP&8
OgK
SzmDD
VgX*^
%Ooi
Kbq
hOo38
Yu8E
uKd
aGN
S8=!
o3Ih
SbN
eq&jp
lBSyh
iEj
EE^(
KMfo
FD*
H@Q
Ucdf
zfbn
cjH4
hIWZj
Lbjaf
MI4#
Y*Lxq
2Ls
qJkz
8#q
AeTC
sqG
(rac
xCL-2
C!L0W
VC$(p
if)(6
3y=Wd
iHEN
d8T^r
T3J3Q
qS(^
qdK
uch*S
Vdu
rI!i
2RL
0Rj
)XOs
s8Zn
&Xqa
mjtl&
536H
O#Km
nSVVd
@8Cq
tmQ#
yhi
&5Wi^
QK&
*Y=A
0Lb
=MLr
jPC
1g)1
Dk*6
C&s9
YP)
ZD0i
^O@
N1L-
=aI$
DfrH
Bf!2Q
2RP
Xi3s
4Xz
5j$P2
5ns4
DXUID
haAc4
BSXF
SLm!
f*9
PBO
%(eDl
Nls=f
O5p&A
eeoV
04A
XD9
(y$lR
G(GJ
TN011
k!h
-=cLH
j@2
HAAuf
OYC
X3^
9!(p
UzuW!
qMIXz
s0Up
J1^
0Wg
BgF^
Kb(p
X^gON
oo&c
LPYcH
gZFI
7R$4I
s8jhV
mte
r-b
QG5wT
woW)G
oc4
dQbt
bs6b
xN)
@HH
L8V*V
WQ))-
aQ(l
CsE
1to
wMpN
9RG
4lkkL
eYV
FRhp
uJAPz
Oz6T
Qyt
j-D
h0K
^eKD
5!t
ICj
$mPG
urwI7
zB4r
VDC41
&!#9
fjqlj
5@d
$)f%j
kU7
u39
#38
aozz
wg!
0o&n
JG2gD
jU*
t476Q
XJ!
h0G
aAsNI
f4*4
sKE
4pWzi
(f&
qU==
)yMj
NY4N
RfO&)
#Dl
dVz^
Rk2c
F7*
X&H-y
BA)V
lFcR5
rbHJF
4$zR
sAL04
LiH-
)2uS
^!%Q#
UmC
gQbf
Uzq37
j!iNO
(D!IF
KzqXu
rh@
UP4sH
kiD
lglI
8N!(
y0z-h
0lZ$
a6f=
*)m
Ik7QK
P2I
G)EE
n#Itj
jOJ
9-C
AHuL
#72og
i-wk
UQez
*^tz
D9n
dHqkw
J&b6m
fFV
-Grgg
RIX
!c(!
s8P
hMk
e)(
%!F
0s5
ap@
r8zw=
TMw
7fAE-
Z#i
T7bZ)
aND
^sDn
N&wpf
^sJ(
OO^
1G7f
ygn
r4E
H%O9
u*K@h
iz1Sw
3&-Ur
J*fYj
@Sb
)Z22
xUL
iwktL
VAR
*WA
BW09
GB!(J
P2DP
HIg7G
t07
cin
zUe6B
GpBu
WRZ!M
36K
K4Im
9(*p
M3zi^
rPB2
u!mKX
1^@z
7Pl
g$d7o
8KZk
uhbA&
ATfF
lG-
kxmNK
t0a)@
owN
JZd
RM(
i#OX
AlPS
m8BD
u@%Zg
jPeb
g$F
&x*
mqMA
uQH
JxO
%@r!y
rfOG2
bu$O6
xP3
y6gE6
cRpk
#=le
*TSoG
1FA1e
acSw
*8Bk
2ulWY
dWA
OxQ
2IfxM
JOo=@
o)BG
6PQ2
goN
mEm
EoJ
G2XQ
!*pN
$h8l
kdh-
lWoI)
qV=
!N1
z2e%
)UP
UHFX
kH-)
&DCFq
Ib$*
PJz
R(7
ogEVa
hXN
Y(-d
2cA
%Ve
V!B
CBm8&
cxfH
#Bzq
COT
3=8K
&7m4
eS%Q
#x$*
nqXC
JV)n1
l#I1
ZIl!@
iC@jQ
NS$eg
mzyCU
QSrR6
A$8
%C@
lRUm
Y^xy
fi&
1Sn
zjq$7
dxGN@
Skt
JuV$
cPOr
4XRl^
%MY%u
ijp
T-KYW
5R8P%
sEt
a*Bu
VBW
WXbY
J^P
ChEC
)81
VOm7V
zJw
l1t#
YPD
E5k
Ic98p
TyH
(mwE
3EeAd
s=L
2Yk$
10J
=j!
wa5
&)D!
e6m
yt3*j
z1Yx9
iHg
wJaj
HJlgk
%r=N
C6s
12zt
Fyp
Zaz
=mD3O
D2Q
*GP!2
H)yWS
LgwI
Cyh
H$*
9bJ
W71
z*rlY
ehPz
C3AC
nzY&
x$Rzu
4VT=C
NrNb
WcTZ*
t77I
1r2
r!Y
Ta8En
%Ka8
ogMZ!
&Fzh
Qn1
W9ImX
K3E9
!5n
m0z
J5z
ylEZy
Fqq
FmcH
aQ1
zdlf
9c4
SNHu
%LoyY
Ndim
zpq
LcRK
R7mu
EPnU*
#iO
INiTZ
6i1#
2b6
GOR
c*9Ih
Niy
U&7
6qP
rlY$e
(6(
X0l
@Mwq
YTJ
e)T
t58
$$N=z
nj6s5
F0(e
Tzud
Izq9Q
kB$3
PxwfW
wA1
DlEV
nmqg
Kt@AN
EAk
hC%zc
LxJ
wQh
thaS
P0F8
no*B
@Pm=b
Rcg
s$*-D
QWG(E
(&fZp
(ig5
)Ih
zSd
zcTnJ
rkt
gMi@
yiU
z=z0
Cd*r
lB0W
@g^2
LSyt
Fz0*2
uJYRN
lA61
K9T
@G!
#*Uqp
C&LD
N2tM3
%es
wgH
&D-A
FD!=y
zL)
OO9(
Ly-g
UVbE
O6t
NWK$2
(TkBb
JPq*
n*=I
Akp7
61R4
cPW*&
XJ3O
3TE0)
M8@
HD^th
Mdm^
jFW
DcmH
=&-D
uHD*n
NgI$C
=zu
1ZB
&Md@=
T!PY&
$0btQ
-yJ
BiO
alaCQ
^En
EV7ds
518
l3i
Pxiph
MTt7
c3wu
JF8pR
1fKJh
KIDi
^zTN
6-ed*
(xf
cz056
qR2
PQF7Z
o@smj
qVP0
Jeou)
TXzu
ytHk
Fz(b(
Ps57H
ME%
!Igh
-BObP
KJcOl
cR&!
5TG*
0k=Ke
!lQ
x*Wr&
1t@D
oP$uJ
dZI
Jgy
9lb
ND3W
!3y
@6%-A
tHGWc
nei&
IcY
Srg
H6n2N
0XJaz
bGG4T
ceIqJ
D2hT%
k$9Sf
gUdF
WOI
#Fa
7tO
!)#D
mQrao
#EEh&
r#a
Hx9
ELfy
n-aa
F(uY
Tfd
BUc
*ek
0zY6
VZT
sPbtz
z&E
(tje
Gs=sl
Qtyo
$=z
dI3N
8lzMO
#0^FH
f8YU$
=95
SQp8
dROG
coIFX
IPS
gV)Kf
rOCEI
zDbV
U44^0
I((8
iwy
d*c
%$&yA
Krf
m##
n-#Z
k6AV7
Eat
5w-o
H42p)
)togI
O=kK
%oucn
zzpL
Czp)
4zY7
nyI$
f1m
GAV9
W*7m
7rB(
H@g
4*PK
*D5L
m=ZW
blpx
cz8Ij
T-r&
G4d
836=3
06!Or
KdT
Z%%8
#fKqZ
5rli-
DM^O2
fRmr
I2Ij
NDq
pnq
YdhA
)3j7
!oU#
)!Am6
XbFT%
mDqT
igE
WRDV
%HjPl
(*y0S
6CP6e
U*t
aM!
5Iqa
r9G
-wc0E
Zim2
yX#
6Ef!0
FMu
Lagga
Lx9q
R@G5
2d!a
WVa8
R^eIr
BAM
oI2Es
3O*X(
48W(
p6b=
)ws80
=%)
^F9g
i4t
Pt%3
b&5
tjE
1JQ2
=z*
dUe
9@-
36ZX
EJW$L
clQW
zSeo
6I0aV
hRX
kO=$
X9U
kfy$
ozNE
8%k-
%6Ca
)STNt
1Ij
)bT
8Opu
t1-
q!fL5
xPz=F
JjN8q
4D@n
%2wg
iM3O(
Pez(4
TtS
Fw$K
K*$zT
3y&
mAM
0Wk
DS4o6
5w0Ac
bEbk0
$q83
amQF
rF31U
OGny
y6=
(ICl
bBb$@
eRhs
y64hF
Fg)R
GE#d!
wU1
Q*sg4
JPNI9
V^A&
2a^47
icRzb
EEPlV
p29xe
-gF
F(x
gASb
WnfMt
%!z
$aS
Kq6#
oAo
#m*y
WD96^
s79
OkG
xXLW
BV3
Las3
^-Y
AoSQ^
eQy
BNt
WV*B
^jL
p1q
I15k
J6c
8)pE)
-d37
-Iza%
jfHEB
$*9y*
0F1
pI$d
mR@XS
5Yz
ew%
3xC4
Qz*C4
!3)rn
M*60
KUb5
#@F^R
U6KA
Jhi$
$S&
-dL
nuu8
u^0
^ru
-RZ*S
Y^ak
gxE
h%d
due
ikrNY
UVfiS
H7p
)k%*f
1hl
InVi
tGU
zEQ
qWq5
^b)
tEzL
(owPe
n!-5
R=g#
P^SG3
AUuoy
-3A
B556
g@V
U8hz
V@y!
dbzq
4nyR
S%62N
4w%#y
rBy
5xB
g!Jr
@6l
rCWb
#6^p
*RBe%
pZzcj
pE6
!s#
A8VO
s@ww
8C87z
b@dP
BPI
OzpV
8j0
8zim
f)!tB
Lz4&r
n#dz)
zP5
(ILY
coD
7Mp3
&K$yq
Apru
=RL)
1q7G
iT25m
a@7
jGi
4em
^*=
us!o
SQaDf
OqmW
)V&T
nYn=
gQpm
MgE
dIM
*3E-b
^i9l8
yH*dd
sABS8
Vprrf
L)5
eS4UH
&Cu
T@-O
z!4O
raLtO
$=pPT
9oG-@
zzzm8
Fws
WFzP8
6ge
R&y
bGAs
SVmF
2-i%
m1yq
70Z
@%34
-AB
538R(
k2Vx
NSO
QY7
ArpD
cWZB
b&0
mC)^
b74
MXXrn
DSAAA
N#Dt
BmsY
0qUwd
6o&!
&%e)Q
BzA#A
Kez&
(e0VP
Uyi2
lWVA
zkPzX
t#u0
PLlBo
U5(
Edf
FnzT
i!z
RsS-r
-3H8
%XbQ
k(*
o@L
y=X
f2g
MkzE
3aLY4
R^Dp
w#Yk
Ih10
AS#
#UMz1
@2xa$
%*=VN
d1(
#ZA
u^4
ZC@N3
uAlU
Vf7
HCkbL
LMCJ
=Rm
0%LZ
zeL1
x1y()
#I@u
a5Tl
#Sr
tum02
m6TG
x)S%
pNIg
nbas
nE1%
B-Ie
(sOc3
qL0
1#zkC
7kQkx
7f(
GC6xE
VS0*V
1E#qr
sda
7PT1w
XY4PU
&GN0r
9&qI$
YXJ
0%H0
ZiG-3
wrg
!Al&Y
H$L
zipV
E4H34
^4%
amqdY
#Op*0
931!#
r8P
)djq1
Iiyo
xAs@A
57lBB
z#Ez
JdsS-
DpU1
9Of2K
g&o99
xR=I
8iyS
nKX
Q8Q
Kzr7
W-t
9JW07
JHr@B
GYo
Jy-n
lO&
Ftt
TdM
IZ=
j6W
wYw%
m-z
#8)
PI!
D(@w
wz3N
DTSS
WN-wY
X9Rz7
)Xi!(
qTX
uaAh
un1Zx
fYgU4
^T6UH
UVaq
^8kX
ZBH#
YJA
VdEA
n%*o
$!FRT
$fJ7&
rKz
f#08$
J4@
TX2
p%X
t^2P0
K#B
oFCu
4Yu
oB-LB
)kd
Z2Ih
JT*r
*7F
u2EfN
3Gd)
#0Kj2
p1zx
I7q5-
Isaq
rGQ&
HzqC
AlM
zd5D
@Qzd
RsNZ
f&m)U
OUe
xzqP0
Lm#
-7bgb
S34
dYM
!A$
NYthd
OpDn
OC=6c
1(V
#)RJ
K40
UQM
7-j
Ntm
E)KL
ZTpHb
a**e2
=pSoh
nWrP
zy6T
Gz8
KDzI
Ex2
aN!R&
kjc
0#6
l$rL
hk3
cHlm
Bwi
UqS6
zAK
7t!MZ
SL2L
l8VF
kSOo
&G$!
@ZZZ
X6Ei$
2&VG%
1j^cz
DLJG
Ozn
z6j
yEAx
k1FCm
G*NV
ys1-@
e#eb1
GgT
N1NX
9dxj-
FbSkw
@U-g
4Ig)
Rl#Fd
7B64
u2MhM
B!E
mQi0I
(Oky
W&7I
F8V!
snLGE
h&bn
FPp
SJI
s%@0
4PhA
=-0
I7Sc
OFxMm
-x)
j*e
(za48
zIwD
RPMWy
szx0
pT8j
e4-
C5*
-B-
loz
z#$
prRf
7o)
zG-pN
zy!
AX(@S
sU6Q7
12ND0
HM5
l0(u
if*m%
-Hj#
*qZHp
wW-n&
mpUg
HEDZ
PUziq
F1q5
DaNw#
y5R#
Qdy9
jKYO
WB^t3
5O4pJ
b=4O
V9Q
knhO
-EBjU
1kt
WFp
K*$
LI21
od&1
MPj
JPN
9xg
DViK$
*6zH
zyu
*pbS3
@PEt
nU(
e7*t
EId
HF@f
Ug-2
E=Ds
ODB
0i6
!&w
tGzo5
-Qd
aC7#Q
945Q
jm2
tU6Vb
S!@j
BLAi
LkMi7
fRc
*o4so
0cJ
=N!
j31
on3
9aX
48q
LNY
in9F
JCr
IC*
o5QXR
wohc
ZQ@g1
xOKm
L-g
aWH
@jTRd
tjCL
!p48
zFxq
uebW
yVNk
7JZ
Hyd
f^q
=fhp
I4bz
Z5yl
eF4q
d1-
6Pf
o=t9
tjJ@i
H9N
Fl-n
k97b
f@c
ozA
K=-
5B^
5G7KY
Tcrh
2^J
^dA
rwZH(
(^Nw
rzl
QnL4
^cc@
xcax
BW$
zZ!
*wirz
%M(
t8qqQ
KRHkt
zRP
3ICdW
IO5c
&zAO
HbSL=
cnax7
0q6I-
cFmI#
jI5
EW-T
ODV%
=#Z1
ytTFq
=gN
2RMM
E&66b
2Wc
XqU)O
FFMm$
zhNl2
(4Mdt
18Pp^
$ySJU
*(3
q5%
QTw
adQH
okr)n
$=h)d
#2Vz-
ONcU
cX-GP
i!uA6
-4-
otP*E
GCg
Og0nQ
zIA74
f5Yq
-6y
iYdwa
&iWTW
pCR8S
*R=
&gg
^Qwn
ydpAF
-Vzf
cF3
EG7^s
(lAhX
wWg
GLD(%
aBf2
6-q0
02-
$bQ
onw
G-P7N
@w6s
8V5c*
rFimf
aug
*-3uq
kc%
dmWF@
B%*-4
&C3S
DjY8i
E-L
6G)
%cr
#n=
Jci
Bp@
S#L^
(EZzu
b407
Vsl23
5bX
(F9
XGJ
7a%
MdDdm
LyZti
NIb
jE!bk
aQkV
93cNo
V9YJd
aX@
nELE
qozGF
BgS!x
Z^@2H
Z@f@g
92*
GzJWt
D^I
K@pA
Q!Zph
qbxXe
Oa1
XkK
JY9((
dyIM
X89(
O^cy
O7p
EB(
ZtWJz
RFQ
)psj
cp)0O
y#D6k
JL^rA
1K&
e3*6(
F4Awz
$V^
Xz^fx
M-GjD
0C%
a)Tcf
i6l
y^1%D
CuX
fM9(q
S3uo2
A4$X
g9Ek
GjbMR
iH=
uLwz-
g&UZC
55t5x
4st*
V2o
*b1
YKl
*eU#
$!zX
SGAhX
J(G
8a*I
Hh7Ij
d59
uBoA
aqum3
zK1C
LfYz3
t2RL
3G#p9
Z40k
xNXf
ETc5
tjDo0
aVrr#
wi1
3)7Oz
tBO
azN$B
!RT
GYs3
03oc
U-g25
HfC4Q
6HD%-
2%7xc
E3Z$
cBB
Me-eM
iUm
d=sh
Xz0
2SJs
(euCc
T77
jPUn
#IG&
IlV
MKMi
8zr
RU9L
SumwK
O4IlB
*1I
lrs^
DEI4
1aX&
j*cN
0Fb%y
@fJW
26U
Smm
z1e%
0m3
Zpzh
j04i
wD7WK
o3M@
YT-Jq
*M%Xx
Q8zwK
ogsq1
8bz
RL9L
Rm-
43B
l$TxV
PfIns
-^CfZ
VtCIi
qm9
MWaS
$Jj
D1jyd
TeO
^ESmm
LG0H
$AZY
&x@Jo
B#I(m
E2e&
sYM
*4m
&2c
84Zk9
w^hP$
b^E4
!9YL
iF&iF
u91Am
zH7mP
0Wdo
QbC
@hI
c$X
$H!
n)i
zC$zJ
TAz-
SjM
kxu1^
Q6tI8
LseX
e3jOA
nLIjo
9cR1
k-R
$-Pnc
#iI
lafq
*)p
QRm
rN-
&!eaO
ECOx
#rXVY
Tmcz
#zD
!XpzX
JNj
AB*
4rD
@nOl
PJF
a9t2&
g3PY
Lha
sT&H6
lo&l
OHpj
oMa=
A!n
)sp
4#H
pG^
CmCA
Yn*G1
8Tk
aJYN
yeA(
!=iU
IuZL
!M&
sbw
Inu
@5tb
DkoDy
)Hce
5*H@
iYJ81
52Tz
exh#
&(C!
E0*t
L)fF&
ROLzV
MZL4w
2^=M(
kMX
ceUQ
l#Q
qy(
$D-lO
lC^
I!ic-
5nza
)Qh1
#!hGz
^4Oy2
KyR65
n2Uc
a30
zJWQ
eg*
NNJl
(A5
cQN05
k#D)
VxmA
UmcR
4*BLu
l2m
KP%
zXtIP
WywY
2oU
0mL=6
13@
zV8
ma8
fbOu5
hRq
cn^m
M&z!-
RtA
---
W!j*W
yP$c
Wb6a
n-z
LzW
O2G
k0t
LH@zB
VXx
KWP
H=8
G#z
ZJcqw
RYz
$$Uu
A8i
DNG
sF=
EbAM
BA@%
HwM
&ibF0
E5-
ahQrw
kSM
uULX
w65Y
-pP8
N4oK
w(N
e*o
k=e*
O*E
1d)9y
S31
*MC
k&##
R#)
hlIy
*SE
Sa&d
2znSa
i!aO8
f1@
-sF(@
D@M
x27-9
!HjE
D^!e1
yBpE*
7coH
8B0V
22^FA
CgHba
!y8UL
G#J(
ut=X
OzO
z2M$2
*QO=u
THagr
KM#
2LKn
Tl*$-
n1MA
S8w(N
pFlu0
rQ*
Vam!
y97C
Zns
X5xX
zqO
qOC
^9d7
k5L
^2n&r
M=K
!y-bl
J3iwZ
Cn9O
n4M
SC-%
zswh
^U!W
TPfm&
z!M
H)e&D
0Sw
W9P
tb1
tUZqm
dP(^1
ZWMp
1!p
*wI
A*V!
AEJwL
AGN
&LM!
(kPs
PS-
gcU=
m@P
RQl
dIH
#(d
3!#t
kHRXZ
6IYgS
H0@
cPy!8
daa
K2nI
%XG9
ew8-
mVL$Y
AUU
Xza
cjSM#
%uj
DU-m
