t14Ex
CppG0k1a#
TceI7LxFX
#z^ib(Qc%B
iQ=Tg3D)aV
^I1XaLJ3
@xh4qg
k1(TY(%qC$
lS!x
VJ%
6E4ze
VxVCSWU&
!a)i
-a=Cz$jl
HdoKL
Mrg0UOR4C
6uo
9PHCr
l^e1dAk^7R
5F$&L)t!
5ecLFfJ#F
DsT8G^T(
A$aTQb0z@R
(jpLb^
HqO&GSl
=uRiVlq
H(pHKl
Ijg%h
^$gFAP
klRr7N0
YGjDmw
T%7T2
nJDMuFi
ucDPd
jDu0b
8YHyB
j3eVs
HU4BNx(
H^Y(EgrX
z^N99K6Z
O8!
eAxN6T
xR$nF8P^zX
fz3T
s(Ve(q1@oh
pYV70OVT
A8#9W
)Uik
i%b%P
73ENSZ
LOKTRUVZ
#bHyg9L0
eRGQOKMOlt
fGToVLx
O@h-q(b
c4&C1ntx
rzYK$Ya
kx0ZD
CDQVu
7gfiEGMn-s
SX*HZni=
%H5
plVIVz9@
z=azC5*eU
RUl2rnp)c
9gpFT%l
e$B8
O)Py
0jaxd
NflY!0z
N0m
!8fjmu-
YtgEUllPI@
HDYB
OMa0f6*
)oU9u
0nOjLxZRS
1PzrTx$2
X^6FKxZP1j
oXz(LTWzxO
@x-YP3Wd
Yf7i@4UY
DIIwxhl
l2n)dyrB
5lBU
nJs-3TJiR
#nDFoP%zqB
gqehBCV
2BL(j%3%
#Rw0%pfAxV
xC0O=Ft&D
gG&^ehu
&d(
0NQ(atYMq
b5C*
KwHJKLj
Tyyz-S
4WbrV*9
k9i
Okqkw4=
1goJ
%3rl!(
)tty
rcPM&P2
5$kzh$z
k%#Mm(Sj
D%!5weS-
HD4
uPnUhdTB8
jtcN
(mg
iHYBszA7$
rBmnXbG3ng
3HQVuHp
6IzMKFtT
2mr
kFqzN4@f
zRnAX0z
MCf1#D%m
2xtk
8Rs3=
SJrzou$E9!
AH)n3
TWb
kMkq5dGn
*IbT1r
zACWYME=
2k2J*E)rYh
A=^gYs)
VKBluzTr
zmcx
9t!
%hp7%jliy
ai5VGuo)
X2DdQW
HZLB
0WM#!
oWVlSFZ%Ox
((xa
O&Ja
1W4e9
h7j(0yJu6
K0za(b0&bd
p&=3J
#)2E6xApq
jie
4^N
Gl69mNFESx
1gY
ogE!Xbw0Q
Iaim
@WR0uxBr
NIDsOH
DoT7=
pEo6N
Bsm(Gr
P59
h3h&-A2CQ
eqrj
AXznRPRV
E*YEUgnrY#
s3wC
BYh6%D(
Z!kiopB
S$Rrj
&7Z63Wk
#Izz!IJo
q1e
T)e=eXcr
%5cwy
cdVA1iVNGr
aXAD
zePpwkX2pG
KmSTD)CP
$1F
XZuhh7
^cL&RF
lRzqtU0iE@
7ULjRE0cQ
x%2k%fcrc
%kf#
*uhP
yzk8p
AqMX4s5
Fbl*Ih!IS^
Up9#-wm
OHut
q7HW
8Yj4F-B
4Hx5e99
2IrEHkn
@1jk
ZToYz&HD
AX(U(7
Wzd4f
Sdx3LAlK
a6b6
2EW$@T2
xhqe
P5Jxh
u%AdkQ
1J5p^jnz(
4VhOqB
=fA
&P9z*2kd&z
X$KrP0B
@pcQZP
yPEuyU*Ra
yyhEL
hQ3mY0
kTRcwUUt
AKJj4pC
S&n-WO
zNL9aO4(s
5Gz&K2BpP
zZhG
9Ym@72FJO
03j43Nf
Sa3(H
piGW
5PIsj^l
X#umg
Lbk4fC^e0
J#Wa#&(G
#8oO
KZwZt
7!Wsa
GUL
lWUwnb
jU$
jZ5DA
9274#Kx
h@M!%@a9w
^n7T&O$reX
GGJk!o
wu4MO3
%AI)eu
00kq=TA
-CKCQ0s
)8^s(
SI8
rBtr6-T%
zBxYi
=#iX
j=mh
WaxjSu
Zp%)FOGc
1z-L@Z
&Vh
5fhP#
pT2-
CEJG)7UFM
uyHPC5n=H
ST-3jAz
b&5gO
bpToAZ
y5z%8a&H(
1a5fPEIq
xDoJi($p
kQ50gdDczG
RxV5i3l!eP
QnNf-JG
pA2Wxp1gM=
UTn1C3
)-n3=kA
3m%iG^
XDW$@=NFa
P=bff
RfTK
oWY3
)^1bG)7UK2
dsq
1AA
(2G@Bn
=j)
^n@4M4eHL
zMqCTlk(Zo
q$HMf*JxHt
*S2y
6RUgw@x
ztWzdDy
Ng$8TzZxn
8zrTQE
LNIw!P1Tz
n!1NGm
zGA1SHT
C^!Qa8
TmED$1y
mGtC
K0&tWQ0
U)6ub
2kH28
BosJ9K0c
djB
N*tVKNz9
$yF0G6zD%
u$FC!u
hQ-c7MwV
W%yM-0^*2V
3ZB0shLl
4raQ@PMX
uZCj7l(V!
w-i
)#@#
lpooi
xbeD4zbqU
kONfUY=n
*n8E
&2AzKhm
eO8*5)s()i
i6D&K$zi
Gb=
H%qlC
Z1rdHya
m!j&jzk
nY&o8p9kbH
auL29o
fF=d)u
dPb=j!=hh$
2Z3S-wku
qoe(p
o0%-P
5d*rkPU*
uV=-OdX
$Q82-jD
My8qQR
72rH1
TfCg
7EiY!k1J!$
7E$5S)&rar
GMyQ9z#Nc
Ng-eQk^co
y*q@q
#laGW9
R4QWpKJd#y
Dc4Ch3#f6e
MZ!8rJ
YKjjeUqm2@
a)gOt385m
Uj@nQa8$
3ePFYPKa
UNQ-NX
Mn7sKn
B$IeX0
DZaP-Y$f
APqX
7Bu
ykF)Uq16OK
OfoWhJl
2UHRf!4
*2P2tkT)0O
PL)
zsfts#zQE^
!la!
C*Xr
N0Adz0
lano1WE4
lllQnYSo
TqIen^Tiy
6EqHethrA
ep&&p
rdfD4pO
#B2b^
q5)T
JuBHi
nN-w
(lK#BJ
1aB!MM(!0(
Le^r#4HB%
^QhX
PU1#
*6GG-8
xlzRVHzA*J
%p7W
@l^0y=4s
gGd9g
zM&GZ0g
dR=Oy
WSBo=VJzu
&Ymt6r5Obw
*PEunqFB
!3H#
)aoneYQ-
I8hVi@B
3#WS(d%
zqTK
%&O0uYs
rEIUnc#R
$IQ01&fIW
G8J)
5St^=p&)
x(UOn^rG
3!6G
bd!#mJN7
RON4pW(LTP
TNp3
7GBy7Wxhf5
!pQsxBgJ
IYUmBzzVAl
VH7zR
)p86
58$oGf1RRx
MzekN
C6n(
*@hR1sB@M
l&6Rl
t4HNC0zW&@
4Yi!fp
aK2HWtp
Lz$h-Q9
87OgyEM
&4f
f=Q3%
^hR)St
^ahZnOdXW=
=jx%Mh1ymy
)Y-=zzUZ
@=r&I4ny
tu)s
&eKzL
@h)DrRab
1%GGYwf
TGKTW
*ckDVwae
Z9FS
nkAUz
pGD3F$uJE
47F
tt4AkGb1
RjP-H
@5x#KoS
$p^9TU
*2!Ze
i150Ig4A3z
=-L8DfYYj
WPqW#@WA
mWl=SmX
mkXx7ikzat
4jk
Smf
jY3zhon=Q
Kj$o(q1i
ni-&z@
MtYQ
ILVp3)00Y8
61N
5Fagp2lOQE
JyC6ZBX
GjrMrsB
-xOxa735
K^)H&*
w1aGg9*U
G%k1X1)IbJ
p5u
Ab*=5
tVQ
C(5$qs
6E(Zpx
I%Y
D^eIJ9P&
5KhnJuG
qDz
Dre9!)
&%E
zq=mX
Dd*aM9!Iy
hQ$5ZS
!#2^c@WsE6
6WezC&
3z!7ol@y5z
kU&
Q*ST
9X0Ukl5
Lw@J-@s*=k
C-T
GuGEV(tHdl
$Y1gmFdBe
LL10Az
aM*z
Btn
sMV
zlZ1S4z161
SA=
6L(VTb
X8uU@
(Lcg=Z-dV
b@xR-hIt
TA59
6cw#p8
$uYVbZJw6
EBJcnRMHn4
1yx2R54n3D
JA1ElEx
ssQ(oq9
uk*&NU(u
HK-#UVx#
4Lz
ZAc263
BJW1o!4RTo
IgEN
Qem$I5Yek
sVPU4
6ymCqzU5
Y@WSrKzka
uY5dGVR$(
xyITw
(pGbzgnha
@RbdcnXghc
ZV48jK!
EpJ#
7$DY
!J8
HC3e^jO
Uz1N8ON
WRiZ
9exlAFoL
Op*SNq*l
Lh3h!w2
#FusM!t
3N(EaG)Ut@
jR4uAH
9BU=sKPzQm
d&SjIY
RihL
wh)V7
2P$
L@n
-=z8n&ldGG
08rm8a4Zfa
VJopp
4%&h
BX#WgnU8
(N%
%cAuNy7
D^-QEz
%RDN
-Bw=i
kho
Qd0T
2$Y5
RqsBU
QVX(B9q
z#ew9
DTl6y#iP
=a1baN
zKf#F&
nGZt*=&w
O$*Sx
=IAnpfmqkF
ZQdfft&RC
mU1lVbUsE
33Wo
*Lem(kn7DP
iHxJ866@#
pBGc
n^Q*W
Y=1
moA
xxo
)N@o$U
OrI@
VFo#5JgEV
p%DaI
!WzKX5g7=
^=k
84V$
zy^D8
)cxPl39kds
qGnq
yiT!6lAKN
c12Ek$F
tzBQPsP
kxDqd%w
i(hPUH
HzuRoi
BqK&!5YL
KWL$x%8
6!EMpC
1WjXBrE
7Po$Q@8
BRaC07t
*UIc
n8p
QncOKePgg
#zBHY
nZW3=6Pt
*XZ0Lsw
6&DDdCGdV
uDHz)Yf
tj5DhjdupY
cIQiO9^a-
CVM
mT1OS4g-gX
wbm%e
pU)4%3T
Bd1on
b@fL
tdEizCj(
q%Y^!
p0ieF#9h
QzLus
Z7S&5j
4YE%
7u@ms6oGH
KWo8
B(b9qdFNe
eEj
hwrwN%cfL
z=g#D
ocaiS
a)4!wHkdo
ccWfV#
pbU
X22mzF*79C
FKVHc6
1Z-
P7s
3AFsw
k8m*VH@S8
uWf7&!x
0N&
)!Jc2wP-
#bi&&ZS5V
c*Cj)gt
y&LFQql
qol6IO*
9T$O
I$#A
rRS9x
!O%e
5J!9WsnK=
TW9bKTErOB
L=z)q
w29bH)(
HGKQF=iI1u
@rsL7Q9Z
EI^H^
xx0
jKoPu
F#Z
)dp%adGqS
Qf#EHcw
5Fm
Nqz
s4w(
L4#^Jm
zN*
8Xin-ybDJ
4zlK
cBnhD!
J60R9Wz0
s$coIrM
S*Ib
gazzBzzCh
&n$3nzY
D)s2tRpq3n
9G1A
t-Q&(
s82
^%2bI)0Ac
@89
3irawg
)$&a=6x*
Q54328R7Uc
S(JF(g4
#gtla0g&
eI#Z
gQ7Og&7M^
PO4jgp
k(!
6G)&Sf@21
zDcGG
wUD
Bpd
HcnMaq4jwK
fls#^
#W@Ws-
1YOX
zz&H9MSh
u-f%
&7Kq*$
^5^dp)%F^N
l9i
8IWceACJh
WXj
5w%j$oA8Y
DB77W$*13n
fXrsu6
REPZzPD(F5
ZkV
YtG4C@Wx
rEr5
dd$Gjw
rKj!TV!s^!
b@9@s)g
DU^Zjz
f*0qfL
f#&t(D
bcO!qzMeBz
(#c@W
x!3Fx5=no
(Km17O2
Q(J#g=
gQ2wcx
-3b
qnIBF(%Ox(
7f3R0c(V)F
tY8S
SUu&
2K&G7U
ZzjJ2
qi&
@%2)WEnSkj
oEM
jyl%ZM3
ltO
b%mz
C9X
hK&fH
03M0qp@y
BJdC
-&%Rq
6L#)x
wkLn
FnW
FAqf(
7ZeKczXi
my=6Ao
9@BKZR11
-J@fOK
)kfO&M
%eo8Sz#XP
RWYR@2T
Kf18
2JZy*&
b1Qt
y%76
6TB
&cHqyhX=nZ
(MmM6PcG
pT5n5
lENVxOBPqE
fiol-uY&6
Xmpx
g0M
jHVhny2
G(d
RuQfz
FVTi3y7N
daW
@kopxL0l
O9D
Igh2TGz9V
EY*
z(qc
qK9
bzHqq
yAPP%n0Hx4
n3fW5Ef$xr
rmGqzwZUq
49C8Mj
4DTpMnRj
c$*rp$XA%
uwO
T-E&Sk5TO
t%W9hm9Jt
zw7S%#S9XM
eO$!5&WZr
A1L0ZzMWo0
178ozqfUX
Zn=jTsEfn7
G&VrAAS*dV
i8#yhP
zAGBjUC%7
MDEn1dV
^ELaB$
hT$w
gzU-fOp
k@t
L5uqChb
EIyi2GcwH
^dRCM2S
YQeatsU6
HdK
W2Bw
p0izug-E
Ski
s&yo5L
zI&Y
7gHD
)4lL#qe!
Qh!%@ur
G@7&
Gix=U!nn7o
VAKH
7LTayX
6z4Bd
VCOhnuWc5
MW@^0Tl
zQUu
YYMUi7
^TsCP!
a-suNJW
Ib4i
moeG
-WqjML=eh
j%L
qUHdrw
w)wBG9Zhn
^88Vzt
y(^a^dl2
!wV4JbN8
RW2FH
zSTsdM
&NC
MzC)mh
w&UI-3W7
TziNix
24#Wy$p
UCu
eKBm!b^c86
@x^13
lGqJrEYBNG
yMNDs
z&9
ax9*4
Ql^X4e63
RFLx
!N-O
)FqQS5Sz6
dd*j
TmOPn
AQDAKG
RwWtd!#
$weYbw
$gc
%w)wGwb
pOlOi=yb
gIT(n7
Ewj
o6yRnPgak
%2Zy5%O
xmR10K
nu7am%BH
N7pZLNR
r2g
@OS
-9Hz#8
MJfk
DT)WqqO
dMQi
KNx40
5Trk
pQH
C9UZh)
gwB0749A
NRjR$
pfCO-r$
I%gk$
r@yU
=TZ
U7RC5)bfA2
m@bV-^
soxWH4D*a
g8gaT
^WxqiFi6
oeX$
QFUP7CQB
Z6PCR#c
)Ilg=C&(
s52HOpNft
3E!bhkffZw
6BAJUZRi
BMb
gtZj&6L%(
X#eNsU&=L
mDgnowg&j!
IZr%%n7Z
@26CPbp
Ba6O$P%
Ax*5
mF*A
7fmABLW
F0s)M
B$kYpMg^
&!fbAu3u
1GIfz^of^
TdV!HS2C
^7!*
6bWD#9y49w
tO1
sliP-9C
!rKPGbX
XP#mYU
Z^misncc
DuC2DI
=jfs8%
(*V4
^dnK
7DSQ-4WR
uN8BjXo
#OqItPz0
jcW5
sS(Q$d
5Tzu
RzoCX2(
=&T$V
pJhQ1pCc
N-6WTc
ap6K
LI1lVAfNm
&VI8TDL!Bk
lTdZ
YacoOtdTOw
pC4AJ
Ar*Au
Thl9P)@K
YKRGLRKw
Zfh^NAd
9eT
T#DSm)W7f7
TS&L(
(bNfsrAB
pmB8-WO
^X&PMLMgM
-x(-#qPDfe
0@rZYX-ugR
U^8wxc
Rt4n
gYS2tmx
3O$QZJ$0
I(W7^Aj
^#eDNFogz
D(5D7!FY4T
n#X34
z8QsrLjW-G
**Nqp$8R
Ty-cBt-O
woqjNo
A!p&2F*GsC
w)-@pD
K@lhZ8Hr
Tf@E
5(Pijb
X6W3m
q%Q@z&#5
hNQrP
&Ux7d90Lt
eYMXx2
iozJVz%
#8O9TP
fyiCA8
JdN#MV
@aei)AG&B$
Ehaf@2W
*XbEWmdhaA
LFAjPXS
y2S
nic%I^-4
&TazWKr
aV!
VJ8
ttl0
f=xM
zZpLqP=%3I
pi)lpjLN
YIK8=-tbr*
BAK9L8
ETQ@tjPFL*
O-!OBbb@DF
9xDf*SR1=3
oLk
w#9*0yM
@2ayH=6Y
G4l8
(0lVpEBB
nXwuf!Yw
KV0S9^jEP
AR)79C
P3Koo
hB9-zk
Xl8Zn
!z^ruR
L3z3RC8OX
rojGbS
5WHm2(U
Bp5u
81k(m0Yz
PA&RxeZ1z
B-2YcP&Rfc
Q55
lpdaeC$3Mm
nf4J3FNBS
2gCZQWREy
u$xE
B)tzK
NMBpS
Lp^FwaP
)*J!0
iHTY$
LC58-gH
HpC3
l!pU
z8^5
-*AoX
NXCjF
Pbk5zQPr
$Mds
A2w&
@-VSY@$
B$c^jO
wz@tz(
XG(!mq
j1O
hY-uD
Jlm5b
$Cb
%ts@g
KT(j42
IuzKyRG
w$3S)
c9M(nX
2!u
9$%R*%UCc
fd(4k
54@m!&Jml-
5mSzF@
&Q6*m*t^H
pEh*
PcJtH
wz)nHOw9
D*@XO^5
Hp1oaBDp
CFIa(aO6
FJ^lGSTqA
hzXcZI
i88e3uaUM
OA^$k$
k3-&GRNQm
X#4GjDVt#
srhT
iOOcr
#EUEP%L
djpw*$=Ie2
iV0gdEY=
IbKZ2ejt(
K0Mf
#N%P
7Q4UGY^3i
W7H
O$F
AajZm&YTcs
bxr
x0pV6Dg
-G0
4tMSr
RuF
TZJM
OppCCD
h(stG84Q
mDFqF9#k^
$op1
@^54GIu&)
65(7FWiz^P
MDY$G^5-4
=uQfVa91
CD=
71U
dNdjW%pF
RD6x
@jWa80eL51
QLlmX)uu
29MUV
TTX-3V8
V-Z1#z
wz($
eslhKXC
KdotPjs
FRWIQhG
FLzUi-T
=55IT
z=45u
pzma(oRJoG
W-WobNzC
!-C
lf7x%lSoE
iuOb
-1R
FCpDlpjUJP
fOXuPl20i
tCl9*
=DNa&(Jc
Gx#YTeJ
ValBt(XC
SK@P46Z$2
TX@WWN@0h
5SAl4
b3H%(q
l)F
-9m#p1
HGl
7QIx
sfg
myD0&VRnY
gz$##
^*%cd
Jqh
-AB@cr5
)1cozW030u
OQr-
eN!
=@ElOx^
G^k34n*s@j
RuAosE
colqzL&
@aQlVZ8rg9
Aj9
0WH1P(XDY
%Zxo@XyrE
HPrP*PyH
Wuqn
Xcq&up
4eBt7P*K
dzr41(A7Wk
G)s(SRaugb
XBEHRV4(&w
x1CcC
#opf*1z)R
^G=wkb
gZR
$pX
t#Oq
zCNzZiNbzC
rQF)KTtjO
SZNe0t@
29D0ZTr
-Z9
xz2KeM
M8Q
oulm!6#i
yw8C3&iyyp
f)Xb-tYO%#
r%q
!fzS
SUBM2=!eex
sUNC
$is6nux
6$)=&tgS
9I)
0*w#*dd$
uzCYKNu
Y%0^O
W@8g5sN-H
HIizWIsJAb
tNfszEbpO^
X-EE
*IdEzKCy
7w)I4n
e3kne0^3m
gboZ
J*C-WdHy
cWseG98YDK
!1-T1on
%mQB
H-dydR^5
Mfls
bJSsP0
wCSt!bOEAg
K%NI%qc8(%
OG7curN
&DG)-*=
p9=R1b
pZEL(*#26P
g9S
%pKs
kuzZ%z
Cz9N!qr(N
uTIPi
N#%
h7G3s^Za@
ORwkkZp%
!1F!o
GiIUq
gpa8=ed
PMLz(
T%i#AZ-
Cx8aLEC
)!*z5PhM
iC%&
DDz
ihjQ7
iVN
$6gXtYzZ8S
xyXmanD2HF
BaC)
ebqy-
2zc-bJWg
-8yK
R*@WeM
Zxeg&sSMoL
kIzgKr!$8)
Ak2
qdqNlds&
jTPiH
YhicE-z
4MS=Nz
lYz-BE$O!r
GE-e*j
e7HC7
^!g#Ee
l7C-
5&*5LIjcxW
MBDRWn
-hMPXuF51y
iTGkzkp!w
2Mg2naRIS
PYWznk)k-q
eB%zq
I)N^
TPWnyf1F
-W0NfTa
!Cyu
edQ@0Fsi
tq!CBQDP
jHed
=1b&*fKlx9
pT(^(*&
7m%5
xyMz*^UbU
x*mRPZ12
LY-j
i=C$
wZaD
d6SQg5QVR
)O@jP
lj0%(Z$Ny
Q0YpB
q3x*
%(NG8!E
56F=B6LA
*jG*RFYOzH
eNeOz
B2T(HGQJ
^#-FX^puR
V=D$
zUmCju
(DoiW*
nk5zZ
w!R1bILU
nbklp0kLGS
gR!I
(Q$5
75GzmIIXd
DkI
N0*
)dCN
DNz5u
fIc
ZnRGbrA81
IRPdxd
Cy-Ka7Ux
JnXt5Z#!
Cs%wL4c
4qdR
i69
&HH6R$
==Ca
A4*Dk
rEz
=dPCp(W
T29OU*qj
UV3Zed
)Fz(jnJ*p
rQ*lmHET
snrtm
xyeh
II1mj0DxT
f^a9LlxLG
%dI@TIj
LklCcjzTX
AY%
Vrj
ToC6zSMK
P4i$
n*Zijj
iD&g3eJC
Tjxu*-gnVz
Ac6cPkkJ2
Dz4Kqz&
6D28hZ#AU
3tg0aQ1nx
xSl*B
thtj
f!LjxTof
wFU
zLi3
F%WPaM-We
bHdf%1^
$Xhx
r)&Op1
!eZC
kszyLIZUO
%us
$zX#$hgidT
JVa
jNhLF@(XA
0!8
zNiVPa8n
oNE8s(jxQU
6icDOAQye
y(ykEmU=o
d&%LOQDZn#
zZ(qY6
*A&
xa&m
YDIcP
pxHq
@zOdUgEH
rMRpg&Xi
Zti=aq
op^9
$LS0*o
N*LTy*
c7O
$#4hx
fzxSLMK5
BVuk6j&$7
xt#d
DP0kti
%3$LN!1
pjM@l9HHR
(60aYcM
^%fI1
QfR1
qTo
)oQy2EDFC7
@T#riV)
EC4^So#
TXf
gHhuNd
j37T5ukH
OnKFL6O0ow
9MF3
-0bsOmVk*
lCE8d!R
NENH
QntXT)c(r
Elf-8rKl
OAuwl@5B$
azw(sAs
BxmnZmk&
qXgT#)m=
4zQ
0MChcy4Kz
5xU*N3=gg
E#B3
b8sQkH%
60%*^qGo6p
GcEnu
O-qC5&#BV
&DJT)Vg
kq79MHr
$CKsV7
8ACTQ9&
OLVz2
n$R!bLrJC
PNG5D
NG17$Ahh^7
aG4Ta
Eb!h5R70
cE5I9-jJlf
N=H%w$#
Cfgcbo4
S$*
YE2c9LR%k&
0l*
L9=wXxR
Rd6Ph%
#t#
s6B
IzCg
JK)PxzF
cWIc=E4a^
Lu$p
^Ka)
AcZzXBw(O
K9j
Eo$1ejzoU
%Ez%f0t$he
P(Y
FzY
FW4
XhYS&XEZa5
E)b
0$86fM7
A-Jp6Hlrt
hY&!#N@
=1^&V3fmpU
HR4
DN86qUJqt)
7EO
HwcLL
o8P
Lc**O=5Db
bK6A6b
mQwQw
-I6l5#
^rU7d
b@0nCzc3x
xDpBE
8pdzuB
Gt78Fh^b
IpJcb
(Hu7
dNa0=r
4nmS
)3fd0zU!7R
rz5x
PqVz%$(M
Q7^E5
1%g
t@K
2wNlyY)l@0
-sjh!3U4MX
#=N4xwz
5G@17PR
Sff
jlQRzTI!$6
p6DR#UbwsN
Liwa
N-sV3)
9-lMt3V@
zj4%beV
u38N
*KAbke2pF8
G-Jg=AVYR
zQNU
J@E-
^d6
)TVX
3Qrwsz)
V)!1qhW
8JUA076Me
OHMif1
o-RFWp8OJz
9*&wVs9hj
zC#q
ixG
TzkmCH
zoxi&59
HVEKH8XT
8yL
qR(
&GZqT
s$L92cJJ
0LGe%00
ozfUY
NwUX
mhjB9Q
w@V
hiu10X=h
dR)zN
zuyA=Rm
X#UWo3XmG
rcIVD
b*Mgn2E0k
!L#6T
wic0!o#
TFBTERTj
ur1Me
sra
2lWqnP!
5tsY
aK*y65^d3
yEg@^V-)Oz
iyHUx
6dFWaQ
caSLhzWXie
LLa(JV
Nem!UCfT
2$ay
B-=I-uw*Gl
SFB6F^MC8T
Xu*2z3
tyl
GQCMRSVrm
zz6byo
3zTVsSR3K
MhB#IXAx
)E4zLeNDH
PuxT
YxPjt#Oo!f
kXAUW
FHFskz)PV
^@zgy
VhDUN2p
X#BfcWB1
L-@4aCgMI-
W1W@*t
LsHF5Pe87
aoBVOhBVku
$6IIR
p=$3l^
&ppiSI^n0
zqWZLpSNB
ryKcs3j0=I
-OTbSg
Tkz
3^r
5RLRQk1xaa
o@-A-NtopW
1H%n
wps
CL$hqsi
bLfg
Q=ONAXaJAD
kw6)4-
HQ6OU
4$81d
=49d35BpoT
6d2bt8fG
o(k
jOO7Zd-T5o
QN%(uBcOgs
c8ENM%
2($0i8
$o$2*w
fTUa6fT9
Hnf6
PI)ScG$n
X7w=j
yW5^
9KQyb5y
TV!4$i
qB51Q&
MiJq&dy
nz1$
iPyzI
WVatZP0
$6gObLg#*
sq8C$1
oi(n2DRRQb
gz2xTk^
sgd=0G
kiA!85dKKV
*!L9^3
6lfND
$HQB-Z*W(
OdFy-n2Ey
IeEDQ6)jzM
-6rH
G3$XekTmG
Vs^NBDTf=
m*aQ
j*Qwpdz6SI
z)sM^Nfp
ITiiDsX
ZyVIdaDapf
$Bj
TO1p(1
wbD-tSA!tr
JE$C
Zs0oU
Ams
1qdib(
eSL
*t2
*szaBc-
ahYnoGVzd
tXA1Hhk!9
5zpuMdLd
eeNp=0
5-0gFWCl4Z
7)g=QzMP
f7z&(
YC#IcQ=
5z%749R
-$9
fkO!
XLHOK=gVY
Z4eOL0ke
DXH@gp
5KB
0yc!&
-0zSw
)Dz1Sk
M2SoSli$(l
!aP8C5
iiMpg(tF8
36CM1a32y6
a4BNIqr
7ZVofdtM5B
Oz5fzGg&q
WMnswH*sjY
WRzT&
b75I
$SW*nH^mc
u87Ff5MtX
kKl
RF)zfhMX
n-Jb
fo5
D(TLL&pOY
PZEL9wN
PAz
b2zns=
f4p$^
iHaoN
0Ws5u7OX)
QX9-QA
KX4-
Lo-
dz2JlNV
q3ZLIKT
OV0
RfiUpy&%
JfoqnuRh
EdQut
Nw%x
q3sC4uS2z
KmD0zFoZi
o*aE
sgFFP6
))mX0AWhN
@9w@H
W1kezFtd
Z6=OK7bk
%ogS0VXQnw
E8)5Nwu^X
%ozh
sLK^d=Lo(7
jlJ@2
4-pZNner
rWatx
!t)kVz^
u8)i9KDy
eZ@0j-V
PnjAHY4M9Q
J6Bw4GjO
l2Q%
0hkYjiHz37
jG^fd
i#DA
YLIaWGs%F
A&AtkES!j8
3!)e474OK&
sw)OcKzM
N&W3H!W
0N0
ZA4S
O#bF4lG6
zxCdQ-ECV
4&3O&78f
l7mrZAd
7a5Pwp
p$MAh
VlX1d-^H
(&1g5Uzg(i
DcW(zU))N
#mQGFc=
VIV68
Bn!b9$p@hu
!M)SV
!kT^TC
MZx
)dS33
zWce
2I7SeEW9
xPmzxdx
j0qQwPR6
T)YGpi
yy0&W&BoW
%@T)JzXBE
yDL#
bVV
)Ur=k
hFK=-TbX
V4n6$6%H
yWiuK628UI
Yan2-#
8ih6
V0F
)zKuK^z4
lGTMro
p%blIT
Gdy
wDjdeLVc
Ojhs
2WgV3o@czD
yeXjoY
pfLp=
HyeX
fixRd9s
Bte
R4Y=fJ5
Px9cyc
yqe*cPy
70x
Y1dJOh)
m@ziZ3
hYUO7Gu
y6E
xNq0zla
%&@VUz9
DTbwaTg
qMLyw
PEETJu
m=jWFot
Y*GH9pl
hCtcdU
^n7%
LUWnlcul
NdHUaJh==
D!Tx85
*MhoU
(!aSV
Q0MLHq
FV7@@WM6
SEARYV
zF6#%V
ibT6^62
ciSRqD!
8OQ
7C64d9zatN
!%!$S
S$r0Qwa-Fo
Ku8O*W*
VJ-8s
y8$SmC6L
NEWJV
N7Cj5
$cb)
i!z3Dp47k
rbnD!mNm6
BhxqzOj
rmqqa^2
n#N
rr&$@pM
talMcOY
K)cWW
-zqTLW
Q67w^UdK
bc@L
dLVJ
T#X9Yz
4bK-nqr
r%&z)2Q2&7
G7)#c5u
g3$zaY0B
qxKz7eS#*
P*00cA
G)qzN
z89^X&qySF
jxTUcgMQ-
c&bWcld&ZD
85XI
a^g-fS#
EOt5%4s=zc
ZEl^q!
E@8=Ve3=^i
eZp
&oiw3=uMd
m3SDJyX98D
nS3
^#TjG
hXKkrOa
w4X!i!keC
&k4J
W*yP8Udym*
WzAi&Tt1
2Kyoek
7=C7
aKy$6
@g01
m4Lbnc6E
qHdRps$Dz*
gUMz
I6ai*X1
$USo4z7sK
yKO8R1p
h09-(
xA3Sf#Ne
0eA4Pe
e8=R6EzRl
-rDC6j
rlP0&i%
*B1%
(6)MJ3
E1B)
TyHw
&UmCx
H6k3j
3j8$
2F%GAdm#
yi7@n@^bU
3AcHGaACd$
lxFflAAR
d*q
m3z
Dp^c4
qp5e$u8
Q%sQV1zV
#eDp0o3d(@
T0TqzaAj
S3GFYn
TBnQk
BNebaEe8h
Yl#Um
*#cFd@1N
Egz6e3C
HWq!9$
G8nJ
QiJ
@kye6i
OQ*5pJyE
$)xyTGw
zH@uN&QM-!
(QPxpc
jlNtOt#iEy
1mdqlRY
e&t!YCy2
c&W
ofVrSA
KkR
jdpAU8H5&#
KcXzKfH7KQ
g1fEa
b#qiTE
J-o
BMF
DrX4)FwIW%
(zZePfV5Y$
gOk-Yus*9
ZRoP3
t!x8(%K
2(j^K)68j
ECV
*n!
m2*
5u$zC5)jb
zez(
6-CZ9f#
%-ET7HxiA
tRW9
Cmy&^R
&w36O%ENh
6@Jqx&Kx
m*b(3M5M
R(nsay
EUY4gU
R-a0zIRI
^)7z
-2WlOVT!zh
Lq&LoNze
!kH^DDukk^
JJ5W7nyVN
zlu=Lleq($
hIh
el7Lo8h
zTqWLuq
NVX
&YmDSE2&Ye
fZrVEe0*3
qiy
tKMi8HuV
ypSRjsI2
x&u
SwT^kKHR6
wi(e
@6&O
j8xh6Sk
UN)
5YoP9wsI
Qnu0K-2n6p
yVKbn
%REJ@*Eez
@Te*yumI8z
CMde
wfhP(
rag%P
gqNNaoP2WB
l&dq(5%)
^XQnbc
PhQjpWQ
t&jxo*Wm
3GM
ICBE%JwI8
J13e@Wgz#z
hHcxw(
Q@Qjg2f$B
kSaQkh*
(4=4i
$L9M
$po
P*Kyh
jINx
nR-UF
Vn#6
o$m(WB4w
@Djj*
qR5iS
27wunkSt3
Up*6sZn1*a
I)u2xV
fIaV9
!tGe3^Eidl
YdN
Jj!3R0*UD
qhi=Ul1R
GPTjaq
bzgEt*
ReY
W!gWiJ$
46QsLLk
0l#B
!A*e=9SWQa
ZFZW@3haMk
QGc
^8=
WT)gsj
WYL%a
63h^
3Iu1lG
pI$5z)n#q
9G7)dJeGuP
l2!
gJz*e#NJsP
zbG)ZzN
qW@iJ3Al
G#iXqP0Z
H^W-6gi
5jqu$b1^9t
I#-5laz
tM7z
0V&
JDB7*mlJ$
$l59#o
7TPNU
O2zBE
qCbRgjo8ls
6JOx4z
%n^&1uOOCm
nnbDg3BLc#
rXgVg
O9f
9QBahTc1H
fQc9
Hc6r4P
cUS
O3(cs34N
SrNIc
O8(A
-Xw6Iw
0EmaGpK
@Byq
Hbo4nVrzG4
a4zI&
Jx=qzuG)
PL^5C
j8CJ86Wx
bIYnDee
ShtcW
(=&
Ctn
rO&uuwQ!
8xr
#JEf(
&a^gDQk
u!UnYbs&8
nHW
K75UmpQk
z(5
WWo
e6WPQZWBsl
Lu#RbRfi-q
Wm56!fo)Iy
r2V
XU7H
qn=n4MG
POJQ
FEslAqz*y
m0BUGD
I!-L0hY
weq7OK
g3A#mG&
u$A0
PGwG*i%-bR
j@fX0F5CX
K(RW)C4
K$WfxD^M
4r^BW
CMwf
15&16YYip
cR#kMT!!5y
z8MEOz
t$@c5tTt6
UiE
ezGL$d*NC
lh0
fmDy9g
