k7O8
5UWRUM
WF0
S5oFzz9
mRuQlj
)y*
Pxzs@Ih2
9nt8
V73*s
UcJmr2f8p
1ObV
y4244Hng
%a-LlzoXtX
hi#n
s&K9
##6
F6@39QQ
shOUTDuCi
Tz1xP
#S2Bcj
nFjfhqT!G
PbqGYFZ-
JbC4g
f*(y
Czt
Qs&I!Qms-
-WzPW9clUj
$CR(%mp*
6)F
9rBIHz
@UzDD1
Zwbf%qQq
gKVVeJ
p6FYfb
bQ8(
qmHIGl7
VD$zn2KWi
nja^%
sGV65
wC*5Zzhe
8Tzd45C2-7
6)a8^2=bY5
qQ*3D!nNY
32zbtUGzs
*PHO4*4E
c2O-YyzSPH
MFR
HPA
@DkQ%dib6R
@L%CSYm82M
lcE8eS@c5U
-QbGiSV
h%of23=UfQ
#BN6
E#!^V&
L!^9KJTJU
cjXyw1w
oJuhiZPYt1
D4#6p
bZ@unpsPl!
6zaBNkzC
0pMF
w)5GEgiQlL
T2fnP6YJ0
y#iO
LOA*UXj
8cuBxsd9LG
0F@D
dZTL
j(xTKytOr
sCFX%e%I
5CVSom
%cV2Y@H
EdFuSRLI
b8=
2oAQrC6zQ*
4HZo(*XGSi
cReD
7SEiB@z3
zGG=kNO
6REsrRlOT
#B3azM^
WYz
ap6M
6)KD
G3r$sgO
LP(Cu$IpP
-$MWM
)sA%^^$3YP
mJ8
2leCox9Nl
VOz
@oAZV!^i
B^&3lz
U3IDz9W%A
)z!UzL
G*H%zfDKw
(I9$z9k%
zVnP4rH61
z8UF
RGbHLM
aq8
XmHAf@
pFBI3!L
qH649F2
ND!
IMwr
oLyT=gq9F7
dwr-Q-lXJ)
$Vr@
T&@6-
cJmI
DLtJuDF
ordkGX
Xp6
pkoCt5Ifpe
u@Xq(
4y=f9cu
sYZm#7
V^30iPK
%elwZ=5AzQ
RKI8n8(9
Cx41
74wI#11Cz!
H*NGL
iE0Muczn
guu6Xmkf
rhF
rzHbB)
Q9PqS
THIzou@
EENhd
n-^2DFpYEC
f@*r
LRJ&gj-f
lGI
2kM
Hz6H*^K4
EX%-3nl0Y
a9K
f78O-xAMz
b3UOCiz7ln
ieNV9c
Ga7@ipwz5
8)Le4)S#i9
Xbwi
&887ol
Uu(wqb^y
$M-qhD&
Hw#
4ky
#AW!&j
yD-eT
209Cm%93)F
RZO08c
GrJ%x(Zd!
s()NPBb1um
rDL(jw3
)B6%8NL
97T!BarBo
S0fnd
MwC0w$5)L^
7Yz0w
pO%Lw=zW
gjy
lpNB(0J2u
rgVHJ0
ZU!aZ$qO3
6urUVKOg
1P2zc
hUK4@HKH
pW!9zxleF
qJq=ONufD
UUsuPop6c2
yWMmfIDApi
Szd2@Mdjst
Zpf%ST09X
3*ck1
wam
NZPDJyUD
0Y%)eyz
(9S70N
5YZrk
Fsf
45C&qnAonz
ztc5
%ALdbl1z
aTV
6FS6
b!4cL
7OjF@1
&1QAi
37oHCuk
)5*HcprmG
i&z#
=6Og%F
Ln4VyJkMg*
=uody7J9
ESgzZ
aET$HuV
S6A
ij(hsVzCK
a1)JE(S3q
$^y8mz%rxF
)L3HA0Y&^
#0@^8N@
DTA9TOwUKM
u%uH9r
Qj@%^cI
wjH@gs8azc
IQO92
%nG6
1UzEo4$pD
(bWk
X-8F
qYMDN36p4
9b4
9R#ow
zy3uNcKA
1$zfV^
n4wN#5d
^5t-
2n9g=BgYd
4p^rbRAG7
ManCT
4d(uM5AJ#N
q^DRJ
SC2z#(^il&
BMHX9=uCBY
4#mm
RBjE2c5#K
3D4U
&ZXat8(
YbKlyD(XEk
SkhKzIM^F-
D)TVn
Ycm(j
@ksVll-
I$9S2
pIA0o
RaH
NqM
Rzw
t$U%JX
xr9leu4@$7
V*fi&)
AYOmKr
KztX78e&i(
Oz0
I9k7XuCw
0Qqj
)(yCu
eTg0kK
tU&msXtrs
$K^C1
DY6TPGu
cazbZz=ZpC
4kDN9aqY(
9lVh^L2Y
VP0b@wTOB
rt0UBA
dQityK7a$2
P=W
hWhh7ry8N)
P6L
eGnbH
wb)JSG(Bu
J2KgTgEDg=
0*N*
XK3
uQQ
uOz
QRDtrRV
f%AoI-2&P@
TQz@FtKE(
WrAkJW2&r@
(=P!u4GKf
e9o=mZB
qw&
jgjFQ!
6wZQpE)4i
y-cq#I
0GUYgWln
QzoIpb
ny(4
QpYW6L@
AsR99Xyk-
=7#
UmA8
9C57
-^nhzgl
z^7h
^1#SnZ
)aZ%
(TG2SB0OO
83ri0c^s
J$Xcz&#^
UXaGV
pO4wz5
umI^-
zjr-
IQn)CM
Hmd*@rj%k
#OUKG5qsU
(TH8tC
c@^
ilep%=@
LKD^
V3TB36D#
2uqBH8
71P9
=ax!
B08=c
kRclbW
sEt$hf
Y)RC
dK$)q
9-1Km
EhAe
qXiJh1$#e
qz(
12mu
VsVg8J
NFxi
C5yjQ
MFA@2s2N
W-G
Io$1a
mG5u%!lhCq
^CH
f0WM0bB^y
OTqQFVG=3G
sQQWF(if
7FoIMpZyY
Qn#
^!f#Ixa#
gb67zMf
%$qZu
k5zzc9VbB
03Xs
d!e5e=
^71fb-
&IHO
LNV7g
bifG2
1IofE1%M
frn
hXKQlWAkx
Jt-VQ5e
c*-qCz
FUqkBna
sm&whhRF&
KbH#b9(m
N%g
^ESN
rVrNr
erE!b
G3aTU*H
zActiI$G
pr$%
Z-e3!
d1z-#
waz&id
5wRh9
rr@mYTfQ
12$(k
jPOG%
FTSrWb
*$JrQcS=H
0)K
sItf
(jT9cKFdGK
Y*anfzUl
bmD&ef
b7CR7
q6Ds
)Jy(l
xd@oGPcR29
@gzi3H8
*DzhNZM
u!iUtGy
TLE
Hxzo$Vrf(
E(22
%zo9k
iD6do
t2BJZUpz^8
LxilDt3sP
0fN6
1DIObH-H)u
u-P
9g6ctjC
aal-YZVl
tid6MYX$%$
ImIzbI2
mCVs
K712#9
Ekd
kpC*k5!8
k#oIX
kN-&
&cOV^^
IOkKI@z
qkZ
K@aZ7xtSf
0id$MYq
98Ugz#fc
)bls7Z-*
#pm&1PN
4yIz
lg6^
OPgJ*T5Z
XXR89TuU
AQY50
=buOy
b&Sc3h
Xwa-by3HX
QLGmjXRy
J9-L1E
mPkQcjI
zW2KI$URX4
rZI*GhO3G
Pl-^cTNFw
Bk)
Pm=rY08Qdq
9DZ3N
!Y#
qs@1X8
TfLLM*4Cr4
YLGJ%6
#igC
wRSiplzZy7
8XkXgL
a0ODhDZx8
NHJ#Xbre
1KR2K!J
U=aN
rf5kCnh
rer3*Y
x=fA!
TzeaJRo1L
g0I
ZC#sW
F2w
V&tX
Nt6LOCw
AGwK8w
QWZCG1
p56qxqj8
lSzI
hf@)
=%&ICouX8=
zS!(kzr
&IFOCFE&6
A9r27
YOCM
IEfcs
*Z$=
jEsb
G*M
hJKgoGFiw4
N1!$He
cQmS
kzRTrpnRp%
f-O3QaEdg
8KY
BB@4x=b
61V
pWYz
=Qu
imhV^
-z^AC
e@9L-
0@klt1Ka&
Lw@q#zhl
lTsL0G7Yu
QKK8jT38
31BA6pxy
^6630su9Id
tNk
#8Rz#
p^u
iVz0T=V
oqd97EIRH
GQa
Wsi
aKGyzMN@
C3aoc^
!M(R7X(
IPVkbZf
ZLH2*J2oW
7PF
0$MdiUw
BIyXJ
saPDX(MLM
EziJr#$h
&@@cqfn
1zrkZ
Nnk-t(J7
%=4p=dao
Zqe-!hTKD
2Ms(U(mq
)mS%
TH=khOo
R=J
jJBp=C
)^3
fukr
s#*CxM^tNu
(Snu@a5!
bZx!y!lo8
h@RYh
DNhS&Z
J9m)lTr!
*3b
96Orf
KFL8SjK$eq
dxhW$-*&H1
xxBmk1d
mj4
wySPt3Ra
#Ug-D
IT-Z$r
ylE0B
^ld
5EBgS
!HeO
u0wC5(Wb
Tt6M
t)o7
uQC^2ClI
17%P
0mAu3nH
lb87u*pL5I
HzRzzknez
-R@jY
c19noZ$
^yz%9y9*w
t1fz(R^
&=9(
G(BD8C0i
NBpg
ZnQMaI2
mqduN
8SFV^
7YTR&
z-Mx
q*l
N^a
Y=S
*gA!6UD4C
CI)#(0f(
Xysn5fGL^u
a@3
IyZXkq
hc*Pp
CRGhDl8O5E
ByG^x#4et
A2S
K&kXGpdD
UM4meIxCt
%iHee
bSSnpzgWJ@
s&f%L2^Rz
zbYpF
qWW9k
9DOrZRr
h0VHl-m
zXMP
)lMY00Dd2
70=MG
flV#l
pWh!dLZwA1
GEaiR
FAnz$7L
TXIt5zMY!
dE=j
U56ABt
EL)N5Yd
UC$J
Tzc3U)
ywu!-WH
0)6e#SH0
TuGTO6c-U
aRNXzdp
Ht#Wf
dPFTp=W-Eg
yxE()KeoE
Y0QNxaF
#wEzH
8t(VocE
myGs#mAfy
=nj*zy3
x3Y
(pBnxk7
5JHAzjb
fZy7K4B
P!E7
^G8fTT#F
^H7Qc
nrW!L8
*TJ
2Px*#1c
VUu
K#q3$ep
0)km*
(a8W
T^Ai
%6Un
zc9XgDrk
5@LuDMom
CQen%7
O1ClnR
pS^
iB3eef8@tu
68Kt4
t&zSQeIxT
i!gUlaH
$o$xz
%-CHHr
-THyMX)!^Z
pq7
NI76CHVJc(
WWrLNG
T(l
SNK
5ZGE(ma0i
%V7g2k
2x%M1BNdp
)=z(bi!
46CL@4
55cW
f^!Q#CO
bq!zH
rJ#u$
t@0xg
1aFA
kYg2$#
HqF
bMHFgddx
LSe0oNz
rIjLK2
reNzXs
YDqM
H@VlQ^b
XJ^mGiu
li)
BfB1
SDCO(
z0u)l)S^X
LaDGw8Vs(R
tHw%T6!G3
u3lS0
BMane8c
QFxiCsnncP
dzWjRR&4
QKqQOR%
r46
44zpidD8sn
Ah58R
%GDlYY
Pz1LE
StmZD
Hz$ZWoLZmH
!0546h
wiu*
VenlOmj*W
@BO^
QdDh
M-zaN=oC
zD9A1F0s
Y6PV)&TV6
VgeVlDr
FUSX2d^
^qeXHR
h)(D
uLlKQcnc
rftqzwJ(p@
qrjpM0yw
pm%7h
=#KUZOSWKg
hUjzLzRq
@mq
J3q9gHfX
p)XCFH=
9%#T%
cxm4T
6$tyg
pINr#Z=C
FCP
y9VL1L8&Oo
SVc7z7ss
kHCp
hD1yl2
eQN#7
YZc#s
uR25
dLaP#*Zj8W
G4Ne*D4
c4GE3stDuT
EQ=i2Boa
j&zX
iFcXFi
MzM*=4
EEbl*8
jOmh6
BZ!B^c#h&
Vr2FazI%
dzQZk1wOm
FKK@q
X-G7Ozz8
28J)R
$4Oeoqk
uYt
gBV^qG@q-
*nwUzHz5S
83C7
4Z0f^
2C$Q=b*@&
(PrHOQw
nkH=dqa9
ymV
X)U
(h7G*h&
l^MmtbsYs
U)u%
JXFh$b59
Qaz
OnHTpMo0l3
-c4!(O49
Y*da4^pW)
Q7K-1NL
XMT55telui
abQ
FQswVgm
0Tj@
zOfV^mk
V@mCnl
e6&=^1
WsZ
3SESK5
=)JJh
))^oU$
5wrNky
0$Q@u@2zD6
sF8E*7d
k$tqRB
tYcz
z$QXGZ7zh5
1-z7
QYnXwK%z1
4Jg3RM1i8(
IuH
L5!O
tty6i!azpL
P#L-qOBL&%
LV7CZ
cbigKVoj
@Z^OFRy
Z2rh%fJu
cUsF$zf
!fM4AM%f
R$d2G
fI5zEV8
L=zU1!O!M4
w3su
&b=
^izkFz
e)BIj
MoLu@aj
XZnrd7Cr(
GKQUWpo
BZyXg
&2%x0^F)
lT!)S4xj%k
Osf()xeC
cNc38lf
i-z
4oi2uw)H0p
HQ3obBes
8BoJUa4
ZRHy@n
3D)ee6O$YA
8d^aXWbS@E
Iy$G)0f
$@3cNfeTG
yAxb^
few
a**
2bN6(fxM
RG-m
@HZy
kEW2MfK
KZ55J
F(8Ta-^9S2
Zzj%C-y9
8mIwfVF
=r7cb
CHz9*yuzl
@%Y7P
L&8F
#*rdxf5C
4shrg*uATX
3=(s=Zbz-Q
HsZSeAtP0i
tqEq5q@hGB
zHxF
CD5!6A
oY*QLjj)Ew
&DB
x!)^
(KRD&az7cD
8#rkZe-
$f0rbf2I#2
-@lfE=%Tyy
0N*ceI
WQopH
cLS3
EDoe@rO
Hg43rr6
ANrk
FzJjMYD3z$
NywBHEq69
nm7$2B!0
$GlZy^p-ze
bJu
mm)
&dK
@$uKCr
keH#J
eV!1uck!n
VW#%Q#26
EmF
yVV@DT
IiWaH(%W
S&(n
zbN
Pz4fMz2q3Z
JPbr*8x-
f6=9yAq
TA1dwp2-
ZuyrJfBte
1cDN)DpmY
m7e
W01Of!
6z5xiBW6z
Pf#8zLuU
qbyE7y
T)f6x=g$
!gCA!(S3lT
h$(qpA
XVI(f
-(!0BPHKfF
6I=o4D
Wz21OcV
5usq
d^1
YKbg!YW
^zC
*3$X
@FM2lmeN
@bHqOR
m&MbSf#)6
pLZ#s0cE$m
b)FE
b3wNYb(r^d
3DR3#*p
y3s1
Iyl$
CUxW
QmB!Y
=sI1rwk3@w
w3nFb
ZQahHJ^!zH
gDzP8
MUfVLO-T
OEsLbPB
cBtqanf6#T
z*6YudPGX
S%z)M9UefK
0Ao68Ro(
bzt%jaJc8n
&xmytpnW5
&WXgoH
1)4Q3CCF
Zc@m
w*Mq4b7O
rsQk
LVjRWUr
6Qz(pt
22Lmc%q@
2EZ
xGF71F%F&
P=Es4tSM
7Ga*C
WT2&SJAP
Rwm&RSH4$
$dBUn&F
OWT6m5jwU&
LQi-=3fEj8
@gqY
IuSuh
LF2P!ujZB
WjJwUBY
6nLCj
Hx!6ZKq=
m&zJTXaZ
QTj
TKET#w
cgU1!&R
Wc!h-tGX
^dU
6s$)Jz-b#
y0UIzpkcpV
V9k
#c=%
SfGX&YS
GPzh
fc6y%^Nr@
9D5rIRFC3
%j1#zD
Oqp)Aiw
6LcE6seG
FcCh^ZqXMB
)Nkn3cN
PQQ
^&z
uW-63
cXW%s
O(kJoG@
2X63U
R=BfV=PfZQ
tqh3(rz
zg$FU%q
GG85
hQW5rp
KEU&zZtM
Z(&#w0QCW
)P4k
@ceRo$46
Kz%
&)q#8!wV
D(PkzDXsA
U=$g1wOG6
OZZVu0apt
##^O
KaNt1qz
CU!a!dO5tx
LmDzt
QVMn*m&
#ThS%syTO
mlC
)&97590DH
4lznGMJn*9
TzM662bwQ
C*2-%fh4Eh
Lp5dzTx
fTejT
KfM3DmCXf
532x
TuTta@O
p9b!eC
$m*u!3fYIp
(yXudNoA
iCqpyxs^Ga
2VESSyN
S%qW3%uU
T)n%9tWV-$
0=@NrTVF
=jzA
xbJ
tdAj$
GUYclzN9o
Y1tWxu4
tiwB(nZz
pk@e
2gd3nX
*-j&e4C(M)
B^-5U$x*0
ZG@
Hc!
3MKs(=u
R8P
Qzh^mJl4
(xFxEsg
5xAA8
52)z-fGQ8H
6sw&shGP
q2D@=
Qe(&n
zo*
egT$!
)d3M3=ApY
u4t
dp9z
uuycn2Q
uTyHRh58(A
93m%
xkzXFrh-5
&ZgCV*
TP=)pJ2hmZ
9jPd1SRl
uNm%*
zlx3uyJK
B!ggl$*k#
-B#nOR9e
)zhpuC9M
GnJF
&tpngq-Nc
FePXC
V3ACA2
2%p$#
trmoiU6D
FQlzgSC
8nOSI(W
qcYC
fwFRV
xJ2MuZ7
5A#
l@OphyrbF
ll2aGm
S-j42z
R6mqUq
*bBh
=W4-HW
-#i&T
=GGF
ER*$
7Nu=%Hj$
0C6W^
LX4iu)4
a&y
F7%p^jQ
6M7VM8dF
p%Q9S
nFfjA
1D@cC#bkM
Gm5kGJrHm
^o5h
uJjf3kH-
!-SQbTbNhH
=Fi!!BY-d
a)2(RQ
!Yy
dE$)o
oCCo3kJ&Y4
9koZ6F
Ax(OJ@
qk7
*-4q
@)O*
k-zlkQ
we=mL
YK6aYL
ZuJ7bp9wUc
RA*
zfe0yE)mb
)z2^oUlC1J
ck7fMYjuq
*SL$-eY9bC
Nu3ofF-j)n
wp3ZB-Y
q#F
gQS
9sg8UJ@oso
m=ggem0
rJtQpG&R
g@$pDE
XFHcwc2x2
$G#
BWa#s0r
HX5(w4H
0uy
1z6#mgPG
86EAIJL(Z
%#k
!*bBA66m%-
)GkRe0W
tdll85
(@F^
AZlZQfq
X1iWLzNs!
2Yic
n*Ha
SyYc=GxLE=
nJ2#zzUEf
ro9
l)7gmmeu
aINl9u
)O1zSed*
gc$5RR
5tpzJn
jWl4C
EN#Dxt@1U
%fmUzwA
g$P5^zCT
ShX1BA
*Yp0IJ9
!dz
L86^X
b^odPp0
!Oc
e$^2R!k3am
8qMzz
&OLPF
^c9
p=GZ0
%c39m)%shm
7R@&zLPl%
&bQ
IBZo
by0Gc5c@Z
dA4Ph
qnbV
kBRm^CV
OQmBd!D1
ir0e
0B5ujR
ZB&)X-)y
nspq!L2
CBZDxzP%
K35*%
E#Ou
RR!WH9%
!M94C
u(fTV^Sg%t
x(EHmLORWV
eF2
aKs
7hjcH%^
5o3
Bn1-
jIkO
XL42QOmf
YG-rD
%By
ggMX
Yc1peot=j
nm!4P
VS2jepf@au
*)H*IZJcI
nUckCrr
^243qnNP
3F)lOI
pikAu
IEU-
(5*
AgQo1LNz
4Usq&P-pN
)Rj#s85
0B&PaEKT
AMS=8O#
47jxl4272
V6ys
*x(
mFGzAH%*L
ZXU2
miud
f9ZB$
hXJXM*
5u61WpAsX
eg=eD
(mLz
Lt!@QBeUat
8yS0b4kPz
ml%S
rLwWdCVCyj
t0R8ns
B*EaUpb!1T
^((sI
690Z3P=5
4k@h@c
=ryugYjJ
s8T%W
2BMQd2J
Bw0fXaIbXr
sD5a
E(cag3Ac*
f)m
kTT$z
Yf8!7
kzgWj
S4=
eK$=dJoOO$
3eZmt7CO
i&ozB29H*m
TAwq
J#XfSeeOG
Qz)Y
1yoG37G#
wREI=
($2-bp*AW4
y@e%
gt7Sh
R(VIixw0
9mw
$iK%B0bYza
Fp-N9pSG
XF%2E
azT
q@fxU4H=1L
x3d@29VM
wgCiTyl-L
@$a0
l$kzwjU
)=c&
$Pt@*d
aTIT
yXNJPCkif
js2tL2o
7PY
q2gl^t^Lkx
HShFP6m
9-Xo%%
LZcH
!ZWR*fi
tCXgq$MX%
M*$
^Ks4H#
BXRS
MdG244oSz
5XCUqn
yVd(BLC
%x1(U
0tUV
RHHkUQqGxZ
EreitDi*b
K&h6E3zM
i8Ks
41J(th
an^
n5^r%HuC
KmA6kL
xi^
enNFtTU3
LND*%UA2Tr
!=5Lz
Sm1
3g6myEyH2
F6&
791Lm%h$C
MiFYoJBe3q
%#=K8
ihX
Cyc%
MKdeY
sfr
I%C44AB
Mt6
jGMN#=1GX
ih8w!lW^Xw
hBr-OAJ
!!Myg-pyS4
0XZu
XloLat
Q0z8I
!A)
ob4e4
)ibP78pNt2
&awzCH7#M
L44rUh(yY
SKb90J
I4z
N4acPp
r-gMiTqE
7P6qdy
Wd*
z=x%2
Ym$XRJKhh
jyx6A
uxph=jb
6-tQ)cjRmG
3#GYg00IT%
!ZHx&S4!CA
exlT
OLOT
!l0M
WrCJ$R-zZ
Mj#Y
QUAwBE
P3-%&3z
fS4
NZm05u^
L*l4%a1
2)-!
t@4!#&m2JG
TtQx
t8F9sdU&
2(JpnHfz&E
aFKH^z
E2^G$
mz3l3J
EYc@c6jKoj
Or$b
nzLZ=d
JFr5
aM1Ebl
6jL@T
6PCS
i*HBGizh
6*uzP@D
ODX^3t6l
^KbN%#
9XJ4ms
H=S)UY*
paLieGl
b3cIs-po
nypu&T
WPN@wf
MAA4
zj@N13p
5swpK
3CZ1t5h1
aw(@#ODnJ
pN1nCVZ5
RWl
F92
(jG)pwapk6
#I$6G4FJ0
sU%VzD
XVc
*GE($
EO^Izo
umJL1-PnYh
dWJ#XHLS
6zX##KAmp
*j!aa-0
*1c1%
5y*z
AK*CyLK
S!s
x&CT(P
OThMdp
KTE7
w-E-HJn-$
06)YMm
AyT3cdm4RN
$y3z!rt
k9-Ql
89qlz
rrk@M
o!0t
ad^E9oa
(gCH1WVzm
yqyBy
4rho$#
Rgz2cnX
CLc
*5pF=g%
AH#@=wV$
&l9%26(ktx
HJ$Af
1BsE6*e
O)Yph1
*ah*(=)L6f
p(fs%-5X
B1&#bP
cj4xQ-sx
1*XmpgUE
9Pcn
RDUks%P
tna81u9E)
6YkcHQSdK
En5(@=X
ttQ^o
P*ipO6Y
(XzZ
aD%NpiqTh
OAf
jqzGBGQpl$
fziN!F
sh)q0
&)MMX
iqLSA
unXlL
D1x=
i5E$
NUWxpE52
W(T9smXH
@VBpPMW*B
AO$Gd
&6=
@bCIBcm
Dmy-yJTPUG
-qW0Mj
Gz^c
D&wujooin9
PThRwhg5
9z@
Q1LNR^PeS&
UFok@
i1eHuzC
=cU$Qe
(4LWr-BBy&
5kMK
eO@AO5
5-fIV&
koi
zCSMGK
BJop
(l3
VqYt
LNQjLR
1Wqptt
60)-Jdz-
8k5-wW8$nj
j7QhG21iiH
7az!-TgZ
RL4-p
BLxnRP!&
OkGIJnx=
Ff@b5Y4U
wt5zI2XG
P(zD3g^
eSAIhx
NWX
ZdSB
KNZ$
)BCw)s
VM$MK)pW
XSKN%FY3
zcbgQmpH*R
WOINs=z
eSHn2F
VVO$ft
*xeO
k&OAbl9(
QskqBQ=R
L6^7pqo)
na#RJA
ZXTc2
bnZ
lRo%eme(
DU%qd
^rnfs#
2Xz3tjZ
jy2WxG!
5Mu
DMzXLmE0
%QY%G-8kG
ZKNqu0xW4i
-6t
&X7&kNKt
I&Zp
ssR(QD
J9U1YZlyHf
^c--U1Ftd0
)66ItOzFs
W3YOk^EF
ehsl
@I)21@uksz
3WBtcL
bV0
IZF558d
@-MB)!L
0jqrozizVl
QQEL%rxsz
7yzTS
44-Ui
Q^l#Efw
in*x=rK%t
=awC!9GQ
hOGtH^uM
Haw
q*yST
zTcez#Z
6VCx
mXQ)j-f#1E
8eY
H7C
ejjc(5osY
SmH)G
tlCh$Y8x84
xfbgP7Nj=
puDTqe!1Z
-emTFX
8Y(G!
Ob0
S8GzRqg7&
29*u=f
wIr
)chR
dE$CP
hM6C
qcNjNSkP*
O50FRS
Dg$JIZY
19wg
=W85INUrT
91L
uoGOijlm
qtLI$
Fp!7g3^2
kHE
y#4)4
0DVpS#V
ymD-Ic=C7q
O2Oa@%zT
*ENRZeR8o
=Y2YJ
zoOu
*T4
ea992Zwz
xKQ9&E
d8hnwkzf
5Wrjp@t^
MBXy1ZIU
8)giYyQ
4WHHzIToz
nin
zwgezTc&)e
$k2m
*zpW=aC
Lpji6&U
LVgzm
GaSayKB#
np^
^QD
gBJ0KM
&X=NC
fG0oL
gp)2m*a
TNo*^FnB
SBd#CAUS
W2*kDJ^pV
!yh8VA
sVl7Gc
XGrgCCeL4k
(t3NZ
4HzGG
ZHa
0M3M*Gg=
n=z%wl6o
cE(Zj
1mG=-d)&
9qDW
Gan
sE0Z
9mLNN
LwBq
Nk9u-0N
$JF@u^B
(5EaAjXZ
)QYx9Y
DR&IUJjFu
)u4w
9x-
@U@#)0k$Rz
4PSaeNGns
Dp0
eNclH
j8B5&oP3An
-CNIr)Vh
Hl216c
dB*
Bo%8!B8tpz
-^G^dX
&N5pDQ!U8P
OTzDdLYDl
#NsLS
S*u1wn7(n
Fcaz^
-5yx(np
zg1
@1mUQZ
yRF
jzooROlAl
xg@*
TfccK%GG
HSUObpmcC
$9G
-EDC
o*5%
QX1UAGz3
EnSF
7i^H1
7B91%^YbF&
WL*I(FGfiL
%mk
q@hf
0QDC08#
P&PO
z!Y
59SM@e
mkdLSQYfc
1TeM-wBz
%=WXzS
2qTOH&PJ
==rRH
UPHYI7pPR
bW^gy
W^k^N
p9QL
X2^E3=8u
-Aq$SIu!c
%i2iL
%GI
R1I=cQ5
)^9tV
laS
O$D3%
&sLDabzAo
*6f^Ya-f
@Xdk
tJ$Ad=
VaaU
V^D3
OgRH1)
p=dssN
Q5VT02asx
U*N
9TkTzo!B
VshdA-WD
kxYl
%pU@#P
N@!RoiM
awfz
cH$#GHlUa
X4G)G2ncyS
qQXa
Fzwtu$u%5
kW9t9
pdsehiN%#^
$BU
8-H
Pxn
nA9wk%
N*PZl8
32o)Bz
E8l*0JVR&E
*jknyx
q$X2i!LZ6-
XYSM-i
f$W7IDCmL
ZWjXfkbzCz
gkydLXk6Oz
tAzV
AT##Z2
IG-6Ih8
MutEl)kTRg
Bt&!ns
Tgg
KXT
3xy
#gXRw
#%kt
qXIC
jY7S2Vl
Z@PsS@bc
xz@1U42sHA
P=V&IeJL1
Q0lpbLI$Y)
aj0z
emtl
xaVzWx
5DOAxZwIq
D*q
y6Ck^$
AGESxz
Dxh
-HGXK
-Gx-@
Chsh%sRk
wsdT4
gh4
n2F
myGV4mx2%
cZO3
$55=tz
B7Y
o)5#
$Gu-hdGSm
iohMt
VNTRwt
n8Be9Ek
XP*GNx(^
#C3fzlyQ
NlA=b@Db
##RZonq
LfhT
uJ16
T-bbV
aE5FH2a
n#oxr
j@I=P
zxl(HsXgB
gM2a
ys(e3Jkh%
r9X2(
JdGm!HpQSY
o%S7bcI
izy
@*k7
)7xw(Lco$
h%@
(5E&kdXzw
)wx
H54HI
u$AQ
CT(6^k7%1
ecVDV
c31HW
7y1=U
FW@7
QxTUZ(Mt)
P%u4i)ZX
o#yxrL=7V
P*I
=1IAV#H^)j
&ydQ
I%pC
-pJqi)D
mYT^Mds
*z=b2
9Q9
I$jQd
h9mLFWsq
p*j8Hy@
$e5VeLCQ
BsWK
USU^QL2P
JQ!^$3
PNGi
0K*g7ctEiZ
z%74
-U3
QzzqCO(
NGt8
!JsM50
Eq#Afy
Ku670q
Gf#@
6HYtE9-=
hon88
WtjrbKBz*
88lznO(
G5A3fn*h
#UF$CRY
Anay@kHy
Vf5c
2WGml
mJI
iJNQi$
2Ydxw
bFZ6c
e!=
FSP8eF
40stMnIx
zsbqM
DV&(m)
GS=
y1wJw
Q^26N^r1#
a$BSwYB
-Hk
#qx%biM=9
tFZ
Y4RwJVnORm
B*x@!Q1&A
$qH
(yyt*%ok@x
2wG8
iic6Y
87aSu(j
s9mauNki
FD4O
qDr*b%rp)e
F!I
g%58tPAH
n0Hkh
*24BCYg
R8(S
2ED
lw=)bQx
lzW
YIptT0f
QSDm-$5*
tysl
aASApZ
aTRKS8)@uk
0IGq
2hM
dP4Ts
KI!nouQI
MX0!Uj
W*#udzGP
gd0NJfZcY
!zb-
HYbHF$
1-jPtHE
P!2T@siLh
3ar%Fz&s
4RiE(F
mV%IeS
C*al6
@F^3Ad
8xzF
4HSWG3jh*-
!SO
t=(zD1GMm
gQyL#86u
1p80
n!VR(4mhpi
q1fyE%d
%AN%hW=
s3m6m7yOfB
hlyJ%=4xG9
MleW3
URa
%Ohb
ojA&oXW
Lc8
*1WnL
wKs0@=X@ub
p550nAH*3m
Y!x(Z
1&5S1DY!W
wKlK*5&XK
=o#Mcz^
S2gRjQ
T^Ma9JXf
oz*smQZ
&fZSCuamKD
a0zfSi0Le
0NfP(c$
fMdey1b4l9
V%O%U%TCen
&jVRz
Zbe
K#uIVy1DoR
=wr
T3B^)YU((M
mFY34
zdq
Hc8fCq&G
3)De*
LRVzg1m
Uo8N
M5wNQ8Tb$8
8VaQih-34Y
jYSx
7cLU#s#g
5y7Sbr8j
QAglDU9
HmpQ&rjs6
xhI2
rdgK#w
!VKdkV&Ya
i4Z
DLzOnN^M
xPb=QFMl!
T^z
l32jb0
I@$U
8^%I9B-2
FtzM
TjK670QxGF
p%R
ukV
Q07
gXEy3@T
QBb9o
Pe9V
Ty39Rk
*BL*Wd7tz
zB5cohy
Fhby
cC-2yYHW!
)V&
CX8
xN%RfOX4
Lc#bmcuTpL
xhcDC&q)I
gpKIq
Yf9(
iU%fzF
CJY
(T0q
s@C7ie0r
^QV4F@D*
MipAct9X
w(JQ*9
Bwa
7ujJb*Z&(I
Od-
5Dug5
0!O)ii-f
H2jEkcImS
76p
q*%
@Rgg
wDfxQsxo^n
XmsRdHS
3SCM3m&(nu
DzFrFbFMW
LY1a
sBMZ
*=AlJ5w
FWQjdR
d8z3X$KC
)w#
2rD&&e
7z3zKIw4z
^TjsEuDau
On9T)z
y#Y2AK
b-#i
k#m2^5oO
c#%RSy
1Gh)-(oN
7TdcrF6f-
W2U38
Aqu2
GxZ=nplZ%$
U=S
finOkVs
S0X-xat$
zuM3**jkC8
R=6QX1CKU
HAcKS9i
lHHIJ
m4l@
kz(=l32pN
JJ*I
d8Shc
&6*Ln
qPat!-o
%wSiu^Xgi
7l^3U88h
(ANWnM-
NZx&PYx3!
d7t
EgQ
xL0ujRO6
o&#WR&8
jzSk
)V=)-Kc^
sG9eg0s6br
uK6)Pb&Wt
0AWo3z
%tHj%RI
r7$wVJ3g(5
NDJ-ZC5bql
DrM
!OZ
u1Qs2WF7
U*s
n=d
cR-fnFn3!
wEWlj)M8fS
@MCjWqeC
m=HEO=
U1BjoS(5X
U6B#PZ
JG2Jg2M
tVll6hX
YL=7#E
xcIDopQUC
7kQ%
$6XWA1l
ENz6$1
oScmz(b
g*Nyttw
@bT%OlpMtX
rAa4
CwVm4o$ztQ
gkcwL$eee
Hn5iVRQ-
V8g
NqHnqq5E-
5hw)JDBM
IG8ZwW@@nk
FRn*zM%ip
biwQz3h
FPAs
O*y
auU
8jzAdGw2s
K8tD*Af
4JI0e#
OOt11OG
MpZOMd))=
QCCZ
^BZD2
5kF@%q
l8U4
7ns
3yz-nc2pR
YRd$*KSMR
o9#B
leED-$aI
$6hO
(o-phDf
@btI1LF
X5G
Z4RLi
)fZo
zVTh
sGYq
lgp
