9d&d0^gOX0
i2lbb%
Q1hJC
g#aX7YpP
#uB#u5
tjO-At
32M
bM!&=qZ
dtnMqH)
W%kjNFE@Qj
x45q#q
-4Nb6^xa0I
Jw1#&
xkoTz66
Zl2Mwpjr50
wKW=
a@JgA
%8%dH
ByE8)2e#U
7$UV
C1S
AZj9U3D
qXK!Ff6
7(Jc
YAki5G@
Iazyx
45Co-1
2NsX
ujp)6V
K1L(byc
pI6s8@l
8e&AbWnZ
YHhZGBuD
zu0=a%K
DYc
%--c3aPDT
!PsV9DR4wU
dS=s
mkc
cEwC
6^7g
-o#
!r==
6EP5c@r
XP52bs3
Y27re*g47
B4z$n
mzu=gC
WHLH
Bw!$B^
-6Z$!(n
2mF
#y1
#dde)6
%RJ
Y^m
C(#!g4RUP
61iqnMG#9#
!lY3GKId7R
INz
UGY
6iR
KIBnL&8eg
5=gBV
SyIC&mq
!*)knCoWNH
(*rPXjA8&
xH4EEP0
Uzn66cMO
00m
m@Mnh
XK$2ijS9
cRD6
a2@dh)
myX3l&Xr
aYru3
#eC
d)Z
KrlPaFz
79%zT94
xdTYZO
MuqS^c
hWNw(kGs
3OPkD*3dn
BZxL
kfaZ-r8Fb
MVHE
!xcb8(=IG
-adS@#E
PJL6W
zl@e
4sOF=6
%b0#KlL
$GT53sR
zFr$P*J-
QL#fJF3
lM@)^!L
=rg
t1*QKZ0bl
)a9
PQo
mfcbyHPWz
5jx
Y3N
mEf7=LUj7
GqXnLYmwO
1qfzPpIz
F$kEwqI9H4
f@dz
qi9TJmM
)oI8Vnaa1
rRa3
m7z
Va-
Ei=#s
B*q#
%ehQ9**
fqD
IU*O87
9NC1(
RFH8hd4
*$s8%Pu
&joK6XCn8
X(9DtB5
AiiP&W
(DDZG(t@
tY)jLX
e-JZ
1mXp
1x=PA3a#p9
(yVIe(Mg
UJk8bair$
lQ#*(kM
tO)RcFL3
pz4rjn%Kc
77nFTcZb
br0yD9
yVI
d@KR
*O(D%br
Yja4PSA
*0npx*$z
I=1SqN
kGG89lL=!
bSVL@SK
1-fmX(gOEm
*l%aW
dkzeNC5*
%MW6
2WVGzTYl(
w6#
ODwc1dtO
$oaIaT
wkFxZ@rqN
ib@qMa!&z
&(gDqi
IRy2YDPqa
XMmPa
&Zq6uI
ZkQ(-
Xio
rki
nrKz
c7Jczs4ms
Ai10i
IRAuiIzi3g
30mct-Yic
$OI
qau
cjkuOhOuw
@ODN-4O
0ji
!X9pG
Wqz%gh
Hc-c
zm*#Q
j-bBmA-64d
%=TT2q
M9z
e#p
MsVJDK
an4
=hwq-
DEUPe1
q&S3
VAaT
Z=YIJw
q1krVSc
y(sch&q
zlFM
XHBs^Ts@r
X5BUwj
bkS
*jo
(6q71P^h
z8^upT
)44
Oi%!m8^9&8
jt1!Ix
nMzPQ*0(Oj
%Hp@oS0
SRz
i57ri
W^*NfEwS
8X=2&l
dfnp
1WtQ
n^-z@IS*L
BpKWmRP9f
PrBM5U%kX
SWtXl=
VUMK5Xd*Zt
GFA1u3*Ue9
WgmSQ(LK7l
$zC1k05nX
P!k
@eP7RSMx1
M2CfcZSe
#@Tzd
EmVW
FKphrAB!Zj
B@DG3=3^
%qFj#c
shgP%
#)f@ktb!9
WfEPTWK
mq8
Y3tFuVm(H5
nfF
U!R0kGsRlI
oV$Z
7gfp(Ik
Gb)W
ZCkJ3dj
KsONso
3y%O7mnkpi
Fry
WFL6(!%
lpWsY!em
LzzFe7Dq2
B)(EHd9DJ
jKn
pNVR-x5t
cJtIqH83o
il!
oiV
7@VdF
iB$8IAd315
)91C
RpGfnDVV0s
GVt()YQBPx
Ik4p
4FX3!GW
Qc(PeYsF#a
5W7ic
0XcZr!
uCrN7IX(9
S7ClU
(ZPe(
1SE
)cZ-!rJ6A
Ycqx&4uP6&
L1VP
q3KYNb
JWaiP
kM0yn
xm4IpjaB
PDh
W7jZX
P8x1
83B-c^
tOO!VZS
Rrgj3zwsr*
9xU1i2zf2
ZF1FEfN
cd1hDZk
Mr^B7q#F!L
kK4a(
48ZPe
nwZ8XEA!-8
PbMhnmut0
0l#g^N(XCJ
12QN^M0$H
-aN^z
O)zD1e^OW
xM5=X0UB
azF@SG*Bqh
rVo4O
ki#22dA
7VHVJw%Z1
Mtdl@$e
x0sEgIlpu
Op2kOYg
jmgsp4mQ
wp8(2BaixL
gde%xu@
1h&z40
F^oCGT*!
)kx
kYg$WZh
8(o(1$ps
Vz45E
J&3=^i8l
f87z
sC9)V0jmuO
tgn8w
Lhb&!dHYR
wFrI#hRI
QCy*R
M1z)JOUKs
OyP
zM((Fzr*Wo
zSgrJMRo
2nUp
tOON)P0M-
FrpUMx
!k1R^
b8ot1XD
SKIf&ND1-
GzGgNl5pp
ngFlTT
GGtNdco
0kMVj
4C54g8U
4uFg
lPhR)7&fE
%sBF
4ZMYa
E41aEJz
KPtV
JyxL7$jx
W3mtiw$
!0&z*6P
YdDCb
6zS71Np
PH#-e8M
!V=8r(azO
Pi4EH6
xqLp
5gs
M&@
=@SkF*P
=9M@A(JPg
Q)rW=LB
z^oP
F3LIx
HTrnZJobD=
)Oy34
6%Y
zW5bkwpk
6sdB
xO#)
T=ea*
*birucuUZ
wJP
iFXVEKi
wrY@!
=R46M
aFQALeG$U1
rDQi
k8LqAH
UjhP
uYPTT
!e#5d
tp8L
6a^MT8@QNE
HN70^w)
W21UdUoJ
rgf(5S&yC^
bSo%Rmo
&woIw
Vi0
U3sZ&k
=5GHQGX6D
sRPg%xUP0S
P6G8%6Pz@
wI9
9ESV5Ym
Z%^Q
Ie$8=Qk&4
I(xY7
#rdPy2B=
3(czAw
Tkz
RersV(
LS9ci
zzfWkt$
mbPF9C=zpl
T0)$)Se%
I@q66qpK
Xhp1nGq
=*-9rbRM&
-QD
XGzo&F
wMr48HCcPX
!%H
iniA!
hTwmk-GO
DnWm-9Z
&Ypm
8Vd40Cwf2z
HI6CPleolj
zN0Dd
GAF
tohJw
Kuk@jC
7)K
)4w&
7a7GwgP#^)
=6m
gn=4Vs5!sT
clqt1X
IJ-2J*b
QzLSwo
rTkZC
624Gx7Sf
3Jp1%z
r%T
SswbfkX
#1Y=DiYf
FPH4RrqC%o
8MQzz
pV6U
ydYGr
3z8PT
Ado!ty-b
VMZn
nnYWmE3&6u
=Kx8-i
Ud7C)WdY
Il2MM8
XMo
wqYis0rkrj
R$YXB
-r1D
)lEZ6&%FsA
K%GndA%SqI
o#Nqc=s
uTG@SA#n
!wcuR
Dy%F5uV-
SGIQK&zgd
2BH@coq16
WwRtPr
)jMsy)Ef
7JRood0
fq5)GC!
23*
acVqhh7l#
l&%90z%S-
0@2&
zz4653EN
CXI*3L
bEEZL&l
7Q!g
)Dn$6
t7qjcNdd
p2cfJmK%P
zV^i6z@A
EVy-
^H#Dz^*@9j
X8nett1D
ZEc
IqiY^$^&ey
-B-
VVNL
6VcDct*
DPmw1q
NRp2^iM1M
FrVgh
iU)-Q
TURUd
x2nr
S3B#ZGb
r3pMxeq
Y2jEQX&6I
8lbQg2o
qaP
t8j&V66IX
&OJ
jsyrY
zjxbkaXY
48BQ2204&
r3UaXZ9h
q*o&n3=d
U!r6^8i0
n$%P40PC
upX
CmS^Cj
aRBEZJDn
#jzYUpS
9-BZc
ol3#-r
m04Nk
NgL#XymV
(XtI6q
A560SV
C9L
lkPG6i
S($l5XF
MhqwGo
1@gScSGU
3(Jt
B&S$wO
Oi-O9zffh
0l#0C!sSg
6fhdW9a
qwXe(xm
ze$x
x8O4o
tF!!TbL
FmTH
EAd
Bha
XT%@=M0&
Ao5cOVz
Ca=C(rbOuq
Vop
3#jex6)mse
Cg5&#KiLK
j@P8qzm)OA
21^KRl
oTHGAUsxk
J0E52#iafH
ss$NO)gLR3
%-8qGPO
cGrQ
1(#L5P
)-32
Nxjq)jM%5
qAsPu7b
RK&y
ZBdyAN
t)V1hWi
axEnd@^
dIi
e1Ajj9
7Czo
CuHxH
BW-N
$wnFZKEQTz
7z7
wRGX
MD&xRN(*NQ
HL=(Fk
C^E*RC
4%#k
=CR
-N0
&HH
QzBoqp
LmT
*BL
sEz=
i)W
zOLpL5I((j
-tE
3f1uzlH%q
&hP^
dpf)q
@Uox)
)w53fjjo-
(wz3t
()PSEkI=
9*dx=W1C
=4jW=PYIC
U#s
ajxG
cwr@
8oBazOX5b
Zdo
L0aiJD%bm
P&%JK
t1AkWYzh
jDOTzw
cIcReQc@
hXsjHmgg
%yrVy%Sxw
GnlsF
*Lfr8ZO
z9EQe
a1GULQpdG
zTwb1z
RyX
y07fBGgt
RD8
BY(d
-5j!G)!E
MKOod!ZR
Kh56K5)o$
-VSZ(@Q$@&
np@V@AZk5
lc^qT
Pcnb
toCCQmF^
gEVzLz3nJI
3gm1Dzka
6na62h
j*s%f5e
zL5J9esMeD
5KLQ
PpT=c@bD
mJL
xT@z1u@-u
IlY$C
j4b(
0tgLe
^2!^z5Xb
=*QA4k$X*Q
A#wynJ1lF4
eG6m#GU%
xjphokIznE
c&VqIwB$nI
V)-
8fHHe!Rpz-
(8raY^
&UNBII
yFy58*cFL
r1c29eiK
$N^VyTU
XCUll!9918
&$#zn8gR
DMyp!^e4(M
1^)Uf2rO6E
c50QNOMWl
Hdlby
nkK
l&ot
yAKZ
F*PiVVa
-9=!*JAXX%
0sfS
EYf6gk)jW7
=VQwJx
wF&fzTDfa
%$GUh8
uy()A4
kJu*cJnB
s8-
ygde
ys^2
)We5g7u#)
Ug)
VcyjDYa
ieGL
6-=jrWGEV(
6fSH
HB^GLeo07
1JDt=
iEPFl
BWzk9!x3@
&B1=zfBC!2
Jf$z2
0qR(gC
NH1@wo
xorP
PDoHW
B3$BRWX!
K7#RK5
Tb8uSo
bNC
jYg$^W7=gQ
=hf3Ue95
l!VqC(KtW
^zj
hm6)RXzDf
9=(aGlN
WcU
8!&e!e@FY
eFt
REH3
krSsyTz0jw
&V8IRg
a#NM
wN^
I^CAfi
Pq@TB
0YUazd
fP#9ds
Rra!QU
HnlbW0bDes
-f&IiSo
62DLI-e@P
*W62e
=C^HBM
(U*C=
tT*NH=A0
&y4^u
H53
IV(s1HRf=s
$)!
x=d&
%XtH6nf#
t$Ma
BT%a#
o0pl3
#Ez
th==Qb7n1
7EG!4
wKqWL
kfTTb(
aY3M*43U
PI6i%
n-@zMT$F
7dPJ6F
nqd8oR(5z
3F8uo
wgL@Lw
9PVtLDx@
u@lw
Qj0RF(D0&
$TyK!!*9
TY(
8HGi@067C
re-
m5Gg#C
Q8U0LtP==G
ankBnDPl9Y
AQQDr@E#hi
upNL3wa
4$Z3H&-&l
mDMzMfYh=
pV8ZZT^^Wa
Sn345-Z5
5Q^xGFH
5Mhh!Z
Zd7n61RWbU
E8hKp
E7%m
5Zol^
yWt3
mw=a!rV*
BQMAk#WV
3)sM
c)RN
(-FH#^XH
Og@
z7t!=
mPaq
gz%M
OGZhOceA
hDPhFSd
cXZJCRDN7
^c7%
SlJIJUz
E6UD%6sooW
p%Jdp
eZ)*&
4LxACY^3
1(&iA
*LB-GK98o
Naz
YmOL
-Bjbrxjit
)-!CYz^9l
0(i3YB
!uBhVAkk
okX*33K
!gcheSijF
y^paj2A)zw
c*tI
EW5*@atEHk
owf6T@V9
@YcRR7Jr
zL^eXk4L37
dg0U5EfN
Pjan@5
Al#2%la2
Q1AMd^syLl
Zs8Y
D3PHJC
@obId-Ss
Qc0xcPA
k$Z
$3P%a
zpN8LOuVx
bOoLm-^
#WhUL&f
ety9Zb#DT
5I66s
)jQmNT#dQ
0Truj^&Cdn
nkkW^$
exlDGgdTV
QeQ*LD
6J0r
6&9V*b49
x#^s&
YPdTMPQyH
JJ#2kdPoP(
u%k
ds$8NbKY7
zN(uNtJ(Jb
p6UwNYh7
GPeCHSAnR
XJlzQ
3iFzqxZ
d@A
q!g7
aoW
eB0WQbLMin
3oi5xQ
UoR
TkXRd41)VU
c#zN3Gw*$5
NJ10z
^E2*A
qc)DP
-%d)zuLm
k9-ZL
ogAk
8Tpz&95
e@L
V1zV(5A
ejO
zfRbN
S&G
5g0*)
!wmdJ*
1!GrYthM35
iSr
-nM)V
ohE6n
JYz
UnL
y0r==
V!VDd
W9r
X^aV*^g
-qnhJxw
B(J
7j$EIq%jF$
M6zUP8
iQ19^z8
eM!knW1s
HAKo
HuS3V@Qx
cQpw&
BQJ
Pl&*!Z6
fkgBb7D$
b6a@z3N4!
i8IArxX
sJ@Oye2pY
ge9S
U*z
cJ-L4
pcB2l%CV5
%XUJ-
7wjW%n4JK
1d72gTw1
Oej2O3
3SM0P3ab
*@0
-d=6Wg
%8C
g5yr(9k
=Hutj*UDU
a1#QumV
VzgX1oP!(
zlu
B*sC5)
U2h
7YK
oQR
&zqZsIV%0T
4!*hdH^A
ng4d
BeKR
nM^ku1
Pzm!&)
SyraF#&
zWuhezDG9
kRmY
i=5I
TwVegWu
8CUzPMIfS
Xb!soJ2
MLe3
kd$*!U
G0flWc
E(zj*#Vf
)tA
i@yx
g$JTgMucsz
q-9*M@YO
l#b
Ck$qWl@
#TB
kCb-pTg
2euzwUHmJW
6nr
949h=@dd
XodA
!lA
4$)s4E(D
$jil692zrc
TTm3!zEV
30mo@-
QYl
Hln92R@*
EmU)
RTUNfh
b68f
*GAq
euK
15^8x
g08zAOHgox
)kNB)7Y
QoEy
Ma=Tg
(&=ng
HbgyfN!
i*hM6D5p3
L!Z5A
9Pw
XDB5sn3Uj!
0iz9xWD=K
nTmhXtZxX
wJfW-FI9jR
JSglR@4g5C
l%4M)d
dBa
V^Br%
e!To
&yFQpasX&
)6SeFY
3an
5rFU*0D$t
UYmW#8J$
zCcelmf=
WbTi8Km
=fSU@c82s
A#4j@Aqu
J01kYw
G2AS^
RDP1!%R
usGIGdG
D!DrAhc
1lzUs*U
9uYYf*&p)8
Tk6^1XB0
5N5--Kmi8^
TRO7mtoBw
7(hZgGxR
igl
uBW3z
LjEr
teInYX
^gkZG)K
7C1aNUDObH
MLA=5k9dSK
-&j
sLV=R
0e--TpZ8
ZWe2rCUM
mueuEmt
RWotJx
Q$XHDaa
BPs4B%s&y
nHm1%j=mH
pg=Es!zSG
idG^qAr9L
Jj2
APAnYE
nGrWwd
!g-)=F0rz
UWNnttn1kq
#&80&!qL
%tDrW
0Eo
VeV(zJaJgo
HppZ5
RWg
9)ON23
yhl!Pt
4N(I1Q$UA
Xpd
xEpHF
S63EHBix
!#@U8J
N1(z284&q-
4Anup^ftD
n^5
(e1Zx
eyC0XM#
ljejI@
$!VkJL58V
d5mO=31D
*Sqa
b*!uzYQW
7Y6
mI-&sl
eIW3-
P1CqtM(1
jhiWU-iGmT
C%^2V87(
ryMFT41z
!4=1$c
pN^E9%JyO
@@qy96gx
u%4O
h$MT3i
Zx($=%
#%TO$dnDAZ
^CNy(b%Y
f5#JdRVnUo
#3CBp@
T)cMF6=
^z8
$7C2qF(sRR
lfKN
4Hd#6
lWOS!6)l
7tM^Z
oAw9Pth!D1
fsPa*
MOkk
=P3Aw3
k8ozw
mM0N6
*Z@zq*r&
OIVj-eMS
-z1rl
$djI08z$X
zh8gmdrEb8
Z)CJb
Yf7R6Ua
Drx4W
4FuJ$wwt
deI^BWQ0(
0*%u
MNHo
NCp84yBRS
pk)mbu5jr
e92DO
-XP
(SXDp
qzJS*@EW
eMg!^S
d3g!Gg2
Mgpp3VWK
MEkwbn&@x
5bbjN(MM6
!4TaPt04Mf
GJG
Q=yVOef
-GuN
io)NId
O9dw-GX)o
%)0msX
0Inox
ijY#isCZV
5#Jfm
Rd3gV
Gwd(#*jA%
BMMf
@oI
Ix5r=
D*K#=p
#WadAB9ra
XwN%LzCFX
EDBz-&
Ce7iaTE3
80cB
CqX%deq#u3
2oj
moqLTKm=
#Lc#$
K=zup0UB
8#lQHX#Ac
PD1V-9m
%7z!I-zDJ
&knkb
JnuO@x-K
Hl#Kk
0D$B@Y!NH5
lEB=!U^2l3
kAz4c
B^8pm)(P@
Pzppz9
KcAh
dh7-L*&
VcCGx4Xsq
uHkFa
nKj!
lVZ
r3oYk
Nzbfy
1bnO5P
y*$SxCLTze
zcj-Ra0
jxUWE
*Q%
JsFsZR
tnb8N)lh
mgzzp0)
)L6uINn
MJ@zhun1
-cx2A
^uO(*
cWRPdWtE
%!2s
=7yQ^9
^2LZO!=E
wj$11GOIG2
kg-
pVqgg)C
D@4
4u7C1gJWU
XcoCzzNxx
$r4zl7HoF4
m2yLXXWOf
dAQ4Lz
Xh%#*
BRV6gb
-cYR*hcyZS
n6hG8h)Jr
w0^x)gHO
Cz0zV7P!DV
L@XsI
Ou=*AQDh4
1M^9LzSl$
d$rq
jla&au8e
0N(wyj
k3Y
rceR02TL
B9P%daX%z
xjDm-wp
lp-j
kzTUVPNX
KryUc
z9QEU4
@4zomh!
Hi#l9hg=J1
8)5BNKsJ
%ssFj7
5j0#iB
n)NYo
7jM-q%l1
&cjCQfZR
wIObn
I%-pruuz=e
DYt^oQ!0zd
%QR#%W&#
YOIjy%@$2
UcQS
XM7
PL8u
a*LagjTR)
XYlR%1
@UNp5NL5$
3I&2oTj
%chjx
HrkciE-ZF
dEiL
(U8ZmQO
k(2f(G0CFS
jtL6
%J8bIZyO
PyApHO@H-
jlXZtU7
2(R
zdp%TpG%6w
RFTxwFdH#
dij72KjXf
8n(
71B
gn!V$qR
Z9Cdz
5eMaV8WN
KJUk#Kl-=I
Q7o=
3ORgWmNrey
RH2K%s
(GK
Kn0f
uJ=XnM97w
ZpMN!
9pLLpdE
OVa=A
z(C1Ulb(V
RJ2m
iSsUI1Ric
tPTWFm(O
1Mfk
S0*KmVybaj
R3EY=rE
nHZ
Lu&1miY
fUV)^PY
zCM
ccVJ
%G0WfRg
VZQ21oA
mF$PQcZA
KAJfi
^5l$jV%7R
fVda$i4)KT
AI7=*
mMgloyL0A
z0DCe33z
NwfneQIsh
iZxfZ
N8YaOV*u
eiVOYFVZ3
5wq
xFW
5xZi
blNzVrSdH
)ODKc
LbywI%z
c1(
u9m$%E=^E
Bu=
zhxd!
31)^=8@RLM
DGzlzF%g$
nSZ#J3jLh
@AeZ8gEy
DJH
B0WwJL@gN
=13N
=XJJ2o$pxs
05VZ(Rn
F4U
s$I(kBDx
D8#(
Lw9lWZqz3
u2CAN
QIaJ3rrx
Cq32IsF
VirKH2Lz
!ncP*y
IhJ
VfG
pP5JK4
t6AQ09p
rL2f*jJ$
39ZYAFb
YVgrTemqBO
0yo2Hnw
GsI-Qup6hV
dg8g
bRV7hwj
(EJHBPS
F4c&
S!Xx
2b#qUh5IQ
SI6WAxm
l1zD=V
=eDegCP5
UNrq$C
WqFg
G2zjjuGs3
$Mb
ZKzUJL)yBQ
6(qG!K$Rj
0(fL
NmsK2V@Wz
Uq=#Qu=Z1x
4yN%YDgLhh
WrIbxgc5Pp
^SK#qjX
zp2W
CBsR)
%K#ZRj
#dzds
TsgsYeVK$K
Ypp#iQLeY#
#QRy&
tFq4u3Osd$
wSmh
zpSmx
YAJe$%Z0
pSKi4#
ZE1o
)Rc(z6a
ZyBr6n7zr&
hSfQxjYe
yU1
!P!Q
JNMwz%
w(q
R1bYz
DpcI
zgEMwE!7Mq
N0z
ygo##2
i*fg5YEQ
wUW8tpqS
ICR3m
yjzoM^s
*Ylhi@4E%
l%B=Pbz
Z@5lkhrIWi
y65$Df1
oz8j1
0$tEzga
%7pHc
8M@zS5KU
p0f3K21$%L
#i6fRRty(!
!qAyl
df4DR^L!N
%ks#usc1
PPnh^8h!
rGFFjt
0-Ul
Mjjj
H6YqtYE
ZWF8D
aKW@E
ljlPb1!(
fdI6JbV6
ELo5
FSwq
#yFy1=y8^^
U&2OefGAc7
Us9
eKfZD0ip74
cu*4oVxCVW
@dRI
1B3MTStNr
g2p@jxTVB%
KG1ScQzF3!
AA!b6
w1@=bwzt
BcHzI%(oJ
L9lQ
NI0bIYieu
%hB-(CkgEs
C9LM=p*
F)W&=-
UG4rPK-=9
NxpTL
apC5EMe*
5ZZb&&
oRtz
ZAg
$QI0T
M7DidEzgG2
V#dMXJl
rKsFcoiQ
#8o%g
yx=nZ
NqX7V(U
J*U
bl7VVcRMa*
MTM
W55X
xGdy
AW(
Se)pz
niPm
^bDoaJip=
##7CyeEI
chhC
CsDb0BZ
gASpPA6VCw
*XAs
!7qoDnB
i0bGM
zp0o
ZqVSr21bj
w-Jj
hD^z
E=YbXbT(YI
j7Ls9DdIss
Ci^dby#AJ
L#oRizO(
(^T1
zuRE4
SLdRP
i6zH
bzC$XJ
acsd
&JbLVi
AzaS39qn
5XB
9rjb#ah
52Z=raAK&a
1BkVi
6FOSxzX&
kCD9
du&
dHDT*1xN
HsqlWlG)(@
ZgQ@kj!
=7eVB(%BK
i0wYa
Dgi@%
q-c3j&01o
C6la
WJz(S
b6kW=VL
lD&Sg
%Ic%
6dAik%
yNc#R
1&kgdX
@g3EaRNKzN
o)AC11Hs
$^$s)
VDLRdDD
ohOofV
8Lpj!V
%6p#Nb^
H6VWO
L%02krT
*S1n
C3Wu
*eXD@))5
x!S8J)P
#E2
!iGP9
h=HEK4
KJgUxZ4
Lnn!6S
N7-#
sN1-F-565Y
rHc
(KuW
lywO
-bYSnA
FrXU
nw3
I2x2jpQa@0
TK=u@YRbj
iDjMJ
th6g^0Y
wnWe*KwDm
YW%*gF
B0n
i9)p@uBz98
LKaiSaF!7
4o8#qSY&g
Bei1!Y4W
8mPtX
VPt&zO)GP
fLV&=xBcP
R1)1zg8x
&)LRjE
hlt
xS0k*
1j!w4Z
Lm28-Mr
J7Pl1U
gj$mQRx
azX
k=*7#P6E
5TLXz87zYe
7kg-1qzZ
8EWV
kzFCf(z
WAgqzI
rwUI
i4xng
2CeW6
V-xGK&w
nF-Xm
%VhT#Sbz7
BzdE
(ay*oq9
jj=$2@k
Vwl%
bV#x&W
T#sf=B$Mt
Eg)Ot
TAxBV!F#zw
OamKF&ufb
pACNO8ad&X
*zX0HS!)
0u#TM
fwf91wntm
#3SS
9w6#zQWc
@3zlI1ILEX
U(8
p!Eu
o6)J^LT
BA%n*
A42
dn(
rEk2*
=tI#uGF2
rtKq
RN6&Kb7
Oji%
RN)r)em)g
R7P
Zw^8sp!
Tx8Dw25ElG
XS)jwI
fzE
N=U4c
^e0L#h
@I*Xp@
!B2AmajODI
CG&
-etflzyOkA
s!T
2Kb@3
%luyl
PdeizS
&1^3r!r#
BzSpxEx%oI
QjnuuL8
j7&nN2dftL
-IPI
b5U6MXH
Vs(Xr
KtcD
9nMy
z(N6AcTIC7
PzqGOBlyO
#z)gV4
KGJZU@
%xkngTlPU
s5(0
Eeb=klM5
pJxeOy
XE6Ls4N
VcGGkMQ4(
%Oll8
SD=5&wXX
7!AKX57
zA)NF
%hK
2#Sf^z1
s-^d-GMzkk
QIWydT
H6r6Aa8
-32
hx)K
UOJ(
@GEu&2q
t8Zdi
EOPd7
LPRH9
IKq1ue4
lQ%)C
jjQo)
GjE9w$deM
1GeDe(q^5i
wl98
R2WcX-(L4
Qa*
tw4236yt
^hF!!w2)g
sGW2!p%(Jh
YY@Fgcu8@
)-&
UWm
-sJhWj
s58dNN8PQw
30BE8
!k#3
WeSSqte
t#MVZ7#!
riFe
fOCJ5zoHa
(Xz4Pqz
T(dB
ZFEA
8^@
8yo$w7&!Lj
z&NMc
rlA0$
km0^Y#KW
q0gLLzj
yP7
pG3V
Gp*if
(1Hy@y
GKm7@iG
%!x
KHu$
XuiLpKI*
z51a--cZz
m9h@f%H!Jw
*X%wZ2J
9*p&wK
)@ccDZ
O6^ib9HCd8
K9yQEQSAw
#B5nJu
1emWNzYEe
Rxot
R#72BF
#O%Am
43FOUZ
u@$N5W(-m
!i^Cc
ioNqdk
(=@DVT4
ThYPFc
PYkdL$fE
(G7uGS%sQi
UFJw=ZOF*o
XYeJ^
1tJK6
3G*^
xHkddD
o@MdXFK
CgZ
1Toh*e
z#Ls5B
x5bUX^&4
@Dw0YYOa
=$MLS@
=d5g$@TSQ
7jhs7O@l
zCX
Ew3
qnDtTB7O
A(j
NmTngWHo
Mn^
JU9@=85nN#
6mIV
Ec1PS!uKdN
-pVj-6K!C
L0OAl
(X2zrYn
&utFJUbG
o6l
-Ak
1y8D*uC
xWg9z2D=38
%8&Bm
4DO4i
T=h0z
xRid
eYnE
4U2A
UoV(5ikz*L
^CJy
V#$D
@6D
ljgPoOgZ
Owu-Pfz4#
Pz3jA
YQCe-s
5yd&
(Xd*!d
Q0X
5woIfnn9I
ZF^7p
7oamqK%(
@db9FK&2u5
JbLLrs#p@
RiI
G($YTeV
zz8y5Mio
2mIJPVr
WH08jOp8Y
VT(
ZRCVazi)
-6a2xL
Njpn$$epWj
w7#VhSwDG%
87r7
N5)NNA3
dgIoz=
j-sel(UhD
SgSw9
wpSl#
hEKB1y$^6
hGF
Sd7
9FezhNX
76N
CEeZq&
f8e=Y
o%A
$Z$tmgC
nng
ZiAz
U3ToHKt
G6R%6P^a7^
P#C)4
W11kWf
E&@kY
Q5B
CLI0Y9mH
p)n8RU!2
j&J7yhf
l^(YkNN
6Cj^mzGdT
)DfmA635
T6^Ka^Vb
z(S(6
efmVo
NZW
^H8
d7K$E
ai(jq3ybjh
e#)Cu&AJIF
Ur$
pi@
nPzF
B(iiO
I$-7XMF&tA
O3U&Uk6(
t3di#oD-jo
!W3Ary
kB!xD=
0FLxeb
bpVOcX
DomsQ*V2St
I1f
XB8z)AVyl
VMO8kih
!2bkj7F
4e38zxx7
c3zc3xYy3
9$mxH
wP)
4Hj3J
qkiZ
tUCCkIJA5
Bp-7d!SrZ2
!)Pdo5tOW
akbpk
QlESWZ@1%
kGREOBiJ
N3EV(Rd
VET#d$-
bwK87ld
cTztfk
eSCnKH29QL
uOy@#n4
sC7=
neR
Ef37dHu
BEp8Fr*o$S
x^)
RB8=zs
I-rZg@O3
Xe@3raw
jCp@0
$)i%)
@y3%bB7
INWLG^eq3
brw2KHW
$9Z
^2=
D$HO&Bw7
9GiI00M5
(SIN
(wXP9U(S
%d5=EJ4
UxsMCOEg8h
3DsJ=8
=e@
9@n1m#
#bxHQJ5-y
odu!N(hC2
%1=
kq2zeomlMa
yw%
OE(TpL^
HOyN
JM1eztCP
8Hh7#j
TEPp
9$2m##Y5@
JT(
*YGceHf^
mC-x$Uryzp
&Yi8U
LO)6
&n=##C8-
F%F32W
AnSNWbD2
ka@E%C25wW
OMz=^
0Jr)t
ue%b*zg#
oeW
$wYke3nr
H6A-gQ
BQBk$
Q=Yp(9L#Dl
R)iBrAj%P9
Bqgo7CMiz
yM1I
W0ULe
JgTIdfam4R
Qzi!b-c!Ja
@c$Z6T
rE=Lh7
zGr@X
IXkw
1u8x
w$MNz
UiDIe
0Zk!7ET^)T
PNGBsrIMz
bilDC0
8k(3MZFW
0MX
#6e2s1Ui
xYe-PnT
M=F
mUD$gtI
3kwM
xcpDJJ
Giak
#CW%(3
LLx
bAlBXh-!
pS!d
htyz2Q
mc2KEpo4hz
2y28O#8p
n9dkfLw3M
$3z
Ll#VfwimA
s-Ts
l)^$kDX&
840WofDn
3%0Hsh3*U
Hy!
LNT98hiA^^
zIF
s7cJcek
epIM
=0C2
hhNCn
CzY9Vbtx5
^j=HdUVl%
GETpPB8rr#
=LntxX
TIKf-2Ri
Ku)B1l3Akj
MyP2fq)n9
s2W
*t4-
xE$haHW
*Td)1z0o$g
CSYpAQiita
tjX
13tR)&o-H
I-wKH
mWY
*bx
0FM
Fqpx%U^R7
YYY5B
9#$
6b&XQ0
wAI
3AmGwBe
TaMss
x9OArqg
mGi
9HxKfuO
#t9
gh)
BSr^
7WG
rbOq
@$dP%-
uCb%!Lz
TQJ
#CLs
qdO(
LiIY
guHqeAM
w%1@8$HAwb
^nzn
)dS
uoD3VyF
dqmt$
yt0V
p4hrk
GTOFqad
Lam3a
gSkwo1
(CguJz
&4NU
FY&SUEmyFt
sR2go
Rn9eQX-6)
NC@dcE%e
tHog
zp8c%F%
wQzWJ
9d*
Ql1o
7Pm%=2
fF$V
Be=
k(kTR4$
7jceVwlM
)NJfTa
z39oBLs&O
Q1(jO
)Z@p
sNbC1=fTN5
ChrF&Ez!
Dt9!*kGg
*j6Sb
BfI&&
E=z
464XbzJz%
PkodeeFU
(qSGip-
ttw1WYb!8
Ra1yK
qY-Y-52@mG
4T5ct
RxV
)sGY
uH^AN
^CExY
5y!Q
lzrxbb%(q
DTzt
odaw!z
DoZ!&=r1&
kjqNTq
=VXQF)
tn$r
@a)
QsX5^B9PD
%s5)ftA
gbCUSaiq
oXzA*)a
pKj#
jgr8I
qR&8
2WG
810
ds27XmI&=
WcC!
xkmR%Vfr4m
sBWLk*
o6pO^LtB
zx&u*
bIuLaw)J9
z0G1*P%x
H*zbFapHkC
Z6@W==Bl
Zw@7cKt@d
ll(UD-F2
!zU4l7
fA)gsius&
h3mu
rKdnK
WJ=GbziLB
sZ#Qf
dSwo
L3tyKZM7e%
D^VX!E
=-UZ4iiU6
!eq0
fw0z
wSwoz-L
ib#aEmNsX
TO=lX^yi
(CUYO^
NJBoHp29bV
$sqMc1G-g
HnRDD^-d
r0l81#2QeN
230r6Kul%
M@$z6
mfpzu1
oCu-^PIF
6airX3
YcdNznuW
%oyXwQGh
Ejpz!
RV(J=NV=
zP7
zso%uy
MnE8T
O0pz&
Dg1Z0^BH
a&8#)
kYANaK5
hY7u2^
^xjt
2WenL%D4S2
YygI
$2mlm
tZ=I
zx%K7)V
ehaY8p
#gfyOpx
5)kim
0PcDm
jiEN
)dhq5lV6b
DC%O
OYUhKj
