57%
&OKXDY9u5
gXo^$
9u1g(9WNT
=fx
^crtTHOY
s4dawdA$y
TDGK8n
uCgyDKAXJ
zM)tEA7r@
kg%f58T
!!lXKzh!C
NHUFsc
PRb
wLButZwqtD
pJj
qI$
S-tOptRR
0mRPIm0mh
)G!h
3#sUl
%I%zz@c
@(J
esA6
mPLSCMVGR0
7%Ua7du!z
K=p^G&
6&3E42
IcXa(XFI(
MMr
puoo1uoUaV
q1OFMK
8)O2Q9
GChcUe
birZK(*#
1XD
K5pqUI
uG59GTT2)L
d!i)
%b5QNo
Se2
*L&qksA
@CFU(
i8&-ha7s0%
mZRTEoGwrB
RSQeN
bUMBWxy
Lerp
Eqb
*KWUeBJi
HBjx!
$bV(LSf=Q
Zitu#qj&D
1&XZde^BP
rD0$$&g
BOW
!aZb
D88z(Sz
8F550H
)uyhr
5fW
6XHnL5U
VTKU8862
lg7$
yK05k=rV
A$M0j$
B75Qrx=2
cOIk@PVA
2&pQ
nrd
eSc#c
ZFxuL
e1*N7Q$g8G
Ibwzf
tUQkBk
s=2@
=as*#UzuHm
)Vl
W8E5
bB0
y7pMzG9!8=
bRm
D2z5qG^p
J1R
cwchh9ERQ
YbLEw750ZH
codHjB3-B
MUuKVN$Qfw
jKQJ
&wGJiXr%uy
E*-i
9!%Uzf
c&FN&p
P2g
xh$YHF
upBJ5
diqIP9eND
MudYOUXH
p^c7k53s
^MFwCWm
Eo=
$I0EpY763
otAg
CnJLI)V&C
02fXR
DR=)R5
MXI%mMgnA
NHz
$L2y*
7^5U4(DIA
CK99$5q
Ubpr
pLHeyW=Ah
Kj5Ajlr^pL
(RKf
8YEV&8zf
PF%7%
8JcU9
&Nxr2HVa#U
jtcc8
$uPbcE
%z4yD
Qz3)1kX$
Qzcidt*
mDH*zzb1M0
Un*XS9Qxd
zB7%o&VGf
P-OVYwuOS
)tH@
6OQMnGorX
wlrz
!ZTA=DX#
atz0QA-
36*k
YTGD2zHj!g
R^B^8O4a$
rjZHXw
nJE1dPjyI
uJhrpQmAtR
rKeAeb6TZ!
NSnKM#
^CZogw5
CnUN$
jEFn
K(by
Jp(V0DWF^M
GGS
V7*6X
OJw-t&ZiL
ZiU4
Y4gnVP(
oQQ8%
^!pdlQ--
hERsg=
0BKze6
GezKKa
1z!
kTANaX
J5nL7OnykZ
9o@V
#j0mRHy-4
(Ps-T
Si2$Y
$Z*hfDo4
FBRt-
zR4cN
Us7485LU34
46Fg#0qprS
%muI7iT
j(S)w
!jjWnpa
KqG$665ed
IC4FYz
H-caX
GyKeiqF*
$$VnmYS7
tQ0
*N!*Bt
%PLk
fC%0HS&q
a@5A(!FK*-
Nm3WZ8R
atIW%QX93F
gOHfm#sj8
b0uGWr-w
p=E2
U516F4$
UzkGf*jdW
)suuBySA
PoXuA&&nLa
=GPkzbd)o
K8$$H)UB=
%l!ip&LM
HsBEAj@4w-
y)Ci
Kwj
xTB#P%P
=#3
j$DS7F
K5Rc#tZ%Ww
@bP0o
%3lLa
Uzij
%kE6wEKJd
^9(
MxQD
w-kq&J=
KT2ODF^QIf
@7KHg^*
XMz
Zm0
Reh#Im$gMj
eO9&A9dPOK
Hi8d
43I*Z@hj
oH1W(S3
tMQzi)Y79
i1w0kp%71J
Xf*@
zcz
$UYyoz(%
^tI3
%Whqtu
6eUx@BE
cJz
W$=t$Iewsz
TiBiwk5(E
%n$1i4&E-f
dSiY!zL
im$9
zfG*E$
SwZw7
PRrb8XK2!g
lG)
t6HiiZj
@$JeC32(qa
0)fdqqL1
9OBdHb7R%
ZIWz$frVq
dfaFB#
wW@XbEt
br&!V8=
PHR=6=Of*
0Z!gp
5S45QW
M%%G
AuzXfX@2r
Xr(=aI(K*a
Im@
p7zB#
U!@yIKhoJ
1(0
6D73&)
4kxw8sLc
=GmV
Rwq
(32!K
Hj!@n
k5Y)SiQ
J^Z^KP
QRQkhnfz67
kbyq0XSS
xFb$nnhVPH
2X@
xxLK
wcrT=$OyM
696WA
r8Nzg
w9cQf-HJT
otgEW8Ehg
akwO83hf
b00N%qqMk
deU
&Z^66aK0z
*7l
#iHy
xB3Lw
EtH%Yz
$bMgMwbY
678lD
6Oi
nG0
@dM^V
MRXVZ@N!
yKVpp
Szm
J%4
Pg5XRg3%4c
2DSk
Ir@#
pPrrd2(H=
loWzz#
T3j
RB8tKj
#E*Daod
NW2My!kCS
P7nDoFdRhg
di!*
wT1e
2=4^
EiSoc^U7
RZVOrEA-A
Y0Dbu4lb2T
Mf-$aDo
zpnNK!g8
WhAJaZ)4
SFqJJ3FPn7
$c7Ab
Po#y=oHqQO
%&*6
AXfaSk
dgJ#
Z7%
-Yn
(Oy
EQBm3
*8C5*3
9(cqBIEsw
g0p@8
ATJ^z
F%=^ta&f@Z
Y(5*C456
5ZdLNFm
h(V#Kdt)a%
&jdWIza-
$-5Z5mchk
mkL#
(Ho$z
f879
w(gfA0%
urHP(dW
6(lC%
^!ocuWZ^$d
fXzqb9p@
IOo0r3
8S#M@!zg
UtQaq3F
Sy%jug2IeP
mgSkDAKM
HK5b)ZV!
Vhm@PVGo
VmjeK
u(0iGT
GdP
^z9KN@Ls8
yEED$
fAf8-&$gIj
#b06^
)7&jO
Q&q=aN
k$WE
xVdn*UE
l7-g001
nlf%jGo4k
fq*3
QAYp*
Gja
^7VU5XoJQ
Nn&
rupfkO4fp%
XXa^
uNF0)Se8D)
S7Px
0ASwMdT
r6BXax
gWuk
1U1NGy(
OhJP8iTY9H
7TEkN-el%g
6j$tjSC
x#-ALp#
eCsRS^h470
uR6
C$HVxkZ
XcwsWz2
B6f
lBz-
DaY
tij6&
xyi1
QHPyk
eB)zDAX
s7g
*y^e9=r*tt
yCF2gzM
6Xz&Y
04no&!3fg
HUB
9NZTy^euG
yH0JKP^UJ3
R@uG5m-bM
&Gc80HLKN!
5)0Lz
ZR!ollqdUe
$e-c-OA
G8NdJUx
FnF#koNR
C91Zf
e#mdcTU1
OS=@wiJMG=
o!p21g
ya9
=lLciEpn
(IV6e4i!
)A!*
6kp
Cq@d&b
PGwzo!kxA9
RES
s3ezhD
6)y5
5zV)KJ
mJY9H^W
N*#j9(Ur
XNoM-eq4
Fm=
u9z
tW-
CZFaL@o
ApB
Wj!M5bnxZl
XFCm$R)c
8r0F)zo
M=@c=7q
m5V^
Rxks*g7uq
r8ozzAr#
!miw^AL2=R
H(x
DG$UDmc5
2zlFkt
uPz
@I2fBs
s^0JAFW
eFTZxT
TKV^DIR@ub
lkk
#O0P6iXH
Ons
7U1
AS3Z4
Pi88Sj6z)
uT)&
PfjD8mh
^ssgchKrT
Uz4M
hou
r0E9f
^ipJ
QesNu@
-b7
coRbw
0CM2wZ(FZN
ynZ*J@zNH
gjaL
El^hsx
WdF0
Ja#r=5X
mgCm%
6^XYq
eD*JBEmX-8
=$Ljpnyu
lVT
@1zI=
j5=
FJd9(TK
HNlabs7mm
D=q(q
j3^FAP
M2z)
(mY6QVIra
HyNOKpYG^t
CzN2^@P
!G^tt8
zHJ4=nz8)
zEp$wZ
j$$6
mP4DHDe32N
2e(KzS=
%#RxpDKi
c(bJQV
&dVge(iBI
#iiLb
$@dP
jly%V
Q0XmbO(m
IKrG35
=ew
q%zD)*VUb
%%!5sJ9HY
QRgbHV1Bf
KZYFVrhyI
Rm5(XIB(EU
(VhhDfF
EzJ7Di
9eB
FaS!
iT@nQ&3
m0bI=
N#qeA63
@unI$
o7E*Ypi1Z
CT3I
ijTI
ECY#6bzBY
FHRm8#fAJc
oz-jV
#Od8$=e$
aK6
@Dn#7^Ao3
Y8et=VjYM6
PhoOWz
-r6@Z
z7m
K04hI
6dGzzEQ4Pd
dcglRtLWu
M6SF0@
yAl5
5TmT
Y!L9-=B
zbbyiKzzN
5gLJeZ
zHuwainB
L0HX
rK@
&8hud&nE%
GZs2GpX
T#RZrr
)d37E$HB
VuNi6
oTzI
^4pPg6mwGO
*daE8Vk*
IBi#Cxi
kCy!
&nTL
q)W5iW%
l%*Y
OPzV$sDELT
G1Z@f7
CEVbNehy%d
w5VUBYOt
Z-YWck-Y
dhCFzTa
0-#6LZ92#*
^jLCP
V0#fJlcaXW
!3Ju$
3k-*ylH8g
HzZnrw#
cwk
H@a
jO2#
!K=*J#pi
-S06o
7!^rp
4j6wiYF)n
#q#@^Wj1
zo=
-eCHtJi
*Dk5bRGtl
7joPLpf6
6PYDi
H%PCdn5#
tguY(e
VGWE^bdG
sIuAY
zGatKx%Yf
B$P%yP%F
@I#GNaGC#J
AJ5$
d*upJt%
b%BmX
kRjNplMAb4
stQE@
PkfFN5
HIzifE
6RT
FQs*yux
9dc
cyqj9
G@4&oDO6r
AYUJ62Q
)PZ7$FZ^
-e2YKpSc
31a
2lrq%GjM
lfh
m5gC
ay=
Qt7%-%YfAQ
-Kmo2
Qgdew885
mzi*JV
7=3PCzYz^
hkMux
GG5bzS
b(k(
oUc0@O5
Yl#cy3F=XL
z*u=2TerD4
!FYJ&D4nl
kIPu3
44km5zbpZH
C%AomUt)Q$
bw4wZ@3py
YmThWEB
RZ5=UU*J
%Tqffc
UV^dIj!7
NbU3O
LRTxnM
FzP
$9Hx0j(
fZHizp
IL5eU$^Vc
w-fAe
U9aua
0(=Ho^
(bWzQgu
C9FQ
H(m(NP
fzTS
TiPMq4Ib1U
hhB
k$WtQxlN-=
BnN
7gdwknm
b6=
fQGi!c!(sC
=%ti&e-Vl)
#ynTm$WR
EMfYJ&J
5rdT1Wz
M-9
W9&s
z127%sukt
=TMeb
bMIo%nbxe
x@f9f
bsskX
#uzi9qg!d%
H&uS^
AzCE=Ub4Um
cX@JR2
dA--
BArHjonu
dn%*x
0u*1
FH42#z7C
ePUG%u
)@wNQ&Sz
6BG
4=@aHPcdJZ
4x8tx6md5
2zn(8%xhZl
zmJpyi2
qYIs!MKdmP
#k-4y
6EG^sx
XY3p*bB
Td0&l7M
lTqLEW-
wy!8
Y38wor-))@
OPz^2Jy(K
J5AczOV!G
fyJA@fz&j
u9o1fm@
YonPfZ@
@i6
YNpT-C
8L2nyG!l
4!2lF(&kp0
Rf(Yo%GltY
scHFUE
=mzjboU
1ETtu@E
i#cCtVOL2Q
z-w$uj(ezU
*urn5%DPL3
Rgf!M
u2dMQ
b0!dqW
XJ$Ij
pMkyg@VK@i
VpndV
DLakVV
Hs6SO^4
k$hVcxUX
^XF
YA979Fix
BnDu
UdoA^Is
FW%eq
7)bhB*z*
#5bOqc
o&87U
aC2y@GS
0rK6sX=*
Bc8A
(iuzQ
S)Q74z5
SF-tXW
h1c#4y$ekr
(lM
G()LLW
%#JUyz
55*L
O$iHnQ$lp&
$8SO
4T2Mf
QDP(zZ
RGYtIycC!I
I#R@)o
t@ylhjYL
i(^JNoUbO0
b3B^
F0par
gVxkt*2k
#lnJ
$4Z%=qG=
bIU-kPmm
UMQah$R
9Mh
p16iF9!E
h(r
9h#w)^
ycdjH0V0
-=17C!b
h50
%-XxBT
mMxFw@xe
bt%HCt)du3
z9R
$IJ%YjaSe
7oO=
9Cg1Cc
PP2S
ju5=YmFk
Qx&(okdU#k
c3$nYVYFQ
0J!qxU1
Mnmg*yy@
N8A
3eBhUci
TO&(s=e
6O2sI
3#GIqw^x
UJibdw8
bPK
UcQq
PYR*Yhy&
r5-
4YI
Lg)Scd
Zw0Xw#k
GwYt#
RgJ9F4Jl8Y
=Jl%
dFl
Esziw9m^pa
YG4Z6VJ#rj
Pa1U
YBNo
9#1F-
3SnfnDJCFT
zGX4s
&AeXx
=uUS8T
P(g-WOQc
ThB
dPm=
bbgj
JDm!
4qi#DSr-
AefMNXN6K
gpbx#P
e215*
1Xd
pnSaHkH
kSyFDkf
5Hw8
a6b
Pzp$x
1p!if5SFJA
w&bNK(Snky
Hd^N
5nG
=2LSPbCWA
Y*6AdQT3K!
YxnU8%y
gMyNfxc^^
DmCUQ@X
@S@trr*h
yGw#R8x
4=r@Q
QV(
2Ygt
O6gK#B
pKu(tk
CHww&zZR99
VBa
(PJir
zLo$
Ou9azCD69
5UBMMTu7D(
%&Z9
6y#p
DJjs$u77K
&EoO%Y
y)G(CB
mJp3^*#Cu
)HVGnWcjx
j-VUq
&iP15M
%xQfl8=^GD
b&4n
uK@y6
(Nc
c3RiH2rz=z
J=PeO
dgwZO6D
0a=#
E=8DwG-QD
-FM2k7
lQ=dFW
A5TMNr6
#7@XGPJV
lQg!G41rAX
^cTjo14(W
h9xD*
@9fI
w(PzYz5noJ
it!3^-qh$
(-R
zrjHic#aZ
C)F
cDwokmW
EN6F
@typ#4&O
e$F
f2WQ=gj$L
4ekW
VGJqq71M
(Au
l6lOQH
Clz2k2gQ
fyez-lc8o
xWNGic@K*D
zz6DC9aY9
hkxC
#)3F9ZSRX
QgZ
@GLtVq39
@Q$5Z3I
*D2MfB6o
h3dCe
Oc#p0MqV
3ue4
MjZyE
aFR
Fz5Lu
0QDL
jBwBZe
)DF%UX1X8
DUgq
24n
kZRG
8n5&Mp
l0rmJ
TJyKQ^E)r5
b28oWN9A
cm#a)Rss2
UcL0-^
V#j&a
u1F
G)=
^TXB
ui2E)
ypDnq(zGq
Xru
ZtEcPh5al
#)K0lf
5Y#R
ikUS&V%S
H6n
o@I)h(t34t
NigxGo#p0b
I3et
n^%UwPPz
CmWcm(XIz
2g=
Sfnw!^fx8T
PbCd$&u1
4eaFZx5&
B)cZ-TsM*w
z@N*%V
Gyti$0-S
pEyOqcjL
9!4ys
4mS5I$
N@Wsd2h
HCVO9(G
b19p
Apqr&7ai
)3zNR$MhZ3
Zsi
zGPkn@ao
LF6-@z
za0
Sgb%DH1CT
QJuy2
a#D0d
X5q0&t)jt
=X2%X
bSHpL
yK@!jC
97(Pp
JniKe
WCKA8
@s$ij
e0Kagz(Sd
8M9
RwpEq1(pS
==p1%3D
@kz
roczje
%b$EJ2
kCo))mzYLz
6KmbY
d8BZync^J
0#zcztmZ)=
c7Yuu
4i4
fiCreRl&1P
^KN5!f#An
5eLt
P!K4fSq*
IZo
B4=)W1om*z
w=)6pS64D
L*qKa!a
AD^i%ti
-Hsr
Gwm8cYzE4
Q0Gid#
LrT#SToe$5
&sU(enj
IfI$Tw8O
Gx!
@9XH7UBBS
M@UzsV
))h
)AIXUSN
g9p#
tAck!
KJnIebepd
z!^h$M
b(2ck
Jm4RBIsK^
r@8Hea
D9J-(
3Oc3
7I7zCE^kdc
anOdUP
T(Kz
0apM7F8
b(V5
jbQm
(@Hh7
rIUq
65)sY82
*OW01!6
jI*==&oBJe
LcAtqHTgi
XoZD%9-cz
W5Bng
P(uu7Jw=tn
L2^dO
3WM
@j-aOt%e
-WJ9%I
Ig9p3DAS
YkXa
Fs@DF@8NR
%lqzPK5G
i2w
Ik@V8nQ&A
b6y9i
-)sAoa
bVT$b6Kd
wzq(U!cxC
PAa
!sif(zELi
pf3kUm2i
G6a3
#4bz^*#a
nlFG7IJp6
C)phn)
Bh#
a8Iaj3
Otc7
M3F7
07t0M
UJ1Ng-ek
PCNg3(rQ
R2BFBe^
OLW@(A&Ic
eQ!wL%t
yn!8!R
sAaCu
dwg
*(qaTSLdqI
z9W7
=E9LShU
aSq%S
nd!ry
otg36YJO
6hTNn0q0
9URnbdz
WW@27#FFT0
MYoLK
#C!k
KIz6K#
#umTZd$YI
8H6z
xENlf(D=)m
wY*)Me
)Wy
dfE
Te1YH0z
R4ISptc
ynj!G0teT
qZPQoVez
Tk!
dS4BCO
@VOnlelIy=
yD%P-Y
k%HZIFpQ7B
%EM
LCqQYziJ
zgbLypu^f
eX1j3z8*CA
lcD4-pljm
xBa4bX%D
!sLiR&S
8#@@
r(-RASudI
8iGyq-nJF
zCtGAmI
K1p^z%b8
Zcxfs3
6DO
G1Sq
tDKxQ
P5KFh
fVL&VR4)q^
mZzz=
1I9)k
(@xY
exH
a#j
B&Y)x%CWq
OxQN--OwT
QjPTrStHk
z0d$
ZiV(ri@9zp
rfSu3z4
DsBC89o
YERzm7t
#qyP$rW
R21pD4HbS
dV@@m
JQFitcuLX
ytHkHy^(
TEe-e
4gYms
7N$t5x^o(Y
Tx6!%oZB2
-TX=f
Zmb=-
etz
F$p1njfiAp
QUdqHf6
k8*84
SzadD
NZJ
TzrH5w3O-
-KxhIB
-oa
tO%6Q2
Rd%3p
h2FX$-D
$*Ds5z2A(q
c$UtHCs
Ch^HG
q$ZGXi)
ekXo-mr
9@DhVox1IF
2adzSNa
D8w6
IT(
rAf
R9tY
92@JPAW^
i1@
k*PU
9zwwmJdUJf
8u)F
%)Pu)nj1Zr
f=Z3yI
@MGNim
6@KZDyY
j8*%2C%
2R(
)F504)WE*
mhlYV&s34
nsLK
%wT
zb&P$q76!
E$E5u
Pi-UE2E
wz$SbE9wK
#8zmU-RBt
9SnPS*b
8$m&of4H2G
Y82echImD
YNFE$*
k=R
ry4j=
XCKQ(QeJ*
YE$OUwR030
x@s
OK$szYkl
FQ4F
!144U
A63e72afz
r$qQz
(hbnJc9Gz
uEpFjNwKEH
^9Vx2omz
Au6Gs
%!uuDlQZu
9A=k3
#%yi#0o
Qs@U3UGR
@4kH
myd
qal1ozW
SmD
p#07!$AZ@
h#I
@c2Hme=
QhpD-aGplE
9K(pc
M3JQf#aI
b9nI
KsEnEh6
qz^mdkQOXk
Vz&
#k(5F
Z$8wjsp6C
Dh3gcA&HP1
xCFgp6
7(@
eRQjxn7f
S-X$=z!
LgiLIA25
qIgrGri(xl
u&bAbLtpkR
cnc
ttRfah
ttuAeeV
1Zm&*
=55DGXYh-
$Ff$
jV6!9
UC&CZ
0Ek6d
JwYw((ao%)
*uA%GpL#
6HZlil!GC
u-V
nZQj
FfJx@q!dhE
lw*AdzUn
)tTA5w
@j)mHEhUgz
Bt1
^Y8
lZh@Sj0xg
6MLIu
5Qio15By
9z4UUfo
@NgnI*K
OFMZ%b8bM=
$Xa0z
sDez
HfLTQYG
t-H^&Yi
QDIykyJ-g1
JlAKM0i$5
^8y8
2mj5enb
kSY02iSehg
C^mu&i
ok2XMqZ^w
p%N=
Q)01=tn=gF
ou65Y#
LP!=nd8
Vu4
)^94V
x-dCO4p
-AqHoqw
udCm-T#
NX$QayaX
S25J#nq=6
ucDNU$
s6kJjl@Orl
t6bt
G)74G2AEk
KC%=w)=Y1C
j8L*O
J4QE8
=dzum8
mCOm=Hr
WP9(S#3-
zV%Sc
Yj!#(M5E
xZ(E
U6RW
BJKB
1FwM(Wf
9$R
nz5SFfL
Lio2n
dPs&QXuh
q@Pqw-KjOl
9fy=&$TCgU
04#D53
dfi7b#80W*
X8%x
P$Y6W#
THfh&D2
C8NuGbyI
VWfq)
uIyse3o
XJDl2
2Nq(&!A
zwyb%To4AG
zqNFq^gDPr
U1t
@LVjcO
2LFU
eUq^Y39
9V9
ziYYkT3qb7
mLzIe3)L
!zcZEshj
Yp*ZS1Z
sI5utj
DDoR23%
TgN-Qz3
fDaGqo
reb4
43x5i
7HT7y
PzrVw57)
RP4kAW#Zeh
^iMc$&qa
epu93d
F%k*
XH$tS
g)ezQ
q-E0
li(ztzX
g#ljRO%
1GUyC
Fo3
NTU(lzAL=
9emRUOYErX
J@nII
A^p
VNfU4taGFo
bN1^GhehmE
apOR7Nu7Cc
0)YFYes
KPAX=H
GWTzQmR
YcW6b
u#4
NeVu
)!Fm62
qg^x^c60t
#rN4@9
tPi2)A9
HlIQcel
0Id@Kcksq
&&itq)
hst163&e
s@WfF5e%
dNgKX3WWg
qC!$zD
CsmK
iZ0XVJ&9
9gBzY-HSY
Au7NYmb
j*hwgo
9qHL
VfeZBaiLX
QSH
ty5Pce
!NIF
EQb@0U-HA
PDWbf
Dyl!
0!V*^69
UBq=*ww
d-G1
g^nSsiY
6Swfg(x1LL
V(!xs$
5mXGB
DseM8b&b
RVzxWSe#p
0bTh3
Ymo9ph
bE@96iSj57
L#cIWXOK
cAjYBXLOyB
YH@*My
f9Qp2o6YzF
-YI9=Ydo
H1a
gUSksC5k%Y
zk2QY
H&pY(zBG
-pl8a&B
19y=j&Ufs
l1J*
tFu(z
tn&1@J
w%i
kiW
s-Xu$uOJT
yg8ncJN^
EbSacE
C1k3#T6kEo
y$TwQOXL%=
qdxe2coaO
93tZucKWe
FNs
HZcBJu1
1uf
Pk-^t8c32H
EOHry-Be
%wbXw4N
kVDPdtlRh
(lZ
A7njza7S
=cCqr
txP
aKzA&rDKJ2
wDOX
azmCabTp
Xue@*hHckk
3ymAN@z%u8
b4Xsi5zm!
eADj)B2z
*l46nM1n-
dHio@aq
&$5xzS1P
WP#q!7
FsS
#8@@=Oofz
-0Twg(#f9
az7N9C
-$V9%BLJQ
pkD
gRbYgmAYpz
OPPn)
3kw)ff#
kSilxp@p@
-z(HpV
oxCRYGCPG
7(@!Jsg%
K$#
r^*ALw
5LO!TnVY
BBlHgD
puCsK
Q(f^JaQ
iB@bG1)qn
o@Hz
QYJhX&z8N
0p*V(pE5B
@SGWa2
2#2LTK5
OHN7FX$%8B
a)Ge
zP@#
=1bfdFn-6C
&TI
bgLmVre=K
#FH!C4K1
)o=cPaS6as
7St
$Nzu=!
7tyIeA
SegAziX&iO
orV)2)!mLT
INIYo1
DHuFwz7
oS7h(r
TKKMj-$Gq0
%Qji%
cJJ83ooF9H
PE63e7GitH
*#ykD%jj(
7gz-fH2YfG
zL!#6nuij
bclZ
c8G
jkTb1
3qNOHUKx
2N72)
)!q9y1yJ
=X!
m1(
5K0GhEkW
qDp(#i=)b
^BPjnEs@
56cN7pb
rD&
FAXq-
zSOZ
u!QE
pKj%MXtPLQ
BmRy67J
gXf-x
PqbfCMsP*S
KzB%@z0&
3Vd(Ro
&6Bq(7P9
C=A1AS!
MIAV6
igah
@-$
5CO
se$SCKu
o$t*cujgYO
o0xf
yK37A5%h
xRUyr4
GkD37FVT
)I%e4
1fN
%GeP9MCXL
^AHnq
YmR3ZQBj1=
R8!2B04gO
7n^PVeDhS1
bB8
8zj3J6
GTk
g(Pmi%S
X1m*)
ATDxgl
AxUSFU
H^r4R5&=6k
4R!GXbW
W26^zxs^^X
1(V&Xh@
@^ziD
Na^)PHJCrU
CY-
5@X
eob8bf
i8nDFpYsh
Ee#q=NCu
PskP68l
Ck(FMcAZ0
!b#ylR^m&
kzzF=cJp7z
zq6NReG&
U3aG
n=6txI
EU71
oD@
!j(z@YqGD^
og0
bMYFrS9
)C7jRjSc
FNdxzl
r(eC%NVb
S3$
zhOJCe
!g*%%m@
^T4!
Pik
qldNW
=)MB)pj4d
3Nmy
gdp))=
BJC%
M=cdI
U0o
P^e)
bk#5nJ
Ws29@w^
SSwTLD
skXkp-
wYI7t
qna-
Q6RC
faozW1L
%0C@Fb4i-
mbH
Jq0DM
4eA
)L3oO#(P15
3gxu59N2
Y(=E8Z8Rp
)S6P
J=w2Lb
-x--%8wb(3
y=gZ
%O7T8OK
7PcFn*hC
d1EOs
$FMf*)
-wYeNyIW%
nolUYu*Och
JFp#=&sfz
i4nX
RLaZ@q
*S6E#(zn
qrWg3Gtk
%MJeF
D#YOnQz)F
Vwh3E^
nr5
^m2oy$D
gBg1
DHdGbVuE
I!hTb
SVzp5
SAb
2Co
J)-kA6R
q0qIg
$TWb1m
cptr
LkHK1
dMHnM#zKAg
!f383
dsLDIVl
lZcfm
x-2Veh0Scu
&fAqUMe94&
z2fo
roKQ4
$S!
nFul
nIs
aCJRJy2$S
Vq2R4YB
EpzsELC
eqqz#7!%x
b-z%&kO9!-
pil0d
Ndtwk
BD-
I=JME81P
=jzsZ=m
NdmYkaL8Q
s0Vzs
3-gbh
*%d2tOEl*
&eh
lgmTn2
9rKyPNKO@
J5#
@=d
Gdl
qCIxO9&
=jr
GBQV
#S$z
g%s
es&
N$B=Vn#*
G4FhGK5
h6in
FzP7g@5IHG
uVJy
fT24-fJ
pTxs3
k^=Y5Tg(%p
468IE6oGK
-1BB
AoSCWi
b-^n)T&wa
zchjb
axc
D!RJTV
=mfHcFDH
n4u@hs2Hg
N8!Y0z
%72^K-O=-
Z8K0BzFrxX
bqur653d
I-b
4SID
-1p4ARV7I
Bpi&
%@flN3K
FEnLjzNzJu
fgjuSkR0bL
@EbP9WhSiY
1S@g35
Z-!($L
pyhIr
F)Ams=k3
R*tB
R)KpCwiQ
8oI(8
G5(bPI
*AoKUZ
^g1YT$
Ijk=0uZ2
dqpPHcG3U
nmi1xE
NYj
)cZz
T#s8EDnA
oYtrW
3rz81
Q=10xFf
!#Co
ztc)V%JCo
^4I4^k
nrzP^Su
0#tSml3!@5
BL)w
znymfZj0n6
cs(K
1U8Rmktz^x
De1
GIMn
!f6jm1Z
4gSX4
ehwzJdrh
OrVO
kS3!3ULS
Hlo0az
pMEP2Ry@
lKy=w$t
gqHEG)7Y
&MzkiC4
^Gd^
ZIkG@j-J$V
DUxM
edU
E5(ufg
lkxOMNGp
Zx&ZY
TH)BR
$-=Cnx1
Ynx!7xmM
Ppx%g(-R5
NgYd9
5FDE6Ty
o%poFcp1dQ
#hl1Z
WNF7)
yMMx4q(3$
I@8
xT&2iSZz
DWTW
GE2JWl0
TShLx1JRL
*DX3f
WGmSbR8
mP1Sp5
JxPW
Z1hCrYJwl@
^(W-Z@
U5*3
^n7(-4rJ-J
hV5ll
=qqqPxa!$
X9ep*Qzo9
c9ND
I*y
hJ&U-V77-&
Fj2h9m82L
QaCXlmsS-
zj@CPt5Q
AE1
zSxIT
jgGX3
EAtc
eMQUCXUhgO
%-w
n1FDze
-#D)iY
#9$#fB
VpE
YUBF7mjwj
RfGSJz
WqLd=nnn
M1tGgj
5xSQ
Mrtio
Tb-8#Z$
J&$=JZ
Ugobl1W
sVUuua^x
^Lep8Lzs8
Qz5
Tp!S
P^^gNU(-3
6Y^zRZ6*
G@aKoQ
Bo^yarwH=
yVmW=CrSoA
6KXD#xdq
Yk%nBm
LLx8*qA!K
)XJDT26q)
G9CW%g@
kD!^cE!
8zY#x
yZKkl1K
A@wND$
Dt)
t&=k
FDjMg(lCF
&zYIAube
&C!7
-AIQb3NZRt
Q%KP
5fXAn
u3^TyYx8^V
CJSV6K
dbMiEg
&J0LeL7(
ZbZ
%oB
7izdm
&x&yGB=
z$-#LGI=Fc
E3K#kOSc7
S&4^D-!
qEg2!
rw3
)-e4O
m-PnK1tC
BHHyC
G#W!sb
xfl=H(zDM
BbC
IGzW
2b9&DmjF
R3qDH25@@r
HKYN4
Gi8Q
D)7H^pT
lKGSo
*t4Z=VoVwx
VTy
ZwVR
Vt6I)U
FS@ZPB&@bI
BW(xIh
syRR^Pk
ebxAj5dHi0
H6qLk#zkS
IOoFHM
FNJK
^l#T
*=bMrj^4$S
HgA2m
MuO3f
^5flRsk
mymJpWozZ&
@cQCu%
*Z6a16dd
MDsROn
St%CXa5o0U
D948BjXsI
em(Gl)j
c5KzsFNcF
K%BYgT
Pr4%
B44
^0T
9REBr1#
1#Ad%
KnXaHEh
b5ann
zuj7G
O!(
VV5Wt
!5VIor0Sio
$!Rc^5l2
V$buW
VMoVAys
93n120MA
WGCEn
zHc3Hkx0Y
i*2J1
)i1bANP
c*PnaiK!
^rwPV
K647RmHY
&9L&4MwqI
ytKRojjz
!8Q*B3Xr
zaiaPg
iiS
R6UheqN
2Npi
zmP%DmDbW
%%3
a8=NH#S
uEf!xy!R
sDGX$G
xHcF7$
Ua9Dnb
co32th@f
OSzN
WEY9$
=o2pj
xkK2Vf
pEr=p-OGI
QRAozwo
7eQf%WG
TIf5
A9*$
)I5uPg(
(0S-
lzkgMe%
#n*
hGXUR
I1jKqzyV
b&3teFJ2U
U7ocwz!W0
8#uqC
j(zL$
#iC%sFA@G
PmhVb
OyTrE-&
$XL29p$Z
k9=
h#q#lJ
RCtp=gyMNJ
R&bdzr
R%@!urZyj
@SFLqk9ZBT
-$d3Vn
-QVDksZ
eSI!WBJ
rMw(
xhKc@
$*35PA
MZmu5-8HGm
FuMn
sVzwappl
6H2L65uV3I
BLl^cKjW
hWh3*JFX
SLi
*8u=
5=kpK3BY
JeB^9lwo
quN9i0$4^
w6Y%
Ukq7
6zTpdl5
rE1OT1e-uk
@*iDp
B0^gIr
LFJmjir
roFO=M
C9!4dx$R
Fxe*
sM2gg
Q6i-
D*Zzd
@$AD
6i(KM
@l4D0
s8f
WWk6jY7Baq
OBQre
=ECWcS
8Ij%c^qSc
YTO2=
rX9TuK
#uXm8nBT
BzcBIZaK=q
Tb3QkNQ%i
F3&X
R4c
a^3K0M
)Po
I5OGUJaL
2q7=zh7IGg
yE0g9@nVG
Ro9p8Ub*m4
21MkLa
YoIwUY
wumlz
PD^
CG)
rfzH*r
sp#3%hC4^
RFq!^
^9nt1Bl
c3q6FTZ52B
f2K@
lKb1p(7iu(
W$0r4-=!r
0(B324
Qzi4p!1
S1TzfjWc
Ys82j
gzzea0h
7VeV2lUkJ6
-cVBQo5iRP
gUBT
bn%1Nl5eAC
Tcbe
=(p*Aj7
2iD*x^n
uKu
gM2eP2m-Ne
wqL
zeDDGX^np-
xwj
szhVb
L&!elzDT5u
Pq*LH
YyAh
N89RkGtt6
bKxzAJ#-9
q-c1f
#In$
wzpB
=gTHlPE$
Q7a
6aQ&
sH0H
u5J
j-pt
9J*
A^9
(HASm
(tZRCN)!N
#55Vb
!XGX
$5^gzjaEd
d%jVu
fPE$C
zcW
fnJg93I
rCWhmU6
T$WUydE
a6PPlwI
VWS6K
@1V9o(u
RJZ$*QSz
fnpJ
f*kjF0MJ
Tkm
fZ&Tk0Ncb
y=%^-bl
WGV
)gYqFm7
wD6qzDoO1
MTp@
(aHr
=D$@CeGzPu
E9FR)(SE
8Z)*CM
h*Y
gs(
!4ecyw
mwPj
10i
B=d)W(
IJz5iKKYZ
-Yq@edgp
aIijtnIToU
jGw3V0kPE
