oRmbzuJf
@1EB0O
ma0(
CLzdE04%L
VER*i3
l9N&
(7ZPT
q^hVa
Nff$zT5G
)azHW
gdI
Va2
N66
iQfp5!nO!
%VHWOuLRT
R%U(0
Lk#
*g7eTY
Gbk
xRsp7L9
=lj!cG
d4y648
ml*2P0F&
8-&O4WAKf8
FSL)(*6*F
N1RYri
zjMxMC
aJZz
%2Ktl5I
$k6%nU$B
9unt$
n(#Y!%
5TbnYz
mAD^NeJ3
z*P3Jz2W9
G8flM
m3ah@DZeH
nNgqTK9qP
=JMI
by@
WhF-N
Y3$G-Vyw
r3srTc7E0
NP&bP0n
7d)f
HKonPsd(Mo
YxUGKxz
fkz$4
IVAPawXa
Amj
VBC
@dmm8T^
n%jT
JOlj
yUNGas)UG
X2n*7FAUN
GLVUz^
O0hL
EZ=o
S)D-)xa
2Usn
Z$T%CQI04
fxNzEM0xEt
x#W
zFU9lbuf
@sb
UfrO-PP-53
xa&D*VFAy
8l-krW
KH-@zo)R0$
rC3JyqdLef
Q-C$4
jqF4ka
xu@SrF
9)u@trND
i2E=bmBt-
J*Ym%X
*o-$!9wUm$
(sJf1
XmJ!
1K7alXJGk
3j15wG4*o
KZ^Bjqb
#alsmoN-
YGMB=!M!
X@2
B%-OQL
X*e@U-O
0@#-hU
hxzL
Cl$
im*
J-J
hzhNw@J
Jtr
w1FU8)2e5
@r$8z
XI$U9s
k&C
#6PeWP#%
Ru#Vz^B1
iNIDBa
WF*wi
cTngEs@$^
@dGA
dPTiXI%i3
yx3OcnXx
t7Et!Z0RA
qC8Yw0
y0GfC
pCV-4OY
qPw7zjdo3
bIX3Yx
FkGVeqY
fxG#4#
dHR
FkA2No
!X-
3H7*i9@pp
r*gFs94$V
t=n4I
iz@
sVhO
Id2F4j6^FL
G-zzZb2f-p
GVqNTZaa4
kI$tczy
jg=^%$Lu
$n#A4
zA@MqD
%8%$GE
^zMJZ
VW=i!DaKqg
8*&
FQ^Mht
Ih5M)8Q$
=6KWRY
1zty!2z
MS6z@-
@5pPNA8
rcRbSd
Ao6dTu
e0igGeUC
HEdu9!j*
BEIZ=u!)
@CdE
nzcxFQ)T
b9SG!!
YXt
EzDHtr6$*7
^ys%xx^G)
z@!9#dOABK
qJx5pi
A0O
SF4
rMNe@W
bkot3B
qML&
1B1Ukz4B0V
A@X%!#b
xjr-OD
Xl=GBkC
Gd0Ij5Iqb
J0-mmO*Kgd
4txljRRIRU
3FSDQ
ol*QMkT9XE
YH9NB(Uw
f49EKSTLE9
#A(bFpjw
au=
4WXQ8@q
I5zxOc
)K6#uz^0A
4$*
K6SJ8*!j
RdV
-O*o-D6Rzr
R0z
AVg
a4(4
^QC%(gj$T
WhDVf
Jyb
$JwLew(sqb
$&CWqJ5r
sg=ylos
Cf2JjD1uaJ
4yiPF
OOGO8y9MeV
E#rYQF&U
0)K^bAC
IB3wI^MRCd
xH$zbOz
7*ob3-n
j-gz@y
!T#crxg#
EoP*Ia
yymmKw3fB
q!2B4
drt-qZ2
610#BS
dkrVd
%(z
%Nrn
eomc
jJT
GajTo8MX
42#
cx#Y
doEYmc
V9XK&
sOhaI
rUjU3^
8u9I=-c
9FKzdaug
(bS
h=DH@40j
XRasG!L
mjNMKGq
9L5y0
GV71h^V5
cYk)^3(Ab
4Fdbb@*
QTW!PW
QhC0
p-Azj
c8N&n@
SgI0cO
K2PAYj
AxipRR)
*VLiW%A
9p0
IYz
z5yT%p@z
u3%
Yl(@RRj2
*nyMXj
hju$%me0RI
Kzj^Kdc
@m$TzAm^yz
6FG&zCE0(
&zrn=aHWEx
YjDui=mA
iG07i
RGiB9f57
Wh7bRZTFsb
u3&56UqSC
29f7xsu%$
zptQup!m
n41
OrG^h0%-nR
ObTQUTmZ#6
Ly@4wHXRb
at6B
H2P#
DixsP
2PbTNxu4iV
wIHfK2o&
O4h
kH*t
Fzil)^R)C
ms0opOi
TXcp1&BGk
SGP
Yx#Xju%
k(3wz-61t
1U7*sK5q@
djQJSeya
BU=&=0F
=6VVB%A
%DM
zn#^isw4H^
5eGL9
zC)
fWzuP9!%
@krAC8NPy
#)7SVzFki
SZSzGf
tSHktzYmL
tzeL@%7
szS9-Z
MPj
Ur0nh9ttj
7PXQOfM8
%=H4dKm5
mQ8X
M!C
zx6LdZkO9
jcw
HMQ3S
gayIAK^nI
dI@$FHW
3mur()soG
ERSBKnqN#
U0XIM=zhiZ
zVp^
fcL*qBau
az=W#G$
k6-OzXxq
C2n*LJQ
1TGgu
pCZNix
CI@m$z&uy
Y44nU
Tm95E3
8zoMO@%xq!
LpttfEZ
N4nV
N*946A5o=
qQToV*Vl2
9fW&h%glWz
mlCNKEInRl
lTJ3
Bk$q9NR
gwU1LXhi
-7o##tp
Q3U9w6o)R
3)*^N
acNkb*B
QxQpAnI
KAw
czMfQ
@%p8
E7lai
c1h7U6AL!y
j!A
WX2!3
c6z*e
f!GYHFVQT
WQ7qY
zVK@7d3s
I*IL^ZDd6
%aUPdg@b
@=d6QHI7
2^N*jT(tF
QRlbQ0N4
SYfj&VpQ
Jzp8umQV
kTCOi
#Cxdw
BBK
!q6R0h
ZC03gX-z%y
LFkx
c#lC
L$3
)utIZyg
0*LB^#ng
VL(
bjU#z
8ZAiqw4DD
MC2QtYVHpG
ZE!JO8K
Zq-eV@1R
l^wLD
!FR=q(
P@nsZoGK
b#RtMN
-TKVeC1%
FlRt
y!Rct
iw7zQi
mxxsG
zX=$kWI*V
6(*Fb6px
Syd3c
sg!3X%V)7A
B6w5^Lecu@
sTW@TB!iL5
=pL
G8A
P14
*=w
ug1HpQR
RZ#ogLmYO
*o4DX2fZ2
9s2
wCT
P65
lFsCi
wzfJW1eY
z14u
FwwzCB
iol*
EV98IstB
sRWZ5*zrNz
U(A*%G
Rwm
BJfA08
CIrU2sz(=*
-UR1ceJA
98yi
^c*RFti46
kdn5
bC2%uR6
a=wYYPZ
NNj4
0eS%a*aD
%Hu&0WkBVr
JW-)IV
Nz#Ewdd7A
16b3A
PZ5
9V8i
WlJtYNZ%K!
KryX56zA
xP4Pqw
)41ZWRGfwQ
i1pdafh@
$qta*3n
6A*h8o
A@-iIKJoLe
zs4b#=F
y)jO
cOj
9J^
EpCzY
q(pb
wt5aPYg
7IwJio5
2ZaQC
GRQp1!A=zB
M)H
8Rs!%$9P
PzkU00k=!@
1OY-me
q)VHb4X
PtEEW(
nGz^53ALbI
JsLSc
W1lZ^f7I
wYwuaR=
g5m
xDN
M090
UhkN9NSN9
KI9J&q4@4D
6lk
SxEo&
TuYO&%
1*kX
VlQ3mlKcq
7uY)N@
N)6
wR-8QY)P
jA2TbwPbX
8eJtEPM6
x=D5
WM1ln
VYR8ZV-c
qrb*mY2T
&ox
k%S@
aUqk*f
G@OzDcGV6g
l0Ed
lP72
(a%#lckeXj
RY6$HqH(p
znM
!&0I@
P4#zCG1G
$o1f-Q*hg
fw0
u6z3@z8
=x6MAKEn
g-sI2nReh
%XJDkec
k0#2ah
Xao
eRrTndVnk
1rdmn
5#DG5&$K
5fY(Bzhp
mxAb6TJ(Ql
rM5a)gZM
0RsK-k
*TST
hQ6bp*Jf*r
X=UN
CBVY9
IRG
=EqDOgff6g
ruVt^
SK28H&Wzx
^=a
2D^PYTh
!S3x
(yi)9mM
o2&
oLoCP6zutF
ltliPFP
(r%
#0E
tXX-
@GF*H
9La768yie!
W*Utu
BEJyk
2bo!ld2Pf
$RzyO
H3w%zajB
VsP!
Hz6^Vn
6I7RjoAo0
HxO&*Te
^TnIj31yz
Ti4wEZE
NQ9q
!lq@(mb^9-
1@ux0G
W2XadOKIH
o=ATckziD
l&%ne8gm
yi5nY*1
9wkZznbS(i
*%bzHMz7O)
71RlSf
*hQuz
^oI6JR6
Z=Ab
u2I
DDz$1al
Gs1SE)
JpmuTi#ru4
o%D7nL^Yzb
dXLr8iqW
0QC
9#n
3SNJ10UDZ*
%MC9#
I#OFY
L!5
69yu
yQfrWTKMG&
(taPkm
^On
3Lxy5nk^z-
VPO&@Q*U
mpE=t
pJqk
W6eT
hynpda
fUjH
02VYs
HgJDKHe)To
8R7-
0iE
0!&LKuqRKh
F(N2
3t6aKpZ@b
FOSkT
Y8U&&MQ(7
4YgPO9mhc
3kY)Q7bPV
F0HsoEmB
R9rumyt
nIDxu%yU5
P=j
4k!4(#6fiB
%7nG@1**HN
n88Z
7F-wr1KCX
!AJ
3wi)2h=H
5zLm7U
c8Z$JiM6HJ
WsQ4hk6io
5PeU9
JN&Y%b
5V4
l)90
mDy*Jq*6
!C6$ioh^
6r9G*2C
Xs9XzN
-W$zlM$a
Mx=Mqd
(m5pEFl
fUo
yG)rlyL
od9yTT
-@cR
^CnE=VnP2
b#@
Vs*MG=cWCG
^eHHNj9S
=wA4y0c
XjTZR3J
GS@NI!
j!2=R6aX!
Eg0ID
4(D42
KKWh!
Q6=y
z#-GO%eTb
JjsU(EBa^
(RVyi!%yX6
pG4#P%eyl
qpjuX5
&Tjbfhl
c#i71r
D43i
o!od-NZ
195
%jPYRd7U
wBUcazX
oM^
xrmTM1Un^
fI6rwkzP
z9QVWC7yr
HywnlQiqNf
DzDsn1Z
E4X-
dQC
z3S(Q0nYc8
-n@7$8RI
TF8jk
eU@
ns$t^W
N9z
fkYAGl4zbr
VmPfSj^X
YUSm&r
Srorz99i
l3%iT!KfaM
sx!7
YbY$(
KV&%ouAVz*
l&lQA
95Q
#SkcGO1qJ
E@@
fjm6gL7xo
)JQzeBn
9zJHRK
blbXKQm
Qte$)GLMf
Mj%6dcz
CiizoBJ9SF
-I^
lH!L-3#$x
SJI2
tgb11&33p
i2U
53JwWp2-Oc
yzFmne7i
!=hKzwxw
6h$pe
HOAAJ
rU3(Mz
ieRu
o06!8b!*
VCOihudmz
g^(
3FCaNtbq
5Q7e
C1o88!(&8!
9nipO
k8WB1F)t
9Di4NO
A7ywCM
#IpC
Wc^18X
KYYcD57h
o54
-p!WYX
eMHz3O
qP@e
&uIzGQ
G%AZ7R@
lBOfbf^yi
d9j@LZzh
&azkgFy
b(NPK*q
erTCEOY5S
7y7u
ki@H)F%DA
N=7
fnbIakgZA
)o=2IX
LVmPfG4fS0
rdNyGD
hS0MfF89i
K%Cm%Y
M!r0)
pym27
Sew%alaim
fu*9M
efLn
ff)
D0DwKpOS
fZQEraI
ge$D
3ma
elDV
MxX=%-
3=!Y(*
QbIY^7kDZ
ooU9JSWo
^829
yQMhizC(b
yq=KL!k
5P&VJnz0
Dtbb5ICEA
KjkGW#H
VM-JCV
D$j1j@czJ
lzM69!Cgn
yFVI#
0n0
BUdbV
$4JPJtxqz
wx^0cYG
YXkpWWw
D5o%m
uTDlx7Zl
NByNzqlA
PK#*am7^b
b$&yS1S
O*FcyzQMJ9
9ZruxT
5T^yKsO
bUMDA
=Z1Vw
BIUdX0cnfn
o$cO
oVV^
21q
^2Do$
XkwOLF9R
QzNzzWGDe
0=r@NC#b
$k(A8jE7Gh
WjqCNpLe8d
Qg6
b!^i
UoB
n2DukX&
YG0h8
w^sK*%dwu-
7ijdSOs
k2^
ISge=ycbzI
-Dia
G&B0gliBHJ
t#l
L=cVLH
C5UWbN
jbq-)E7c
BMb
4P-wP
Z!#=j5wc
kIsq6hTx
o8KlF
S3ZC
f*yc^649x
em0
J=2t
8WSWG5C
4gAwmGzZ
4gb**3yzV5
Flx*qxU
NUn!F=2
t&k
z^6@%
AL)
0^NX
z5i-cr4Ocw
3$Fn
lSLH$7(
NeD
#WOVdcL)mh
V%up1jTB&7
FOZVWQH8
mBYaaJocu
WS)(sZsj
m0fM
HKAJuX
6xEZddf*9
7FyV
ekfN
!C5AT4kX*
n@^PjC5(Gh
Q9u
%5x=kVF(!
emH1zqse
k($Dts
Te^%
3%Ug
uS%bB8*I@
*sex
#o3LLuH
I)1
iK!9
pVh
8q*C9P$ID9
7*AF
AFwa7ly
zo2Z
n7xqm9S0A
!sEN
c4@scHV*!V
hNB9c5Ak
uVVfRamUB
efZg*^
U10ZMjS
JHtX$R
al&P18
CDU5kk
4FE(^E2
o5FlpL
D08ehh
-5M*e
K%ht)23z@
dJDLSC
=Ar8
MFPw6c(py%
hx*
V9Yg&
^zY
=-=u@*Z#
FD7Z&U6s
=rDfFW0UWi
4hwa7
EzJRKF*
-PG^WU5A
r5ul)Q
z5OLsH$n*
4NGmOQpg1
uD%mpKB
UDXc
m1uQuzXsI
w$1EVT
wuwX#H8U%k
Nci&LE*4
$YNto@4
6Qmh
7D=#J&Xc
UwrMRF
6f!F!y6oY
RMi#-
S=S&wDeab
E5(@
f)TG
xPD!
E)nQ3D7YX=
YNS^fu1Cs%
$pLFY
W63a
H80#^PU352
)q74g)GD
i&VgxY3VdX
*xneyyB6f0
Er41IimpT
cRNeGcqI&O
Inw
$2zoYGIS
O5Yl
r767
Sj=4u*o7K
Xmc
e(z
6D1uL8n$6G
KFg3CwH
o6fbk
Anz8M39
^y%cMgs
Vg&qR
fMXmJJ7hXD
X4QFFLsM
&De4wlTgw
rkd2q
Y^Z
6l9L
y(tCYP
#WrYpz&pa0
gnLndZGI)
BOTY*yu
)@7W-wgqR$
9kz
!*@KTMX^$
XX#f
t-CybKUIh
OjZl)
*n*(5npMR
Is1CG@Cg9
L4k
NA($
dsSaR
rlaWSS8
dgy4@
M@sE
H9-Iqlqe
oX08h63(tP
!G&CU7e)z6
#*NmI*
)@zFKPL8Pm
#V%7ws3P$d
9uk
4a!i#!Ueg
uPX%hk
joh3C
@u)V=aD)
ad-
b$PTFKn
JIBQ-zAN
zI!
zYsUZO
9HO
gWrN1d
xFG
Tn&16
Ip6=Zz
enmE
2Jt
62bMydMu7a
DMGo204k
6BPg&b5
xP9TQT
lNH-
NsIJC=YYG
DNd2mue
JVJAKzS0Cj
u)bAq
R*Nxhrx
ebiesL&iTM
L8C
dkw
fAV8
$aLgut=
Lfz*x
0zraJs7in
^(TeL7@7
4RB
qtFPLYVo9S
34&ipfN
5Msi6=3!t
*PuxzkXJ#
#Rp9
%)U=u9Z3-
Ud(iu
luowLy
aV*
^D84kAe
%NF
ty9ZsXbD
AZeE^Jo5r
Wy=0P%o0D
IcG!)yWy
!p)B(
q45Kz@Ke#n
#VJwzb
-%l7)
Xyo
zST2to
srZSEBfCL-
9yV
cGq
660f2
FqZks^IaJ-
9oqXlIBRq
Qtq(
zJht
S^xkq^!^y(
R!-m*
b54Hq@V#2
*6z%
cJNFd-OzR
p0kaKy1zF
4@ly4uG
(FSgqGNt)
fDg
PUHVf
yQ(MO*Nx
^DP&pl
%72
oAM
JXu-dVF#^
o$nN
P@E2X
z%Y9*r-
5m0j
jMAz6dl
8KNV
*EQcL
ENj(&
FlAQBSHuML
1=qc^
VKJI
NLpmZw^bH9
ty6%19rC
ayHAp
rn=$w(
tPmh
TH@lUn
5y7m0^(
6cFlxlBzF*
-)kIcN8F3
*$S#
jnF@z
z&VKzV7)6
PH9gonge
jL79
hD1M
bJdjw4NX
EHyS35qZ!M
b8$z&8dq
goh8P@
D3)
c^kRHwQ
-SrJ1W#g
yO58cT
GWKWjhj
u(mcG
8V5zwz
Wfog77J
^43
y48@$zFLyU
ANNL8sPPJ
S-&Dl$d31
Jg^K16aJ!
XKP^ol
)%Uz)pd3r
jWK)ZoR76t
8Mloq20
M9@PY2#q
GKiQS
#0-lq
ArlPK=lTC
feG8
&gw6)E
toH=Wd(cC
%SKMmJY7S
-WaQL
inV8o2L
g1^DAS
*e3FR=Y555
BN)
p9kX%E
eFG
Auc^u
3Iog@
c(#F=
^R6L&4
kXA$
xm(
rpuT
6FGg)QxHSn
R3GzXwsZT0
UJ!z
pQzXjR
&4S
C^64CnKRQr
D@wuSzsYl
nyYz0M6*7
P6cA
Gtjel
wwhA
=j@q3c4XzR
O)bZ9YG%I
0jegqy
QgJW0dqk
ryn9Z3i
IlkoSGVV1
RVK
euS9lODz
jDPqQz@c#
4#I&&H-b
Mzf9A
zwrY1DKVzy
R2lru33!b
Hkpzjo!kFh
@t0
zzRit@ga
RKWD(oljJP
M*Qm=#Vz
R)O6
zm*a9xs^
9lOzGC-C
A9kU#DJ3
Oa#N0-6rb^
QmP7ThaogL
u=g1NIt
=Fjz
Lg5B2
8zS@aWcii
sdpMN
r)bSTN(LhQ
VX)k
efPZL
Fpp
ZK3M^m*e
doSE
m#tz
Pp#z-#4
Dc(YgxzO
aPp7=Q
pfDfWp83
Tm1XV7EAr
sL(TOtKJ%Y
yX!WNG%g
&e8d
uU@cs
RbN
(!Jrz
&Gq=@5
wzi#4
wYrs&
d$up0$
Rd3LeP
8ySzr3hK1J
Vn0A-@fe4A
rB)asd
4!542tz7
P24W=bmga
os2
IgOdo7(
D!rOd^
xsYtj^h
pfGr)V
YlXCx
fc)zW
fq2K*r$EZ
-sKscy9
R&Bo
MBUM
0q&(W3lAU8
V$ydu
0*=f
W93
jeD
(4(C@
Jm@%*I8L
xmQ7u2PTb
VO4iY
$*w1
3bl76
98R=3h
7CRPo4BJ
wz^RI
mP2^
t!9H%
oA0778z
E4Q
w*O5hOUz
cOoagHIC!b
&yp9&j
ofEEHjN(
p2Bh^bk)q#
xCHV
jD&zxXLP
0YnkNO
$rAJ9=-(
zeK
jZLy(gn0@k
^pl
zz6YWeD
T^lIEEd
M0TAS@2Qy&
cIcL#8r#s
PQC5
sqk@FZD9
$#sfHi
%)pw
4f*YZ@
9Yo
czIR8e
@E@f
^G7tRo3a
Gw=L
@t$w#
SC0JfJ
QzzPg)*
f%cz
Y#JKZSSKuu
(K*L)PRg
%DNK
eO-
pKubt
Z!69fif@Y
rl=1
yBct4^&r5F
BJKTSi1
FBXbF=nX$
z&1VFI0T
Z)KgKGsg
sEkzmg
(caGI7xQ
glBgjtsKZ
IzkK
)82ZPd3N)
BWxJw(lk
3HC=i
yYAtE
Bx2pDm4D
GN3jQ0!EHj
pu6hY
O1)am!Zb
b8C&Y7yHZ
m=KsezPol
=3&@V
qtiy8i
hGBUw&Ueg3
cX9c
pV*UCd-YSb
=POaW
sq5XTD1(
D-2zni
M1A&
RP41N
A($#SKUF
&&4DMzkCZ4
qqqD*$z3Zx
(CwA!*juL!
KUcKHw
b=Y
a*sJAJA)j
op)gM
Ng$T
MR0IL8QG%A
mieHMe*1b
84AM
&y%4g8a*
kPXL$
q^ZbP#Nb=z
I)MOEB
mwR
nzO#NmsJR
%r9
WQL2RbI))
x-np@
A%o
0gSyF
tHpm@gg&
Pe=!8AUn
Hz@@R$9
(w#jPn1
Qsgmt(Ts@R
1#)
ian
hz0
P(J)DBB
ypMknU
eoc
BnZ(z
g!Sg!^PuOh
(Vz^z)G0
kLK%-32
%fhwWw%&j
P2K-Z
5lH7R@o
XH8lzm
G8og4iit
5cR0XuB
gmY
43%l^u64#F
PXEKPfB
zMR0
#SzM4hA
7UK
12j
h3&BUo)
uxl&H
!w1zX%
nHA
jp3Q)-EUoW
(&U^%CQ-E
Ry=&Fzcn)
0lCmS
=5qx1Z
!y7
z7KGp#zRTo
0zc$zaW)hi
78s)g%Z(
M7%VbkSt
UUGbslWHd
8@#A)rGC
ags
NQ#
97b#CQurNH
XwZg6Nra
qPW4It
OOWW
kql3LnEnEp
6S0cB&Yh9t
y9UVrdxn
uCX^)Ius7n
9XzkaD^
aO=UH0nVWP
-GICs*iE
ZEtX$
@&rQ
n3B
d=WDLsLt)
nR4KMr=b
siJj4s6=
UOo3)-
UKH(2p
d#Q61no
sFi=IJW8MS
YbF
1mzDNb$Gwl
4HLP
)z#qbJ7X
Lgi-SaD^
M62zP^mWS5
UqHs@u&#
zzDc&8
078nYly
()!
r9X8x
$ZJI=5%pm
MJzxwSY(
z8NO)Y3Sg#
)jf
7-n1MJt0US
c=)&)gn&i
66^rd
nUAR2xlZKE
De!pP
#f4J@LL^
9&0!QUydn
T&OaW)
)Tb
xf(fs
29ztaHWujC
Olj
@37
o0iXt7
kbJ
zLw3K
B-E
t!J7qzMP
VRJ
E0!GX-8kl
(@HESY
DniB&N
6x-6YSbUU4
Le6OzE2p3
gFFdFck2
4apitAtrST
CHV8QzWa
U&GXj8C
u9WeKS
PNQwZLS
qa@FrHK*Rg
PYuUz1JZzw
Ll!WqZ1
Nqu#)g
ME^s!*mzw
9*E6gY1
F9ap@zX@i3
1%g*6
@qtmqnyO
Ua!h6=xg
7LZIaFj
yEX=euGRg#
zgPQJ
xI$IXau
Do@ePS@D
Dp(w
aS)sHVCG3B
2J0UIrgyK
=j(UO
-XwF@(EzFV
jAaNT
LO4d
0DkFl
x%615llf-Z
3KHuIR
oj!!J
GT*&8Jf
xsrG3i
-q6SkWDeT
YVHmX2
ECcuaPf
lAsS3X8W7
rWR-E
SClsr1
Z^Xpeu-L0z
LUKCt
E-W
JD@
Wp3a
8GrxqNm1(
ILrRZ&LN
dkD
Es1yfD
QkK*p
DPb^O2X50G
13-m=cp
Em5R
!oTEKkq
74fV!rnh
Oz=2iUoz
oBebf
erTls!Py
AKe1Ui$
YgLD47
V#L
63D6xW5A
dWJnHc
Uz7x3
zV=5Z
^1u3yeSR
BPbt
pwk$*kx-4
BhfVIHEh!H
CW-%
&aw
(HAw$^Qc
YbM4Jdbrm
YMb!K
7SFpsMk
ZndIOl
cJ5jzAlY
hItOT1xTL
E6X1JYa!
YT0*#%
hwAPo@
5%p9
U8s^A
Ft!Xdy
ZtmF
u((scUdD^
IYZg
rh$yJm
oWoPAPD
V2Q)SzMDzn
hiZD
lzPVEVHPh
ppY
m1=^m(S(yK
k-SFqk2@4
L#X4OcreF
AWd
3UGQ$Z
HgN=9ii*w
7T)
0cPL9=LG
AFtsMc
fnlen-
x)MlBoaCA
@MIs)0bz
mZCs$9pO3r
FKphNx
O^9EGT
f#Y
x4%Qik!W
mDM
x@BfTC
zgttEtP
r9pYHV
moO
zbwRCu
=ajyZD#
wIWR&dUx
9T@#
IL7A
A)W9
Hx)d6C7E
3J(%bed-
XqV6
zO=
2Im
GLSMOO5q
@ubZ(ER1D1
Y!*2F^
SM7LHgmjC
j8a
6WR1V
YH7
QHpBls
ak5
znQ*LJKC-E
NopJp1Wko
wLqn)elR
rNSL-9NuV
ahg@K0
rmaM!iE#6
1%^$4I-4l
o&xE
guyDk$
krfD6
THdXiB
d%EX4-2pk
nu9z@S3hs
lY74Z
^hb
$Ui)J
yD#R
O&CJz732kX
%s6sw
4DjI$dSI
joCWRhw
L2Lus=J
zKSm
1YRMXa
shH0Uwy
DFG$XxmLTS
oNR
1cE%e
xOnq$(oA
o#G6U1
WbDaQT5FK
gwFd-QEYO5
5hzU6V
y!U-8I8Q
JLS3UWGau
F-*z4AXetU
!nqDqSr
t3qzD
r8(
h&TlT1z
$gtQ
ZUu#68fc
Vhih
Jml43c
fU-4ZF
^ZPPe(RW#=
pg$
HFVd=0F*&X
l%oJou
f*F(s
#45@bD
glf
KJgfJcPZCI
7=t!@
L&ioa3t
odMmhA
1$6y
707
LTE
*dJ5%
&zhxuk
-YHz
4hP1
!OKkf*F^zu
%5z
r54P
p%T^k(8GFb
CVTMMY7
0*yI!W3m
rOi#
gVw#tsT
MAf
uq5XG
szgA5&
U3D5zz
4Gtj@%
&-w^(iD
$amFdF
#22one
x7GbiX
d9wP
wo-fDbW
lb%lzOn#s
1T^5pATQ
I6EB
QWx%s#bUm
Jy8W=I
L8MC!
yVOEnnTAq^
5aQ&%
S@1Ml*x6S=
OOta)44rG1
V*O
#I@Mt
jLIOgJuJ5
ZZKrb@$
j7s1Q4
Z-lHyp
9k(s0%bG
9cKY=^D4bB
w6$FzJ
DPz@
LGyIRaIa
kJ%kV^SX#
at!-i
*3qN=
zo2aTcfRC-
-Ic
@4P
o@WyZe*
j7)6
4=k9NE
7Hx4*Ss=(
=)Jpf)ra3
Z4$J3%G&ja
TouhH(PLFq
(6jZzhc#
ySGCeafk2
aPBV1AMI
JlA&)Eeo
qwRf7(R
nBb%
gzILjW
cZ2Opey#Fh
4dbL1
%XTU^
a4FnAx9
EEr1X1X
xD@Z
-qed2N
wHbl
c1iSK5p%(x
KpQam
B!3
4o(BFeVAJV
gM1dS9
HUrj=F(r&
u#S
C4z6BI7
ZWKwiTw
bIgKu@6*#
Ke5j
HlH&L6i
$bs5*G
0ZNj2Cf5
s*%6PUMJ
e!h%
Gq)E(7&Co
0gVOa)
h7&tA^-psW
xb0&AzVP%z
(F&Oyz
uPosXC
eMB%*&-u0
V*lz6
zB8Qa
p^&$Qo$Rw
yMkIJ78cK1
N$#sg=k
2-(Pd$bPB
2(3sDxzX!C
y0YEq3M
^XOg7#6L
7yA@4
p^@Mp=QH!9
Bma5AmxbR7
e3VidJM1-L
Ma4kIJaO#(
VV$K%HmlHP
meR^hm$w)
W6XT--Nj
r%K
N&a(wO#06z
3H5G
j$pGxA4Q
uRk
(()N
&AT$u7ne
kEp)CJ!#Pg
uzJ6I(
rDAp7NF4K
qg#bUzs
qPgL
#TKlG&d
zIcyAR
HGZqhJ!
1bSTs0
S*bp
1mgXKx
a-D-lNFq
0ONpw(
eZQpV$dV
Yas9^
kSkDmJwD
Oac%(xMTQ5
Q6RAx%k^A#
a^B
90z
A7Nu15h
xEQl0y*
r)P
zDOX5
0k%PbLk
=jFr
b*!
6WC
XAXdR6h!M
DZZD6#E
g4TzfcE
^0K=o
arhjI
U6R#*MEE
2r=aHnG!
ces4BOdw
B&eV2
1&fD#XWUI
%6suVwxu2
dw1R8z(
mU*rBsqLoz
APNUNW5)Rz
(oz8#z=
!wTX
X((Vnfk$
9ucrb
L&do
)ML
ss2u^AgDP
Jhft@(b
W%(Ox7#rK
&Okq
qsoRZ=txhR
TCE
VMIY=NE42!
lCj%#
6Y&zciuy
yhWg
gNtDRW^3=
z1UQI
NkF
AW6S
0(--qrX
GQj5-
(Q(
3OdL2
ZrTKW9Qe((
rPUY3c2%*
(zzhy
xIVZ5
rb3e
krWzx8h98K
5w%@LgSQ
XJ5)ab#%
r7LhF)jbek
y6o9
3!9Apl
)6o43Xttmd
1C)4!Zl
$)cM6$k@
E72BLSoWa
g1-wjc(
=M!p-Oao7x
NV9D3W
!&nDutm
4Jfz
FeSjj=VK
6ODGM5
xEL7iLWq
z(s#K!#O
D33NHVfMfW
Wo5!8s5a
)4-*I
X!$FGwQY
%4uiTjClzr
0aMSs
eRJ
QFCD&TQCx
aYSj%Xs=uk
O5#
zNXE6x!Z
hsuZq$t!j
e804UE0R
B-k
0MWD
C7%O#*&
AlXr(
X^l
@$gzNP
TJ02CqcQB
cy0zius-NP
@Q^qqqSp
&Y8w
b)BWW$A=*f
SsXWuhh4a
z*o4
Xsed!yV=T
3sIs
xA(9LF
)f!
Tw!MFhyn
N$826ANta
&Q!RV4Gz
Y4-ml#
w9WZY
cAk-
^Rm
H4wTY
GJYCWsI4*
Mup
sFfjm
LPGe-
y(Y5SlJ
!KlNkJS1j
HSS&m#t6
zMw
(a(
wDZC12Q
(rk6
3)SSaY*-
gz5=zSU
&E@*
5Azefy8z
3-InO2(
GlyzH3WJ
lPpr(
!ifP
2IKKh2EW
eiw
^%Tg0u
MHrJ
mNePxV9
HR%D
k!CBR
k)x-b(4
U9o
n8zQVxdzN
*g7
BKLE
OkDJ)QgU
#AzRuK&Ak
nBz*5TQ
Fq3R7rE
N$!25
!xiPU
nMp*
9C3N
MGMxBUX%
S7(15@Xf
-IU
cA(=SQ
sd-
RfNbq3
L86hQOJ=e
R6IH$5Knoo
AIAMEjh%
sFA@*7
sjZV@
4Er5
tY7B9mX
X#iP
ek!&HC7yq
CidV8yFPa
PQz$Kt0
Wmr=ot)
I$ljZL4
1$-^E9zN3
JPcMj
mh-B(C6ONX
E!9mNT
Zayk=1f0st
bf%
8DjUzi8s$V
#*ygkwg
T%kY&H
=XTEwC%SXa
!X%!P)
&qmAUOHoq
A!yweXBUu
KW(g
O0O
#IS
f65G)oA)SV
3cIJ!N$sF
DpzTV
@Mi-I*CJa&
V-rE
R&ktJ1K@lV
Zt3@L
tkrgq0W7
zSRU
465yD
L9b&Dtt0H$
K^MW
Nn%bo42zg
eU67
J2bMqP6
#VEir@GtqT
3%#@GHUAH
qrOcw
ns7(pSqq
2%wj2Y0
Wyy
xoOZ
31zZ6A
&k7
hxH*(me
Bp6
Jn@c#yZs
FN=0
0MiHtBrEZc
=)GRmCWSm
tBo&ElfRL
6L7
dnQkO@
%!FM
bQMRc
NWY
hPJ8
BXjVOB
*ZGFXQ4%!G
20Ey6GZK8
DGB12PS%1
AaJ#2%kqU
YMMjgQxz(
g87$3HujZR
IQr$
GzJL7Nm4D
K$u3
zf62w2th
IW2kqy6zQL
Z!sSNaNb
T^#CTzm
LOTHN
t5XLcmC
EwYh
8MFY!C
2w9p3
88eu0UtzH$
5zAizwUW
EC8UK%5l7#
jTTphzk6&y
9TNrCjV
JB9zaw&
&!ge0z
*ee35zVA6K
4a(AZU
xe5xpUVr
f3YP
iHdmAXIOT^
9t0e3ZQ
t!j
#FLytTx
SQ8=aT@b@
PFJpuch
R^N7NH$f
N=HX8u
yzKH
fq6gSDC@$M
CuAd=s$c
*R(Pm7QEGu
jV!fM5I
#GUUe
KsAgYxYe
rz3
=Ld
Al=s9
W7M
uL0ObT@9aI
098p3@*(
#OTsc
su$iH9Mh$
$FjE-)q
Bbt0C83P
PbC8cxz
wGz
*yh#CB
PwY
7ngyOwpBX3
TkEa
s2OD^
C!48lg
@Oy
7xisf(B#3D
^ZtgKPqP#
Ik)ezg
T%NS7IR
RSVkZH
uky
cT4U
kj%51
Snr
wue
71GIh
Vph4r23
zzdu5N8cXl
qKs
5K^-4q3
yna4DrF70
G#o2I
^0@#yao#Z9
$t4QKtGe
0pEgn
bGAjMRThqt
xUV8qI$E
$xs
iw4@fY
miPuy$Nb
LufR3M=@ff
u1#*ox
1zVf3UuEg)
nwKHF8i9
8O5$^o
mFG#nN8
nO7-p!
#768U#zQ8
WE5ymS)
kAfzA
W^4N@9NIZ
d(@
YwcQOpU
5ySF7-$3
jOk0YT
7RflnO(4&
8z4b)M6SQ
A^L9
