)PPnZs
4Mjtj90z
*FF0&o7x
Fbx1ID*UOt
=oL%ag#9=
UZ)*=21S
!dU=a%yLH-
gCzrzQM
3)a5*To
GE*
$QYQG%)
SfLah%R!
f-zRqrW
#%%NEfYui
u5Yw
BORX
z7MblHi
3uBj@m9
r9&m9KxpzU
s67@qjK
!Y!8Aenyh3
UrPT7z*Rhq
3=mG
doT
U^b
Luk(
#ZK
XBoE
dala)
dF=L!1%#W^
=7imHReLo8
zjw
zN=Fj!
gOJ(O)n^*
^bJT3
-tH8i@
mHT@Qm
#A%4G
7x7JsiGn
J3TP
P(Ircg)cUr
fT4(Q
KqxLV5fEij
R69Te%
pE5Oz=TP
ZES#Hz
6tKSiVfM1
)nak!Oq
s^Wxg%NA
h9x
V#n&zQALK6
yRH
*&RCm
zjzA(w!5kk
tfS5d
3)nCoHHPT
9-n8GW
Jnu*
U#Q9!
H6Y4w
-0GdMta&
lKQtABV
llY
eM8RV7jjm
4gf2)p78-K
)ECSEW=2K%
*48A%%
u*=
htW%wB7WJl
xKyoDl
68D
G3LMbdE0ZV
gKbc
TMcHxGM=d8
DZp-Bl0Y
@yiBYy^9km
)GQ@!
EAIh
PCV(xR
8%#Jb
l6H
oX&c
$C31fcI
zZy
$ZYh6BFY
mFz%
2H4y&FX
HQ*Lk
!rlM3ySRGw
*&9mcAy
e8YmTzi
$3@U
n@Pd!hF
Zr4O!
srM#n
YXgU
Am-Anqp
-jKTI6L
CpXNzzwWH
x4&usRIl
)D5bDTxzF
#Kx
xXrGd*gLKj
tL%
D)poIah
SKKVc
PhBuG(L9
9Pt7j)3
azrbon4
toacKy
mj%2jT
%wM
UQ2pxq
UAXs=M
*cQmt$iJmn
Zs3Sk
$Qp!p7
-I(rXJICJ#
scV)3!&pjL
t=M)UQU
%pkM*
zFtXF(
rQTX
#Sl5
2tsp
I-nkth
S7B)O
U3zAzQ
=e(TW
lwfXai
eHUtCa8j
!%8Y
Qt2##y##O
&OQD3OL0&
##h5
jbBe&cVg*
-3F!B
5@03H$n
6j%SYzl
46s
!!Fo@kEZT
4-!Vn0
jxjzNN
t1=el
mk9Z
lU471xG=i
JRq
lcBt
gO5j
@-Q)(q
VmIN$
TDeKc5B
1$ipZYw7KP
eAB67E$
#J9Z5
Ary*3PHr
q3e%BwznVh
OpWUXwB%r
pNV#q%
aLdEKBqQ2
xVGg4ia(
8jXf9
7^e(1
3dxRi
id02#
54tJnPh
X0-zLp
oVRejVGG4S
Lo%-P@*0J
Dy%@8N
eeaPwo
zEENtiQ
uw0k
r0HX5BW
8LN
z$NXFSjo
r7)Qhd--8
($jQ3
JPZNw5J
GuW4O
K8^o0zD
kOyQH#
JJbeHXgQzO
93tXueQ
P#3G=B
R6lC*8
EV8W4#cS0
FegazjbSZ
IHi9rdTo
CA3P837
cC0WAd*H
GPwW
wn^yUyG)iM
yUMy
1q*
jcDk3XIk
ZguZQ8EREZ
wQ4PpPI
=&NWEso#R
tHl8(E
l&XHCK*BNM
=U9$
KSrzVu$6@
n#=*f5^o
JB%
(sYuqi
1Cpf1lhF8
nwzzMaz5@
7i@=nr
fjj=B
O$q6FUzF
At3oUNt#pM
(&)Q
Z2z4xapZH^
YyqTz
0R3-r
JjeE
Nnm(G
=n1P
U5Q4W
Hx0unBn2
3glFHYZ9x
xSe
*OC-
34^no^
FFUeQkj8S
olnZS
z9hIh#nJO
C^OdKe(Y
efM7
su2dhINCj
Yh0z
u$6Y0
Z=kq9-
cn-U1zN
aZ*
CH^=*PBRZ
TQH4u
fW28
q-e%DnZcI
l@(O
=ZlqMUmY
Nq=Ke#Tr!E
91pTkq9^
H=Q#dS@
&nTS8V
E$=0opg
)FAb0
z-49Kea
8WLKAy2
Dc$hWp
4A$n!*oC5E
J1B(H
HmMl
0(f
q)T63i
hz)
CXAsyZ8c9
C7Hdez&Lm
wb)jrK
)&Gjbh
MDGUg5
TGFNY
KzFoLh4&
iq*9ZT2T@q
-YAp8=
(f0
ZDRRf!!
Ncqz*)A
o$3
BXy
h^hDf
I)#j$xg
DagtQft1
Zfs45
2Yaq=Oi
j#iLtIp&J
$G#
DT@y888W
u!HQnm@YW
$j926L^
Y3m&
k*a-wKNG
LkO%!gg-3
7*kVmBz
xAc
#EIMBb!g
uFhsEV
z=y#Q1@
eDt2ykZ%
m@#yPmw7w!
8TGCzYLe^^
!fob%yL%
!DzEp9
qRU
IKFX4
D)jI65T1lQ
u50xYIZC
A4H
m=b&(
eLYy*
wGUoqcr7V
rKSD
zFRAwrBx3V
N=^5yk51ZV
Y=b@Y-
PgKsZV!=
$k=4P
-^cW4Ru
ma4
PJZy8
7zfkx(O
xB80FGBp#
MzL1V*fS
gP7i)Qyi$N
xKugt
Fx9V
I6a35TNu
fnAfrlL
#hj
ITC
G4*zhm8FWQ
-XoW
Ao9SaQ#
ytfkEH5!V
CCs2q(3zo
nYbEn5i%p7
p7S
Sd*g
Td4VeGw
lTD4
Tyz2nwGD
(04Uq
os@N!9WAi
yds!
R=ogE
#z#
9ukeaz5Nu
kKYT#(IUhy
f=nXUe)z7
!dBwiN(x
AyxOoO=
b3Ky
iP)E
G8AisPgu
-Aj9G0
YJsisq
lh*zB#zZk
(YVN
HXz(sR
z%Haldj9Nn
O*ggn
@N)8hioXmP
ehzMX
CiKA=zj(8m
ktgG
AzGua5BA
Qn5Ew(m3q
bFV
JLRE#Hh3Tz
Yl1y)$Ur&l
k0^
YVL0t1n%
XLCPqhjNZ
7=s3@U8N==
WMBE*fUB&Z
bhCU9Imy
GUD^
X!ruoJLl1i
obeH*
FSzyK
-)b#d
o#cLH#4b
B$&=J1GQ
Qka(VXOc3
-ZFQ%-
2xZ*82Z@d*
ue0!3caQk
ucLnbiTj!
0NiJB@wp!
k5ys9
L=@(z$RWu
0BojpSG3ZP
WN9rHedXB
eq6!CfK*=
i82SykI
7qpzQOXD
aHlHx
oAC
fU)KVk
Uh7FzE
6lPF6hn
rXeL
FEH-
*Snuk
^n5S
qJgS4P-
*8BMOR#GI1
)=dz*Ro5x9
zb$cac!)YB
eWLMY*el
i4Fy
CMSzY
T$bTg7(4JG
UAQxj!t
r8&97Huq
pgSq
JR7-Rub-%g
NyiAW
6CCGjzz
IK-F
EJO
XIqt
lbAz#F
^uX
1I3uMX$B
!3P#&B=
#c56S5tQ!S
aV!
9P4jS
#Ysa%
PonfQ#bHge
Zp9ZZGfEf
Oy!9^Id8r
Xolke
rZRk%u4
!-l3Fi
x&6R53T
$MDpML0(9B
H5SH
zZ2z&!
VLzd4C
WG%4=p
jFF5dE
54Ih1i
aDl
B5ia
VPez
M5S
1W$N8I8-
4#$
jAAfnN1yAu
Pw3wBP
69zK
K%#9
e4X(jant
0fsmRI8
Ueojiqrg
*jruz@IA
ukNA
cyHh2%wjA
-Pp
LLFaLR
%s2pk-
fqt59CKQ
1NnS-AlLD^
sNsQ
VNDWi17
%ySAXnyY
PLAzN8%(-!
4D7
5UBzE#
YJofr1
a5DTdO#7f#
0f4ZG
fxdiW-80!
NyQG4HH
sDn*Ad
NlP*RWQ
slPjTBMph#
k8t0
T6DIW=fHA
Q&rObJ)iRX
Tbt
kJTfXG(
WfBLkyhO#
6ou@CIR
wH9SP5uDNz
*dYsxDJT
tO00zNR
Ld)VL
B0Vspp4k
iz6
o8&@
FKLuKiTz
2stod#sU)
his
JfLz%OhE
PNnIoT
ug4JkD8r%y
4B4tu
lfsb89B
dRdTM
A%c^OJ3MwA
Y)j92iZhJ
y9p^y(P^$X
Qt)(z
T&6^NM
fIWu^88tAX
Kb3qZ=(7z
M7Sb9fzt
836gB(
t0#pLH0qG^
*VXYkep2
K2BmhYPKLp
s5*z^k8
EhM
$T4Li5zX
IPXVi7zjYP
Bs6
A7JZw^W4*$
U&gGh(zy
gskXaJ
UB@3M=Dl9M
Juh
l7K(gP!A
@t@
%27Dx5dEP-
^*EFn
OLuBwrikU
)=zgGT2
xBHIzx
OTSn(&QQt
H&w&8GfJ
(Dyuh
pcQ@tI
xFcf
4c2olOj
n-TGV
bq-H
%r$
QbedGSj
4AK3a(
Ygytt=
fxgVrPQ3Wu
79TfZdZT
QJ%JMp
S(g7g
q7z
lG-3
fny9QB
w(%a9x4rQ
I1qp9L
iTFdVb
2t!
xos$#Z
J^^eeG
*KhlK(K
ajOR=
8Or76
@RNf4
2se
Q1h
2EBY=T
XhJp
TzebZ
*ERBibZOp
9Kr@9Z
MK2xG#eh7m
*&@NAh
tHmYu
(W4=W
olxxj#Sd
5f7
oqpPP
Lr^Jcp5))
y6$4S)s
I7)BQB0EFi
N!-m7d^
W-xQHzCX
6g#JZ2
EA=
myh^h7
9!qoD2
EXz
Rpg
LtV$ZdIOP6
*UKK3CAK3
bUC9a
otH
Dt1p#!UDXU
(c%
Da^SQ1AU4
!zJL)T8s
6tznn7
=MMzyi
2pF2GxVmz
pa3u#x!
9%O8
ku1
ijP)U!j3C
zb&FwCM&7
Oo#x94
wR938)2
83taN7o6o
h6e@*
CRnpd*49Q
UYsVtK
jqVHXOXH
G0Ounh
ZOFK&2
n##&FRtO
87qwiBY
VS9K^3S
s#6
t*RL$#I
iCrI#z
p3aDC(Mg5V
m1zD-Cz
C$)YYpBlSV
u@1z!H
qqZDMj
)Nqz%wVIKA
ZUf&6Sth4R
H%h*C3
ONnGdh
Ant
bSIC$(L0Zw
zzMqNdW
aJRKor
r0le
Tzfp3m
we(Edqo
H5CczpO
pax
rso!=9
Jrc
oX@5g)Gt(
%nq
&0yzHm
*b!E
tDyHo(9
OJ1Sx
E!z#S!Vgd
5IQgCQI)Z3
oS-MK
E16S
8N4sms
CI8r
Oat$zn2
)JU@kkLR
50g-NotZ$C
5*j
a9Pyoii#pR
mT*grzNKz
)C5@Vi
w1=84IJN
Fb3tzQ96^
!^b8Q9U(
6%o
V1rq2(t695
BTC*d^z
Oes17wSL$u
ado^F6cC
CUAyfzac
6cSVqaqLW
SkG
x=zXA@
nAr78r@o
!k!Wn
iAHRE
#p&W@IJiO
H6jp
6nn$rZhN
eVd(HmL6hz
4I6lBy
$(QZSg%P
AZY
VYCqtR=8
K1-Qi1ka4
lKPJT9f
zV7
zuya
Rlcwxt@yrs
)NR)T&J
k(ic
AIwqhDlG9
uU3QRA2KZp
!I-PC7
4!ucp
zHAcA2b=
atOetS8pi
@lTF
-rpZ
8BSQRz
1t$a-iC(8
mlx6oGyl1
%1W&C2#oGG
aMz2G^H7
yK6
iw*-@on-tR
4xbDty=pW
flR3w3=Y
u$^
zPa2BTc
iDr1L%R^*
x^$
*5l
D-1X!Ec&
f^DfKq
MxlPRJe
MQsU5Vdii
Fgu(W6U#%w
bMs0O*9iy^
g2(keGc
&SpD*
Angpb
!RVR
p-f1zV
p(lUDx#9
br)IVn-CMn
f%bN&nS
%S2YiBDr0
RqE
DwhLk
!XZN36
YspkxHy
1b@-l(
dsSXurqd
Tq)q(gcO
)8Ny
z8m@
Zj^VI
qXoyZzPJ
xTcY)K2Olx
=bx6
kDHt2Q
jAWWV1Jh
fzAw
rc-b5
bQEXufORrh
39i)2Ml9
9-(m)yH-
zUk
7=zjZzQ
zsgF$zwe
FLN9QE
t9#xGl5k%
-elW40wjh
Nilj7lGm
kitH!*
$8uY
wxO%A0%x
**Z-
^s-tj
#!hD
x73
R8PLLKK
4Toq
a31$bz
LNEKcN
9UCQehGpBy
HEMEGP
bDJdc
=ow
zOX&&cz51
=J9sUWFiQ
52EOaPDG1
a2!Og0
sA%m!
C)cA
@9o(gUot
Mqu2If)-KQ
Ie$X=tNs
L(-AYz
BCQb
DHIA*2iKz
zS=gQh
2tYzFa
z23yX*^Bp
VQjW*
^CgYOfB$66
WLtcp-
Q!LK#zb
UQtP$tUL3d
#oH7qsu
34hf
p^xu
y)Crrj
bpWLdH!5hI
(k8JhCO
E!IERiL4X)
7@kjs8OQ
d*0z
oAiI
AuLE^(Sn
khIXOPkB(&
TFu)10$M-
W%M30
Y)F
!cHhC(&
9lB1P
gPY6)zyl
yY^
jhpf
pTuNB
Y7F
CJW6j^lXom
axg(Ef2BY
&Y$j(XfZUz
lqCZ5TM49B
5=4YtR6
(oXaa@
%Kj5DyZ#jE
uj(
POan(nc##
n7Zlgdu
dVTIUHnfIX
RAh6K4oJ
@7FLDiKYf7
TY9u
SI-)4J5$f
OK%F)
Rqy
luE@V!xhU=
7$2A*mcI8
&RIT
PHdZNL
2HnaHj
!Dmxwft
JQd0XbUU
LV)2S
*(1CCN
5u&z1cdAQ
TN#Yn#p
w#N&L
7oWx
!r91D
MXYhJ3
3nNkB*JYh
W&Y1f7c
T(kDSdjEp
ib^)(J%
P2ICAzD
=BY$aMVy
N)Gf
dbAO1qFK-
%!xp7FZ
!4BkERV
UT5wu%P3&
#OF@
(*@rz9
T0yWg
KC-f
uqwt2W90#!
K(lFF
%(1mqft^j
Ocn
f&BALmb
JgetO8nV
8b7!1m0SJ
2S9Hr
Xot6bSI!si
pxftlkc#Ik
!5mM
8^4J25W%hF
0S3cK
@0@9Ry0
sMJ4gxT
I%X7
wTz=@$!z4
VGHF3Rlmx!
e^E@
9DbZ*9C
CPkmN^r)H
cu%7
rzqNz%e
3n@IYh=C
kBcyr&w!Im
6b1R#(
LBn
=wnmQo
9i8R6cF
PUB8atFQ7g
=BW
oMM4hRA
A63pVn$1X
m=0b&^D4z
QWr0VK
9=*rz
$!h
JEwY6wU8p
MoX4$d3I4
V8#9i#y9F
(3K^
nzEjg*
VP&4#
zPL
ak!29O5*
rHg@f$=2D
N^82
ecZH3Ur
5#4x
my9$9
TW9@#kE
Hzw2f
-UwdCYO3Kj
TdY
4VuHLEr!8
Nhy
V3lPQ3yV
N!VLmg#Y
Lyj4p3
0Ux%m4Trt
Vqi
p^jn
e5l4g(k
MV%
oW*mSMKH)
zEr@P!oH
bN3p
SuZ*yRnqxa
N^4I%Oo
e)=aMz6IGw
X&U
H-n^PfX
HrMyllLH
FwoKnV
i-dl$
!#LE9yf)
qNHrHda
dU=sL
z2L
rBxo#rK0H
uXYe)
^Wd
Lc!48^GBkq
@UlB!M
WD^YyF1M
5WnJh8
1zz=9
7=8a#
42d
ekfYgV
gkhk6c
GJI2#e
&(m23$U
77%
VoqmRGp4V
z81Wr#xHEw
psy$
zfIn
z*03*#@#uD
oz6^
Wzw
I4IIAzL
DUHS0
Ww2p#G
l1%B-8
=Ik62jg
AgH3szun(r
x($tr#)Cyo
QP4#g0
Xu%O&UCR
PuI5DmOW
Fu4LXR!X1M
V%3=U(A
AT=eRO
o$$Jn
^ne
NfAae
FrJU
GJBQea7RnF
0z4iaj@Eq
fb80Fu
a5A92DT
k=3CzT#S!
7GdH
YL3*iUc%
-wkohi6VX
PHC4d
RAzL
VRo0WKAoma
D3inmT@
OZ9sYmq^6
jSQ(
BrSdlUqC
a)$
gDx1n
UWPCI8WwTH
&0u7at^o
OYtEC
n-U1zi
04UpW
gdrU
eRloCMUY#
2Rfk!OHn7
Nwy%Sg6B
KB7hWfT3
s)mWgje
Iie48eK%mM
eAxx)
lAnfMcN
tc*
g&lix$-
GxD*)
uQLSTxd8a
s&%4Y8pyQz
w8q
JOPALeCUF%
1623
HImcWmj
s%k
LHfA$
*6Wa8QS=s
!&VI9Xe
SYz-PtX
c9QwxX
t&6gG!bP$
ksIxR7z8
5Gz^%h=V$
UojRfHu
UER
P3s4
VQp54*
r4-l=PP
6=uO
e!$kiZh4@^
Lluhr
#S*(N9In!0
BG&oFU*8p*
u3lyN
$8R(CgB
FL)
U$HPX@
un8nip
*4qnNk
4I=zjdz4Xz
hY^Vh1z
mPXMtSL
eQHfa%Yss
i9DU8$!
)5c=Mf0iuV
8dpNo*k3
uPXtGXRGw
h@^!8e-!
nMz
rIsdQ(5M
5PdF
4K^e
W62
rzodR
KI2f
s2P$8-
sx8F
Ad2LeEO
lLeIzU
lcqkD
e(kqn
ESX
ziDl
inrX
xL*)Uu$V=
@2$C#N^WQx
PQ#Gk
xwOBT8!
jSBcBL
AY-QF2G
D(t6
d0%)Q4U&f!
MkOO1
)*!3f1@yZ
Xz8V
b9)7=!DdRe
y5Pi
kdVnHQb
$i=!emi0
ccSNYMV2
gH$8zTFf
E6bfRo!Ey
G#Udhz)eP-
zjA
z(iyT=Eh
%W8KoMCtF
PYz
VH^paA&I)6
S(hYVjq$
M)(6
0Zz#@cX&
znl
J9BM2
n=O8U
KW9%oV
^8Fy$
&ObyzqhS
(9Kt%Y5
@i&4rX^cr
Kzq$F
^Our&wcB
%gg@@d3
Wuy(uT45h
mR1Ze#sP
#Drj5ht
Pp@BLsfPA^
)QlVK(9d
^ViRYRx-
Qdq8oCA8
I&s2
ZnBZ70j
$5zBLS=R
IB3bt-%&3
u$g
@QyJ!
s^a
N&O
ZQh!#C
8$c8BhNl3i
dxZr
&zggew(-t
^w^
y*Xfl
&#lDBy=gn#
NBP-t5wAk@
g$nS&%%
#$YpqH*
gcz0Ej
TZHUlNQb(
d4XHx$y
iVS
AToBSoi
qzGS-aV1D
1d*u-0
Z^RboLK=fx
jQx#
Fn#kMcAq
Kes3Wgn
6GYRgpNRQ#
7PU(P8V9-H
*VDe=xk
sK8JeW
DhO0EOAe
dYNaS
1Iwp^
^4B
o8V
rYic
DbZqQQzHr
iIRTm@G
f!GPzSAki^
rg$9)
B(a9
nM@oW5dHc
5L!6d9Sd
2cq
e$6&
(i3fl
otxy^U%tWE
-wJD
NnhjM=(RP
5AjB2$jxT
L#V
dR&rb
dxhk-9V3P
Qqg
NKKeJz0N
0tx
MnONpGU$
uRyYJ
#Zb4=exE
lJ5h
^ju
%mpew!XqW*
ttJ&0j10JW
Tj-
HOT
0sh3@k8Y
Lf)gqe
rQeeHYGE-
IoB
w6KoDk!X
VFdF$70BU
1GK%#)t@z
ie%3FQ(
8L-lFPyB
Wk&osS7*gz
$Gti
Ok-sp
p4N6DYs
#fT5Y
CS!
ncpC@@fmx
Xds
#VWpJ^z
lTy1)S2j
AbGxl
3SN@ishpA
e8cJjf
N#H*SXDh
csR=C%=
xO8@rwU1zL
iLyldS
QU6bmf
cqfr0
ews
m9)uNynd)z
=7f$(GZ
z4%u
3K*b(TNf9g
&gAG*(qWL=
IRGps$z)
y=mK&E
s#lC0KB
aB$UjViXK%
bRaYdg-CD
8ac8
TN1nxH@NEF
MNLH
&mD9-#o$F
rg)k
uOZz$iuDVQ
j7GFqrA#
!I=n-&7T
I(A=-NGj
ceFxTFho
-zs$
7DPyn=A
OWf!6#i&I
OVem
NYRECU10
S-^N
P-f3Y
Hy78KAh^d
g-0ZLyygPI
SWn4x$#5SI
LM6ALq
lDYr@bb
PDBHI*5Bji
^O#bd)
K)f
)3%ISn
y1ifXKJsSz
gd%xZ
g@sVSBCe7
q0rJE
ga6!HAy
UjVWefVO
zIE
PMZzmFHG
23f
TS3*mZZn
iOiY
Ck5B
i52)a
p#MxeGDbuT
-$KqT%Pkl)
1iPa$S
dIU(
VJq7b1^Ke
9!YIY@zk9
n(M@MWeza
h5)*0PJ
E@%
s(n5p$W-rP
ubwuXz
V3uc(d$
bRU8PwB
DJG)G(D
kEfdoMGK8
6BdOp
K9zIMOJlt
uFBmNRl
-&K
M-(#CX
k!^8Sh)
dBW
N)a9
%9J
It$fP
)F6tE8R*
rZ=&
g8aloFk#w
=)yt6!L
Gi))S-zd
xY3Ocmlh&
ZcgG$lVI
ecZnKMFO)o
)M^PS3is
JS3
P8EY6
!cwPx
pIo
izU2NQGSS
2We9M@nb
y9wTPd&iE9
lc@Mdal%xC
s)9a3
mnqb-
HI(
2BLT
LC&kVk=9
uiw
Ts2
CFYM
S)aaqX$@w
aonV
zP!8gY
CuFd
rDI@YN&&Mq
BJ%*
cD%
M%J7bTbh
gleQN0
*Qxj17)*
*yK#6F
QMHy
VOw%z&&
&WFuf6
-H1IAKu2V
bhk(qm$U*
wYM
=O%
rr1Wl=b
^aI
b2Rd^yXfWO
zUO
J8qV
wB3m!3A
pcIUCX2F
AOG0
P7!FZ
CKV
9Ge01LyiR
s6QYu
cmN9ck&
Ykz
kFEPawMMp
q3t8z
b=%l#
pcK0hK
7iNbuWD
fQ2h9FdWl
yNyzq86
^ZJZdqmEf5
t$ttH*cmz
iN2AAJQxXe
m)kg
$eyZR6y8Q
EbD
C$kPh*
LX51
M9$JJD
i2Q
RE9k!6w
=W(lh
1ai(nI5N
pSWFylz$3
@e#oGpzY8Q
5ol
DZwbX
n4U
KsjhshVX
IGY
f4B5F3LT7=
XFys(pyLX
K^W$S@w
pjJzgqBUm&
CZt
xJEU5cV%E
MmxW^2
j9sRYA
tlf
fDdXo1VnBR
jeoIQj
l(ZlJUuNuA
L*yu#%n-(n
aRk=z)Yk
97Sn8E)J
A1deTNgw&&
39di^Q%
zSj
%Xsi@YtO
Xu2G%
Sq-d^E6
XyPOJ
Dr=FBXkB
P4Yg!CVk%S
xk$$Ze6&@3
Aew$W-f7l
BekLSLHktx
SKjLgg
(Cxco0
s7uzduhb
rYG^oC=fuY
Rt-h2V(
%ZZ-duRE
X@3Lb%%
Jh4i3z-8n
pUdETIzeH
4Ary=#D@t
qqx9z(
e7A71on&7#
x2&9jOHc
6YmQWbyS
)ZLkQN
&0#
6PVU%D
1zc*nNxQ
tPy$tXO
84cjm
n2D^
s%AW
*Vl5xO8g
sZoCmJlU
rYZ
wkb8*
&so#
lAG@z$
Mx3uf%
3&*Jm
p#$GB
mSmaj(
(lcz
#TPZTwC79
)C-Rmsou
oDN58Rj(
7H@XiZ=D9X
oPJ9wP7W!
A3jUw*quJ
gqc&x*YIX5
HzV0k1b
iTVOsCCt0
JmqyHJs5
OyeyMg
m&sq
mHZCs-Fs!U
3jM3pq
2sV3HE2
xlry&-JL
h1fozo
Iwkrg^@
@or
OxK!L
5m!
W7forzx
sJ%*IEZrJY
oSxI^2
zOE6
9HsF)O
X!72Xj5EGz
hldxKe
Zf7Iib
dlGC2EE(G
XRo45Qy
LF&5(z=3e
ZG&NG!V@FH
Ywq=D
%M-K0A
PKr(QBkq
W(zP7&Vz1e
x(lSiil
Vnu^GlDd
nh@&!i
m!ZL
nVyGFu-D
G#iJtRoL!8
y0c(MU#@e-
5SX5J$L5@
x=w6
e&jxf@!p$
thHft
F7P!csZ^
I5jw
EF@
7(p
MPHd)WiVI
xu20!RY
yM3=z%Ro0
az2
XddC0
o(Ft
27ue(s@lq
PmeLHU
))ysSLu
3G9
&LtLuT
@dtO&
-42!mW
Fz1e2#xi
fZ@V$%*
=NPk
mN0Z$
!UEkYhM8
n&#W#
zI$
V$dW
js^j
equtL@w
ABs9@LU@
kYjqMT91A
k$wV
5HS
gDyzX1X1
t#)
aSW)9C4B@n
w2H
$VWTz@6!
e89$Jyb$
bDYo=YV
ZFx)nhP
&j1cAIPnjm
p5)sbot6
rqWWp
He3IUM
PU^ms!$se
=S9
sKz
YDoz)
CL7j
=BA
X-0
g@BNqpnu
x=Z
SNyC
m0eI
Mh4RT
ALXZYGVgoe
SMpPdrM
Ao6jt
Xy5
0VUS1Wr&*
)Ypif#PF
)gl
QjTzsjJIwy
WcmRm
wU2eRefP
RmFw8u##2!
-T19q)xU
zjzOw=9*-T
zbHP@0rUJ6
3ICD!Z
%yO^
^6!MEc&T
E4O*hha$
nmkLAluM
E(j
nqV4^U37
YPOo-
UtN59y
j=ug9E3d
9zMztr
b6R
9Q0GZCc^)-
SmJo
BBUj=uk63
&gg%EN
q67^
X4!D&(
qpWwO
X#itl-(
uANMUDb7K
Xo%2-a
TPn9dKo
hV%SCL
ucrVZgXl
xcdErOefqT
uxjH6D
u2^bet8
)@4byRam
%BIs7fBm
c-m8CGB-tN
=4WPXx5
IhR5X
UxkFNh3wM
TFp-qU
u3cKjb
fBqWrD
=@#6
lt9nRB$u
!fIM1LV
*=*KEx
m3t
CZDBCxS*%
%aFIt
pRMo
grh&j)(4#a
RF2mJCN(
Q^!T!
rciU5
PZfR*
szG7
YMWBCf8
moMx!ObjT
#Hau-3XKY
r)aycUj
Dyt(FUtM
uAUC!qL%
(!-t
cqEIkRz=
9)FY(Dp3p1
TI&Q0-U*
a(sBQiMIxz
Yz1c
P-B@Y
^NYL5zijW@
^@h
w-q
TdPCqYym
p4kWeW@jo=
)HGDJOy2
QVQ8u
-fXrSqjj1V
VPWXym
NMG
6$g*dJzFy1
EjT1qV3
iQe
t*1
HW4mPmzA)
ot47p(
j*OQ9yhq
0Su71S
pQTzs
52$
Pr7#zt2-H
@-RNoH
-QT6NQi
VSl(i
VSYn0N
xCw-n
6=W5(6xhM!
@KlP
8CF1S
ZP3f3x
Db596F(
-ed(Vid6rI
K@@MSH9
Xzf
!gM
*ii2Q
0CMXS=
ZTHr
FN6DNcif
4GYJ-^hBf8
CZOL-nL
97ueNm
Sahi@f6
e#I%1bc
heXgq9alU
DphCD-5xSn
t4C)Cz6C
57wcIr
f6jItI0GM
sk2zWz1
LdqQ1n
zmq390AtUe
owlt8p8
JYg$^B=UO
(x(HW^VyrY
C*qj8x
pQ$
IGGe
sEx
8!8OdRD
w1zHpZ-
%I-If1
1DWC0R
gPtqCWLo^
Rm)g*QTQD
STtqjnV
-CA@V5iMc-
zg%!pmGG
ifJu
QhQJYl
mlkAAW)Fu2
l-osEPlR0@
XeD42
rUh2JMC!$$
AUqU@$&84
N!yROMXqPg
aeo
dM5c0R*g
zPgNiz=BD
c@Jk
3E#Ne
1sc3
z9Q
1Jjn
bF6gn
hL)0#t
dHKb
YWGJ5ZS
KZYUF3A
%)4xlZIM
ZktdBCt4
z=)H
3QiKK*c
CHyp
lX7s=FkXo
8HoedBh
fVii6HRR
eO*(y)
Ezb@I5!Q$S
%)^ea=E8
4XMwob
Hmgnk(
EAfm
&M!$z
gpjZ4eyz1j
E*=gT!Ve
%DfWM=Y@S
@439=$o
61ojP
(#wTf=LF
mcl
tWlw8Jxx
HsKbtCR5m
X)#
4ED
s&sr
Kxh
gQc
mkwwzT&!Z
mN#zVC
T@eKZ1
DAY%J8pV
!cPJ!f@tR
D#kW
NW=Qs
%jL(z4QMi
7EBXNFLn&
jzAnZlt
q$koB3x&
Iu&rSr
ak5zo
USx@1A2Ll3
kWhb
MG^al-
kQ(C)0s(W
-=dxxsOk
2U-F7xq4jk
Klxw@cmz
ip^4uo
rfr
nw2
O92WNdc-
T=zX@M
^#F=Bu
L1sUJ4
2F6
mRO
frS7)Hdm
uU)
QSrw
Wsz*oqrc
6K-20l
Nsqg1
LrczMw007X
y^^gU
t%N#%8B
i8Cs*ruN5B
*uZW9D
mCNPn2i
^B51hS
uVROB7A
ZZT(8JVYH@
dtqtgy
iBm=V99wl*
PO2ww
RP!Tf
8r3LQhH
pGDn
12=@uL
cPyei
Ldxe5izL
bWINf-
xp8o%#
6#Dq
o9Y5Yx2=b
UWDcUMSA!
ZxeVg3I
KWx=U2
zJG5o$^UB
wWl
K-WGmd
fIK4)8
qLsHunw
26lci
QT3@
BhUeB0^f7
tV(G4
$f1@dXws50
aeyrdTjdz
YJA5Tm^Its
SW8VOFnT-
j8R3aPq#
Pbs4WQ$tH
tSON7
CzaAU
2#$IQr
RLFTJ
VVRDEj&
328e$
MHeX*0e9eD
gNQ285yz9
1nQ
k@V$GAT
2ClcxJ=
o)7
TqpU2#
nCRH
7N%P
LY$04c=Y
ZG^
e#p@bT
azkz
Qjz0#
TzP
l5xpAn(
ZhA22=BlC
Q4JDojfI
Y#6Cz*
Lf9t%a)FF
rWR
R@mmCb
oP0P*
b1iWtg
agUgRU
4zSu
K08yl
@VCh6Zk
R*HWwdhj
pl2bWE
J52SzL@
pMDmzm6W3m
JPY6(=@z-4
NyNoJ)
yL&Vqc3
YfG8
8PEZ1akX
@YC04h
Cct-O(LM
pl2ymw35
dbdFk989
z457L5Ehy
=Pd$MKMzL
AC2^OA2^u
qVE@
7)4-3
KHnoSA
Y1AE
3%s
C-L
^)Xx2F!&Y9
3Cj3
w^O!
xC7)rw)1as
-o$
5iz$5xo0Gp
XpZm@
S2z
J@co
9-NL
ZczF
hB1z-ock2
(B$
zrGrdJsU
d#@CVA
7)L##
ZwDXE*-&
l#xDZ6)=H
HDjD=WLb
m9DgZ3U@h#
gcK)562Jq
aoJiyw
TJ4dkWu
VBpzgLzZj
wXt8pjw
xO9X*nJZq1
BjN)6nZ#
zlzuCg
d1BaCG
zcz
nVrULamOEH
VGT$V2=Td1
M^x(KSE
U#f
1jjr
#Fyq
6I4Spc9Wxc
Ulg#lm7w
e#f0Z#M
cdYRx
0LoibTu$R4
XqJjJTVq
eEpOzxz0
H6gBK$T
s9(D6qax
(7Q
K8z
zzT-S#s!M1
J0g3
AICh10
O!rULV@
hiNAUTbp
=NXEVj3^x
)Biu%KRcJ
7a(pRem$e9
-5o5N*pP
E8y4*=!
(scpkqs
HHai)
f(&pExO9Gd
yB(P)tQk)z
jOKCe4F9m
q9jLrE6nC
s7xc$^Gs
UN189U
J&rzl=%#f
O)zz
%3xrIZ9EP3
KtN^D
LHQ
H0=0
jD0P=2lBLE
--2k$Q
CP2Um1kzS8
2mnjfge
FtsY6lAsMg
e*%8%^-UP
W0Y#
wVUz
7r!1IVoSN
Jqg#lex!
x49d9ZUfy
FzkbQ
PyE-4ku
OgUgzCz^y9
FiO
R4(8
cn-XQF
C%S
!0bt^
re-7DzFjj
RkQjAr
e^e4ScrN
@jA!m
3QKX*zAT&n
NEckgQ*tp1
EA4
Y&*dO3BLO
z!(1hwcUT
W=m
^S9uVrcV
gC9FW(4Mc
)wx
7s#u
p6A^4HDH%
**rtWNl)z
qMzf
Q&8F3
=gK
il(nF
5idLnF
VUHp
wqO*Ns
mS9
nzYEEUptR
J0w
2TVa9V
Zd06cULsm
U8wA
IG3
UaAq&WU
mNUX
s#E
QHcNMNw3&
y$n0es4=tq
A856
1#TCz7OEo7
Gi(kD*Sk^!
pfr^
ZLP
sKKsInFiO$
PDF7psx=e0
^-YXfTXJA
32uy
uIM=i
cOOtUw@Dss
jOw38((
Vn75fWxGzg
x8biC$@
MBa
-3XraQcF
$@$
5nU
OKBz
AJ7a
@&&)abh
i7Lb
Y7Ah%O
WXls4hPEn
G=ExPFF
G*m
-QqnnH
)NV4x2xZ&
QcX
oRx
FCMK!AIgq)
0NNxCn)p
Vt8yW
