EG23jV
1%$)Bgyx
G-z
mP-GsK
)47mOdsxYm
BG8
z1M
=xWqM(jE
eW&mjmO(kh
H0ZdmY
n02zIeF
V6i&)iNt
tRMncCEX4
rK@Y13C3X
F#!l3*C&Wx
V=LAZFI#0
5z8
ugfhzz
^V(h7
uW!^#GfxU
f)f0547t
V(I^Ti8Dt
VKS&d
1VQ3cHE
e4Jl-Vgu%C
b0j9S8^^A3
C=4RZ
i3O9MknL
XU#x44xx%
q^4&KFmCz
0D3W
G$OB
5V!
^T0V
RWod#
Damwi)68
p47
7Z$BV
JI0%2@X$9L
YEf
mYH@tf3Xy
u=GQ!OkJ
S@0w
clzY
-!K
!j=
&Qj0CFTbF
NU9MAl2A
5uH(5$S*a
F22%U1VpO
Hc5RC
u5g@m4YcG
pSfR&hHl&*
^iurO
QGThF4S
4#5a8146YV
UDaPtmEx7S
fMnnZw(Dn3
mPwy
$Dj(HZKu
Y$^
QpleE
c#wmoUz8nI
N#fQbcOjX
tw0-w4
owQLTEai3
s%p&U
i*S
!Pq
c4$V@
$*$OL8j
#-&ms
=-cZuY
Tlfnl2G*bj
-m^T63b
jTwOJ!
Z72d
z-izrx8!
DxQi
dY0am-m
-9CPVUdA@
5!F
7r&ut
Sn&401
*xihxlG
seNlR3
XNf4ih*X)
5bFTgf0h
!ZlWzF
eND7p
r-=x
6NsH#&flE
3U1^RT
0w*81uBzt#
6%k
&Kn4Xh
mlkt4
i4j-VzmW0W
StYpP
-8N=cR7
q4U
A-El
JFg
kShZEm
RpfHs
!OC-f
OhE*
q&2rVzh
lwXWH7s
qGhRbkL
hUp
^DOciEQf
ClU
XjnVB
s6-g6
zhxs
L!cGyYLtG
)oTnJ#fs)w
z^@#F(h
fhY
jQtyYIA$X8
wSz3#
V%k%zW4f
=t*
yszJ
Y$R
yN-
d8Y3NCF
qjQ
ptT^wy
*72m
xHyNPix%eG
Mg*oP
zlsGSq
#q*MHu&Q
w3bCw5
zFsLSK2pnw
zyMpMCCL
BcSxiZ-E
hIWS!LdY
#Ct
Sirb
8-QepRsxIi
C-46XQu
PJZ0xzSGk
6MNBY
bKfb@z
AhKfX
dGFO)ia%)z
4=-3fjzUQ
plzed=fFY5
@*IFF!
)sJW%&Rk
4Xj!
hw-5c
rxamtf&*J
ukJMC)K
b0z&8uSW
L5tl85EHsu
IYZzu
LH(lgz*&u
=tDh^X-9
gy0fJD0H
UK@Kp
7V)
FRp
e2N2rjq
Y6LojDa8
&qK^)FFwB
Ef!
(be823P3QM
AYJ^Hy
zw7
tz7MAhw
yP)RbWm
w5$N
Fpjuf%MM!
8OGN8N
!$(jzFrEBn
wzzack
WPc@Wl#oQj
AmW9
7Wj
4-Bozb1i
TQoT089Q*@
EEmq
Mm0^qgTA
jJy)8
#M(D)X!OF
iSW
tV%iR!Mp5l
-nUI
qZL10j5i
zu7l*@n
%G&nS-B6
6ihIa7f
zLG
msNz31
%AXMV(
-G5
-(Yp
6)zY9LkNU
cH^DL(lMS
$V)^-0-l$e
CCM
Yi*Vu6Q8
&1i
imToj^726
x7Pkm
0I%JmdNUc
G!3rM)
FZC#2PNF
LsP
4wa
fG@Z76rIa
bN-H7
)DSCyL&H
bWnRjK9$tW
-OG2
zGCzMtb$
@y$G
nNW&m9Z#
0(c!
nhJ
6AF^J#i4
J)6FT8Gq&(
bjEy*d4
DZtt
L@e
Eegs%h
ha#Rf
kR&w@ll85Y
r1aZVKG
bSYx-
TmD
nf3MZ!tu
U#ey%mcji
Ac7NK7CWtk
b4oJzO
32#^9
h%YzStal
WYRyh
t(7
r&eS&6Zz
G^Y
Bl7(B
&#CIkUqNNN
&RYJ*k
K^=-y
K$n
Oidl4UO
b*YB78k(
q7)ASKFB
ZbS8PeEd3x
zzp08
LHTM#W
0gn
^E$R
Xx(l8f
4AuPC
g!c#dRA
E=^Tm8%Zz
#@w!3-LdQp
xyh&i
5A2r8I
h&Bbs
RNS@
03&aWUyT=
FgT8*U
mXq
Gk6#
$Nllzx(YCJ
9xr
GQ4
G97kMz04
YG&p*V
zOLw&q
@Hk
Sc5o-%J-AO
y0hXn
uQRtkRMV-Q
#KddbG)X
na3fln2b@6
pmrJchdK
Vuzb6a
ug^z5
e=c1FVx
$qNpK1K$Hc
gt4yDQW(l@
*JFQy
aZs)4)
3z))T
aoJe3
MegFbAe48O
*rzunzan
&Dtfhe3M
So8L
1IVrLS
0d-yX^#a
HdDRKu
tEQ9m8w%
R4G
s0uzPLo
ryUZqANN
oRbuYn
BgTs
8!EM=K
p-B6gC&kY
L3OXg
KpBM
GUj
90hdQa
HP9N
H1J6Z8J
WXjAbN
xgHpxLN
6ROYZnC@
c6)qS
T0&#Xfqi
bHLexrq2
^8l
o5b%YU#i
FemhAXMKI
BfRgTPeL
syxG
qI2e=
--Ho
GO2n-
t=icXzAei
LuHO(0DQ
6**XG
whZSrXy$H
GIIB$HP
taYO2Qs^
qc(2%gutO
#qeGZzu2Xz
dj$
sOwka9R
&*P(xCSSS$
qUaR
^^MQ
SEpd*n
5&bVl28G
t4nXdtY!##
T^J4e
!!l
d0sLP
c9X=JKO
&95(
MZ7Cr1
qZ8
0&aDn
4QdoY82SW
l=6Fzj
XPOaT
3hCS
Ogd
DdBrW
qXc
&SG
6gu
96&@hJo((
gDx4LQa7C
Ptzu
FbZmTz*2tK
C$JQ4%e
HSi#M7&
==9p!r(eZt
JMwLrJ
ti=
xJGG#)j
nsOyF0-Wpa
!y=J6CN5n^
cCYN47
zD9
0k%%pl
Ye!3z3SXO
-a662
)fp
Tm&nprcml
4c%
M&b4AK202
$oyMcWz8
LJxca
PRFmV3
r-U6
#)V7bD1
CXhg
jN65N
FP$xpw)Ke
I@@Qz
g1B
2@alPZEVL
UTCfn
Dd)D)
wdg5P!0#L=
9Ay
IR@I%
LKdL^cb3
phpy
@xM^JWfXAF
)^sh0Xsb0
V^QCij(jo
FH9sbp
VDMI2
GMzqVe
L0-WZ@c
^Co(UzZF#
YEtAM
m%x
IO5jP
uzVKB
eCjdWQz8
*@9Q
Th(u^BMmT
f)-#Tu6Ck
VsiFjdaL7Z
YnTiR^xs
u)@$()Uj
J1z$dn5)0L
tJw)p0mjtR
kt00$!^HW
fqiK!ot
G!yNjQU
U0d5RP
Tw#&nbX7
fQjWV
qU691XiEA
M0YolZ7o
c^oW&zY
G!mN^tGR
U$#fqE8a(K
P(z5VU4rlf
Ex4OzUfd1w
ZfHPZ8=HY
bBlu&g6
!prLU^o
x!x
%y5%gRu
EdQyis
n!$C
OG*zVLJUi
hQ$D
-=jlq7D1P
DG4#I-
8Dtjb1%Ctw
GrS4
DTt
5Ps4zwULJ
ZZIz97l
%9BKix
*e!Y
6rqa2b10#
l9kXo0
75c9(7Khwb
%yar7
d3Rzn2
su4
mo9!qn*
og*
7HWZk9qA#N
Tfn1#@KR-c
b#2@R8u
=NAqoa
V&mHt
q%^@PM-x
%W9ADJ
blCRb
C1mx6fM66(
A5h8GEg1FV
*&75
4Fe6T)x
#bEn
rOw
PLhU0y%oFR
s0Qr3&Z8
l2E@DzeGe
Sffk
OPV60o
z3i
pSzTH4#
by68Fk6Al1
@d-9ZhO
dC^t475-C
q3h
*rLML%
VXsBP84jN
X^B(PZp1r
w5!l
win)
5VT
5Pzr&Y)2
bTum
I2F$=ka(N
zne1
YC8n
iLSHVo2Bb
*dB6#nCP
!&Chgmzz
ea8ElFz9n
^fdfPNA5E
se^=&c
xT0qEYA
QMP*ajkD&i
eA&d
L65@e7@9
=5e9(lN
cJDqg
VVOs
9*YWeWYz
hd=z5
1)wehF
9AU2f3Oxfn
uIBWXz77
LQGhAp1
c!*-lc#g!
^O!L@Hg
sruB-
tj!p
1*=n!whFi
)*5$e!0a%!
yxXR2t
wA-d
yi=tt
NEsE^Yk8
&$L0k3
i8Ey
KkdrfD&0
cha2a^b3
c*5c
PLAW4jd
Gm0gB9
h9RVfW
bR-6OrEf0
2=z4D^(Yz#
W60&KQ%q
J%MO7b
Iwo
poYq^fV
OWEkOX
dCQsL
GcAt8OQ
60NkZhM
17hixKO
5F#)GYHypW
ae6!NeoP
qaTj
5m%Ea(V1Y!
8H32^6
S$N1)trMh
6ef9=
$358VuP)
LwLZF#jbs
Pe(4z
5RdZrU^Wi4
3*e
BBUVCsBEUY
q5Sh$4io
db@mL
^O6TKY7!
--Uzu4
%$woMQ
i0YGqLx5
h=eyqY
nBK6
89c5nk%s
Uj=5j
DW31BhLU(
4WnU)Ee
mmp!
lgND
$5lp8FH6)-
Y^cx!qU
@adlt
Vdu*NqXz%I
w2wU(Xc
RNA
3R*^C
SZl-X
E$Vxw*ZRg
Y-Cy(UQg
j@9Oz
zut$lDzm6
gScQLi
TZt
uX1RQ
-(kAZ(tT
7UPLQ8
4r6
I)sxEnR
7iXSLc
@FBn#=X
Zzoz0C2L)
pKN!sw3gz
x(suO
u&oUXlNwM
MYr=)&8
#V0X3EmK
Irx1@Q
pz##1s3zWJ
G%k0@yofu
uJu86
ZS2
NCz%4x3r)
qcZV
9itHi
$I39QS=
s==6Kjxq^i
V7mcQ
9l0
2SwTH0@9b1
=8l5rV
rZr5K
c&qbfMuaMn
*$90mT9Msp
#SHTTTt
Z1Unz%tnK
uWmhKonB(
LGAG79F
PIlu5)K7p
H8at)GClQ
gL8h
p%qzFLi)
GJXjPWbX*
m9fnb^D@
*pym$8
)m&b
wry6
F31KQ#
=@g1U
jE5wNzs#
yywJku
L30
zK7I5M8
bkL$Vpzs
7oe
2BcObr-(XT
8UJ95r5
D(CHM5P@
YbQ=m
0^QeVu
0-Fn6I
e^C
O34xFOdj5
rJoA)m$
UbCrgrDQ^j
ChM(N1
Yw6&cVcc
beZ##hyh
fWr9i4
$#dN
(KNf6GBy
RfU66D9V
s(wrCAlXa
chFRdJ7ww
WZzE
sL%&trgV
k-RE
G@*y
8CIX)p
@Ow
Z0ta$%Fb
uBPEpG
RZ=lH-
g*i9sJ0D2
A^lJ
bTGqyz9L
%4Y4X
EGJ
$5EF$&
BL4thP
f&U!zYI9xj
plzftiE^
asc=(*I8QO
N%49xoB
URTz5ZT%7
Yn#S1Ht
RGHPDEM
SFg
QgYQ-yQ
D&ca4tO-
D7skL
L#Uo
V$N
Do--$gI)-@
NFBE
ybGP5yl
XMJQtCp
^bXeDs9CHw
Pr=u2#0z
mOXTZE
c)Aq)
HC@^P0#A
)M@OQfVBZL
azx)SJzX^(
#w9@
qAt
--H7
c3B!j*zL
y1IF
fAhqs@F$7
-RYpCijspu
wN)
sTHtK
^TzOIe
XtdzJOG*
rMQ4
Yyh!m
oytzb4HyN&
@N(jO7$6j
F@jP%%VQr
U&*DK7)gk
j1J&0oZU0S
GYiZo
dT6LeL0m
&x2u8pz
WydF9
e#FSx&ofC
3ql
F=MrrRg
j*EM=n0
Il&P
x@M
sby9Mf=
l%mHxgk$R
B1fzMg^W7
!ofE=i
jelk
3k!p!@5r^W
oUm
tzSLNKY
^9W*S!T
g9oa%M16pQ
@rb
$q^5ofOqR
5qnt2YYUf
iBW
rzpYRFX8Bu
iKcFMZd%
U@f0
RzA1b@sd
qCJ34NT
*0suz2
)@ZY$fB
AunWML
B7X=iHJ
QEZ
@61i^53GGK
*9xI)oGfR
d8U
Pl6Ja)sB
o)6kf91
mTxx8b
aegr
qaY
O)AFf3c
r&p0$CipJh
BlE9
fokd
^mnlcdBh2
wC%
FzJqOZ1
mTF5p
HW40sH3
2O2
!Fi-=PT^i
uje%%z#z*
zUleX1&N
Zp-Ezk-z8
-KT
-Vf&h=0*VT
hyn0
0@xcUtIDX
5ciiCgg
k^w(3Bm4
!7eA=4o
&4j7F*
Pq^u
Zl5t
PKE
E&n%k
5%CC)jQ#
&tasf5##l0
=t)R
N@#$z
5A)Bo
y7CyC2
c-RVe%RHPR
%@#yIO
6B43f@JB
a2F(9a&S7
$7^*
BcEfM**z&J
sM#e3
Vw$u
bUTPNwBuI7
ZzTGFcx0V7
kJj
)QsJ3!u
IdKQgx)
JmV
TJ=Of)
6$A5ZRw$uT
x*Q0JWP7a
Vu^k
je#XzS9Q
3z(5$BoSRR
kNA2
21!XNIeeB
nqlSJ7-
@miC%0uB
22$AgE
xWcf@e6AX
^&Yz^EcP
z8HMAwXK
P&HSwIP&
mUAIzJr&q
-RSS-O
s^pa^maa7
xZQ
Da(iX$w4m(
N5P
PWP9h
EVygzVoW
D(=I
*S@LFq!-B=
L8MzNl@Uy
szygHwVzzM
8m8JddlCN6
g$hJKUpQ(
!imZQDcN
cMC!K*
qjeDk0Y^IN
zAB
$c3bk
#JGFOss
BYG
*z2z2
(TCyte@hR%
gU94Gd7
0=rM)
QXa*XkW22
Y4ZrD9O
Bob9To*xO
Ubb51raur(
#*wzb-pJ
M8lhF@-
QtA1aH)
khUJMPGeW
UdU
AQP
GG^
=uE*5oIjCJ
KRJm2wi
hHX*wQ
I5Ms#kxL%
0DIk$(82V2
#Jzyg
FXX0sQ8c
I%otzhty
SChq
3&n=@
7@V%gI$rx
785iiInN
@ap
P%PP=##1
-Z7W8B
bOeM1-b(mI
ZjIuZn1zD
u8MwS8
A!*r
LnI$$
86awB2Rdp
R%A
b1lSuzm&5
JOhsXD
lDjqmz@Y
^U7)&
S=n
z)=
uJmpKMn
0DFPl
rellby
s857bb
UVBhzNt0wz
OY410LP3Cu
bK8bH5LPG
RSs0Ins
exZ%
ny^c$M&6JJ
i5ra
rey$CSk)KT
M(2
bYnHkDFW
!!dQ&X(V3
#2&y&UMYd
Qr$mhz
E!e(PiGB=x
qzYhy5j
Y$$cC4ud
5Jun^q2
aAqlhz
6LXjPO
Kw$l(oR
tw7W*6z
8q-=AUrsD4
fQ6oEO4@Ix
ETK6Uz!
Zfyc-F*S
8H9j8
zFEY@
)arOJ
Z3&XETd0T(
$cP
z6BV-M^
x-tIJus
g4YHA
)sM
*g&&6
cJ8
JRu
kme2w)P1
FZWli
bBSFm-pjK9
ihyxbgub
9^(pf
fiuh0hM
$Uy
gL4ANYhsbe
xLcmV$s
rFfPT0
zJN
&q1)sO5q
U3Cr
cYOd@A1CBQ
&!Q
ObIx8s7L
=nwhPP%BXU
4@j
TN#-
4PlR
rEgSSI%Ikz
niF!wIplXa
^IOs6m
f@nedOZ%D
uo2PTFg-qb
x-Rd9T5
5j1%0
9c^
ac=IwAb
Q@a$
n6N!x
dyftNV&
)(3U4ARx
gDC4$6a%A
L*2j
y%FxSh
r(Qz5
Q41^^!c
jeXu
1oaXhqz
-0O7@
%^3!$9TR%
AiWz4*DLX
hcR$
7*V
X=6aTD-rIg
hi!4GIMTu
eTAFWBn1XE
uC6TKYS%
(-tq
nD#g3#oL8&
dz2BFXj&H
b1YLBHwsn
AX=QGLxPG
n*xSY%u
Tx&tS
@V%=L72Qp
4HtHf
jP9MS
9FxUVB1P4
S8u
J26
kWmiJyEaGF
V9V71@P&
CfcaUDJ^D
2HHy0
UlmNr
7hWM^
)8N^
3fngPZj!8*
3YYQFz
)h&
*cp02k6q7Y
SG$MA
QGP
5we06#ct4
gTtApKym^
(aBPCKKUZ
NT45WJCi
3@)PJ
gpo
GzfInM0TD
XjVa$#7
wrc9%
gZywaf
dOQqco(0
a!2b
$kfPL
tbRz@yu
rzHWux$
z1mZG
E!%Zx(fg1
&FN#@##7
(i2c%Q
46lM
M&aoX=Cp
rBmi*GTI
a1Yli
*2zDIVWV
zq3
lX!
YP!Y5nhGG
7SVf
xSJo8i%
m6obp
-InQ
ce)SmRW!TQ
#Kt!
z^wzH4
@siWTNgjq5
j5SG
hdetcd
w*(tQc!B
7=uL9
oIH
#e804k
@xDz@T
sfFs
91#kBzsj
@R)
MBZzh&L
-VgWxn^
Dw1GlEH
ZjcrNdnX
uzfJV
dte#
c%j
ttF
DPF&Jf
MO1Hl^L4H
EjLPWht=B%
JePU
q3IWRkt
UnlNTo3Hn=
STM^
4YOA$Jj
UVadf)LUu@
OHiFMs
RjmM@MLU
N=Vnb
75!9NHFs
kBdiW
^-C*l16-#9
KN75
HI=zPhrG
6P0pI
6$Z
nYXJy&
Ao*oU
1ND
JjGdF)
tE68*doFiT
kVi
IU=tE8F-ih
YJ^pAt
@D7nBWCoz
FgnBew^
wSg3
qQUJ4M
iKo)s9VZ
c-8^
$!^B4pRSSg
K(T
)647
lJU55jc(
I)i9ZL$R$
M-!b(
AJ4^rNt@m
q1nO
LT8A#
0CP!B8f)u2
*^DGkcePba
bzAk3Z!2
(DD
4%cD
1i^Mn
#*oE(
s1*4=3$Xk
TWo4#7
ol8muq@0LE
AWFyj
Gx!Khit
6T5o
h0=TOQ1
NYzOtbT!hT
b&K-O66
nVQ05
cQMbHrP)
bJ!^
MELFzG-m
b^xnz
K-0AA2=
1df
zXZy7
nGE)J8t
-)@9WCar
$JTT1y5
yIJ
cUoz
3SQ(!!P
cUD
MgBRE
byt7KVCpWA
L&KW#CG4H
7-NAf-%
Rg=R
JX@kk%o
-8rafbr@K*
6x^nJzG
#9&Ed9N
7u*MFf&n)
MihSEE$mgT
l64Q-
QF72CRuiLH
J$b3
fewd1b
lL6=
W-&%=jQbU
wxsDXst
TG4XB
jfF^jKI
^)K
aGh(
D&HZAyO(
z!B0Zqk&#
J-SpRx0poI
9lLz7
Tmla*aq
*Bg
i2&f%k
#&!P
lO2
mn60
*Bw-1Kmw
)5gVk8IKD
b7E%Lm
gB9(Wg3hSN
CPPxKbC
zyaN
m&aNgQaZm
%#FgDd
FP=rk-
H^I=qYX=M
fjdK
0-q4mUQA
&Zx%gwq3Z
2lM
w%)
z%mI*M
w@Jyak
j%cZP(n
^fQ&kx#d
dy@Q
NQ5j
)-S
mxA-zu=gw
(szyX
HG53
^Q0YQ1^ah=
Qc6LYJ
VkP6I*
OT!
BNXsGok6
Zk0@h7
1!Zk088Pg
szKZcf4zUa
oqz5tE
W^wD
M#fNjIdyD
OlppeZF
PKZ
BYb
W^WuOHb%#
wz@i7
AomyYPfAZ
%^!Ollp5
h-bSpJRe(
Vzu
XX8
46L
EF!
5aSl
dHQP
cbYAII=DQR
fH^
!Of%P
wMc7Pi58
N&%QEw6A1u
eyNuzS6
xZAm$lrklW
lyN
sGKzYlzahq
cstE
A*@L
=o&-w*P#oF
VbKKV2&6Ci
n4#lwIU=7#
z(P%w6
DKc&
6LVKz2
hq0
38RUSW
)@lA
gDU0
%^NJ5&Q!
XW$NQSPSz
R%7nx
$-ISkyf4&
&7AoPCP
f*OW%WW6
tzKbBne
5Q082F
UW2&h$
ZqYPQ9U1Hk
@G!ES4A$^w
N3F
NXK
*!&PM=gqYu
i2UByWEEg
qIxG@b3
^@qwql
YeBz%
oIHJG%FJ
$wE0P*uE
8fp^N=Y
2eq)YnUrMV
3DJINF
#^em3
RM*j
wWkA#
D4G
dMYza*#
#=RqAASb
PF6zX#qs50
$A%RLQ
r=CjD9
o1uD(lhd8!
-P@sHL
l68OKET#6
1tRe&M
bGFGhQo
%SHARdoyf
XdVZZY%wC
$bp4YR1FW
cZ$7DW7
pp#E7
MwN6pc!Q3h
PtS&Sw9BJ
dyLU
76tn@z8d
5j*RG
=Eo=V!zT&
a-Od
htZqAp
R)E^TptPhY
Q6J
Urt
!jzw
YzeJMPeYu
PFoQzz!M
R23ac(E8n
$LVoFP
-j8AI
=DT4NYze
jxdA
Bzo9Q4w1xg
jgTt7q7e
%%K
WeEft#$
rOpP
Qif78ET
0%Rf
0a*cZ^
V^!n7C
8u7oZuWA)
SX1PY-j
Hrcw
!Nz9%3Y
@hr
#D4RN3fcK
wY1#(wD
dC4
i3J
dBG*%DL
c@A=7os*
E8k^xFO
Qo5=sEGC8O
B*r
8J*
3wcruSyp@
60wEE-
X#zymeX
aT6an
!^&l8&1G
AVEsy*Pk
wslqzyfk
d=o
B9bVfZSq
@z(KIAV&hj
r&(Xy
C!zGzIiATZ
l==d1hS
8IXiP6I5
opVO3@8
I883ck%yXV
$L(gmN(SyW
lrym7)fDsz
&RY
h@H#Wch$H
0SCn1N
q(VsWOpdo
UyRaoX05z4
wSRAr5
N7jS9b
myZu6T
wBz)
uT#cf
!I7
J!I
yL4
5BsuSH#
72JR#-!ynT
@pI4$cCN
ERld%iT5=
TMX
xF9021=
jxQ
TUXt4
hFNVhuz=
8joL
3rV
n&YC
rmnn4!t)
F$d7YY#u7s
f42
YqzJVhk
$)%hL
hfAsXq6hQn
Kh9)6
T3(OxHRw
Pa-Qr
1PJbx&5
&Ji
Z0IYSMsMO
^5o@x&S^1%
Jnj
t$h#
PRdq
Olk
Qh)ag
Q*O$8z
$xP(nh
61zs
G@w
eLr7^Yf6D
jdQskPwD
C0JdWdLa@7
kaz8spR-U
WqVbK
YV^YA
p-!dpk%
usoK!Wg
Kpgu
q)%F86
t0=
Ngsy
eb-
ioAbt
lz3!
#NtyDaXXC
CxHsBl^
k3L
ypnk%PP)PX
WFL(G3I-(
-BRDNttK
aLDO
5^A9w70=xi
!iOMj0S!Yx
8HHr^D
o9rPz2%^
BDRIS3*ec
W(dwf
Ip%j0d^Ly
6whaH8%Ts
lIfRuzw
j7&=#%1k^a
8gezDC
gU4W91l
@e7t
iQNTcn
6jz4Wszu
PVhubPrDnU
h#HhUQ#b
y7Paxc
V%!
GsnlrAsq
rXaq
xfzg&&IC3
VILU2Ny
G3dqim
$qt1gq*Wqp
rhWOKy10
M1^#S^W
C9H4
6@#X
qPOdnjR
jy#%HZZk(
VQ@#Daj
auzHAW
%z=#S3J
7$uyV3HQkW
T-*XHZ
#aUrL7m
kgBXGy
S*@ue
20)QqwETP
35IULAj
QsM
MfonD7k
iz78=@@
qTGK!(6W(
59fGTp=6C
xfE3
M=UtF
&Q#
-uY5&DCh
Yd5
ZzKa5n
4S9YJ
nDOOG$qpe
m47AVf3J
(!jzS3-gf
h!gFn
!iLZL-n
nZ@IG-NxV
=m&
MeCK3z
6z3
(@d7SZ
ff-pn
08#TB2G!zW
rL@za
IL6q$bg1F0
Ypp1tY
cd-#@ZU3
qcw
E#S77VI
z6Q
Rb6Ixo
X@N%iHx
&^i
Efms=!*I
%PqCuH$4X
p(Voz@Y$
1%K$%
#JR^1g9zt
ZPG
3Qj
KYPnzT
7@Q(nY
ugW=
3(d1WaAFr
Z7OGmLqBe
Td%%o
w8@o
2i&z7fSA$
2HQe#I()Yn
up%&D
*DPo%h
YS5R
A(8E$8
IPSAz*l#^P
%cShc
(#)
Y41dsO
N=I
(C(n^QE^ME
BAu4q#)W2
1HeR3t$s
RNGaJy^$S
Z4bHYkjzRd
@A@
V=r
Hd@wa^1N
QQMHW73
iqdd7*sLN
gz#4R
CqSi
iHj!
iotdAzl
)7t-g7HZu
jW7X5a=
U3!DL2EuP%
a0-2yjt
AiazazVk
Cr6
wb0G
$A47d$6f&
=!#^D
eRb%s
%8xOI
c-l
kxfQ
&hhCak
sOWDfO
K2g
RP0H5T1V
nQ=
^u0
z1g
a5a=xW
7ZrD
rNPGu8VnP
AXrW@FGz
&HqmRuB
r))&
tP2n
w$u
We81f*6!A
P3Gw%
RVb
w#p2
-ZuXFKrD&5
--MuTY
kXArxeRFBp
UUCFSmuii4
PH-R2pal
glOlgD-s
bGdTqa%$*
Vg4HpZ8(
kj8RM
G2V&=
-%9ze
S(rQ5Sacm#
0T)qhPj0S
2Uf#g
6LPZV
oZCMICBA3
IUXa0eNDu
fgRoLZ=
FWc)PX)
3BjuFO1^=C
R24TdjK9h6
-#)q!zA
OF0gN4hA
yg7Ip
une0*A
)t&
wB1Ni
G3MT@mBm
-Rq
Uz4QxNzlz
*Bza)FDSJp
hHz2uj3(#z
H9g1Jt
XOW7
Z#1
i*k*n-PR
3sHzx
@s$a=
y@4!VS
m14
0wTdEpJj8q
(rrIYWeV
L@e$!O3
FpcF5IrV
YWLBlNu0co
jQ-b
F*Qc
5NMtD5VB
NBH62x
NyX
F!PW$G-45C
)50h6IKe
#ERsE
#9abGYPx
1PXJ5!T
-nr*adRp
MAaV!&68(
^MYN
jEPQhwM
1fsm
CH*RGg1cJ
)5Y(CD
js-et
LALleb8XO
%A5OSXzzk
Ch6rzz
ioQd6!
JlfwBwNCW$
TnT1%u
xC#)Ogqzb
Y8NzriX
NZp!
iBy)4)
q6CQ8K1dAs
TE43FTz27a
@XP@d9S
HqKkUa
@AnUA-QL@V
ErGF0jkeA
zSo
b5f
N8h
AA9A1#y-=e
waYUo
UttN
A$joc7^z
QSI8O((k
)rOZiH
*K2i(Be&%
Hxp
1e3oJMq0
xp6eNep$)J
pTmG
kNKNLTSz@l
D2R$0kHzr^
ZwNS
$0=gp
jP(
ykX
n@x%Qez
swb3by
RCH
e$XZDTF(U8
t-Yn$Uw3
5%o
FPU
XO#gL
3ubI6o5
%=Hzk$o5
O^XRBT!k
ioF
gzDFr#C
nIHtNxKL2
)BW*yI
y3nWF@P
cxZuiuX#$
hhzUbikPF
KatZ=b2R
*Vr$=3
ti*SyX
79EUHSM
JsaS6xwf
W^b9Y%x
E!(2sV
Jop-eJQjud
XTV
4N)T-Jk
6zGAo44p9m
UF5Oq
QIW%
ZhLeW
FrKHTkJALD
&=kZAYf
9P*lKP
FKOjr&M*6
Mok
y!xLjQ*
81Wp@
=jOju$nd%
VbtA%
$RjP&(Os!
QN=
*nj=6!wF3
HIR
$l*esgUJ
JJGr0
7)Zbd9u7u
zWs40&
-2kbF%hr6
(opNtl
eRI
Sy5=4M=
4hwc
u66B6Qz
PmSD93t#e(
LZSzi^8@xk
2b4GkdYhR9
FihI
IRUW
J38N
#qLuG
P#3sFD@2
=d8R*
%j1zsO
PQ7H
8Sz
n2oB2pFr^J
Kf0KQ0YA5
z$koQb
^h7COWu
95j
4&dQ^x
V$jInsFPR
forq
7xHc)M2^ew
(@L9x
F&y-W
@^5*H
d^QWb3Q6
ecp3
Vi3V
%z#
kj^9
5Uj
w6Jo
V605grE^zG
G(rRi78i
KKG0#*pNRY
0JT
E#u95-1
!HP)LxB
azo^W*
Jt3%tz5u
&oe
Spzq(^Q
S5#%LnB
45^nAi-h
QVScq(##7
(YHYGZTlO3
KePIK@
H=Pu6PM
thj
LJ(
ybs-!
J08%E9Ir9%
&R0O1Y
m88Gy
5dirZyGEq3
V8k
nNbU3np
bgMAi8
5l7Dzo4j
7N@dDV!
WG5d8^xm!
RZ!w6
iJiXR^B#W
BPT
0wA
$Ox
%I1
B1Ze
TYQSWa@c5
nqtqj
FnedzY)Ke
02Tbbb9I
q9$c8kC@
d!@b0Wa1P@
SbF*$bJo#
wlBh(&0
w#52Z5&6n
sn3nQJO
tJx6w-O1w
oXq6VqAzi
$R2bqSfc
2(!9yr
xoI(e
F$z93s
DKayO
E^X^
!wUp
YJSe
46Q%NQD
n&*LN8xU
z3kzYz
6Blxy
INRpw2cwas
N2TJ
!8ApNr
GVyFo
p=WP(Gix50
!c0n(f9(&7
hSS-hU9w
tl6MGb7V
#zHsBae
qe^
cdEsPmz^
bch&LUf
U&=oO
#T=1^)Bd
1$#JhjJ
W*y!
=1@
YrON69R4
QB!
V6ph!
HcFxL
z@N&Zex7EG
zn-R0-QF^
yZCJi=B%
VA*YEW6*e
ZdM51B2
GdyFWcAo
4w=-
boz7FKGb
@@A%e6Wa
#LLe
LH6zEwl)o
!2AHg
*b8)Q&O
$iHKcM1(xN
BzX(9gkem
gRHlr7Pkw
F%en=
CFF1
WQzHAncFN
J7kZcEM4
BqcZ
4t=k@8uN
zlT
SySK(2KI
CNDImgBA
#-F
O=B@@Q=)1
UjGXB@(gz
1oN4SQ!s
4*n
AWPny7^
Pb&jxt
@sP
#(kTzS
L)fat7mty
zQ4^UE^r&d
nT4
b*#t58p
aurS#
HKIK
xn4B6!X0
HkE
WwD!(UoYlI
qcSD698
1%JCy
U!9
xrplK$zQf5
WBxBS*kfR*
aOhAPIpgQ
na3Nw
gtO(=g
W8nV)dLA40
7bmn
^ea
Ycmc
19Nf)0f
K&8!2d
AJmO6Q-^
=$x
SeZP
7jMKS
tupqBWmCo
2#lq1
GChQ27)#)a
5f29
I^S
SSMq%=ik
Bm7
7RBkBVebu
$3&
1AH
O0qKby$n
jta
rwUgVqpX
8Ekcz@MJ)A
IHH(y9$ce
bQ8x7e&Lb
4Q@PM%
#g-)pwM
dxQujh
z!YLtE
Yb0R
KYx
ETha
9Q8YaeQc%
8bbJ4
ZXJpc5uaY
n)qK
q82
ck^tVSBi-
To3Xc
yySC
zeLdVcD5
6niBbDYO
ybQ
dEQxt(US
4PthQ*
cTnk8J!
z9PfAQ5
dO(G
&f4KrpKNb
2ez3@q-q
BRs9-)P
Z1XBfNX2C9
GFhd
^#DIji9&3M
VnDhZL7
59^K5QEGb)
f5cyP
O%RyM
xa850gnVN
5r7coR
eRLzlZw0W
Dfl15
mm05t9
G0QY
How
F5ZpE!pEt
l!o7Y4Yp%
yNpKaZU@
9ut-j*!
5eh6
kTm%Kf3(
B^R^R%8
&b-UkTz
gL4K9A
7glAmG=DQz
%j9zZ
*Tka$oMheW
LND*
1ckAQS*2
uyAeKp*Rg2
ZLB
ACUrG
9c%j
oRiCmu&#FP
maCIQrp^r
$o25
UYKp
2TITEN
9@%(#ZE@A
hhAszx%)6
-ZJo@t%V
zyV3VYz
Eo4
c$uT
Jg*=*Y
Pes%
J$--c2eI=
)TuX
0MRuL6J
LU7))*F(xs
NBrZx
!VG2VZak$$
1Okgi)UoF
XKEIGO*w%
sbT%rA
pm6aD%Hw&
=Ck0LCSz
89V9z=Ezb
1L5t@z9#
xW&3V99yE
rMQYSw1u3d
GS=Z9mGu
9Jp2p9xU
CGt
i#Jbf%
5-f9^a!M
iBi
pgk(8hj
#B9jW(95W
050K&zHU)
m2yG
YngJYnYbs
zCzoKkz
!*IOwFPY
ber--aZ^y
)cHEobR
#)rc)a4^
DR-(
SDdS)6#g
=jeqPI
3nbR
yzwf)U3S
yOH@Q
G2pHfq$&1
T7SU(5%&f
b*%bH&9
r5l
Cx5oQz
BoN!
