1J3eryw
iAub
B)il-Y
&agD#r
SEHXcmI)
EEQBZw
3zidc&VA
3^8
LTZ&a-P
g4N
Ot#-lkfk
-dPa7$!u1^
9BsqQr
p1BufZ
yD-fbHnth
qW%mT^o9)r
YcBM
ZqaRd4)E
b2M8!40
r(C81=
z5c=gz
gN)&u
zrB1%nxB$
601bO2j78K
qXr8wKS0O
EphrlSz53
r3F25z@dVY
yJcbw$Wa
zKUiH#9P
0tq^)6LH
YS4iFIl8*
ZzW4O^h2u
17gsE!
oklMV
4EY7-iJ
cLn&L
VeHH!
eB!3R
#L(C
4jAHLfnE
%N4URW^
x%kO=#
b##
I1#2*
t!rw
9d8NWq)
Tcjb*705
34!zp
)nNB
d7o=@U5Kp
c%hd#s-M
SMd4ZA
CG3z=aysX
YYpnwX
$jrt0EW
utz(6
NA%
$lMS
lryf
MYroMkM
WEqrQlH92
2cy
5Ex9PccU
RxCg
zkGY^S(cw@
MO5=lW
U89EKodCcs
1mDE
$jlID)pus6
U)J^
Zlu
1zp
VS1
=8pV
quA
X(U5BIxB4
Mgz&&
Cr0OKjCNR
y4bCFt)g
^IH
kw!6n
FoFc2rpr
&OWYq
AN7wE
UzEYNp=zU
!ExLw9O39
sYzRr5%
jG2zf^w
1jQ-M
bjo&S8zM
o0rri*rR9
)wOXi
xr2Owue0
H#sF=9%sd!
Y)AXekdhxK
b67myJ7&6p
UTn
BrTuwrEZ
*!D8J-NIV
bd2zxtj$
7C9-CPP
KV7QcS
QpzP
nY8
iCF
*fsP4
kd8&#7B
UtEp
ND0H
(ymwkj
yiIps
eNmRIH$Y
lfIK=
0horya
y=P0y=
d&5=nf
84Mhpmu7O)
OqdZ&
em)*76xO
l6%
Vzm
9IN
tcSPuiO$U
kdz#X-
Be@
6MM4x
*MhCggtW
z&G$IA8WT
T4YXl
^pXzru5PS
GeE
iRk%J6h
z=F9r
#w$87RCYG
qubRy%
iym9G-
fkYInHnx
MHjI
I=T
#@SaJ
hkyMPqa
Cw2
A6lLz
A%j8UH
WWU5b#O6a
$BW
h#(Im
*Grnab4u
yjE*Ap
mhH
jcU3x=rr1Z
Y8f
&%6!h
VEWVgG!VbQ
x*@FWdDzRW
GYcdHb*
S0s
*GSf@3Dtzm
ss(l4F
s&$kWb
pZGq8Bh%(A
9f@j#=
)QqCkdLj
Ei$n0mD3!Z
S%Mge5@Ceb
zzz=rDHGS
X1@pG4
zVaw
1IKWFO
5W4^c9N
1xh#czEWNZ
d(&
SIs
m0=&
8wityU#
y(ElMY
QHZq
N^WTdqclK
iEV
J*O^
jtUtJC*Dzf
*)zf
1eWW
GP-F^e@#qj
(8qhBn$
z3u#
gmzqQR
YUJl
DPo
f37eJSC
TgJln5x#
w-*WdlsV
i&7zWch
pAC!
5^d=1Fjk
mGsnt
^-dXKE@aC=
4znL($M2fH
WdYNK4Sz
myLzGf
f80y7U
h^(zVMj1
eMT$
OVocBz
Bqq9x1l)Q
%ucYLd!=Og
dxEK
pRO=*83
drOfs8)
LXpmT57B
q33Wc
jZXj(*zH(5
HXqDSu
8F2
y4WGI*-D
xxV^z
UFyCaMmE6m
@R$WxCgq
yV@AQJSR
L2u
=GJK
lSZ
G(sMM
*d5FfIV9ep
Hlf5tVjGa
7TnaiN
cMoV4uPY#S
Y%1DTeMr
()=g
$jl&su
I8HgF
E*N4rwoI
R(&AaPLPKE
t0pum^ny
Z1UrC-
Pd$Pa)L^ch
uLY%K
$igKu8lD3y
abSBR*VT8d
$$zFtyO
oBMc8ZsTW2
N!C1yon
f$3ml08kC
m13=x
9s)RIDuDe
E^J^Y(xC
Q-p
%3TzApmMTR
HcJmXLl2ei
QPU
XHHzrCV8pk
V-rq(8P8&s
&h7TgdFU#
8^b5pGLA
wD^%
#ce
)YpKTq
7CwakEz
2Wt#C$1*yt
A9qLZhzd
z72oY
zfBZ)
Q2p8unP3*H
M%d
V2fr
@Y5-&P
G)1LHJ*
zazLH=6r
7tL@BzLMe
I(ZV)
C2lIgQzg
GgikE
KRPTw
*C%*X
htnU2pu$
@AQD
O#h5x
YIi6M%QmE3
5cx&zpr1o0
reMp7Y$6*
uZylmbdqg
zr0O*
E6*JYL*
sV@aZ
&GCUa
nItnxuV87
jm0rabEGQ
=7grJ!
qzTmaobbw
=lGqhKM
pLD)rVX=G(
THlM6ks
a@lQ
jXioqKm6N2
M98!fii-d#
-EX1we
nPr
A(FCU
-JgO%K
-cG
s4U
k3aban-4
Q=qq
p(SfW1*oy
e6Zl
LE$YJC
(a61Gy*8Z
GYI42
cj(gSJoz8V
an95gqb
M8(SiYS
4In9D&2GT2
Hjb
X7g#
Zeq*VeLja
86y($d$&L
=85m
P0se#dC
m0FmuLokGd
W$WITrExIy
4Yo2O*sj
d8Fo470Bb!
yn1=^2*WnG
sswsD
u2GXCaco!&
XT-
I-bV
S&!Zn
cK4N
h190rh5
zVs
BR^
8J#taNby@
I&$h
D-YtsxRons
sXhf%
%AV2Gw
4Vyl
^jlJC
-m7xG
C^VqfnAfhz
&KPh
g*GdM@
U8&Yj8
-MZt-Wwm%!
upz6XAi
ikt
1)3N4mF
u%Ti0z
Mm$*
eb0
0XE=O
4cC5ePR
KN%)(
87sfa2ci!@
eOiiHAIzM
xtRpj-VX
6lMID
@b3UiAN
i^cZ
1gRpN2Fx(u
3N5PiY
fsq6
j@z
Y73&lnd2
kplq509
^xK*@HifcM
sG)C!
MTIq^lyc
*TnuBE
Wz7%C!u
3&JQ2mD6
Ps&cz
)K@xByn5cA
wmh6nbCa
BZZV6J
pOn0
ZHS!FyMXy8
4aalEMYfh
0N3HAX
VqD38YjzQ
u$UGd(
sLGB06ms
%f6
1&84zXHJa
Jd7
idLc6y
yP2JFQy
uWH7=gKKbZ
gHrfXs
5@0
bG)!qw&G
V$H-$znd
WKXlGtyc
le$^W%T
5kV@g#=2
1Vp-X!$%
pth2
3c4l^Zzb
*H*XdJs
tUBLmn
PZMxILu7*z
i6yD9$&eOM
MG9VRU3A
7SDro*
58Sd
zoZ
OJfyfjQb
zKI@z
DY-
BnK9=Rlg1m
Kl%T
H#uC1UUDQ
@g9rS4G)
OPw6UK
A61B
!e3
LeOK
zBj-q
Fu(Se
osz77
OT)*7e
$Oz3E07
8@CrJelPI
p5Vls
PGsa@6wTgI
NKD
KHWhz7BB(
d=0apT02FP
FCs
i&LcPd9pJ
))U
2wS()(%de
diuy
#p)Z
cIF4zn
Ow%a2A
UIozIbnz)Y
yLz6)FN
EU55T4
dlh9BX%
XeK5n@O*
S=c&j$j
FY=BoTAfBt
Owfb
fiTPBc^5JK
grL*x
YlOkWIjo
@IH4dXX
lB=z
imX(
cBEw
lF0$MYi1
2x6y
*De8Izzlu
ZIn
6=RRF^eS
nBc=!
jB2ZV
Xtu
J^4*
JTmi^#D
Ezez
$YSBu4
Bi&zp
o-FNX1x
4M!$z
gJsk
*uE!Op
I85
zfA
i#fZ%F
k3RLwN*G$Y
r%Jk6-D5o
k71$Tqwb
aDNhaUB
@fP$zj
5J-9AbYeG
UI8gfJ
tyyp=#
d@RE(EMm
z1)cIkPWao
DAIX
ja=JABx
04J4kET
GPxu
lYSkW
W%X2$f
ebVynHUil
-yZ
(Fg*6
*oZf1
1tq*
aW5
TZFOb
JL(xJ57t
6P%F$$PlVQ
mG3l@!1R#
^r3nG
#c=uW
RJ2f
t4YjU(s
NmO-s4V=s
rn6cD
C^d&45H$4Q
NelYze1
fQ7$(Z3HU
dd1^0e7!=O
sJOJ@4g8d
sFS*-2
ziM
514POAcMe
tblbCt6Xy
w0xHL
ILoiY
88#Gthx7
uoz
Sh3t
(SB-m
9*!Ah
O^ypCGfQ2k
f)o2W^XyMc
j4!&40g&
KN=S2x07%r
Ht!mOee
r)dN*3TMi%
cZOTJKwd#
TPCO4IM*9x
MIPWHL
!=GzaD
H&l=g3)s4
#YXQahi
@6qwm9
YiTo
J*8^q!
N(pcWi(dnY
zNtz
rrcO2f1U
N30
6laDXwp4
bpX%
80==8
@^C#kL
BA$ft(1)
c9Fk
APqzVQ#
#4T#bZ
Jcug^
Fx2*
XYtbs
QGacai
)M-U^JbH!
6NzNh
x6l%k68i5e
%eM
G73r&m&e
buV2C4cN3i
24KJeiu2*
K33UoFo
*%BG
j9rPs
%5U1rbxGu
(8-d1l5
IW-R@
7Rg1
W!-5zQd=
#8DWQ6W*b
yf$QuY0*
XEsW2
UL^8tugDqL
S*OjNoNUz
L-t8AZ$th4
khK-tp)7
(N-d(
(rsn(1#egc
zgAAZ3&
PiRcxE01VI
r7Jw)n
&0rDD
h75wOru(!
zzJ-6%
utfR4pkt
wIH$F
YNlf)4HuG
anhn3SY7u
tb1F*rISHa
=z!FjJcR@=
bBZuJm
)HZW4V^8Z5
$oo5nODcsh
fFEsZFP
h6V$U9JB
XyzVRc=
9e2tN63=nt
-&Frjxp^X
12DN8s
mChy6se#T
R(D1L9
z*ix@mj-ny
O-w
o=N#
7uZBC
J%w9
fLL
fh=&UJJ
!-I3gj
8OF6
VKDQT3^b
MhJ5=7jcx!
NfPCx=YMnk
Xc%^q)
dWg
p#B7
AESt2
T1sz
G6Z
XTRt6sAC
Z=0
@5T=dEMpun
Ci8YY2%Y*)
REMr
OLYGMxx5(m
bP2$b5p3h
MKTR*K)cp=
Wxxp6
U)u0
ER*lSbgCUN
ATx
T-W
(1P)w
w!0jEQu1&
SJ=s&$!K
Xz@DXJ$EBd
o&X7DH
&s(e%=
Q7&b
x67nLl
1p&1)(*1J
@9rC4VlY
S#NaI(%c
Dqtqr7M^8
xqj
#(TYz&#
Gk4SPs7o$
d54L0Pj#z
uRFCX#N
!mnUnf2
ZaK=z
%*XgZG
%mHLMu
7a4tPVkrM
CKGe4g
Q=Hjy8Fj$Y
e$koFb4z
!g9
lI8NUh^U
d*R@RqaQb
#3E
!45
urpmS
BL)0V
%BJSDaXP1
OulA
sdeDW
g^QB*FO
QPQOSW$P-
mVu
K@0
wkaW-
q2kM
&I&
@x(aE$T
d*CF
xeIH
zpBbM
l26
z9!jwa70U
*SGT*
G=t
-M5IuD7yB
=23
lEi78==VH0
Uh9C=()
8x2db
ON=QD
KfM)NecU
bDc&^UmpcR
kr1cf
eWph
%U^u2peF*
zMPJJ
KNz
jEd^R
i5Pf)4
Xe1x7QdEe
Yz%CA
%rpFXp-
mK2ANJ@T
Qq&5KjSy)
#4RLs
bKA0J1
Kl&IoS
ZS)RB
5u)2
Sk5YdR
x8azj*)0
uM#UDdCL
3CyAb!LW
!iDwIBu
VmGu1c!Ou
ejVSWEJ$
aG)h=qtk
ucP&=z=F
nQ1t
N&#@4Jfw
GAV7oOXqJX
J=0r%
@C-h3rqDr
s7l0s8dbF3
o2WXJd6
Q*(F
sUe&2g
jaAS
!(MGqRjT
%76jWbVL
Yi0X(uL9
mq$x
K-T
jp^e1o5$Wh
a=^
pyhh
bL0V*gUOY
hRDD2R
6T$t&
za(TL4
HUi&E
FIQqkGJX
z&Hs
s0WwQ*l
Yjt(c=A
-b#wRDxG
)wWE
haP*
8sQ
YIXbokCkH
bOzFw
wjiJGWed#
lqd5!
V6Q)z
mwr9af#R
&-H^20wwt
ZMp3f
=scXerdb
K)%m
o5M&&&
q!sY4@8Q1
MwEqT$
-b$
wrNa6S0)
9Go@OfbwY
hPrRiBq
2(S
^h34IK
pJp2ozGu
Djc@(hU!S-
l8PCq^glr
PLeEI@$C
Ta1bOl-p#
@1a(#r#a
c^ERh8eLs
e7B
y8IG%0
XdYa
=*uq0o
IPWnggOnd4
g&R0
NYVt
AI1KkQI
NWzd!
MxS
Zxz2&X1g
F7mSYKG
Qr@JB9Sa4z
t59sMZlV0z
^9D$qcBHqD
#3i54
mpRXXV7R
M!%b1RXM)
NkX4Lu(y*
Uent
31E-tTjT1
PF)n
luzoX
I(&rSGQo*
jb972^4
#fZiYDF
HR!^
Z8A
iiTZrPn
OkW5
WO1R9U
REDbP51R
%K-(
O1H2nHN-D
j1EN0u^*
XfYnXP69
jd!g3E
n8-)2XmV
Q^7U0$eN
hkt#
j-Mru
QglJ
gpXyI4&e
B%V*
cg!
7bs1@@$(=
0d!tS
F7NnJiRO)
8zYdp
xVH
r(On8m
d9REu2TU
ip=#1K*j&A
^rL
F)k^
3daZZj
)*(sPXV
z@UuI9
t)!dA@E
gY!p&I#0
tL)w
N%Em4lq2u
LcUHz$qO
&UJ
yiUct
7@Csrb
5JQVwibL
lRI!
dy5($p#jd%
XFj^l&Wd
noWaXdBhKX
ETDej
t!qa2ZQpF*
LA6WTq^Z
aFf7tkQF
qyA2mwl
=U(g)b
kMj
@$sqj1biQ
gX8AxoFPAz
8nHhtc^aE
x9%
hBj)xBb4
rIV
CRC&co
UtC
ZPW#&Cw
Ex0OqZ
it@%z=
&wl7dBiM
^BFtqZ$R
$$zIe5E=K
$utg#4
m-I5@
YgCdpt
Z5bKy
@nBC*U
SEP$cb3yH
z&K^
M@=1B
D(NWg
rWNtK
JMy*u
$NM#Z
V61W-yH
U#79Ih
Oxrc
UZD25KA9c
O=rMhKRQ#d
9t*Cs
BzuEQc9
Vzi)3ML%%
D6y@DNq7Id
a5P4MWF
Jl&y
!)$Z$jyw(
jjp12
li*
rm#uQOMp!k
Dfg#5f5
n45%dT5
CBPd
HLSUPBi
Nuz&Xhh
xCJgI76!J
*fUQ1k
0co2
ClYlPUm
0jolb=Rs-
4qXix-
i@-hdkxz
j!w
=gk1nJ8y
jBjiLDA
4OK
==yj
mq3
l8Uzh
&tyV
UYw(trO
W$KN
JRWHp$51
udtDH&fu^p
qTD=hKf
87S
Cul5I!9c7
5Wk
6ezLk
w8!ODCO
%al1Q2)
=J)Fj7%
8AO3BdyTdr
rDpk#G7C
Zlr
Trd*a
QY4nI1I
CcI)hw&
%)irlX8
-SmlRK@9z
uR33U7*
(*!*U
K5TQ0
R!6qO@qy
m3Ew0mMq
azboaZi!t
a$B@c#6#
RqphzZ8
G(XX&TC
rUTc
QtmK^AQ^h
laK
sVb3Kli
7rb3Ck*d&
0Vj!GN
Y)T52
n2asdRic3
1dC7!e
%JbFZz0B0
!3roi4Lpr
9R!
by#WawBRJh
dIWr^xx
zFTbGT
@1l%
Fn%tGAyzA
KPIh9&OB
=pl@agM
%fMG=!xKlo
dZjECa9QZ7
z46zfKOU
0r8Un%j
LB@wrH&Z3u
L)DeP
Lt$Tjq&
FE22$xKC
yiA0KtU
Ox(s$Jh$)z
J^)mrD9H
qks%B3zW
hb#
t(QQ*k
@*c1F
=e&*K
aD0i
3@ZKL^krk5
1rB
*KV(y#p8*g
zbiRd*@8k
BZp-5KQz^F
Kc$
T8j%xORfbF
NIgRkjZ
KkY8qW^^n
Tt=5
*thDZr
ruiy
CxH
#azca
QdA
!ckLJ$*
8Ycss^uO!
^2FRCPai
5am
J9KQ6jQ*-G
gwm1-$O8w
FT^-OqM0@
4nNa36Cba(
8YYzjdz=G
j5ZRTY
UQ)yC71
#=t
SXA
wgb&q
AZ$JB$
za1
zxsH
4j^Q*iz
X(sbEa
Grc#2IP
csma
RataH7
TqV-P
MSH2
HmO$ub5
JDbUE8R1P
c%VBoXr
AZzuu1pF
UkJkA
9e-Dr^7
NJRYmg
Kz-hw
TEjs
jk(wMnzc7
9fw-aA
2U)G)QKs
s^PAVGjb
(%DK
S@La&6-B#t
AzxauX
oCFSmo
Be!gM^xG1
fDx)
wyfTYTbbDu
Ur*-
Bnftf-rS9X
B(@ps5R8Q
X%@%mk
YZ(b#7F
wVyS#k98
@zi1
G!kZo$^
r*@xV
qUUbCsE3=k
%yZz
5W1(!&Pz
-rqzSAWU
11J4
98Y9k5
S1Adn
fktYszFk
-CgQ)
w1bGz%
wX8L
M*HOFfRYlD
@5H$r
O^WoVpMys
ybK@p%Xw
dQ&)cH8
$!OQa
B^NdOdyy
GaY^
m0nA&x
1mY-00fVj
ynzfFUoe
*r3O1
gae
Z-d
$zA692
40=j
2MgP48
UYNPX%7@
*kPZ*22B
Z5dGXqOr
4Sun
O3!K
mNJ)bFjH
YG3
)bQ
FcTI
8&XtmyP8
drX
tB*
ceX@=(
&0WjgMDkEF
jzdRCeHAc
P2AX1q9
SmiVM(6*M
6-K&EXYGuY
dJSY9
z!(ksY
Tk9rAR
^1ztTZ*
Wkd(
ysb5#jKj
7WWXtLz
G1#e
Ftxoq5np
ZO4N
dHRWY
LWK
BMoT
aI9JqFC
AYx4!e#(hI
RN5EU
m6gP#
3HuusMS83
j^J
2zmanp
X9n!rTG
D%kQ
)R*=
Nbu7PMb
x4x&VyzzNe
%374rq=s
OE5yBn
=04O
YdWU
o*@6
Ssy301Z8hK
WMYdPG
wETBZzyq9
#UY$
pq2p^
PukfO2Ae3
1VNcS*G
PqMsr
qL$Ig@N6
%n75gU
Pf1Y&*
i1eu@we
mY-X
N8gB$%z(
nEGPqVa
hVI
^mU#CBY=
IFlI=
gmm!7KzsH*
#s&
dt4JX
ttJic79wf
9-4x
3#w0Ce
Rzo)a2W-Xs
G97xz
*(8$
pdJZDyi
zBi
QqGzn0I
g4mGl
1qTcL*iCp
n^e%1Yy
!^aSxutG2
1por89
3MkdIIikT
^xyoFPr
ImSHtN
cT%
Rn7uFc1ZW
@jTKc80CIO
Dt5yEcR
@c$P0lb
zaS7hL
-Vt)H
TCDu9J
CTYdP
m$2F!ai!
bQM(EuNCc
Sg=hs0a
qy%oP
U*SrON
-%^o9Po)9
iW54VanC0
cy7H^*wri
yhJ(9Efs=5
VXyu
PG3KgmAN1N
I1m#frhHa
tSohRB
X68
Cpd@hOGSG
Kixp
5=CQ
#5oXOyT
JF3P)-5
ateV2Jxg
Q&iqsN8
SOp(Q
atQ5Uzf
Ofcz
VLUrSw
0l4YIO4^
0TnOibY
*nOVj
zPnz5dV
#w#ou
*D$((HWRM
5V0
P4I#
$aC
pLzqkX^Y
i9TS#U
*i@G6c
@Ey
%rIt0@Yfs2
-aLW
kDa
8xqQNWi
5325d
Ybf*tK5
tM5BQJgixJ
XNik@R%
rz^
pCNRDR
D2dPEM
Udytxg7
6hB9kYafxC
A==(!a-
NffUrkwA
QWE$Of=Jzd
EzB
*f9$fk7z
$sn7
z)s^P#=PE
YJ&1GV7fuG
!^Y
uKK%yxM
j$gLl)sj2
n3Kk*
ZPo^RW7noA
91%O
4-0@Rct
JD9Z^m
rqFEK
L8w*o
R!GJ5PMhh0
tePf2pdo
o5Ow!rKsR8
wrz
f(5yF9d
m)r0Xt-QG0
5GUi
LRga@rA#F3
@xSDx
n9Wxu
xV!SAL
3*Q=aGHp
T#1B5
DMh5ij0xN
Upc=1*V#Q
QIjTzWwcJu
AwHH!Qy
VVXC0s6
=Uz
a5Es-Ym&
Nr&@iWME
P4EW
Qb)9
@lpKuwSM2z
$DV
fM*)E
RxTr
!X2ZR4
DK03
1dQ
-MckVhKS
5u1WL
FGg(yUw^
PsJ2H
ozgL-@8YM
ao4Qz
uJNKu9AF
I@jcSy4U#
XVB-oR3*
hZ@BD#GF*
$748%
mbT(U2Q
nh6Ky
u8kleK7NWa
Y23=lgH
=cV5ht3jV%
3M945w
!G4dg%
At9
%xFJnIXN@E
Cztc
=0-zspG
=W!R
X$F
*7FAtRlj
cZa578CJ
I%q1X60
k&PIEMYMbE
V^XVI!OMZ
wldQ
343F
J-p64
2z#XxWC
c$Yc!ts
x8n6h=*84l
gzqWaJU
KIVn$tX
^V*R-*bn2Q
YA6Xz
&C0skXwl!
G$-ek1XxK
ycQR
Ek40IOk=K
WYzGL7o@
yV&=s@Wd
IYH
)CgHM#%-
w&RIU$s&h2
C%S%G
*RLrNgJV
GDu
RwXzLY@@m
5mriTG$EI
IKgTjB2qZr
0B*m)99wZW
J=0
tzmM6B@7
Q&G
2T!WWNR2
uoDOahirt5
^3sBI1%7
62Pza
=9g^k
e0p
cFC!f
0QQMe
k)l)c4p
N(0MWLh
6tQkUAN
xYESJs0@
1k@^M^tSJ4
@XGE$
H@oOQ
EWW3&SH4
a%s9h
WzG@4xk^
$VUI#m9kp
$fa&b^TIM7
A#jPW54)
NM*M
oeGP5
$L^Wfm
yh^
1CM
oJPpr1
^zVXfHC
U^-
J49AMQ
rH*@wCB
Odnt
mZHBmr8gR-
CNwJnrTh
8Of94IB$N!
HN21eUNl6Z
FirkzSR
6B8jf*
aO9UQbJ7Xu
MHpK7uBA
z%bAl
54I
@7ypA
lKCOn-W
FN-#zECD5
OmrF3f$
F-U**nZ
J4Ag&5kgB
@zBI=8q
4FTRig
Osf
H$((CMV
7@MAYUb57
oa8!lJx$
cmq
rzqeCE
@IQQ
LzY
@DO
&9Q6gK78f
Vkub9zOXn
@OjszjxEJ
AW(
7FSzMow
&YJwB
L-0pXt
yhGY0oAe^W
)7DAtXkAD
tyndL1
G=Cq!H
@rbqW7Pw4s
pg@zP3NiPL
F3e4O17euc
wc=4T
dNmR
CA0
VZ8HGzQ
lHT6CLG
1YqN0
FG9Mj
#jHc
y6)1Z@&
DE7UXz#0
dPcEx
8)ol4fKz
RIt
$axU
QnUHF%D
FMHUZdk&I
D)Q*k^K@J
4PB-
ZW@
fnMizkPf
C7@(ZwwhN
IOSg
AzTSFf
fz%DZEy
(aest&5l
ZulkaNz
LC1AA#-
hMS)Q
j4%Q1iF#7d
3fwEgh
s@d
R42D@o@!6j
NN7J
b26xyr
q(DF*
qd5
bd0UKjh%a&
rNL^
*9eZ43
O2Jlo9
MBh#oIRTg
VDigP
x9plNS#
$Mr
ljeRj-
G&5OJ6
2JVlXcpNI(
^G8^1dl#73
-KOZZPYN
1s=#X!
rCc-wl@87
3^)D
#AAIj
PN@MXdt
r7zq#-
^hU
10z1T*efP
$d1
UnHZz
VQBc
ccm#MOG0O@
-=o
yIJ4)
&6JC
rbCHuoXUch
1i0!
EtX%t4#3
#ZbTP
@IId#TlOA^
JBP
23pLSV
2uxsB
zz=nDpfUh
fxP^B
-I!
Af46St^^9
z#C#kSO
8tmQ=^%fK
nt6oE
ez&LWC
BS(zB
GR%
Ko2
Sk=qjmSz
U5yX9g&c
ZFQqyXw@q2
5^PW8T
aY-(W$H^
Si5Zn%pq9
U!N9LVgy
BjMdGcL)A
go=2
g#De&
d=L
bNt1jI3GSz
z6y09pst
H-%
02HC
zlecz8eeOd
8cNM-
&M$q#Nz
p4YkK
yK2fG6P
E!sOW@UY
EQW0a9!s
sVknsxjg
lZX1n
2D@
ypduNZC
)EtY(*wj
7#7huH
0mFN-WWw
^%$qq
y1(l3U
X-yeoy^ZOb
m@3
y2uei)X@l
F3N(
LS3Q^ARA
e*33
4ksP
Jc3
KdTT
yy)
jxg1
RE(a0D0$50
!586-9%V
mV0*6pS
P(Bfm
Msfli
2ioZb
yw6
3nq!
E1a#5I
mi%
7kLXi7^hJ
YXlqj5lR9
xxZl#74)RS
IKzlWna7CT
wo7
3YCCS%em3i
Lpts
JKV
Yw5Okxel@L
YT9xRE
KnCC%2O
dMjVzw
#DE
t8he
5f7L
z6Ul%Fqe
-y*0HnKxdE
cVuL^zD80
kJ8^I
*^YX
tpjB
1e7g
E9ZF
@1XS
YcU
h^7F
#P6I0d#
)uSr
aft4Yn!zx(
IPd
f2sdDABSn
7dUQ222
z^w3*E
9LY@Fwh6B
%(wPhm
8h#mTHtGZb
ess
fNbZ$dLd
2wGQ(
k*3Lz6u
e!HlAX#
2WO=dRZcz
iEkXswQy
HSsGo
Hn*(yK2
7=iKibzuEB
zoid
P#FL
c)ubCKW($
xeb6^
Kdq(b#NTy
zslKOJb
FnzHE
k2DKe^
)EbN
jtysrZT
3p(4H%K-#
ODQ#3YO28
Qq-
3l%R
GEmDT
ongyy*6
HIQ8t&*
pp4n0
oqyR^
(c*
F#wzD
dyoYcV
Y4BZqCl
xJBd7H1eS
ZgU^U!j-*
Kf@tLVjuU
V)5OJ0!(j8
8u4zg742
-aYk
rW6Fsdr%p9
yTal
eDt
BY-w
J8)46K
-71Pwzq9n9
1IHSxF8)a
m4QV^h
wYo1j5M
Vey6
L-QXw
BqXZ!&cz
KHN(ilg
%SisJ4
purdG3&
Kb(
T%M*
a&V&YjUuJ(
8^q
myGbh
1N()Kwtb
&9=E03
L-eusykz
(Vf4*io
X422g
xD$PehX
xi0r
FVwNu
zSTyZ
pTfwwna
D#E%j
l*gBy-
1MiMy)M2
&%H^rzUNY
e-$
9Q$j
znQCz
1tT#eN7
6h@ux1ts4K
l0DnUlzBJ
ToVy
MWsb
C0s
&2T
$daKcIDGFq
f#)
$@K
!2Myz
d7cu@3VT
bc6
bxp
VcRb@z
)Sx
apj=V!l*o
YAs
prUk4d
aQ1mHnI)
DQzVd
LTtM$YbJG
%P*4de-c
wy9GhA%Xud
=A7!KaiXwV
3GW
^!98R
dIw5(
kGR3=Rw#
$Vbi^
hxMS
Lnod
H&Fz
OqHKFY!zZ
1QTt@HAeWo
aI##z9Z9c
l%zzywMrHV
Xi0^k
)9%zz#ld!
z9HwGHeahg
asbV
2z9(
s&Voz
u0Sp7zAb
qzRikYc%5(
U(Pe
FAJ&jU(%mm
KR4iOYPlC
pmLy4o6b!2
7#0Kb7
ypr$V8Ir
k9*8EOPjX
L6RH=wAwF3
b6Vl
dIr7fb)
%gyaBwXYjl
fAq&F#
AeH8bFpT
x8Y3LU
Fw-oEF7Z
!%4B1
Q7UUWzVDze
F30Q4!&^h
Oa&jP*L-
AX&Ce!ge
$LN$3
=tU8q7
L=7!-A*JDJ
z(oYEtBqoO
jY&
A(YVoNg=G
)*Ub-Y3LX
RZ5k@YZ(
MzLJ7JH#h
Z&&j9
w%JTNs
t=Ir!0eTf1
XX#3Tfq
fQ(y
qx4WW
N8UKJs
umo9I
CrCzk)
loZH$Y
%7jaKE-
5zSm@AAfL
EiZRrQx^h
6%k)Q
GK*NyYM
onr@LoR
Ky$
M!C
nV)4
zGX^Pf6@
H6Q!tyxh
@ep0knr0sy
kn5*G#N@#
rPde^&&1g&
Ck1Jk&@Z&
VCp)u
K0!5P
IfdKwG
zj30a9y7
WZzWU@u)o
^p)o)WJ
m3j&G-
F#uJIMMd@V
ULA%i9M
X7z%UM
q5O*
y2Z
Cuy4
xV&nK
kIO&n&R7$
nJ2p
CERP(c2u=4
8Iz95
xrR
af@EM%gfDA
448J
Ald%=Vs!
ba8uuc!i
GWViDp2A
k)&*UB%
N&bW
OZ0lkT
@#CyqjL80
K5j@-^bjjV
CV^-c
uZe*QU
BLg
5BKugYi=Zy
83!40f
SkJC*
O*qJNVhxe
%Yf9
QJn*02#W7o
O-gc)@D&Cn
MC*gAII*a0
ml6&)sb
R0Gh7^TiK#
h8Vtq7D6*
nJh@7
99G
LVeyWY
q!jr=@#3x
yn)l!&eo=
QaN3$0&
ll(EYx
Ak#eJ#lo
yQW
UNrWlu
MS97H
@SWSyn-R
&7*)%P
nzE
qQP#KRKHd
)S7^u4f
q@K
7n%4tm
JTx)y9YV5y
fJUsUJrL!
MnBV
lwi&
W$-(PlG
1t-GSl
8ApTr
7KKiE(
qXnVw(zM
h(bbSk=%Y5
Y(yFR
GlRiMK
8BO-U#xm^
kdO(qdY
bnzb0JP
3tQ-tO
%e02#%^ql
C=%%-
pE=H-c8pN&
CmdWw6xy
x$zQ)zrL
zHp=mh
NV!I-$e
FjgKr!
-=1VlWdz
OG5Fp
E7X
gE^k!
#pkx1
alkElV9D
gNc@ZCseWV
70EAuYPd
aSsmz5B
66sa8
h9N
fb8
-td2D
CBxXufJX
FX*wImNl
XE%I
96NHgESKJ
$GbTznAEq
e29DaE
RVOCF
7EE@lGx
H8r
OaIXJidr4
HwV
fFbJ
#G2h^
PhVBoTz
2*c
wjY
RNy
-wLKHcG8hl
UltCq3w&t
c*Fol7@SIa
4C^EyFdjI
G-B%Yz
gFmFjVb
q@F3(
iXnss
G5V9-GhB
)fotBeo
%)tQ
VR%)JS
M7Hh
lX4sKXgtb
VrU
Kq^2R4
H)c10
pF(1=V3
J#k1Q(2
3(s&TN
wT9
@OA(RA
*Zk
A0x
IdCts2r6
CCI^PU9
pw@H6KOZNw
Z3aW$e)W
CKs
as*
xjZXTr
kZgGG=Z9@B
adF8CYj
akiz)
b*V0gQfhF
BAzdqGYQ
x1*hdh
Hc@4gPx2
ifl3EAP@r
ZfP
V6fS$B=
NJChzX$ROt
8H1jt
P@527ecax
kt-e6
IU8D
4(j4
Mo)9Vl4d
SK%z@R!
@j=3e
u)qjx$
baw
yDzCXO4
tEH26
mjjpBi4
8rQ
5hhP3t
ziJTb0uy
w^wR^$y
(*lGo
JIM#i
-Qkz!d
EpG#yw
(gkF)xHe
1m(hkK9!8w
z-zQ4o
*3YK
X1GhxaTz(
xqQU=M2p%I
kMH0
c4uZ
iqNTyW#I
9f$lkr
zbG2AD
dlt
wnG
VAL
ucNM
(ICFkPC
(P)oMEG
7BlZbZ7$!M
4iqe7=D@
9eCT-(h%xf
zO5&
%U4
Ip!na36&
b5Yp
%=sKM8G$kQ
aPBw-azo
T9V)
tep
#lyfP0QXEC
2j1*$wT-
Ig7C6U
Ci0JRtCeU
H7HcCls
eOJqdR)8#
FjJ
%J0P2O8L
rHAw7lp
yK0Ya$%R1
(w9h^
hs!Fc(rKQc
sMgn
*gUoH
cX5
!dw=WJ4
u%zHV6Y
yutnLTmzi
^(lT5O!aV
lxa=Y
PBDe(B7rO
lZ&
Jw921@foZ
R1Whw
1Ng*@wX4
(o^R
ClhkUcw@i
FKlMJeBG%
)c=FKK7hEk
XGcFw7ph
MwiA99mti
$6@sQI=zA
TGbp15S01
FEtCt
WDz
bXpLJEx#=
fMPq%W
h^9Qy
JwUPiX
U7SF!$
BMMk4bLe
j&0)uW*
6=Rfna4u
ZTXBd
6PH
-lk2$Ps
*K0RS
gkmzNlX
YzI
VrG=W8Brtt
I5ZuVY
1S9f(
oKY-se8HF
