ss%$N
*rsizp!U
MHzU1m(
J^Rzmuc
lYG(C(u
9JSxr
&d6UEJ
SSda04afkU
2Fc
DQK
qPouLH-t
u$K4z$UKq
HXKW
KKabf
9AkYy
#^HTSZMLu
MNBUhM%
UjX
G!hZQ^Rq2
)I2
=A7%m-ayWk
6QVN
awY
9UgJBeX0Hk
k0EzKgku
AQzYP
$5a11Xd%&z
)dVn
eLY
3bkUA-0Tj8
DbmzLsBa
s#8xCV9z
5)Yl)ez6JQ
bc&d7sz9Eg
OEw4i%j
OZWf-
fl^7KLJ
d3b)gIC
zUWC
q6ug1wOCB
d20@4Aw
FLV)0
Yubbm
4aW9)
Ba$tZzD01
5xzVzF$DhC
Qxj4OO*
k%Wm
&Psa
g8*zDm^
@ZEPez
V*Z8Z%
lFR
-ly%f6
^ufr2o$D$
mDIsri8@0
3Su02TU
Cyi2
DyGY!
a12f%lZ$FM
E-qtE
qQx#*6zF
y==oT
5eq$stJCh
lH2PI=PSA
gW8M
s&k
zRtBSY^
4WNa
7F$o
$YMl)$QXV
rt$d$
3=dJF$
1U9
=f2^KY
QPFoFOA
)DD%
LI%$l
ui5IChIp^
53CsI9#
F&)2MTI
*&o^rjE
kq*gGcgJ
kHB18&md
tuiT
D#)Ec
nGr3zf
-@2nZfCY52
gtb715h7
-Lj0iCT*
T=0*8cnd%
459!
P8$f
M%E$aJ
(Kj
ZehVzoR5$
=c^
mza
sm$-0hn
k@la
B^Vz!
%ZR2EBnjsW
m#BSd6q9aQ
bBMe^
sh-qrLY6
zq-31Zoq
rLs9pqB#4
N$BYkWFL
czPQ9H)
EFatd%
VAs
AOHE7T=E@
Yd*1
wgh
Wnt#NCN^
DhV#13
XuJGTXC
4uLD2
EFCPo
a05d0QS7
zYULArR
k(jZ
*k4iagOLM0
C=UkG2ChX
6ql
&R&Oq
cCNuONSZ
=jC&)hAE
IjH9nw%wtY
2TpL5GN$$
$Zkc$)#&d
iS8Cuu
#p%cfA@q
&eA!te
#1#
hNG
wj%lUuEr
eU*
=-kA=dyaE
aUdK
0hLVz50CHA
)@W$GL4u%2
Z-BOZTZGqN
0eJ
0Mbn
A@sm2TT
sz#zC
$XXorw5kMC
Q^L#
zF(m69R=^
)c2St8Bt)
q$dRyRr
*#XRB5oPUm
$l-
eFUpp@
=nnd&-seEK
t-30Co
IiSzCe
!st&idp
6Vn
!$#($&lK
43b$C!
k2uAGdipX
7)m
Byp&
@xX0
2%b%)9Hoi
fnf6
zA0M2sU
P^63A$hT-k
oq$NQ%r
9o*yw$zp
1DAOR(
&VHaYE&z
So8n!z$=
VGDy)=@q
Y4w3jjR^%
9YOA7
CK(-zGuZ
WN1eoG
D4Tmj2W4R
B^kjUO
PLF
eaN=M&*7
ze^DPp)
CF@7LL
sI94Gzp2
ziH
m64r82A
VArD)6awU
XYh3wSD
!W3H
)Q)00
Fyc=t
KA97I
cMJ^W
@MUfs!tgdk
UsFuxG(N
uI2$Yz@^
tXmDONMC
4za05mF
zcA6nnO
U%sTLmxRME
*mjBR#
Qzy
oNsnQ
Am=rSOJWz
2Tpdh7f0
gNP9VAn
c7Xd
Dxn=z3ZZB2
skDnpg
BpAuk
skgtgK
pz6XL4oFd&
I@=)N
Q#8OUO4oQw
d^3
dl3l
0s0X*gSTZ
2ZgQ
QP0niV4-
quY&
K^5SDUgK
W4Md
r=17iFCe
4HmG&=
e7YkBPhi
Dt-!
Z-bukEH
Y%bddNB@
1&Ni=cyr(s
m0FjrpJ
CarH8qX
5lh!T7T
QtniS
zQ5
Ex9XhOz
YkqFcilu(a
zS@
MqotyD
YSrZ^z
ObCV694
NKr
CIU4
H%P@KnItY
@KHAAkN#FX
-a6
*JZ#Vq9S
s6z
CySrjd
Q%zfw4$Lw-
MCY
NS$61
ZkcBCAS!
5agSfpr
q4R0
5NqCES
Vd1
$jza3^Yj-7
!b9U^U)dq^
%q1FkoVazO
KmoOsBMNTY
U@Pf9
gmM
IML6WNW
VMPg#CFd
rp6P2pJT1n
n3&X(
^4MJ
O-DpZQ
m(zqtnBJcR
-qe$xjg&6q
5Qdl5
GQmN3=
(f*aaO
zbmC!
Ndiy8=tQ$n
H#q1C
Xzre3u
IWpZTSpzlm
tE(
kb0-9s
LM7DlVCSq
BoFtFxjP
3p*czUw
-FIy8
@G&TGdhI
y4S
@NxT0Ib
1=YQqA05)J
^AHA
hR9*0)
e7Lq!=gz
m79
$sLf
1OStxXHhX4
JoZo-IQ
^OOS
Xh5z
xxhX#9y#
s87^nCA
8pQtzBC525
s7J4i48M
YM)RBjFPr
9F=y^V-*X
%0yzisV
h9M3aB9
48LAM
&y0CZ$XcWb
A#IxDgoe^4
i%49)W
yZ0UTZE
&&lx62
2-On^H@
5Y8^b
7ddfB
D%CU
sQp!4pB
uSzXxW9
H*g92
8ZOtmn)
jt5
uEz0
raEqw
hGz%
$aP
nDJ3l-zmK
zVAV2
rLHLcrEWG
!S#OXC$JH
eLOIz=N$kq
Ssk%&ZfDao
Y7$6iZ8tYx
eka@cUyNT
IBE5
F2U0MUQDQ@
zq1l6
Fajs
rB4
PmeYTru4
jcHhI0-
gSgD*3XNLo
5c00*GcZ=4
t-$CWcL
i5!MI=zx=D
g@cbgUz0y=
K*15jzE
V-W-RMm
Pwtf
OdYl
ZJIHie(
yNc#!
ik1KU9e#y
edcC5
96-
AVZkg
*ax8lorzO
#8O8x@1e
Te)q#*zr
kxmKs
zO-A
hUMt8Um
0st^BqQf
IY(em3
2OqWAc@e
rCkpV
HlYBfyzU1s
lAOKV&PL
Xt))e
SktPfO7fky
N2m--I8y
*6u
iUW
hAU*
DPeSY07bR
adf@UdYl7k
2bh
Eu6l
i&1
q-CB2EymUR
e2rK9gC
%4kmjK
$Oinzq4Dm
WSB
LQh
eb^BnG&S
H6(cCtT6
*p^3
TAAnVX*#
GZm
z2(un*cTP
zWowEosS
y(^
hbYI%6
#jYTUi
zncl@O
zo)5&916
F8rp5S2hC
qy$Z=
y!mx
3#!^uoNJ=
JzZtjIYn
geN
I2(
Z$5r3BjPRc
dsHgD
T#IVH
V5BI3
p^*(Ro0A
nV^J2FrMz
&)SDHR-#
9V*QHd@-
!3z2e
k(FL
DVw5FV%J
R34d
OTk
=#2#Fd
FDZbNq
0e#
Yo^hwaaMqF
%RpC
K7sH
Ig8*#*n
N#f$mp(sNp
xGJXmzC
B9rAUA
9%q-4
TaIwe2
*xP
sB3%Yd
4m(KE=8mb
6E8
1pa
UHh3
MocuHfQ4
a9=
BE5^(Bg$
fs5
MmI0u
n$D7I96
MtfT-BZ$
85QlqWb
af13p
VLOd=suMe(
s&RGDBSa
BGVHa)KLyD
oaTw
JzMtNTO
rQX6k@(
dgCk
-t%jXm#&-D
eCOWc
MFPMeYX
L##q
0fTjzl
%jZC#@BMZ
#sP*2G
Wj!H0qPJS
qxYo
1Flh^o
UW)SKVz
VKy
suJ
-UeU5
=@X7x#m
Rt=G3K!hu
2X3
sCzQ7*Vd
Jiza
QJ!8lRld
aDTi#TP
18J
g*xt1p)
4&6Vws7
(8^0OqD5
Sz9rpiYF
M@l^jr%VPh
X(N
Wjt
Xs6%(YO#(2
pcTE^VdQmm
x@l
=0jNuRGi
A@HEbD=Po*
X0(lMGR
ur8bo&m*
Fg=Qf*AKTK
K%ez4Kh*
J8H5
GXwMnOqY@(
WrIKnfnA
gDOpk^
RBoLiI1M
DR1n)b
nnb6a
@&Mj
98aOuc7
0O%s4%5iV
uCd
MU4oDX3he
-34u
X8#J2Au$o
Ept*H!S
eon
q5EjeJ0n
6Yjjm!
GFIg&
NATY
LoL
XIl
fxMqGR
SEr
kmFo
FN=jUK
(ZE2Q2m
1NM
tw=&lzOXQ(
149O5z
Qd7iW
9S4lLGO@s
UPs4(h
O)1fQ99
EIWn
SRVrRz!
64n1zFdb
CchRori
57FBwY4I
XCyk
e!qt
#Uqrz2hW
mLjdf
AYNuZy
M*K#hUjy^
UDHsh
IA-7PH$
PiShTkcSX
!uVthaYW
m-#@a
nxfZV
hMRh8xqO0
gzjf&Gtx
LkFesI
=OaA
sk7B-6Vs
*4FNhwb!9m
zz%B7
sAzy
oos
AoYT
mqBHRu5j)q
pkhnUf
EGPT!)
buY3JLuz&
VmBui%E
bm5
sy0a
nLJoe
r4ZR*o
YerBy#
^8m1QR
rE)tS*60
$RNwT0
(Ag&8f
pyRX^mtR
0Yg1Xz6bpn
ZPf
7K0T!N5
D#an
p=jiCF)
iT5t4KF6
OoaL
c^V@pu
%rSp
lLA
xc@pV0
TpLyYH3Y
xlRmk*ZwY
*T&2U@u5-F
w#2Aoa3
w9e
b-K#Q*
7EG-UCb
Mm%bdpg2no
m1T0sl
oHSQiQj
1J7k-gzAP
iBYM12g
XYb=TVX2g
6VT1HI1Dz
nVza@#)
xjbesp@
yUoooQu^#K
HucNjDDD9
crlQu4D
Bk51r*$b1I
84B
#k-sR
E!6
iOKLCxH
(NBrm7
9Sbqw1
lIRaM7!
Q)Dy44rP
)trey=D
tzx*W
ZBMYP
!eu
YU%D@Ho^P=
YP9&
cJ#Ui
2kmXPK00n1
UEtxZR2T
jOHrY!paO
X20mO
xAntz
CUmT-&Cn8B
6hp*X5Ie
3l$fYT
GsGK2Qq
h)Gj!40
c9LFraNm(4
j$uaN
qZsuwd6xsi
P$1i-5pR$
D3CJK
uIRmKs#
Fqj6NA
^$Ym65
6NrMkj8)
1RZRf
oncDAO4
yXTl7uXiNM
ATJu92%&
FEb@JBW
6o^-G
Ve6U2Hfhnx
DWZ^TY
9useJYY
JQc-CpJ
Oy1-KB
u0Qwi(Cj
%5dL6p&cf
UooSd6f9W
ORdpWDx4h
PQFfb4B
mUjQ&4y
6z^4C@0R4G
Yj^AKSHQ#
HSZ#07Oq
85CWwQdGpb
=Zag
5o0u
cHL^x7
Kp-9
P%&TQdyj#I
sDU^X
TJ!
Yp37f=b
hQAo
UX3cN4i#Je
WErzwFlx
gDIlIl@(-p
-I#syzdIt8
Gq&p!
IrHscuzO
bfJr
4ZEEyDYK
XlNHC2LZi
D67$z@x
4cD
78yZm
K!4UFZ
ztn4h2Rq
fgSKSK
-%H
R-YurXa
a$Z1
WezAW#N!c4
xVd^7Q$#fj
cX0pY
J!yRh0T
Npb3s
Xlun3RMc
b@zO9
aF%#Q*i8w
X@Ne
ATGIEaTtq
2ao7
Y$H$
&fQ^G
HQDLG
gPfAzMIhtD
f!e@17
Y5(*W5t-X
m83Ss%JO&
@(0l6
q9)HB
=^A)2zM%
&2lAzgA
XA5cTh#W
J-On5n9
z#1-YR(z=u
Xd51x9iXz
=4%)3MXLl3
=Ks4
V%Ie
rFB(b*M@=H
QL7
eNdWP1
F9X
FBHWL3s2AE
F9juZWq
fdM!*M3cw
Cr@OTz$E$
2tchHog
UI20b
1tN9#f
qRRe5zC#h0
CQxJQXS
(LC#9q
5x*jwK
r)PJQ=
mx9
@d6HPXk
#Gh!$zV
0Ha369
Lb19
QIf)2
NqKQ(jQN
qAseVf
y&GW
juFQpj
nYd&gaW7jc
8W&bwut=
x2XdZ
^t#4Q
02%98
TA*8z56lR
220e&H
ALDfn
Dz(5lN
IbX-5dl
bTbwy
DMEj
Pw4
8Igcpkp
RmH
pRf
E0rqm5
JilJ86)*
mS*YEsm
JfyP82q
IrjF
kO)f
Y=!E#rQN
O2YDoe
zPkqC^ry#7
dQ4*I^wBX
cq6
BN6Kg7
C@YLh
trrrj)
nD%0
DQXizNP
7=j7xd4NGZ
!4W%kM
6754j
)whB
qZ6-MP9#Uo
zF#L1z4zO
Fejz^0
aNy#92A
3T8O
E9NuCbDY(
ns7Dn^9^i(
H^2
YduE
DeFLrhEGnG
PRS5
@=7ts
XP1w
JJP
b*qV9P8
=$c$ePDL
t#!^1s(
zlW%2Drh
Tk3t)
ewEd(r@*
xAVmG!=F
QqX
k)#f
ugp
KTnx
)G#1P1
Hmyq1Ed3
EPi!=j
xlxu^xik
!t!)
hz#550k#)
#Pi66pbo-
wHuM
T7s%xWm2h&
9%@
bZwD)S8
$zawZrZz
S12
#JrZjNn3W
^#Ml2(K
bMBPZ
zWjU#V
V2%G
Hn*fqS
zq&hmzaA
HrJp!Qa9!p
kHtzrTUaV
&m0qy^
EFnD
kn0guE@
m3uQ9B
zEn5Di
^!WaI2Xm%P
r@ctf
7bi0
$m434c
XyXT%FPt^
a#W-twqZRB
90GPw
haX
tAeG=w
0StR6l!
Ewx*P
a@K6u05
hRA
VhXH
7M3ni%
38)k7(ltC9
%k7R6EZM
IIA7Bpje
NLFlt8Nx7
iAhegmK=*z
(WE
kaSi=azX
4)4c
@X^-8=j&^
zXS
zFz
RPW!c4HC
Z)6ZlT(HI
S^I
*P6hHpS8%d
n-(-RWx
8!sMxg)c
1i!9
bc7Z9Bz$^M
Vat=z%G
nAnbj&$w
(06R
J5rWpJD
Rw$I!9HW
wSm4VtZ
Qq8jh
D2wX
9b&puycMfc
44M
kFaw
(XnY
h5nJ
gH$H73ass
zZhgn&AXU*
SmlU8iaYQa
6Kp
@yF
8o^(t@
dQe19xf)Gy
slz7
yx!zzp^5
BwPI0@
BLr!Z)@E*F
QtR
Dwg2$
=Lb*Cm#0
X1Y=
ZHcY-D4dTN
sxZGXIiGE
O=eC4Z-jy
YAStd@xnGc
*phGuo
B@VLW&6lq
VXL!9%X
25lnA
3@3YfohzEa
oEDnXWixI
*WFdnIlBuZ
4x61
m=tm#PL8V
Aaf2%7
&I2NT$pGdr
E6r!
c$9^*AT
4awKE*AW!
lJ^Ri4PtxI
jqk7
O7XF8QT!
2s4gwS(
Bb0UO
SUe
fN@T
@*Mrfzj
#&gL
#5A$
hOw
-$RQ!j
^h@!26qQu
mNrST
28zz1
JqhHX
0tQCVQ%sB8
E)(yza4L
xyyG2ths22
l@Z$X
SjP
7jHn65Q
SQNrnZSa#$
$T%Ky
K1X%Nf=3jB
ujoV4U
#)HXSS4
f6qV
wgQ$cy2F2c
rV3P
tCcqH&kdm
8p@
dqP4M
WbqhBEM^d
zILo
8=)A
aRN
T%pkzgX5&V
@!H45
38U$
KHX-I5yPk
jkzg
)8YR0*-
rDzcwmWg
QR2PmAbwU
BlLK)k
3(POieUU#
9Tt&rL
Jqco%A
!cmUPE6-
*nqfk%
zqza
Sz)&qG
ly!LLoP79H
1*g)l5l
UH&*JUup
r0X4ORxHn=
0LH)BL)Jk5
bQ5P
m1BdSzV
GDH8z
Qqpc8E
=dNOQr
UzRT0Q
NCBI0L*
PJNxXczx
zLgiW
@5-jn
Dde%
eZdSpeL
AJm0
ayUdEzgW
Xhbl%pD
L^CtWtt
7AncXkew
R8Z
h77
6!8O&!tsyo
dj%uj-
FX*zp$CYz
361(tM%TXW
lSxtozC
840^^mqI
y=P)n)&U7q
k$LJWFNi
b*oA%%
3nkYb)F19X
VsONm
*0zm2o-g
FCO=30wMk
KAtq
J9hK=a6
YS#M9Z1A
7b6z1Jtt
q*-zd
Eygd
H0$q6
P(&H%hy-AO
rUkito
qLt
=#E7
*A=Obd(
#KtZu
u8aQ
rf@s$qU
BAL*z6-E7Q
e$7^0ywe
77nXY-g
@u^Ep
bN2
(qVl7LGYrk
D)dc7NAC
%Qb9
oADN&9!xY
neEUqe1(o
@lLmFj%E
y3dBL9rZa
oOyJbszk!
-2-3
EOxK
M4YQ
rShBWKzaS
Jjdw
#Tw9KmYC=
BsRW@ILXxn
D2N)b2)-
a6%qYJ6b
ii**U8JS-d
SY5D
THpBQI71J
TyOGIV
VdGeF1N
!%7rA
-=YHS$q
kw#z0
fb0th6
1U7SPkZN
9-OYY
kYnbwiR&
&s(sB
TSze5OG5tx
$Np0EH1)
#)&!n
AcY
dx4mXG#s
wq=TnG
$lM
GaOc=
4)$Oycm
z$zY
hsq
T^ld$#zC
QkftsBPsq(
zFzU
U2Gcr
f#wjfPMEE
MOyC
2Z(tZpsB-
&op!
uGH^$x
Et%FM)O627
w&hP
P1!etmp
oFO-YOAS
RYq(
CR1
OjP
Hzx!Qt
=&wRQJDk
V@y^a
@))LqiE
8RyJ*y
YV!-^^9
GL@WR
%i^ne
*gf-
zGHwURs4rK
bwzh$y*bm
9kfWKrhgc
UQu5sj)epo
1^yEHCn
xeu=1)J
agU
$#hOjjp
WK!JB
J14=McygC
#)12zUg6(
7n#6Q!s38H
G9^(RZB$
GunTOUQ
^ZKAXm8
=jPR0jWB
8Nq7kTMC^7
P=paN
m5R45
4n#
8$d#k
0j7y!5W
u-$Ao-^(m
g%l(uY2
dsBV@xc
u)5
Oq7DzVL@R
ip078
e&yCooSck
1DZKRtY
5*D*fS34B
&*!*$W
2!Iza$
%KM
TOIdz^GxR
MKnX*P!0
%0J@D-6@Y
k*w-K
z6E$QWR^
i2*
JeHe4S
O^(n!nk!H$
aAc
KR*NX(dun
y6Z9VkM=
foBCJ#7yN6
!VX
UoL!eaO#h
Q$C3&HzF
fjhHujm9uE
zVqP
JEc!l5m5
RCS30YN3=(
9k3Q0
LMr
XEEiwoiJc
wfxI
HIK
YbnmmZJIy
FIO*(I*Vj
L(4
N)s-*jw6
!fe&mL5O
0ScX%kYOp
7fb$r
18%
RrSot
0tSY-*
a(z*m
4O%
(yrOI!!n
wj8rud42d
9yFUy
L2Qz
59h93
BNFk
87fu*Qb
%3@=WLpT
5F!bkGnj
xHz
9foJjcBH
O=6L
oZn$Gz
CfYdz
bJ6DmLm
BeXLS(
2Uy6
7OTxpS4bz
Kx5zDLqii
zi-WjK#K
UTkJ$qfE
4Qc4QGk!8
rx3=h!p
TMHZ
xnm
wzo
fCD&8Cp7
fzM
@-M4zUXMQh
e6RMpqP9&
E4aAQXzQJ
GYSU
F^x
=mb64
MW9r#
wc$
J4w7
LLWUfK4GbH
-%l3z
ZQw#uU&&I
3%)VuBGpF
yd7aq=6!
98d$m*
ZqC=o
$BzaHlmM1
*SECF3$
wN$l7x
ZCSl
rLVjz&u0
Loyqlc=S
UidVS2m4
5cUZozl
jbQ9N
ObMRx)A*J%
-ozWyx
lE(T7zB
8Qs
J&Q
cXnP
y2xl=
KbixLTO
uzxn
rTI
ym5ZUzI
0XV4*iO
Pffm=8Uu
8EET(Q
l1B
g)ZBM^Y!z
eV1A
zgkL^zQYbL
8CB094tUZ
t)zK08c=c
Z8yz7
klU6z9
6*CPltW@c
*7!O
m5bnnN(
RTaP
MT$Fhcu
HqRyM9Cb!n
3yFMG
lnk8ln
X^SjOGxqV
1Y&
uDdyOG%Ie
@%A
CX$ZH
-kKG%f$6I
5NbIQm6F
z@A6C7
Dd-7
8#jrsLayG%
Jq2JJ$(D
fMNI6z0w-
i-7SNF
Vro3dXl
$ctYqgWk9
U-h8q8H%
3Sk0&QHN*
C^iU
%G$
w3cTU=yg
Y#(f35
I)TVyi
&bN91Uqse%
Y$D(jpg
%-S
lOl4Y
kBN0Tz7T
!nCWyNX
a6WT7
2ir0-
khRrxQdp=E
y%bRHE7H
7rlOS8*
JmMSMI
8Y(
hrJBjV76
7PkA!7Hi
@GgWzhQx!
8VSLPpX
N)6M
iDO(TQ)y
zFc
@#8f
gpTjA%2uKM
L3aPk1L
goCrGBVWa
mZ6aQY!
)0cYCAGQ
dynb
klB4O
o6WzGa!
3uB
T4nMc
qX8Qzz$dMo
zhZ^$
Dw&drNZ@^
i^VjGA
P=enm1$&!
hZQUa!w
GI^HR(z#
TSJdWDq%M8
Q#bKZ
&FV9qUEYhX
h3=
OdFKolni
Vaul
5c@
a3IR&af
2OARrdd6o
b59wllG1QM
z%ytAmGH
8up^4Z
Usipzj
*R-Cur9
mzts6Q
Hp!
bz#kU
YdBZ-cHfEe
Jykl7tgJ
$2jMzXhK
zBoRz&#
dLpp(HV*
o*r)o(
5agW
4O*N
-BurlB
JLzwi7SzF
iVL%yJK
*Ke1Dsm2P$
%W-hc
K#z^Glkw$
yNl
LAS0xW
C^P3UQ
)!VuwoV
*8EStylQiW
Y@JD
KZw2dCUpO5
@(Fc2Z
(eB
peKGcquh
nJ$)-27o3n
x*R!t7nT
-zjYeFM
cxzY2@O
ey651wQJ&
^VlphQX=E
fY=
*6Yz
h0fG
MmPcyjHAb
T3-B!fuUk
##fIp
aHLwzHYK*Z
N-cP0$p-@*
i8G&Gg
A(eWcD718k
D!Mk#3D
R7FgO
rIN
tkRjEBN
jM7&
a&guY1MLuR
ttNzFt4p
VV)B^o%6
X(yDS
iO(DFrb
=0V10HU
nWwmBIo
ftjGU
2IdTW
2LOF52
GNZaMR
o#K
WTBiY!K
CHYBA&gfS
nXHsM
F5tDmyNkqY
W)@x
cIq1eMDaJi
Y#u(B=FI
6iU
0KiYOWqJX6
#lYg5AeUjn
-cs
fd^5zhYa
wSL8C*bz9
JH&J2cX
SuFj^
cqZ9
AjsA9R9R
gEZK-OLso
sx@aQPXBt
jVE
3^I0EL#jC
bczhX27=z
Y2K
afY8D&g
Bt=#0J
z^kMi
Q9wz%AF!
M)uxI
#fHAg!wy6
o22!efJ
Vlm)
z1Knr
QkY
zS4D*^IiNQ
N*#IB
H-y1gYn
*r7iI
JQc#
gu643=9Og
$a0!A9Ge
zB!@A
%VwX
X6B$N
9A!Zm
Uob8
0s^
5A69Ee
tnr40JhT
4L4a2JoS=
o5m^
cz*GKG28RY
QJ=dOL!j0
C^3WmG-B
Uk%@ZD0pK
@&h
IeePNF$
xE1TWu-xL1
n4hKfM
==8Is
aBsgSl
Uxglax@5
Tok)3%H)l
Ef@kxUFJ
ngG0A9Wl
Sil4
CVh%9q
9q0
=GUa#EO-
@-uJQGAF
Fs0E
gr)P-^0B
suYe2EUI3
L5x^I
&^8rRz*o
#&upNneL
)2C&-6u=
A0f=mg
snxX
e3(IY
cQS^Y)&5z
^rr3!YSz-l
LGdzK!JE
ZLGtt!$y0
p%Sb
#SZO6=zq
^%b=tL
P9!y=K)
AQDjSm
N99gN(
@Fm
fSyN
Dd39eV-#O
7QS
=z^
)xwR!sKa$
26958Syr
Hh4Nz
asqli
1ujgYg30E
&Y1x7br
3F&d)ie
3POF
yihSGh7d)
B&A
E%N#V-Oi
4!*fnqxJ
r0bU6Gi)2Q
WTZp$$)D
2sJZSWsa)=
3bz7^Dl^
SR42x6n
Yl3CtO905
)OAqoXIoZ
m(RZ^x7Tp
c@o6&P=12A
hG6w
iPRFOO6
=di
kjt
NSbKia6
tJGKbmGdK
pQsrt9*iyo
K%Wpztqo
myzy
q5xUEued
zBr7g-m2
^my4z1m^
NKE
njTDwW
bsNZ^5r
7AG(j)*TS
33lzWmK72f
0W$q!T#jD
TPqgwmjUmX
%eBpbwPT
mIj
tdE&3
OwM(^)w
mOtTQo6Oq
WuJ)ud
tG-W)d-
H7mB
Swn&IuKO
c-xf8
1-DaFr8w
0MERhzUYw
g&F
Z))&
TC&z9-i2
zF*gA3z$xN
La1
hMURYU#y
l=U*MW
R(rZgGnofF
RLY8CmjfO
n(usa
lpV
TpbGbb
ZseHa
G75C
a4$LAH
Ns82
rmg6wxfj
^*Met@GGf
p^fpTSem)u
OUejy6I1
np)
Pt$b(%)O
wQ3
(MZ
GW^UH*GH
pVP
W4Tnb
3txQWmG
&-uW
dPjXe
HHg$0e
q)DmhYS$
%Q=(tH3^
MPO-Hy-$
0MlqfiQ
!tR1L
Kz&gN@H
c=m*
LPkCKzIPq#
sb%
z69
#4d1*fA
(FOzDPE
%GLdeZI7
8)OMk
cgJzF5iN
NrdV5TBnjj
GkNay-b!r
c)5grz&%o3
oUr(Eu-dai
3Yu-
ItcOROSr&k
tXE&f-z
o8yfrdW9
D!t&T
=Ti9n
)^pCP
P*afqC%Luy
=se-3fPO
#&J
4&PW1W
Yi1%MT&i
QnKu-IL5
3U-$hJn
3aI
IVLhux
XgpV-OBw
5)AF
qoZF
pz2
zMqT4(0
LbKY^JE
uCC
(mf(RTd*
dtb*%&zq3F
c&1DXF3N
1iwGC5
hfxPE^
eO$bqW8%
5AAi6sU
Fwz!TBw=Eh
ywo
)VXO=
mtmAgdpy#A
#c90k$yL*
Y8h)eO$9k
rI7w!
Jr9
e0LroqhfV8
Sa4-#XXO
jVe
c-6NjqxQ)B
RxMkG
0RSP0nFyAg
3h8NS@
)dy
h@V
NclXSW^&
mokCBeF
KxH99E5XHq
%wB
Iai$q7u354
wA^aAF
s7A
Bb-roIsT
9HU
r!KDE2s!
r-(wG1ur
HL$
t=c
Smar
iF%!A03hO
hsdsa74
z=lR(c(rm
K8^Ky)i
0zNF#1
^kwf
Lk-Ma
TkX6AEzi
iJ@Hg
rZ-qr
ZaEe
s5(Nh
tLZp@kJ*cN
behQMFO(
nq*
Q%y=UQLb
bC2s8zu
F1iza^KqoH
neB7%*
Ui!RbriV
acFr10M-O
k2Xx8PE
mC4k8322E
mzGm*
aOoMp4LI
mVGYK
Cs^fhp!RJ=
a5z
d*g
K7@VTXxu=^
j-W9t
yme^w
re%cjN3IH5
*Y0(%=
luc
Q8cepsyPi
Rj*E
-l7qlWE9(
Nlu83Vyy%
&RmR^uY
P(H3zjF
yqkm
b36t(yQz&$
lyh@!agj
f8B1L
Y3NL8yE
oRd
%k2
=d-d7cFa
jiW2cXzGo
Gck@XL
9d5
*KB1w9
PJqP@k
B--LjtI3$
czqSqzs
2thn
oWidKql#4d
jEY8CK=eO
gpVsY6
g07pR8
(r88ZF#01
7@Qw8
oCBI75Y
1x6Fcsg
@FO
pxL15JcDG
OO@
tJM
preeTP
VzcJE*9
XCW6j
(B@7@toeI
ugsS
9JY
J-pj1*zQm
3zY^2uM
D#cw
$(!!4xk
=zgi8wTV
t)uQX
OVVt0
qTU
fs0xGCOYbh
1-E
hUjE2%qBI
mNFOOW8fM5
YY#7)*
uMo
5B4Gn
A-ir6J
*cKR(mpXB
r5JV-(
bESUwy(S)6
I873&@IaOp
(II
w^I$6Ub)-
P9&Xr
1kdHY5BX1m
DKV8XkJslJ
dSsDc%l
YTybg
9YhUi
QAzIB=F
8Wa
b8fa2Mgbe
qHIBzCu
Rxe
bT@&E46&E6
bNA9J1j
g!a202
&P2t&S
QN3d0
4zQ&y#
kKTOHY3
w2DSW)
1V&8!u
LtR1&&d
cLUh
m8p(y
#UDLWn$VO
YXD2)
*=BN7
@fHpCUED
PBrh
)AB&&ncp
6boQ
)huRN
3q9B
%Nl
aouT0r
f&x3a*)
#KfWjHnjZA
puKoXETZj
-Ae!S
dQ&fz4UsK
XiPXh
K0tN
7$nLluPmuj
wcLgpZXy(t
RtD
rLK=@fBAps
fPuD7q
=918u99AJ
N!cQwz=Tq
n42
2u1g3Rb8
2WOe
RHU&zk
@zWhtl
4G0@$%3E-4
s5(=o8%q88
2FiZyOz#)
E5Y
*C#5ppZ
OG%E=Cfy2
b(oX((wMQw
h9MFa$TpB
(z(PBQ
C5CO9
)RenFG^@
BEG
Pr@MiK)
me6i3
SqA8@S%W&
C9lc0z
XGxLC
k5BVtTp)fq
dch
O%ygLX
5gWktHyg-
P10W7ooLE
6Qzae!!q
r)D
Nl9XaRQCK
1V&b8qj2V
2=y
sWyqb
)aFh5
i%1J
HAL0@1jwM
!E0^=7E
97ipHN(
*8&T
kjzIl
uWPYgTao
))dtji2
!5hc039$9e
t*TQ
e4tzu
M!D
F1bVpA^
)sYn)omOU#
lLwcBf
Xt=7LQMC6t
lrQ#8r
u$O
(XDHnmu
@IwAxh(LN$
CtS&wPJB
=TTGfkK5f
cA64q@
2qJs3o(f
Dg$XXGZ
&37x1u=uqI
cX4AZZ29
ehiM&X
uklsPuz@5
UdHdSm)XJ
u2&x
WzsG2mNN3
Kqf(
@eOkFB14
eg$@J89a
VAP
x4q
&sG
Y*H$B7Xyg
4DdF
1jWefRg
z0@BaCnJ
I-LVnqX
VbP^k&P-8T
@Ozf
D*R-AZ3)
HJH=ygxdW
u&5nBT
4$^Da#cURS
9rn(ie
zTcS
!hMMY
O9#6IuXB
YbW*Jh
NSG=45S
zbz
hBIJR
suB6
wIYG
n@sVj%1yr
LrZU6
EY4Vp*
!Uq%4y-
7Tk@
Lt2ZbM3Je^
PMFwd1
J=xOKM&4
$Kp
LpKlN&
L(ozLqJ
!FKfq
)zql
%KajPI
eQ1Y8
bpAe
@3Onz!bd7
CB0
LoA7T
aLlQdn
I(xyD
lCgTC
gN018xLp
N4uQ$
^^i
DA3z#
5xq#l#$V
Dzz(
tgM-!gTD
JO7YM0jTP
fMU
7Mw%aa
fnqGC7#
fQJ0KU3d
0OW65%2k0
bL8aeLfug
wXHZHrzx6
z2FPIQh-(1
g1y!8c493
Unhkx$p
2we74t
H@FcsVc44N
rIA6ZJn3tK
9f!OzpQ
3K^X
Ysz4lsnwS
sW$8
Q-aAsA%V5
TuRDu3EwX
edi3bM
F7UuNtSR1p
)t2&5YZz@
*tHbe2
&eNV
C(uK
$QO-e4R
SQ5DYhhar
zE0@
z8LZbyj0
Yr$)FSLd1
UX@
QaIa
6F)^t=
!-%
Hnc
@R0lwzCG
=8YL7Fj
Zaw^H8m*
kp2
*Zgiob
zwwMpw
lKenoa
HUd2xw
4KzJHoA
0#p&=
tJO@n
=^2
c#^
EoTpD%kan
@A)qj
nAi
z107
tU7niG&Iw
yCN
Yw6N&d
rx9U
JTK-qUIPy
fNP)20KTdm
^#pWm4xX$X
E@YE&z$
oS0z
y%IuO7eQ0
4dtmd^j1
4AmJ&Gy
e$V
r!gjk)Cm-
Jz$
E*W8d^N
6hyD7ApPMA
xm*3-l
O!V
hmUVY7
Z2(*HQP8Z
emHBfu)
&KxkL^
cRq
ml5!*
k!&S=J7d
s5!S
wCl
cuY4
U^-xEocj
5yQB6J8rT
U7ES@-KJK
pdhQWU4!z
MY#^
)GL6xh
y4mu
7qzw0KNF)
0btO2(UVqV
*!=OI65ho
fs6
prAs4
uNlEYE5
f-!&
uJZscC
NtJ!!(J#y
9jZqfMYD
Ak-t
zXGb
op)c#S
MMa
%w=kV
e(PW
#z*9mx
9dy8D9
(haiCJ0Zn(
EHcOK
k7g
)!aA
