Z*&fXtJRi5
w!q
3dC@
51f7W
0=K^2F8T
FxKC*34Y
B--zN8HHK
5b05AHTYYW
V^IbzF@s
1%qdY0$d=
SX*-m97dS-
OhNL
zg9
gY$mVRmpB
tHBzt4Ck
OM07E2
p7V%heYQbj
@LIZOch@i
MwKNa
*H0
*O6a2z
yAYQN&JW0
HJAxa
ziA
DjdB
zsIQ
g2SZ$WfDy1
SFgX
FoJI
Zjpl$n5izf
&*Z%
llmSV*zFV
em)
Gi!
z#$meF
&MT6@fo9h
SlA6mK*p
74yBrM3Us
KXW%!owkY
8I4
YIb7x
fAQ
LlLkr83bcD
u^Hd3U9nFZ
zMA1
-gz#-=
QOi9O
TL32!
z(aG*AA=
$VoUnzNcf
ugr-##Y4z%
Vn37x1QuKB
hcQr
QG(V%9@Kz
TDj
IqbqFF
=-#Swy-2
%qiXP$
F7tVs
x07u&w8H%O
efjS@-MT
CoQSCKk)0$
5s8B!kf
INs
fpIb
z=Rfe##)M
V2NF7w
4#0V&fX
^3YI
IDAMCLzlR
gZpl6
y@S
PYQyXwshye
Az@U7
9BVFIzSy
6^5rSO
1Nw
XJQq%u
eCo
AbkqUb9
i-hk$4Xi=u
iLVQT
o7Q
&Z0AgG!
hQP2eBT
Vl7
-fj=#V=8
GBuPGG8!
J5g@AGXI=#
TVElFH
zCFHUB5L&5
Z&S$t(Vhm(
BBK
nsPAUix
cFJ7l-r
b1l-azpG
Qm&c
-DkmNzB34
b8#B
gOUu
d$cf7g
obYp
8V6
U$Y3M5EV80
4Y$zeER=Ej
qAmaj
^N#22G
U!0!zL
$gD0!uX7
7nHjzg
0W6a!NLd
(n!ExRT
-nF#R$Yp5Z
QsE
xtu@%YtK2O
^QrQlXt
2uK
l9f
u$zk
nM6%b
JgrC8j
3U51W
r9ogq0yB
Z9HF#Sz)h=
mc*yzE-rT
$4WP
B!DIrQ
*FFI(GHTE
d)Li8
WGD7u
BTxU(^&@u
#aEEf3P=J
)we6Bz)oe
JKzl!R8
4=Cz29C6
5ym7&t
#%xJ
BI1fMi
6%eo)3Dw
oM67zUn
QERPS
#Se(nsaw9
13j-Fg2L&
@&4L=n
$IDfyE
=(MMNi88
zz*r*kOhzP
r1L16
0z*wd8)b
fiArPa
55bG%(1
@Y-M
Ds0Z-*V
b1BsCX
&Eu7)M
=ZzKo6KqK
Q!S**a
JjH
R#D
bTq@T)4xa8
D40gBsb=
yxMg
8()zrw
Ug)
9RNn
XIZKYkuRN
c@1KIe22e
zbM
n2BrR
G%0XXRK
NOs3
Ok(f!C9J4
UVE4*llr
dZTD)TbxFS
u^*0KX
dMZJww2
W%(uE
R)zzuCKSba
Zbly#LA
wSOx
ZbGlZ=Q@Z
yAE2ai
6%ocXd#L
h)qJj
90=
So2*V^tZo
j7kGiA
Izst
PB-TOPE
05YyZSDwp
9Eq$hz#)xQ
XnigcdEtL6
lO%bblw
)dZT
@OGrh4=
$)*
Vb-3)w9f%
N)ttziL
cyxw*1
H!DJ9fJ^
bapn&q
3zjPxM9!x
SufJK(WHzT
A0R
WyG
2Jgc2Ey
$APU(
8Dr
L4(l&cF
orE
!XPQK47gV
5Ip&gzzyC
YzPC2*WR
06tRdkRJ!O
J2^B=
sz^)NH*pF
QIxZ4=
MbEBVjKT@
1I^*0(
N!N2shswEW
i6ZkEO6!!
@s0
fB-z*Cjee
s5oW8Z!!X
3XjD9DNP
U#)
aBiASH
L(&mkX
ZhaF1gb#F
^UVfoyrw
=jtH
wMrehRdu=
N$sXM
fZlN
f#cuExxYX
uk(MSUYkM
^pgn!j
kB71PRm
2kiAr(
Ypfmn$
)6tWi7@izI
KQE%cZR4
!*RG
cf@z
yHC7VZ@iTf
D9XHOfjr
KOAt4gGo
%Ni
mzyPKGI
wlLS
6%g7#
Y5E&-cO
h@uGXxU#@C
%TV
SLunV
DHbE3%G5D
rQe@
KA-
1gfQYVzM
xcEHwzuY
huNOUZ
NqZ
tClc7
irJsejqF
zB!4GWXk
yn$Ccwf
H9rzVzRKyJ
K5#Xs!B30
b3f%)tEs
4IV*
YSnCy
^ykji9Ial
ihtgaN5
eFkhm3
EiJHpwVT
8zV
4x9OJtI8Iu
Gh2p^wrWib
=4Yi*lu
#Z5zTso
LH63G8!jn
nRpwyU
%aQ#wll#XZ
LOP%
*dkhim6d
JrlD
H1juunzP2)
t%w)wWTY
LdOl@8JJ
Hst*55=8R
XYL2(zt
S$JLB9ig
oLnE%
8KsJFJ
9T#8T6Kc$
FJ^c8&Rn
)H2zZ
ODt&YT4Za
f$Xh
&Ry7)K6UQ
@m7cFx6ON8
LnH8g#xr
9kf
W=!-Q
y$78dRmJ^
Uo*tBu
Q!l6
dp*$
(VX=
5xf!K
PI3fzFe
Wx2%n
b1ApNih!
E=m1p
dDY%8
85rS=wLK
rTqV
$f%$*hy06n
IEct*
#$x(X
bNoizbZDK
Xz$2HFVs
robzm0X9
P9Na4
LmkGT
tzCw
L8S4fb
nxoTAiG
m5mBg6k
9(K33C
3^FeF-
udN
7!z#O
h0R*CpkA
3yQA
3gw%ZHyym
5WHJ(mzUl6
Bz0B!YDPr
coN8izSN
8urfc
qcn#=m
Etc
OK%YPNB
8)hXLIe
wiIfc-!l
kV7N
0pVOS)Vx
A@SkjX
zA&
JL^
sxrI
BzgdGq7jQz
3zeno
Z-LUtoWSP
qwV9fDIt
oir5IYpPV
Idlt
nrc@ziE
Pnf=0
Xs5HTXl0&
zGP7
TB#nKwL
0SoWB7
^CoEk
AEID#K
Pw5qh2gE(S
VBkAM
7gL4#G(x
8B%45krC
DybUsxfHz
SmLzx
EW9K&xk
@qG)d-
6!g
Z5GsT#KbT
NwH-Y@OS*
SVM!=3qy
)NDPKZ
cehQ
7bsF2hA
Xb@BrwqLB
9fSfI
Olk$)o
KFmtD
FPnk6e1ZUd
!*V
6*BdXrcj$V
LnTwmDNa#D
XZW-&20l
H4z#UTBH
V0PLQ
Vqpq
Y88
OG12
DFAT
&UX
kE5j0
$5%TnBhV
1j$n
=BhqQ%zft
whgX
J0BWGVH
z*I$K=
NFwEX1@Buy
6OaJNzf^
CVqc$#
2SPVQGFPn9
fEo
NZeT-
O#u^BJsnn!
QHRyXO$U
#dP(NI3Ue
aCUI7XU
IzeZ6IuJk
(jCFJxqlT
zcHSuXDsR
p$=BuMZc
2#w)nM=kq
zwM
Y&fh4N4Td
1PQh8
V^aHCqI
gSY
ec!uAS7d
jHBLOnzIew
DC=kC#Ya-
bhlnd1Cziw
0H*zZxP
G2jM8
qXQ
ddnu-cYsiA
*ZqX2P5(f
u$z#lrNi*
YuZq5s5rlo
QGj6X
5xtCpy
YK-&-U
qlE#n!n
%oIaEIz
)R(Ue
^dnJk
w@iPYy
27MWS!
OxanT*3FF
%lnrz
SR^m-zag8L
NIb!s%
CcDJWzfsn)
%oR
7lWtKUB
)LpAc
HwkuoWyj3T
waRgf
Szj&
hjd%)jb7
20hm
nyJ%#0Km
Z@a@1F
YJiYs(@
5fDaXcF
52P$
iyPc
nH@3Fzb8%O
n&oQ=5VzWn
XcZ#LCH!tL
Nq7iS
5wyT4!U9
QaUEY&Vqja
zpksc@jcW
28n(*
k%-O1
2sIa
r1m%8-dr
**nz
1Z1(VOg
XW1
EXU^q-ehF5
9KicO2
^uVn$!(B
Vd$^goZ#b
sWfl
=Vlb
RdSY2H(0x
1seXdSwU
(xH
MtM9IJF
U@%T!nNDC
Xtk1q=I
4HS^CqU
1j0JlD
dzmPBO55P
TFM&Xtr
XJ8eD1PMr
@4kBJ8U
S@kc8
4!m0ihmCDy
dqeXO8FWk#
E9040
p&zC
6lPp4YjL
e6b)T
8U8
Cpl)C
e%NPqHHL&Y
Ra90RJ
A@S7
zZ7OAN
nT8wVn-
5(Ii
OT1*(LE)
hX)9U
7lKHJ@
6pFC-eVc
=!RI4swCQx
Q&ceK-@4fe
!Ze
7DSLC%tCwD
(unwzn^yg%
#aj
3TeRt%tylU
ir52H6U^1z
8aKQPsc
Iwi&
peZdEM
urQ3=V
C^!-
5ihE#8%ZK
yrd%%hz
&EP**I$dS
@d5H*0Wf1g
pxWbzg*10
cVGVWr43
kfc=86I
4jM
b7D
zFu3&a%!Eg
S-C3Rm
1NyiYikEz
fPhPIHPl
NyMmg!
o@8pVJayH
R=Cou*5
DzS
ELH
NoeW$89#Y
Abl$UG
(LJhQY)xh
Qzl1z^o
MPsNBbKZ#
mqRmehNU7
)CsAQ
3Eu^)F
LQaX63
AnC
1TEzkg)l
a4z=%o*fY
YWtz*Ii
YN9^B5
@imAfl
Tb7bE$AO
Qjj!HMl
-0R
VDKkW
%prD5cjDCq
f4yep8OY
KpTyJHKO
z6f
Kr#
cKSF7b9-
OqqaBBZ
eZd%HS
4JH
OQHAx^&8y
(oel-7
*)fflV#k=q
C%WT
tJfhxZi81c
QG5Az6jufO
aDc
0eYk
SQK
$jm
QZU
9ID14Q
MEm65K
I^znc9M
ns(ZE0
-9M
lR(Ul
0wKwq&BG@
DXL0DT!i
U*LKhZC%w
$*@&n!a7*
(0el%0wdm
3^PLKz#)Y
S)C-x&tL3
wrpbdtOCC
&xC*!-nVfV
ySa)0z9
iVEriC(
cc0gctfL
wS0b
T&XT
2(MF
MdWs%#
OQ5-l
0YO&ns66
Mpg^
IzNA^6
Bh3w(c7
rZQ!u4lbX
s&oJKb
qMqnfJW
$Fddl=e
0j$$
xteFbFW
1q2HaV
Cjdd
GBEo
tYJH49
ndSe*p
I0e3T8
IiS$$boYS
Q4Rm
Q7R*YzTIZ
(Wx=
F^-&7
4RaI
zLj98
S5=6G^V9gO
R33jhJp^
=b0IM=8
AoF
x7cz
YO5UAloTga
wP*x!L
zSwJ-azZh
EYA
f@^m
HwRy
jD%c1^F@
=xjZlnu
Rz*3F&=kR
LUkx^ZM
Zzz*5
s%pxmK
DyO)Af
a)B
@5V)
whHWgXu
Y##rdR
yIsprlr
TYC2-2R
LB5!hLL
Op&Gmfa=M
O%j
ZLQqr(
=I@
@A(eo
EPmht-^
QTQJ&
Fz1cW9
fB8q
IHIoV7
8*R
^9Pa
mpkIY%X
^WO
E2HA!8d
ks^
V=4co
!P2=JNT
PjzSp
ou5
tc0
%kEm%
R&djzO0yj
zYT8Z
Y(A#BXepr
QRd
zx^9!M9!x4
10WbZg0Q
3hf1epDZ90
ocf(M
YupFi^slu$
0zPl(
K2Vh@jj
x2tVc!
QFA)q
f=MmEF%YZ4
-S)@AjK
^F-g
s$ky
fR=2q
T4aBNKE!
9ZV6X4M
cYNmn
&mVZUj^
hyR
zZ!JRzYWr
sn1$up8B*=
hg0@dCbZsE
I@)tuCF2YL
pZDwy@n*i
ZsaXPAzN
rz4%
phDwH
Y@$5fJ^
YsY6XF
uzO
s7w
2(n7m
#S%^26GJ1
YN@9Bfb
-BTz
AGfE&
oO@McQwn
p5N(SwY@23
ZA=
2eJZ
RxW-G
cbz^(%4DMm
z^1
*&6hA25R
fOT5
R1M
@AjQ
I4ySQz^I
zt$b
lI!LnO3!
^a1l4q
StspdW
-&NAVguz9i
zn&OgYtVa
1Y=%V%
uKz-G
yw!yE$YXL
m#pR)(=
W%ZS%z
AzRKURY1N^
Kfyes
mF^pZm
kb0y
b^dh
MBz$Z^
TnoO
&JUoRp&IHz
C*#nMd
7gD1B0HVW&
jZ5&
OWrxl
wp4J3Z&W5s
HSe
5$JsU
m%kydxm
42=bnfjHIj
JmozMYJ
$%2HEQE
iU%O8Y
byG
y$GM#XbC8
izhpQ^=
O-V
fI3%Q%eP
(pX(
m1Fm!zCG
F)YrZ
jH85ulD2
I38^b@
K&#
ziZz1B=nY=
dx^
yuV
aEjAD
@jx@&45jmg
a8b$EYn
tG=x$GT
%rgn
Vjf!e9%(sZ
RyPe4VK
a9KD=b%
EK*zy1@k(
Tw3s
QSR
ziG(LAO#x
ME3C8!6$
%OTI5Ee
k9Cx=7LVT
L=Fl
KPf%!q
3kAJI
l4M*dz5tAY
@ch
=pBm
e!FAJ
bxxHZU)
SS#gicubN
h3Q1AjZ
=fFk7$Yl
&i*2khY(
*5Lxs
ilY$
t0wjdIO
TF(
F7)JUfZj
x#Mt7
FETUn
ALNYR#
duKh)B8
ds1b
cMM@
gXz(ZM8^
BFFMjek
4ta)s9Pk
suEz*S#
5VJEGF
Chc2@i
-Y=GV9w
pWba%)JDxQ
ZB0Vp(z@3
6C@!5Owu
(HO6
h)I8weSum
2S$K
A72t
^I*95y
ieiM)fu0
bVjuFjW
Q*@Lak$^zE
kyruYIjRj
Ac=Vcnq^
i&6gt@
P)hDGs9&
6Vs-ZeE$)
X5X
F-KIo
FRzi%-qDMf
g*XzL
9eM
uczP
c7l8i
HT^C
0@d$9CWYr
#leD*!hY7
9=U6#Y
3VUD24)fuO
I9jm
rwInJ1L$
1FZ4-J9S
zPH!r
cUf$Td
KBKla
Rlmt
C4iLg
QbPa
xiS
6u5JSuAN-
bZN4VaGG2
5^Gn
^%*
I0NCXP#
atQ$I71
=7BRxp44PX
-CzQf*T
%4KCicMIG
35lT6S
L9gw*rg
nmS=s
MF1#jIu(g
D)kY
dI7
0GdCen&
Qqp
07gn
l8R6t#&d
KY*xRsxnX
19P#
!U#C2
Bz^q
yzg(wx0M!&
$hSTCkzrI
uqQ@O60n9
UJj
b2rT
RPlDqSuh
!072&Uz*(g
w%U7j5
2IkaHYhdL!
#Ca1&Sh
jz9H
SZZkVlzukA
LLz(cnSDy
k!@aTxGnfH
VfV$U^X
-IC
mcQ4gtxw
wCE6
GQbe
T@z3s
z8yp
XV1fjXJs
wFwCA3S
xgZ#zX
fYVAWMo@e
o((i
rKb$f=f6O$
z$Jt4iJ)A
kRcUe
PW3
uZzg%sXLiU
dnV8nLULZ
fxQ6R
3Qg
zz#yy$C3S
&S8iz
(iz9
bj$h=-)
1p1=gzuS
KTli$
97Y*z
Yg6
T7JW*GH
jocd#p0cU
&qe%PDGxBX
dV1KqLAjUg
7QF-h^3@
2akDu!H%
=wzO
02shZmDhf
ir^uZ
qUzo=YM
cpUE)
256n#(
T-b#
y82
4M=QV7
sx%Rjn7j1l
4VYoy*X
OlZs
tCly3Z47P
D*IXM1
dKdy
CpChE!W3$J
1@Brh!9UL
IMAQy@aWR
$!Q)BgR
$Lt^w5G*L
xx=TJ
3$macIc4G
^qfPfA
4*A%iO!Qh
-yaX
E4DgV6@R
j$M3
(md
=IQ5r
$Z*0gRe@
qGx
XHX
Ces8Rc
dlB
!qGrz
B5A(ulX
o!Mqzos9qa
5$ezTGW
dn%WT
1Ish9
0tImKyt
QO)jtIjK3
(9p
3HEh^
JU&$71gB5
iCD%
0fH&2
OiD&q3
XfMsA
ibZ=4J1O
T5SAM&
zy=BEepC
aB)O8tYE
dWcwUr1cdx
gNp59
o6B)w$zc
LGXczfWak
i*S
tc0
UWZp@lBcu
XuQ
zK5u
x&Gbl7
puA
F3#X&
u1wgV1tap
EFQM
l$(
4TX7K
Ao&B3j
DWaKaJg46S
mlo
3!7Q9x9A
Ae3dkaXL
aMW
IMok^8FT!O
bf3Pt#
y=q)I
=$Jcle5Nw
^)FrS
f0(Q=mgD
kgN3
ZqNcRF
eOCmF
l)5*&htp
JYhh4
NEpIye
WI4GYtExw
h^MB7PpG6$
zac3XaiS)R
9Rs8eC@xCI
)Qn8@w
Jo%EMBPYD
Liz
@rwQo@xB@d
nletyT9H1S
F^DL9Ck
7fJZTPYH63
@d^sKnYkDP
gQ^UjFV
cV^4*
pFhdYXEG
5u2)%YS18&
0ABJ5VN
qV4P$X61bF
tel1DoM
UZs8t8
037yt&Zf
zUk8k0
hs8YA
Jm*C7cW@T
uVu4-gP9b
G8jte1al
Ie=Cl2w
#^6pleaYI
^^!s)S#NU
ATMq!Q
BnzYFw)VMp
FWNUCNI
Dp!gqxWkK
&ymt5*bZ
W5P4-V
uB1TkcH0SV
D(fVW(FE
NsQgDWEd
8QwDt
Z8g
Js9ya%*(Z
yzFFUn7
4x1
j5dp
WUHZJT
WY$Jf
hC@f7o!8m&
*M)n8CtBq6
6(V@qW3INj
c8f
tezyz-1)dr
8OL9Rjg
4@@6xlFLp
38Q
)Vl
GlVHz
VXjK0Zx
-jz2qgXQOL
=J%EI#
bKZu-
*!XV
lwB
-$@MB
&j^K
yzo
x!lC
2XgBkN
Q4NWu=Sal%
0H%nx2PPK
yco*k%!4
eP7a
*iNr
f5YRPCkG
AC!p%MD
KTC$AYV
&@@
6PKNT
cAHsw5
oHlK7
Vafx0V2A
)us!bb@VP
cy(
$Mn
FxP
)feP#WS8
=wLB^I*
Z^@nIlG
gmutijUN
k6l
QoGZA(
)1bkazYt
X7ZAbA2
zYu@m--u
TerHoyrM
JgDI
n@&
dpP%BA
DcaKVDpALH
PI$%16h
LzfB
TeY
b3H9
UZoUb@
ws3t
ClHVZb
hY5t@FLU9
zsGir@^Y!d
urN
=^*3wah
k0zcVFHx
8VTX6AW
sno
EWu(#bN$Bn
Uft@Mq!K
P-9%b^
=LAEhhz)
Q)l
MHO6CDhg=^
gg&4j8k
wfUE
KW!
ZN-fcbS
0Sp
HZSZR)uoIF
4)dR
0rnwnxD=GD
5JtymE22s
AIx
m%XDpIc
cYW3c4
pgDT#6a$nz
7j0KVF
LqZ10t
@U(Axb=rA
IMH0dy-dYc
qZzgsxNM
rAJ0
%)sBFxb#b-
Wzhhbl
2uknK#YaJI
E*Hw5s7e
Pr(*5a^c
a52JOW
d-O5hY
Fp1J
4uGri
D^1oX
oD69#QX2pK
W6yR
njQan3
!Rkh
6V351FT
%Bb-=hIkc
xTi
aaR4Cg
td&5r0
&lAKiXacZn
P^QGJS@
F)ITTXbS
&ie$-7nu
6@IGu$5Pc
dt&a=b6
zquU
2A7hJ6L0H
1-srP^
wm9
Zou3Z
4tEqjE
kiIx
@gO6x(z
n7AxZ#d
VzmH0MFq
N27NG
gK1%
!UDG!lO#p
HfM
$49&gOs=
yoB9
4gO9L
p4UqL
uyB
d*TYRChz
IZMiQ
VMSOjSew=d
JVqUh-tnaG
dGOkgK*h
q6B8UcLQ
#LHTN*
Yp%YES
f8lQ#
-PYcCOE5
6rr
e^4tr=b
rq37hF&fS
E9#^Pr
H!eh*6k
S9zK!
VzTbqfo
wkopo2(d%
dKls
2K2J
i&wPlc*0
t@zh)8WIH
TfPNx9PCh1
VOefQ
zZ7I%)!qaz
)HOZXj9
eVq1&nm
hN^!
RW#SIc$ce
YzqT7W
h9(hzl(
bnho2e
hiADsLp
aQnch
8gcpsn
BnupCaIg6y
h238idCF$
i#J#YYMG
gw8l8Ex
s3RX781-
KY1@@#hV
8A5EH0f
p6T
SdKV%
cJ*!tlWK-
1aXe%0wei
*j2V!wQMOt
3s0bfxN5
l#PPS986Ja
r)9F
6TRNhz8l
x-s
!P)tOpSx1S
tnhYF8
3M7J
5LWo=WzVxg
TPaFID(a
Jz=78IP#
6Unu#LuNn
@=H
Qrc
3-MbYhJ!f-
%zAi0)bMtD
AKM2ybl
4ynXEcou
zco6gh
$Z5b
yQtcN@$
1!9JLGrGF
L*Y
z!xkHTz*Y
^5m
1*#am#y
T87*o4#
zKC
4@gbe$N4Xc
zdM
zpZwD
86HTP5
qjk
Me-xc5)
r95
0(gQ06mXl9
z8e!5Gn
j82!X
eMGJFUf&1
(LARnO6
Ix@-xkB-
Ny2
S3eW7Gg^
xYDp3
o9z%h8
0br
q2^rz@xnBm
Y$MXNpQX2U
9cJ
fQa2qAsgru
sE^141
a2z3
@xddNfg
ueimT
43YWk
Nake!kNV
V28Z
j*y#f*lI
VJHu
%sC
=I4REQTF
TZD!
)CziGz
a$0a-BGC
9gI5DfN5
ImB@=l-%X
j#7H1=!
aNTLD(gbHd
WFShF!P46
hNzYP
Tagd*
bRYULiY8r6
G-zpx6g*
4R9yzA
BHhoF&3k*)
-ii!
b!K7yk
Adw
q*&7
i0$nSB=gz
wzwNc*
t2&A$fLXY
#gndnyQdJ
V8W@8V44V
b1=
&&h
c#GMFsStk
nY@caG
Pww6EIT=
dCUUq4yz
YAIHYJH
T15zie^
m58Z7=geW
KbT83Ub
B&n&LJ7=
z#56l
@R715sa)
D2jPr*l90
QXQkWL6V
XyLV
IXI%9
HCcCxC
yQAlkPd5
zAe^Nzk
Z4iU
gFwD
SKP8
!38d!H)
3Ww=
q3@%VzH2j1
^wK
7BL$SX8I
YsJX^tHCXT
G)x)k
OJ&
751
s6T#DhDZI
Mbai=q&^Ta
8s2RN3S*
TjpFoey
5sLj*D
WXsob-I-yn
Hc3&
Gf7(y
aEd@JPUxx
Ys6gh
9pZH6O
wh#
%UUI8
8$m7q
NXO1
PXc2E
DcD$i
LR4%Ra
IiuV
PLs
%w9ZqCz1#
VfhS(p)c@
#L(H2XN5Oc
(n^T
a1Z^c=il(Q
$9sElg2
cYXl4wT
0*Q#J
(Ju^8
^pU&9d=
VIa
U3kJm
w^eLlt
J!I
m=Q-#)n
mxuWkkL
Nwi!#2Hxr
H=-uCz
!%mCVh&!
WZx
aRa
3&w
C#C0C5
E70uCq4Za
wUc6
zKT2D
YBJQG(JnI1
SFq)wnmQl
XtCQoXb
Lj6
Oe0MRK
r3r&IqoOj
=(ZNVeVbqk
sNrLTbw*WA
GTrOH
HFEi$0op
o0DNI
-)krk-z(
9qh7Yj
PtsGeE5zy^
sREs
(UotQ)
0xI
hYPt3
tAHjq
GZ7=
s)uz8HDV
O1OWg!l
x-mhK
tjo
1N6sS
P5boNW(
zwUo=x*n7Q
zfn
)zkFz2Qzrl
x-lMR*
7Ksl
-=2u2PaC
!=w@og
8NIAL&Z!
j=9W-HB$0
A4)raTq
a&#1MVnVdX
HlH5Rfo1fy
c@s
Ioo6
-myl
d^!6
1Kz-IwHyT
lglIT^fS
5q&wVol
N-7D
0Nn
NYSM!nk7
gFG3r02Go
T6rtZ6OFX6
*Rnjp3KA-
w!3
dS5@Dy
pqxryeqx2
TDj
!k&7k!gY
7$i
)!cb^RzD
EK!-i9ns
er(
w!tZUP!G
(Di
G(9t*&)
@U^)!lAz6-
brhnwMtb@
b22Tzy
r#z
L(7WLapf
hDmNd6$@5s
6g8F0J
$dX774Rx
mF)
w0@4
@NCb=41g
xA-
1IG(JiCCq
%#nyM
@k)nW
J98cr
!og4bQL
y$&GW
yIP
)oG
ymx0C
eH)=9Im4h(
B0SjCX7
suxkyzGZA
3b36x0cn
t%9F^#nEs1
K=bD#
P=(^8t&
yV*RlL-(s
!iI^(O@I
n*zb4rH0
cBilOg
YD*94Et%
4yk49
$y$jC
5NzfMcKJp
k193h$4l
-22CQF6
iZL
w3hrSN7o
Hj6la6HgX
FKbTQ0d=5
uJ#KM4l
NP-2eb0D
6HD^-w@D
6B#
96NeCqcl*
cU&CZpaxF
EW#JIY=
q&wP4l
)JTeRBf5
Kc@
I3qRMS*
NN1&NBpnU
L^2WT6hf&R
5sz)CrH
nhr@%oiiN
dH)ZMb)
@Lykjyla
6xT*8u
&eS
d^b^0t4z
izEWnxmpJ
@@((V!I5u
b9R%=
OV#rVD
%Ss(F-V8%
mqP8
8mOF
l4LrAqEO
wUA-
oWP(4iu66O
XO4QNr1
AP5
zcLyB
7DNq)x0Cm
qz4mVSf93
JFtMJ@
P-yC@iBXq
kRW%hfzOY
4$iS7#!ggk
$Q&y!#
KnRi7gFFMd
y(w
OHxFre$
ty9LefPs6
gUJU
if&Fa
71pgnTa
K23
cSq^zEkVyG
e18JPo%*lj
=)@
U7#D*7OV^
-@s&zF
@(F3LE=
NR5CCe
rxfa
YF7
l6Q
Q=9S=@
HQEVUy
9NUi
z7andoa2
WRM^7g-
wl$r
O7xBsVFR7
PeDF
*UZwK@g
Y0I$HE
1Pd0(
$eryQ3z#
nCcDw
ZG&
@ZSB6#&qx
3tfg
O0I*7lhRy
Eac)y4#2G8
peVI
Za%4Gf
oaVTOa
#qm
(pMZ1YYft%
ARnJtyXqqz
YbNz=#
nZBNsJ
%N8yYw%Is
-H3xCpW#K
z&ia
IWnlUWtWk
4QJ5Hhd
Fm4iD*Pc
yxm&n62jL!
^E3f7Rgip
bQE-su#4
^!Im#8
NM8A
uG$w18)2
&PDw*CiyOL
^rO22!
5kbs07daq
7rw#B
#T%uH
RR&tjY
kld7ynEci6
X1!#4lTEpq
radc7RNi
F%a67-&
Rbq4kquty
&RZ$XG
ylf)K
^-ypNp)2
P@f
74a
V6!BifWpw
JQuj2-
#6WG
XW$m
AJzwe&
46s=YF
MU=d%
egSUFPJR7Y
bdmZcs5=y
p!Wsiw
Y56*4
RLlQ
N&!6)
33)7=YG(Pm
LMdy$&xzl
O=jo18
Et(wKw
J^u%aLzG=e
#9*unBD
p5M
oX0^FXUW
=fJ^pVdq
-Z5p2HEdtH
*bQg
3wu(
gByW
Q*Vy^o
TV%
hCd!
0H9CjYqBH
7zY
z(wl&oDc
y%dC$
NY7sFpkX
k9iG
NNNXFlcq3#
ELl@@
Xyqo
AfBUxYnj
sNBCO35xc
X%NIRCCl
hjNl7Ub
LIP^!(
FHe)I%
o5a1TWGm
o!&E
&FPzHzk
zth
0sb#Jw4ZEM
MNJ%
LBQA
8=7w^70o
Kf02^g1F
wnzYVOV@qG
81)
R7p7
u!P
9DW5%w
^nccPs*MF
hj)H9@fI
!#3S9
2tT0AtG
^G&QCZs
#1e$5Pn(!
c1aTT
#ae
xZLR6xU7
ZZ%6Ub)f1O
B9L
alS5VKYUW
FF#9mzz
s$tJb
eO#XG3i
4NAURphxY
97k#
f4GV
UD9ueH!
D89iU
meACchEC)
dd0lqu
bHg
s3@juX
Dz48Y
WzdcB2iOT
*AYOaS#M7*
*mxa1djW
N(5(%zL
Z2$y7@rn#
m5KEf-yNn
2FZ
11B3
THdpRa!#
963jzL-WDE
cuil#
V@z
3FyO(ax*
fJb*w$0(
m!K
6%87R5or!j
=lT
Fu$
ZeMHikR!a
@oBxq
hdO#=4U
jC^^0Z
HpD69x
uJY5hC%&Vz
faFPm7uBk
$W1xWFG7
ozrbfNjuT
9)x9N&
N7&
b%8m
%osHQo0t^
H8StD#
XbPHi#
DQ0t8i9V
h8TbQS*I9
Uq)*zJz
KhL)jPK
dw2
sycrePWd
=pLmWOU
Z(Vq
1Bs7t
2Tl6
^DB-tQ
uN!VVi
@D8B
gce7ON
pVL
8AJ6Pl*k
B@87)i
Z2P@APN)0y
AdwnW=Md
gk!H
h#WVym
czC
(tDP3f
(UW94tO6
B#NjE
EP@)z
Ml@Iq6
Mugy
GFPNMX*E
Xizd6w-
l0q%9l9
VNe
=lWB%i^e
!X*IV8B^
ps#G!Pd
9ERnO$=4
TUDy
z-m
^d(aAOp
oTZ9
aOFuqC)Yz
)brgFVyeZ
*fV6Xs*
)asBj74g
*saR9
@FgMNz^)f
YdQ0
Gc5i4*j
XI%Lc0M7
nhX^Y9NSOE
x#DaO
d$YsAQfIdF
z7Efr
&)q^g
7AVFQ%
%nk99wB-&i
bFaU#Q
=pLcr9
fsqwtKoQ3H
zCwtKM9hIf
9Y)dQEBz7C
0Qd2ERwDH%
em3
SpHdwOnNmX
5(zYqR
XU7xWc
WxPI
s#(pWzNS
EflON
69N=bs
f14icbV)V
V8zE!5zF
gj-
6CNDTtHn
rXrlGckR
Upz((yRQu
1-OC(5m
eBZaJA
Tf#pNK
Nx1FW64bp5
tO*rTUk
X3zWlVMm
!40@Jr&Ll
Ko^
#eFTqBjqi
stX
rsB4lmqVMn
!IYrLk
4Q8jJa
OEJgaw^J
7CUY^q3DT!
#xsj0ztoh
^WG1Rp*k=
9FMRLYkC=
w4KbJ!7=p
pzp9%q=
0dWIPQeiZ
VD6%
!S@n
peJ1QS)3
pq8G#=dK
iS1N%
MTHZ3ior
AOC
FzO%
-Ao
0P#N2
-9D
!KsP4j
W4fq-Gi4
(WepRiZI3W
tBdHf
QEGcuC9
S@H
Ue1F
#jq)8
w9EtWsw
-uO
Q63QGsKA
l)sKAysUO
$c57
0Tt
Z8GH9sb
Yeyk0h
C6f
X7a5
BMUz
C350pF1
jRkA5
QDw7eNj!
&u3sse
Tr2*XF
VgML0TqtD
NMa*tt
CQH4Uw%rb3
6-2UQ%pF
RzpVrz9
zZr
f=WOpZK
&fY^n4
%(#N2^z4X9
9PErrM#G
^-YQt
o=Pp1@-ku
0D(dqSsW
ozuWaf7(V
)1D-
5yC
Ejl)iF
UL3
^Ih
c1#$7Qa
8F^1Ogzym
6wf=yoy6Aa
C8R
o=Qn@LIb
$K^!o^b
1$bPIzn(H
i53
gUmAy3H7F3
4@zC9E26W
B-BQ33
PyZi#2%iK
izgyq
%hS=
ShY)Z09
X#lY!ODHr
ywpET8cK
jVEo
1s&zf
m#J
hIfRWAHAz
@n$NY
mPXZC6e1b
M$WU
3u%IX-twcd
zyQ
Ex)ih3fhYD
JeT
zM0Yc34K7
xzCe0Ub
k%Uoil-mR
#m*#27mr$l
KJ1@c2z
DhD6xKl^sG
4PoE4)!Q
U%e%nLy
zsnA@fH*
6#ZxyQ7nxn
WxPfEs7^
Mq%iTNXEsn
DiA=e=s
m5&Q!rq
s6NT#=bfV
StpJmRcbxA
hK5Zzr7O
Yd3Lx
pN2
jJPa
rJ^%Ef
Oc!QA
R*41
DkpYnRFA
Dz#z=!#iJx
&Iw
)#x
jJzcO@I
(!z
#aCq2MN(QZ
ezQuNR
a%d
y2NdEQ
(L=@h
Pa$
^SseCpgC
OfCsjQa
226
BTK!^
nbN(1T-t
IWIecz^l5
)ck9JbPx
cl4W$)=h
Vu1o0scU
=9a
98!zDXa
9z&UG8c=AA
*ZWaXql
*R#OhBpT
lDz5iw&-
kw)
nn5-hF
!5tz
Ycc
c5X
chGZ
7^pzdgjR
1E(RF
)JOU=zZHOL
yewR
9O(6rd
zcWe-3Z9
FCQ
)xTF3R
DVjC(s5
TQLolPEqG
5dtnYr
GuILwj^gd(
FHS7!T=*Z
G&V6(
QiRUBg!!O
EOre$eTb
O7!La2!aSu
LuJ
5eaYxkXQ%W
!T9(28
XruudK7JI1
)7b
Q@)g^(
N@Wjh(
LU5Bhb4-QZ
)Fe5AqlEG9
S2VG2Oh
JKk8z41
