TU5j
K)3h
2Tp
lqVlAjX^
eXT=EwTHR
3EK
p%S#
Ps^4WHPC0
Oxu0
rZC
*Gce-
&L(
NJ#7jlO
5hyOaDwnT
&-Gdk1alJ
XCMB3Z
=LW
LmBpyz
OuD9
lWIR66SW
*#Bu
4kNV
9xD@xo
AUhyg
WKP6=6Z7pu
)*hwx
YGzyi
zkNy3z%
E8E*mcrYz
c5jlFOWLh
7e2kzY
pLulME
RjENPN
5qFJ8
C9ABmNxS
z1BzOwI
5c1EkBS
j-pM
YMl
z9!
Kwf!aGx
xWfK1X$
Sfy
Matd3
uaHh&9=p&
y)Dlk
O=X@9
DsrmCA(
7)dcNwt9J
*QiK6xWk
qF&z
(S@#yjJ
Qhan%m4cx
cLu5SPu#
SlT^eLpn@s
)Tof6ZV4
UYE#VbRKw
^$zZ*9!r
dFx18$
3DN0
uH&XoO
lIk2gr
-3CCM(ua
rFy(&9h
Yf#
tlN)acKDgj
tnagCoO5
eHY81$d
5^3f=@
flKzb&TS4T
y5YpA8PF
AZhkD
VmwW7DA
c9=u-
AT75zX
$Tqxp
f^^N=b&Xp
feL
Y^zGF=
Sf-
Qhowzd4!Jb
%hZ
Pnl)
By(%
tit1
axRzo
hCM)hoIq
px$jkAJ
GZdeY
7wL1^5
yjWG3R8
%J@W=
fc$V@mjHgW
)%9Z
EcYt0236qC
oY%
-*M8Ykk7
LhKR
y6kwzgmMAo
0G#=mC#6
&FY
yYNTB
z45
!LeI=zi-
CKV7
D-=^rcGr
u)G
jfHO@tz
C(ygg3RkVh
H#T
E2TJwSJ
HZXn2zW
t5VK
&cl2$C4$0
qbHc41*
dzrLdgRhS
7*IUhU
HR&dB-R
Hej=muE!
@Q3c
jabStF5
OQIVh3#
62Cq
Yld
ojk%
DP4E
dNT
CZDn
AP%Xz-=
A(JIQ5aj
7-5gx
-f4*q*N24@
VB=)2
1Ii
$9o(Sx7
#0N
2)wV=Fn9iy
fEOc7oz%
drxtaTULo
sJKXq
s7=f&05d
RZDJy!*3CW
KQEt6R@P9W
p!#yZXdp
nxw7hSP
!sKFFY9)I
$zkju
@ozN6P
DeZF9!
whI@uzSxAw
AtZ#MpKP
y0f3dF(i
8i)#*D
7L)zrU9gLe
xqUnqm1
-%mNUGn9R
h!-f
DSP%-%UEt&
!Zt3@4g
A*0N
tpz0OmdWq
pYhic1!rp
IQG^
2yeGooky
S@ZNzzQ9
sA4NKG
5Cscd^e
mFnT!M
ZTUe%TYht
!x2I
xtF
0Lw7kH&
Kd2)
xSgpu
ZKs2KzNe*2
xgTC7
IP*#Rd=2e#
wDEV#3@=
aXR
3S#!yy
x8*MX
KZ&(m
@&6z#9
b6*zZz$
Va4gK9
1d4q*
t6yyn
sci
-w-JBlWdSe
@HPwmP&k
EeDZMiobh9
i(fJ
xE^Y
5NiQLWUh5*
Qr3
JA6#BxXcrZ
ERm#JF-iNw
X1l
*1*Ktj^6#s
WoNS=
I-*MRj4
N!Ho5
Kx6#)D!
9Jww
uLl!@OhH
gfhz!@yr
klEJrW
YBnoW2@
4)f3
kNOT%sx^9-
6KO!rIk
4EQb71Vf8
9DJ
J8N2Yd
TZ)ruibgC9
moaXwF9
C6K
e91a8c#Q
Y#zB
%p2cVG%L#n
Hfe4N
hDSc9p
5zG@CotnPZ
D^Q
)G=i-mcm3
y0T=PiB8Wh
Bnzz4
VH^TpR
Cg9f^^*x2
ztth4j(WNC
K93pT
l=gAW)pKC
7MEe5*H
ALNDDi
!DzgfuN
JVWkH
Vwz$o6
ICxdObJ
P!$NoAaE9d
q(dz*
qrzCue#i
1LpR
&-#
Ql^Wz)rjh8
(%!3i
cMls73Z28
a)5J$
$8^-2sHc2
i&ZVn
Qs2GDe-V&
=G%6
wFy
4sKDUr1qO
uTHf70Yry!
zmAUkPq-HA
3yNHSVj9IY
0k#1kuo
4TWuc^V
W@dn&-
Dp3g4oa(-=
jSR3
%REfVj
hECW
l0TS2E1
Pgex
%EP
2ryC
wL7AXtBE
(fLQ
x5JJJIt
KVO@0nxq$3
jWRI%
g*LWiLX2
VBUdbxt
(@04Ot
xMXe0JJI
xVkh&s
6hC^)nysL9
BHI-B31
Q@UncS
l0@wTT
6AWfV1
eYLa#tEc
o7T3
xP1d9Q
wFoy
NVKEgqm
N7^EsFF#q
Ylir1&^d
fzE9TOda(R
@ex-
8o-T8a
lu(xTY!%w
ysq#RhGJ6
VPJc6IDMah
K9e5BR&
ny*EPz)0$
TlfhlW6H
9EQwJ#
1StmKXCZ
zaxLlTKB
z0l3)kzOf
Y^6XNMGIS
&uR2r
ilbQ6
gr)b
Ncl
1IS-1F
k^tnso
%fBoq*
Uhoe
o9=yR
SytRU
mCg19^z9#5
p5k2n)l
muF7gHQk
dWex
n#(!@)L
%bn44K$g
5xzLBtq
O%-q
t=7GqN
zd&=
=xRE
NfferIpp
Bq!z3Ui
H#VtC$q
WJ3T=rpd
bRq)cGyfS
)%t
YdG5#B2Te
l@ctE0c7
zS)8sz6
MYQl&VGlk
%o5D)M7j!
m9@=Wgur
XK2Hf
h%#
9eIw@TN
w1glz
GKGE0
FoHpT$bn
-wZ98u39j
8AE&))zeAW
D!Ab8
oi)JfJ
gw(&nb
dEtLXz
T=W6tj-*
F^3I!5T5re
Lh@nk
89=f
=6g5sK3nUp
zzz-1a@X
8Vx9Ry
k-f%HGzq-O
uAPV2HV
Aq0
Yl2
f$Oy5U^
qeZ3VErbT
B^KI2by
d@fC
-qH
ht0Dnw
x4nqBCM%-
CJ4eZ$DS
9Hu
q#18
SlkR0q)
8eOaW
z^m!g6Qgs
yKM4X
OH^o*LZT
o2w9
Ark
STjGfJ
Oq6$
%x$Mg
DM0B
0zGJ2
kWjXVDfFg5
HeYfny
nK)wDzOfdY
5^bz%
LWHm
5MxB
9l)$VibnDl
#bKW3Wqt*G
Mfp5e
8asD
@yhFazrXQ8
IdD3US
6oo
7RW-
thOJo9zRr
jqbeaeJykL
t4242!ge@M
(kPE4e
P2cac
8U6
Gpmw&
1s8nKT
c!lH
oxUxpW
HUlX8IWNtD
lYwcc98(j
#x$Ee
JNxoAgej
SE92rkJ
^T(n(s7K
bgOLKUXQ
Q4K#
9y47RqTB
u4SG=c%Et
3shQS^m=N
2*nOSB1ena
xmRH(x&m
xAKSp&Y
D%#ax0
CMYg
=p8f!Qa9
PLC66Po
JAikzMIV
y3r%#Qm!o4
S(1I
Wf!RJCZDrP
M!L
o@)KJi8jfB
L=yN
I7K
L=0x
3OSJ2l-%S
loW9Ba7dlu
MY$mJz
@HWHI4
y@gzXYcok
wih-wk$M
GTaw&^F0EC
@VSm)xI(
!%&0
Kt!OZ
m&z-
yg4=^E
f!sOzYLl
07Y4Ppz
nWywX(yKc
Tcq
nuXiHj%^9
HgyI
54yT&z1
Z#d-
DLz-
CjOsoGP$=
-J^z
24#u
be(5H
ZA7Ly%0a
UMhG!PsDf
sBD)HDE-
b@#Yo7-M
RuCK3XS#%f
HzoF&(Ru
ucaI9&
tOiVnz%
7RDl
c57
VsPP0PdLj
LYqlz-d
=Uwu
zMNj5YME0B
3on
3bVM
Z(q=LMQ*f
-=X-q
NDh
-phE0N0JuS
5ArfHFzd4j
oAz%SVS
7Cn!8Kz@#I
=(DUr(p
=EVMx$1xsG
wltzT^
WtcX
J*AY@efR
-*^CnP0os
wwXHRE!7Z
uY8Q
N)939
*d13udQ2Y
Empz
Tkyql%o5=
YfU8kK
4Our5u9
ot61!inW%
4FOG=RL
CbAR
p&wxhhzo7z
RehjHo)K
oJMq1x4P
EDmY6W2rD
#u=@2xz$U
st#
#$TGVzjuA-
pl3-
8Bj
XUyGs5($K
w=x
x@YzT9U
J1mEHaGU
ccrH
@i356t
MRjD5E
LfP@poI-Yq
BkK-QKqw
qPXwq-QA=b
d^B7CZ5
2Zl)JA7z$1
W=IZ$7CO
diJ7Ihb9
*W^R2VztfC
bVKi
bae!n
0E@q
Q*CU
*klig)M
lP0H&y
V59QD
gm8hLHq*M
Jj32GZI
7=XaW
BYE9dI
Poc6
dP(
cEwu7
iGCXzmuw
@#@u
hlP
LcV#z
zUh
epFJom@)=s
scVD
0Kh
S1IsTx(pAz
t(T
ncRXtc4x
gsBCC
hUhuq63
9pBg
5ly*zeu41C
Xts
rESDj
IDELdIzw
I-*6H
&yMXq4n
eOr53Hew
zMU(*B#FI
Vz!a8L
euA
c$hCrF0OpF
bnm!hzPBgn
dcb
ei#UChh
sboP2jFZM)
=K4JQJbPGW
M38zz44%
tT7ZzB#*zI
RyywM
0&P
#YUL(n
)E4QOo!dnR
8cmSM
YwRS
Sb%nVkEm7C
A4SbY(Qi
s%7#6B
J00)-
sMWZfAquS
4j-
kDule)k$
6SNfp
jb0LtJt6WL
h^^PsxR
a!!9$)Mzh
ywgs0jsS
*pM
Ot=(o=c$iJ
tu%
MdD(
Ub#n
feL=ZPly3p
0njx6z!(
JIZ5ZAMOm
&Hf^5
4HHtJw
6D%
$IwaJjjUfr
itpt2J4=#(
QAdxMT)nI
w0M
ziprUC%jJ
lzump
TAc^
t@AXZoQh
6kzqJ0HJ
y9J
sdY
0bPFCS0DGm
chf%hOi&t
XNze
13s$7
cC3wi8b
bkaD56!9K^
xo6
dp2zc@7gO
^bOrT3or
ATYd
1b@SNf8!dZ
mRDS
zE5OJ$J6=
=znj
-qnz
zQOJN)KP5S
^xC
yt=*
%fh
=QEOY
k4W1*
TcqXVtJP8y
fhKj
J#r(F8EnTl
W0j!U=
WiaHze
fhe^WpTYV
3IWT(
eOw7^0y
P#57Ez^CK
D5zeKVFOx
^hFV
Y%D*A
@i24nAi$^
ew-G7buzqz
BY=
F@e
B$U
MUB
@KX(45#qn
JwEoC
j^rw%nK(
mTb
zLAI=q5
Qa5Cc8
)eAk*
b09$#
8Jy
$FU
u^AdQ
slEwze
)3CL
%OD)
Rb)AL
l%M
c(o1
q)!
c383Jc
)h)%
zWq
Q!ecL
zK=6%5LiAD
T1^nz
!EuJuFoLZ
2G&PY5HiVI
^EOcbDs
Wj9aFVtI
Iksxawol
LfLQDPi$
%kgUh6qrLz
oH3W8
MD0N
5GlXqP@V
V3040S$!
!OK0g-
lfOO
OzG2Jt
XPs
GgrOIM5
!1R$h#9eP
8jdJPZly(
1Ct
lDNLg
V3MBZqg5
QGC&DpN%!
R31
0ulC(J(
Lyq5C&x!
ekp
T-z*YM(
#%H(#
!p0=
2tkjb%dcP
zjrhU4dEB
K!e
fNz1-*Vu
q@7AYP7$c!
tXL5)6gCIK
A*(#Pbae
8n@TW8Jt
8SE
UCMGQ!
9D-(un4Jf
SsfVgCKJ
J$H72nycm
)C2!sZ
3KnS#
TjT&
rsm
0N^u06=7O
K1!YrdwZf
CGtHGZk
g^0K
$C^
nFSp4F
UPF%)PVZJ=
AF0*&Frxc
EtdmnqoIcL
Tm(
$8r#Bp&tCq
wl3TY
tFbU8@iM
QSH!M0
rbAWPF6
pER6N-V
*iULtbk^
k*V^t$Y&Hj
^KPJUGF
nKC
*a8Wr(
Wq3LEHnN*
&Bi
*pE1
FSX%PXHmn
VZEns
iwhfOeT
OS2Jrmfi^
6fRQ
Fc1
P*wio
rLDmoCK4
zMowqoG
#-j7#m9I)
sgj
p5SSY*=D8U
lIw@azDEa
5ktJ@10
R!@aHPq
4zSpCDF9T(
qF&V
#(7ln
Q)j
yBN
*gq(cgyZh
nq!
Uz%E(1Jp
c0Yp
^mD*EzbTg
^m$&
OeWMzUU
=!^OBZ
I!8CToD
)5)LO8=&r
kp&
^Mi
6)uz8(Rk3f
XVM7JjcgL
0FI)!W#m
H2$9V6^
IzhJdSzF
snw
ohDSYfdf@
DVjXEt
o#5C
%qOwhqsONe
%3EbpF2-i
zb4CUA5
BjjTA(
YaL*p
KCjg
ePg
JjMO)me
mkTV
FqHiG5u%
kd(kz$
FkV
20lD=
)%Z$izSwy
5@h-Wd
V1h)M87
D(U
Q@UJB4Jw^
gG8VJ
)^JG4I5%
z&%
x-Cy
sZESYVU@9
w7@
#2OW
M1CyjeWWkj
ad@t!Yr
Lqxk
EyS8M
db$
YbpiA%xmB
5)W
PusIF6)Ez
nNmDy%
2^3&BuTeo^
3bqQX0z$G
)r9%3
@yh
HGIT3S
!(Ex
2lQBjW
KVS
N4yA^=l
X4bA
SAtEt=4CD
1rBS(
*6-BT8y
NIwe
@1R#C
#o*z2oTM
L9cxM
tyZg0h
7i-xgwu1
nRHY*
Q%-G-$
(1IbukC
7)FJW=C9
nyw#
cFji%-4x
M#k3r
WDeir4U0I1
quJe@3BG
Gl3LC
*QgC&!Y22
^PBWDk4-
cCkfG4-8D
SWOB0G)!
UajqzIyE
EiPlHFWE8x
$VIU3I=V
Zaxs5
kWMWIwlzb9
64JtZWNLQ$
FYc3R%
JUAZ*o
)NVG9zJ*
7cPls!xbs
gwxJ@0w
6DbzYw
^8hjTuEaY
#H7HzZGp
x14XTm
Cl#0p#601
HU=mlS366G
Uel9j
LQl*=Tu
@llk
-CF8Ee
=YSRl9!LZ
eEc86
=Uo
F9XNS
Cqy
Vph^
n=pfXHu2d
YMXKA=TtPN
5Uj9RyC
z=o3%mH
IFedpT4YZ
44OaNbo
a^%
E&sjsbdB
k9hAt4o
GVzozEm
ZZ&LK0Rag3
%FBARXbFpl
6Ppa@zG
niUN@t4R7O
$wT
eYPD!1d
07SSiQ
*)8eGoV
)w55=
QAlOBsr
^OlF(mgO%7
RDr2x0
YKtV&zz4(h
#Yfh&^Y
-cautMpDtZ
7Mo4=MrHtK
MREd(UHxjw
zqY
N=1cld
FTF2
#DNYeIjPXY
i1jbxykI
PNh*
Jkz@ztz^o
EJb
WsHNeRQQOz
=ra
nwBz
mLyXf
R1GT*
A3zNbku
cbE#*-f
#019J
2fFIX#HH
JgnGz
oP@=8%OY
FCO-@6wT@
bxXUXhjesf
KoUwE%jLSM
eEaoRlC
hd6
%@#zC#
zPz8
jXzR7NK)
A-VWFhk-
*WScghB
2J1fVAzf&
ywoZi
ftt5
K-2^)$Y
0(-%9
N@y4h%DS
q&-PsBJDS
Y8&UH6
lJbuJg
GTT1stT
Wot
VuZR
c$L
zbSzw
i9Em9
6TL=IXP8J^
Sl@y
n97
NqyF&K
)VE
jueaTz%z
(-X
2Trr
mlNFIgC
K4jJD
o71%
K3#iOX=b#c
6T0ocBRqO
o6DT5$mu
*XTOxJ0N
fgyf1E#TG
!IJsK
joP6c--
aYmceZ
==SS%d
Ecu7c8BQzD
P@6Wk*(s
Q3zZBz7uzG
EKmP
sF9oa#i
%IHTWA&OuK
&Y9E2q3
A6ZLT
JqUk8*
csdo
NJe2Y
)2jte@
t(x
C4b8IKs6
SprI^
DE!p7n
=mGQUT6)lf
AV=j8x
QBIbD*@%
XJjeb&
5EI97Le
nw*aP(iY
kdT=sWI&x
ozGLmG2
I4f8-
F=jrb
3&9xZCO
t8gk4PVY
$u!oX6t96
ln)Ks=ttyK
Bp7S)M
eHQF8
68H8
2XVh
*HBNE
zOi3G0
)D6e428B
*9FPpoeS!
&M23bS
XN@O1B
rrI=jg6
@suFBTFO0X
HdXF)
(K!
yzeWB51J
qWjV
pJg=P0E
73(yw$)p=c
Bk1iWX
JkjL
)z#6PX3bq
a^ypoo^PQ
9ab(q5l^g
B#^Bj
bauE
JC6cG
odiLz8)
NAeo4$qR
$y-BouOKz
FCo2r%
!*5Am&k
k-lgl
&KEXIrr&I
wj8Wk!xDfn
XGI9Eu%x
d@791
kaz1-PG
(0SF7*
W@3BB5c
9Im@
4tW#@
Y*h&oy
$n8
gJpQ^sf
D0eeg
(ztgXdC
J3&VstFj
F(IgnggD
#hqJElpi2u
WK^dHE2
WSp@6hwFUj
b!XGcZ1HUm
$IzlZn1
dgD
-6DNh&jj
JBzR
a!RwV#XmG
QH1H
z%k
KMSVD%
Q=FH5BWf
5QwU3l^
M@x&p
ncUp((=q
R&%f=(O
4%1dTP
Y4H$3
b1AIl2l
12YI(0)N&(
JCfVJ2
oWVdTIm%35
$TE%H#Aa
arh
Dta7@AtV
U=X4$F(3-$
53O
7Uap6E
$FB8C@^
CiE
-rzuq
O!zAF%8AH
dcdVH(7Tkq
FVx3a
N&=^
MrJPd-2H#
FuRzkJKL
7rdLt)
fErB
ZZGF
GIO8x61
MwT
m%rFh5Cukg
)NI-l
5CUsq
kOhE=6HW-y
*9tDSE3
Kxz9Wclne
qn7t9^P
Vzw30
qtdd@b
=pz
ge2^5d9=
RD@1f=(lR
FrQQ
WoT
k=$G-m
#Ny)q
=mPSLynye
c*crKH
slqCIXuktq
!=Hl!HoA@
bsPekC
e#ytb0rin5
IhhH
3s7R^%Dxt4
f&6
gbG2BHmM
U#D0ff
gB!$FxJp
VEm-6U
y-trDGq5S
A2YS@
EZ7bw
McKspu#1^O
W8Hhcgfup#
wofC4&
E7DZ
HO-d
NRGxcW^Ma
HLn2@esd
#99#RlA
*Gn
wx8
1U7XpN-
GMHHOeEo
&CjN
bFjzDzHCue
sjgK8FyKj=
H&5temIL
ZnGtbtNd
#hS
XS81=jO
saPDK&$9U&
PQ#UnMg
0JpC
mTb!Zmn2h
IJZ(U0=QYg
gx9$
9lGyykqEh
9E%
qUM
-tTOHWZ
aQztKX#
hh8ri*LmRx
dz(g5xQq
=^PQF
eZxOSGe
9kLi1
)ZSLO!dqPB
EceF
dtQhoj
3rL*
AN^Nr
EORO=zDUz=
TQU!FCP
rqa
j3YOx
Vsjk37c5K!
cFNg-2O
No==WIOQOa
FET
URQOd%jYx-
&q$qCM^V3
qxE(8
Q*RmjAKz
M%M$@js5
umA%
3BO
jnT
Ixz
#YCYIEI
oZTSo!f^a5
FIc
y1UlzWdqGl
XG4uoZi
X3Vsb4
=W8GC&0Gx
cl!gHECw
sLwh38FH
@qpSBL0SQ
$7)1wz
aL3mW6q(*G
F!9I%X$
*1k9f
IpOC
5j3NzdlF^@
0aVB
mh8^%
Hkjgx
-rEo*
(uzbK
QQe@
(qDshLX
%787M
lEo9Xy8z@t
7DNExES
AmREu
hTnl5I
xm4fG2t=E
!UzkaFAB
V(ml*8t7KV
4*0Ww5
RT&
WU7NMkPk
0c5&uNm5k
=Vaczl4
c6-mlAFPM
SIr==@hS
a0WsOBE
7)4
RQIey3h
%yk%=eiU@
*2iVZ
9yS58Zh!f*
i$MaG0O
Z%1Kh
4jNiR@
Wrjwr&N9*
7i8
Emzali
Hw%
i$c51MJqcj
j&3
oEF3t
tYBu8ZUP
XLEQN$P-h
V3!S6
VjszHZ
falsW
nbWN(q%LJ
S2-W!L(eqd
)RE
Z--0go
S5dfkkB
=z=Xs
VK09^mug6
agyDy
gDK0
4eeTsml$
FqOraYI
11B1)qj
tjjO*$8p#
2Y*1NGZ8uE
d5j)
wlC-yb
KhdW2Kocy#
2NXSVL3qU0
aB1
mCKidTad
l!yQ)KL^T
=DzmVLHR
qMOP
W8j
n(knH
H^Qd2Xj
b4R#6Sp$uw
rQg*9mB
5a)rNwoh!Q
y64)a4QLV
MrQ
2$7IzUAQRm
B1LDm1=c
!o#p@B^H
p0s-XwT=
Lrf5h2ko
spSh
Jw$!uOQp
byWl5DIG@
tNjjZ
RJOLM
uZ8DV(a
CG2Vt8I
=kPX
iAM(kOq
^!(Uds0eX
I6GGV2
uK#ry0i
Bbk7ja8Zh
%D=&#izp
EZpV$@OOG=
8So@=
ScTf9m*7
pnk
hUid
XjGYXu
hVKd$
fPd656
Rplyj
$MIf01z
t1w23
(XNJbp0tAK
EnJ*2
6$VgA8)
xF2u@
4m(
)gZZh^DA)E
-)zk2q9yK(
5%DZ^FEVuU
Ri(WW#Hq(Y
$q!X4S0a
7XF!wi
mo!wYZ
F-@Nr
JDh@(r
1iG1X
oRK
U4G
decG
yVx6#5
^!Q%
SeTJqt-
@zEi
0SV
s8^uXzz#(o
lNA$Y@A$RD
W9Z)
NykPTWPt
clgZ5g)HV
9*Jn
M!s#I-l(
g!8FQf^-
d8HEYe9
cWbt
Mbjo(#O@
)U3pTN=n
7zN*V
Cw0mUQup(2
VpV
Tohw!1@Jl
R%67C4Gk
5$i0
br0
qkePNDr6i
=IDPuVBo
hm)G
x2mt1uSjdP
zjnn6o%
zKmU!
Hgqt=B0Jjs
f2CrL
lOs
Uf1s^
lKiqG
KtpVTya4L
QZ0yDRj4^
lNw-
Syz
8pL^Y*AMO
HpKzbRB7$5
(n1LqjKG2z
TdQS79S1
D-cg*
7cd66axSz
*mT1br
TfG9K
8cm-8
Y$9!M
JZJldEg7
@Y!ARnrW
&EPBtiGp
MI7mN
q38f*g
7B-QtA
^@S0QGNQ
1rB4w
E30QdGkGgN
ZUp1Ahezg
U7%r)U5
ik&VHBzD
OGGW
L=u
B8P93sI(T
e0yrYD
K4z
QY$2Fsm7C
h$b(V
wo2X
Q#u2H7&8D
GL7s
xZPxM^a5tR
wDX6d
C!23%
C#Bl$kR
f(7CVZgO
A5i
TJ8uJ%2y
fU1(7a7yqa
Q$s&P1W8w
Ydp
J6HQt3oIY6
FSK-jGzb
4Ml
EE)dhQ!-o5
o83P6QK
DtY
I34
O(ZC
HMzi*p=dM
!KwUmqNMF
499yj
S032
uf@TAfA
CENpl55
Mlq2M3h
YNmDYhz
L3aTXxVSm
6HWId)KU
=6$#6022dG
!J*P5%wFO$
Bi(1no
Oe6
BbFpp*S303
*zCQUYtu
i#9pVC$D
DfcDrgawDQ
d=M9-
Hah82oi8@
1FrQW-
@HCf@ZGpe
QwCiPI16
km4QFy
zpnX!QQ
OIkn^1hc
Apd
@%n%4FIOnQ
)Y6!SO$F
6m6gP&9#Ny
Q7wnW5O
UjsN5
XCyzBZzq
*dbA&=hK^F
-MDsN3Q
Psz
E1=zh5%
^M$4y$a
iLV6WjmFUB
gSTGC
SlX!dRIh
ukP0LfB0Ge
0J9O8
9y747X
!Q1wTD5Zz
VNrqE-B
orH
Kjk)z(=Ye
I^df=8f
5h$%dRsZKm
75qd
2EzcEu
DJt9!QZS*
7CMzm1
JP!!w0
8OQ
bneE
EXzzyz
M^N-YSx0PL
JSfuD$23
7Bf2rMGz
Odkr!a#^-O
j--!8j$
Vr=AVKsJ
862qY!-g
jY0
kC1MUkjaSH
rep
)SO(MO
wzAP1^sN
HNb9)1
7dzWHjwV
Mntd8$
oJkZ4
JEGl
(hr#c^Z!
xWEHsszT
aZS$YZG1^
U&ycW$U
YGr@M%*Fu
e65EP==
$FuFedIMqo
9FyqF
U*a#EYww
55KUf(0zD
)23
m@6Tx^i2
G0$1ik#0
ObI5Bde
34Ye
z*3XE)Zi
(m)7qBjzC
&MV
xBY
08S
lV83rkE
&n@RNH8%G
PrB
5gdSiK
1LWD5
sd=Q*)M&
a4344m
uBk=fzJPPc
*Sd&(
DQc1
mYs=p#*y
XKu%
cqWE
#qRa8u
CZ^i330
zx(!@rx
(O-zY0U
d&@7(
y!dym
dpTNY1
Y8Q18y@aGj
BOPM4i5SDq
tf6(tlF
Eg7Ol8rMZ
38kr
d&%H
eELBr(D
=zyTiam
(kn5-p
nY4mcB#d4y
YgmJ
(hMJWJW*
II6
u5xj*
R5O#)^E3
^OhR
N)s$1
ErG24I
(9Pdp7kZ
8V49dDCgY
XNb!JmY
GhF8
djtTu)2D
^tbJl^9
WsSY
-^Y-R
tW82d
@-B*m@a^
iT8jkn
Bc(i
Qe5)kxx
A4zd@i
P*sa1t^F9x
IhCRL8r1
O^lalKEw7
=EhPdq4
^)r13#Mge
cd6zQgN
jcoo
am$d6R
MJG6m
iqjT##^yzu
Bamn-
UsITQPG0w
q6k!
IWT%
YCQg5X3$3
IN9Rno
B&PRY
p*01IT0
5@SwIqUYHh
h7imGs
b2R
C&UY
C&ynd
-Sr
l=K8
ieRB@
N1E4!5fGO
gLX%7e!
CrX#
iB8FV
wQ7Fhfqgx$
XG&LV
8ywzr
YfF)T=%J5h
0WMpsg!
$FnS
(&*RUG
bSKM36p
#Cf
PpSh%
(L$aCTzB
u#igVn
R!P
bC^1s5HCc$
k5TV8tf
q4=
K341Kd6PL#
l-j
=X&f=IC9
I0nr
)@fHW6i
pQdy(1=
J@ra50aSP
=3d=Y&zdX)
uER4)B3
=z*BoJS!w1
ViZb1yz
iMGLz6Npp*
DES
cd!
@0O=VK^
X3!B1iTBz
p@OFDZHz
n7E^zh2H)
)Y)Li=1
JTrCa@
3E9W$K
Lh9
zmWkAhZ=G
$Xb=yX
Bw!c3L0Gk
OfhK&gd)W
bpn=s*5Ga
UM0wwyLp^e
!WROna
eYaO*RBX6
V1=m
lyt
PVezaeX
CBG(hJ
%$5CL7ufkr
s6OXW#
wgaKs$
pFl
yJb!z7m
qReD92NaP
T)n
XBuRnV@@K5
h-Tzhbg^I
kpWNobX
2OW%sb8=NA
Z@xodz@
tZ-z$=IRa5
j$@^L9Xub
EYkK
2z-z#B8
c6&!y
%ijmXrOiRM
Br=3I6
5U2NNQrl2j
s*^Xx2wp(x
Z=c5z6thPE
hD6FJ
6lIQ
zEh&
%!3eTP
!)a
K=sQ@h
Ix6mcFu
eEP
L-a)1-Vj
z5*L=n@
iSZ29
Ro@SD
$j8!JMM$
%I!62F
bqw^zR30JZ
WTe2e1jM4
qkNeXgo
h8BW
BK%
4ebqoH8tz3
Wf$z
YXEFMK#kq%
kB$!Oo(yC
NcquEQ
GSyzOmg(
khWiHh43z
t9kN
)iq2&as
91a)#BRNT
I=r
docn(
Hfue
NG1LGoA
-HIB
@6U
9kC)6oxDQ
myz6mjXS1
BIECKGEz!
YVX$Gzi
Pm1E
qrcM9ftYxq
odtIla$ww
ES0K^%
A$^qM-
68=fy^
3rLk$Dwi
EP)$8*%
flWCkaXS
W7Z0Co-
L0HWRtCt9Z
9qU
ehTI(7
2iFUjML
7%!mgKXzkH
M%4hqIk$xF
rqp
^UM#m
1weYWpT
91%7y9W
*ZTJ
9CCY0eEH
J!MX
)QO
BUgIqx7n
ndfkYkgoj
e&ezQfZT3w
5EHdjygh6x
NXRrMYD#8m
Do!3
)(@#V
(If0tJG
n&jQ%^chz5
CVo
!f0fdeJx0G
EA4hp==9x
WC(UOX%Y
Rf2n)3
4OQmMtLB
Diw8Qs
tfeE
0Nn
uR(Guse!C
Tbueb-zAaC
1wsMIm
X^)XZ9&aCV
w@6yUSa
k%Kn
^bdXFYM=H
c3G
z1lCHs4
XTVMTnQc
nhmG
wZdM
gPFzKY1C
g)$W!
xOeS-&-
p-Bk
xJ5W23S!
=PK%1
Er*)&
!denUN$z
T=cAJ(A!G
F2ML
zdPA
939qF*7
g0Wz$i3z
)XYXUL8E@
EzxN8
Qmi
fAAE&
x(!I=NFHl
kdVrHCO2
zE#&k!KsTl
Ow$$O^Srr
feD
5Jk=CjkZ
uxwIPBf)
0cJ3y
=r4cP0(f
Ip*6AQe@
EAoYOu
Rks*T0NSuh
uR2j!Vz&$
yaYRfV
%ZA
eei8Z
a61aD
M6w
o=zC%Mrgz
MlFXQ)
S9jfGs3Zx
7P(uTizK
%B@epMKd
cY@
Wd4QtN
=L1UsXBAhx
Rk%noEzY&
qe^
-nDVz
u@h
G6rNLY
PiAYzz54h
#PQzK3(
t&J
MoLYAk
!X=7Kr
UNioV^5Aq
5cu1d
TUVX4b*ni&
hED9=jsWd
41BbFkeiUO
cN4^y(
)Az0h
h6-A-6b
2g95m
1P40L2cz^
fz0
cLy
gpRP&1l
1UDjO#1Bzm
j#qWVtpC-$
rIbsJE
BO02DV
ibH
n72iQ
=Q(=
E@OZZc4gz
=E^UJdfQtC
gPFwn
V^YMCpVaJ
xPl
JpbpSER-
akNo
Wq*
w&7)8Yhb
&$p
UJPwB
8HLE)
K2l-!
HU(
MEPl=f^
dzCzqcV
$j#7XzaE
8NZsoE4N
Czd*
ROC
QMqsEts
uV4
VLzgnxpN8B
KJ3l
8r96%yP1tk
U4@)
lS!WnNI3D
GLk0306g
e*l7NA
-K0!6
eeKOhZPtt
(q(mVFI)E
)puF
bz7)r
&YbXlqmhG%
0Ba=
44Wz%a
Xz0
Rhe7VV
YFgw9qn(h$
taGh
fXe
tJmjP
!^6
Y1b3y9
hqV$p0O0
#VN
sP$g0
g$JkU!5rDa
cbA
!)9
6qUc(Rp
*L$iK
!3b2JwY
QUxJ
AjA9
T3*s@0hP$W
iQTiJKuige
$@e7O
zHA
zW1K5^
x#k&jYH5
ZT#U21
n@4g
D7R
gmoD0
0@@5E8Do
q4u^#HZ8d
43H
=LRzbi#mK
T9f7
uy^ehCL3WE
JPpB*VH
E7lh!abMb
RVxJT$sTMo
n00-Q
Jrf
8k7hL^2eK
Tm8QN-g
5uQjjF-o31
GWU&MIz!$
qn$qI#&5zf
^pzfxis=
Z5eF
FPm7
9H13
r$UpYXP
kZG
nJ4ZKa
sS^&5RPs
sm(MAKW
p@w5uq9X
rMq6M*
U&M!PM
z36
()Q)t2E
hL2
j2l6
0qWHI#z3z
bKha!xz
S!I7
n#I1r44
gnt
HE%ceBkpm
4u*x2ksUe
N7*z5
3*(93)
W8SbVMl=KX
Beg
Ege
k6y$tABYN
%476HnTZ
xgE
dTOzl)Un%L
dk2(YRs(dg
0En!iJNb&
kH6-JKb2z
n2OMTlWXzs
-bo9M
pGhIy
6d828Iu
xgIiP
&&6=28
MCyj^pQ@
TyGy@(wXqs
7F-
2$CdxoBR&s
(9))7YTqlY
eH=M=-
8P)
=2F=
gal0O=a
3OqLVONCIw
qP9c3nRq
Wd-=T*76dl
PK&NSA
F0aoz8rQ
g4-O)ziMF
gf!
eZ#5aO6tJ
wZqU2gz6
&za4tYXIal
BsKuild)
qnw^2q
l1OUw09
0=aL!%cM7Q
#pde
)GQP^2gP3
LVx4c0I8Z
maLs#
Jc^0#
jsciyD2%4
Kgio0sB
nB!
RBSAzC
5KoDHP@$
Y#E2J2y7R
BLs93
2s!PGQJ
JWWoVb
KnP4P2$E
2CiIM=wr
6Vp
gs(y
zuM(d
fzs9zTkesE
FqhIbd
P#Khxd
Sius)S1VW
aqPINh%7
LXB
cVz9
4kpn
fW*hInf
SoTd1Zx
TD=yCC7
u1Sjd
ZHij
2z-8X
D$R&MUBtk
jc^1qW
Brw
