Ef6a
dkJDX!@
ahb$
!C7!R6c
LHf*Cw
XYpiwu$bX
EzqklXuxYC
EF=hOoe92R
M0O*p
ynMGqlcSo
ftq@-ACu-k
$Mkx=l$l
kx5NbgB
JDG@nGFl
QoMeX
u)2c
&mzI%
J9FUq5Q@4s
Mptq$rp1Xh
Emhr6
L4boJMWT
QGAb@sj-Z
cwoiz
l5Dz&
ummN7E
8UwA^hl^c
Pz*28IO8
OWrSGI0CYH
RfE
aw1%zs
@Q6BS
HZ70StEz
mieBKdzb7
EzxOj
^nSBb$Tji&
nH6ei$rTx
2Yl=
15Gb
%BiZ9s0t
ArW8@q
Nk=xfSJ%NZ
2c$qUp
muI&V53W
=&Be
s#Xh*A)k
b5%JTC
Idhpf9
#WWB-h!Qbu
D39RP#CMt
rMZ
JSHf
TGzshELO
!9m
=GBX=wD
Qz16d)YT
^N6W
@*Y!(E
hj)nG-
L@76a
)0@irHO#d
TGkXwjX
GXQp6FA
zdLXUX5
WekflOOI
(T!3I
yuyp
sL5p*
d5SpbQPE1
EOzn4S*X
5D69GK3-D1
nfZ-Fw
KKQ#u7W9R
G8PiyzJspz
xp^kn(k-
X(4d
lRqWCeS5xe
bgM9@Lw6
WUUDjK83l
ELd65
(r0
A6o
17be
#e$7DYu
sx(W
9ZID9I
n!U
%9bn0MG
qilyLE
UVQgLKG
S8X9J=C(6
Cl3f&
5*5TZs
SCS
4UO
na-s8U@^
^Vkl)S
5Tbz*s
WTqBQ*w
b5D9MsJV
DPPn710&1
Fu*M4h
FkCq
M7&$qn4Vmz
klRNMCDC
D41p-
uEx
)FkrzTDA
iD69*y
QD6AV
^b&Wygewz
Amln
RjqmY
q@(wL
9U0OY%dzu
2uz0A8N
YBIEhPa@p-
0t&JOz
L6A6b4QfTz
E3di5YZXQa
-qRP9
ORQKLapl
Z94
w4C
u6bHc8ftUW
ZgItfVqAE0
dz-sBKtU
AD^S#
cK0ciY
QjUo
oX@#
21%nYO
!6aRCbGk
UtaF&
bYd7z
P4td5
^42mJ
zP$
ln()gU!r
Cg%zIkf)^
zi3ee
qXQ4JW
p=bz=
G@!%mnwJkF
2JJ
P9a)fVisfh
J1Cf
S2zw1kICzo
lY*O9L*m$
Nc)zX
zDTg
G*stz1!a
cg#rE
T(GYk8omCi
WJx$1fI-W
gg*Hby5g
(TCZr-O=7
z%^y0OoV6g
C8431
5LYfz88
6KFgXh#cZ
hnkK
=w@lQ8bHEA
kuEccp
^xM
qo1*dn
(qi5-Hb
Vp#RGc@L4^
xR)sp3z
1zyJzNzaE5
ZNQCsVxp
y03D
KPRq#&
Qp)x^
=9Z^=b^Wb7
0zxibKtn
Fg3=6^Ed7
YcDb5gg5
s(0-D&!XPO
@Y4
BO0#Fc
!Vd-
(Eg
55^RxhM
2M0RZ@B0j8
BuB%z
8CO6ON
rzHxRuKM4B
U6i
IKL1lmB^U
M=M&
MzpymSL8Qw
otJGJJYyf
eH2LUI
RRz1qmXIC=
RA#zC^
GYjwEt
SaW8CJ
I=D(&kVp=g
i9qi
QY43L2
lOtuz
qB3
z0*LNY
js0E7TCK)
2cH
b&h&
Q6QVWn12
LUrA*bsNk
8=m2%Jg
LySg-
5z7MDX*c%i
1FxNXK^
QXGf4(J
5BKxz6gI1M
2zL
dt^aI224^
dSrWYNH^^7
5xJQ2
0z-DMKzhb
f1u2Mft
bDDr4
t$o#tz!
YJXOaGmQ
3F5DRcnx
l9%
2uPswd
4wpNUKis
sYML6B6r
K)LG##1
9kH6RrzU
DGS37
umM
MaS
AXYDsJDadz
rjXR
36zfeKH
PME
uHpwusxW3
SPkN
RxS
O)-ajDgq!c
IL@bqsk9&
)GF9LW$
9s39IJ=G#7
q*6B2mr
fQ1&L!^i%
kkxcFJlE
CF4MpJ!
RODj5
t*REGh6U
MOTp
GdQCq@tsy
i$1CX@*
cWCc23M
@O4QFs0s
to(-YAR
K&XDK9z
7ey
uEK2
@H6
&N#Y
B0e
Bj&KE
Gb$mf^
E9(wz(
9R2XI
=WJJTHz
b!zqPdiuRP
bOmbqp@
-aP%VMSm
3)rNmgBP(
eql7%U
p@c91ey
U94
QmFGGE*n
!2B9)4
-!y-&
IjAmWnKO
GP1
nA(cq-qP
4$qSMQ
9zz^E4UKW
Q!Y@
^We
3w1!G9s
cBg#b4z
5j7KPpYu
4OY@@
*brO
#YuR4@tWY
!Q4CZ2g
SG(QKoH$(
zGEWZ6W*f
OD47J&n
doWH7$c$z
l*lyD@t
4MsAoo
9ZhhXRH)8p
feT
zBa6)K4sn
f$m54cgztZ
mI)yNH8T$
fKNVzzB
tOi%
a=Rpbx6y
(3JA0fC
1z!%z%9LH
%5Rr
Y77ux5
N(8g=lXp-
nV#PJV
O2h8F
^9Vdr7NF
cRzh1
4&CxMN
Sgb7tz1
z4gdi8QnR^
Yf!(kUjH
x)El
KF5T(3nO
MMwm)s
MR!ndrd
hj5agPJT
dH3tR)!P
K1T^Q*
1)-6
WeJU!
E8T)dfII
Dpjb
65Q@bs5W
KHqA8k
!ABiBxj%
OhQBiU#xy
&aeBtJE
IGy8S5P!H
fl9q8(nm
Q7KVL@g-Vl
^DmFqm*U
Z=N
L^C))91Im
d*LDE(
aq*#N5MH@
6EC(D$7aR6
YZXyL
PwpB3
17eNNNFsP&
9@op8@
Sc*=8R
&7RyE8DY
6JY
rj3u1
!YIGgdZ^
**326)ICs
gVtMo&
LXNtk
rRa0omhS@)
nCn*L0E=w
OTC
@U9s5I8
dteGZcRqx2
NCY
dzmE(Ec
$I=8&0oS
9Grn&LPg
N=9
GU62Cz(O$
qRI^zKo
GLFzW
4X%
Jh9SP
R6yqECm
(ZGd=KjI
Qz8%Sccgz
dcaegVL
#DY
zlR
nL37y
=6A48CyYY
sI8
2nOd63STC
r-8qb5j)
zwQoHhX8a
JdtHETB&0l
r##Ydy2
2lb8^f
-no@kx
Tx1q=*
zNDOKN
Paf1!d
a!zjm
oq4u^0
&^3QI$iQ5
qOR!rJq2^
$opfqY
B0J2IXA5t
GV1
xpD
r3E&g-Ng&
(Fg)
kKj&S6oQi
S30Q01b
sUq
o-m-KHeibz
8Ug4P
DaszHqTur
FbxSIm
5SBiHj)S$k
qOmCfkL8
Ki^9F2t
POz!
mHAWh
&333nK
H$pNkR
r)!3C#Hztn
izs9OL01
(MaQH(**^
yJ7M5YnS
@0A
KAqKm#
zA)Vc)z
N3Fl-ZJ
S(t
5w*om
zZrQ
Wo%Q$(64
CWcTRD4ay#
e75
Ck#wZNOy5
@zz0
pqACxwOJX
zGkphi@M
XYT^4a
7IYn2V3Mj
4RK
JjCm
=8F(o9!78
yR*@^Y%YmP
=D0Hoy2L
xu-zjsb8
$WVDDJ
QQrR5
ajMw*G
Z72BCU
%Hmy
3FN2U7N6
PI)Zzy
zz0XTlM&=z
1Y4
h@GiH@Ap9
QMC
7&#BG(DKl
K$xNo@Jpa
a90jP
xZ=x4
qzX89Ys
egyred!FZm
tYmX
=TKb96-3gd
@LeAt
GGWUBASDD
)s$
OcA7K
V4s3e#1g
am)d2ja
TmjYBI@SY&
aUUERT1
2fUw!)-
$U7uoX*92d
Ikn1tucB
hVIT6bYGJb
n&V1RI&
&-bnnmln
f6$=T*$EFZ
h8LsEq
kVY6@m%
649
UVU0OyLH
XD21)B
cp-
QC*70
ITO
NFi
=n1Ta)IsSn
X&r#AO0e3K
$AX
1E=f7
w!wxnr1
ZOy5QtGWd9
qq-cY
hr0X
T9gcHd2
@!@ZIjtN
#H71-*s
i9QOa
0IH
)u#
Z&))5F
^yqyxGO
efzOkk
2lo!1H
N0^=
APz
x^4o8
rM$o%b
DNRXupVY^C
zD%T90
JrYRdS1q2q
=O=!MgtQ
aH#w
ydn^wDQxc
*9@J
0p#tF(Jl
ID2
5%g
4*z4Zkox*r
HmH%Q4V
)Oe7
HXPC
G2snYdfpVU
lc=)KzV
kO)-BP
N36hNJ4x!m
YJmC&
(HlRKrT
3E!^
bJPL
cx$KN
dKweW
zGA$BLM4t)
9WY
hGrP-VNV&-
r3T
IUzOo
aTfBwp=J
3%2qzgJrd6
1totCIl
k5B
KzXVFR
jduFB9s
eZqa
2XNJVC01FW
EXgsQhfz
bs!neQfN
I59Y@fnF#P
&OP6
TB@mVDwaK
Kp0HUW
VHz)
Q-Vq#AL
1JCT=GOz
LQASz
h(-pPtl=ua
c=uSHJn0t
w8JF
A&a)ID
2mP
S&BM#2VzHg
cjZ
!OcPsPb!#
G45&Qh
(feq
6Pboh2s
7arxBn
Jo^Usacaq
XMZzzK1
q#$JxgtFXE
jzfg7
KJk
@f7V
-w$i=G*4Ly
*)4=&Y7U
jKfV1Sj2h
KyiTQT
fM!owPIg3
l9%EbnsoGp
iOW^7Td
I%g8h
mHfkz
eP=OTiq5
nez$ikHY(g
DkIUn
hwwq)x
hm-xj3
zbSr6EQ7
=f%&l6C
z698buiZ
BL*-
q4Is--
pw(iy2Xp2w
cMN
O0xgP
Wzyz
Q&we
xiYBz!&
Q=E*
R70Vo
L2ajKh
-zF1K
Ibl
5o10ChgO&P
pVpf
JCKrx@
@a0
NCK*ejE
N*x#
t5zMKTeFb
jIy
qjd
Hg3
zPLQe0h1
sxX2W%
SAY
z%yarnqy
ActM
P9MYzYzs
J1wbrE
MY$
ipK23Ey
))hoYag-
9d3#*wE6
EQeO5Pu
%iqo0
x%EYsWN
jjaNoDX(
lL(mTLeRQz
DRfb)1fj
PM^6T21*9V
EniOaA
*R(
IA#6zwZz
zzMbn#ApR
m8ScGTJ!3n
xd-OK
Y2xuViodi
oDmSP
DM&=fTe35
5zhO6es%3(
j(7i&LmKmX
$rbAt
L-JhCq
0!Lo
oq6
hrB0m#PGVs
CH=9
tqTLIbYo
5^0z3t
np=
dWVhT=3
h=ACbByDNp
y4zYVXpll
ClrG
U5UU=
id%(G-1
Ei$y
fEJ!iPhy*J
xLVPj#d7o
hwCSX
mBOkA=K
8PSS!Kd3
5Q#Proa
)^yw=AL#
QH%gOz4
Wd%WggOH8
^KB)93@*p
%^T^8@^Oh
$)BAsV0p
lF@WEJp
@73QF
n$4CeCtnwz
5tuEO0N2O
35jS
*g38a#zHdm
yH&91Pj
FFs
WdMc(qEi
0)k
nuf
9G%
hAc
1%jh
4ngq@PkP3
qX4R
FT^X
osGu2
2CNc
ljISFCMzPW
-cjQ
FOK
plz84#y-
A&wTD3
n38T!
U@8UV
yzgm0BR3G@
DJoo
^5@S1
BBK
Ma6p
jH6Y
ksuAFe$)tw
W^9I
zd)k(o5ny
p1MpC3R)i9
cgnup&Udk
MXe!H7dFen
h%a
^@dB%2ws
$xRt2qDqI
K-jYVlkYV6
J(z!16TrxC
roqczBm
zBmH9G9z
06C8e*%a
kAWNp
TB7e4
PsTSBp7t
jtp9iwrKc
Ji=UF
(ob%YP@
S%ekuWY
c&op
iq8*J
Iy-G3E^Wc
zYaglAl
(2BDJ-U1Wx
9CL6IRoP
qfXM
**==d)
$TR
@)lNwp5m
h)FugleH
pVqSx8*u
3q*eZz9ML
hHIBlh(VX
=E(kCWwb
QL5ISX
#$pU8AsTRu
28&HUo^58
qIBmq
zuw4
QR%AX0
kmz
VgWx6eI
DgSr^0Y
ZuI7
l^NyzALXz
2JVGIqJM4V
b5StF
@moupo^
9AF!fF=Gt
zpItnqq23R
r#l=sUxK
!R!CGo%h(c
o%)%KLg
ojEB8%OG*n
9CgR
aL04(q6p
r4q#EK5
nlZeu53k
g^g)7
Kf#85w%V
sAyd
q&Z
=mIK@AT1
VL%hUm@
7AIUm($$ox
fUc
w$5O=&4I
=SDnoPy
aCn&jU5
)qIoN^F-g
qJTsa
orIL
ut1$=AU&$Y
Z2GetH*
M3cR*003
MhVJ
Lz(
@zqb
%l^XnMZZg
A0V
d^)FQ02M
qi07Uh
fA6Q%!B
UCq1kZsQ
)mFpnz
mMAynz7
*4OmNdr
I(ziQbi1
%3Pqc9
hI%i
u*9bf
9qg
CaM&oG5P
Zw4lm&
a96jbCi5)K
6&M@AB
&xg8W9R$YQ
VrqqK$0c
Js$a
uIFys
l%Sij
qo59n5
J)0@jdy6
4@&q!jIlBq
xw^(9cT
-Yu$tzg
w)61!JL=z1
VjzQFi%
KFAe3@l
o=5ek
G!SK8D5
Y5zCj4@iRj
5uex93B(P
c(rmB1Tp
tBMoHY
EJZzB
yECzcAn
s8@GQ5&
OwO9A4zO=3
!Icp
zz*g7bh
cOfFA^78l8
O6KY2w
#f!g8q
mKo1gH2Ka
SzZ8
FixanQ!D)b
YKSG
lIfe00
8Cx9y^qg
*G&52=G
bFnKDY
6QRwFyH
HNs@^mEj7
#ggL
L07Kuz
rHRuS
G6Bz@
khbwH3pc5
Yc*76gGk3
@rx=Z@fxEA
x(!#J%lM
oH$=)c-sX
4Pzaz$%-
)qfJ@cJ
bo48&
zVEtc
gnY#qpK
A7)*trO
-Je
zb9cZy
LwF
Fmo!G=T)@
PeHEpA
*577
6E^EyXhi8U
mCO1tH%
Qx*ST&wENU
Q$JFRBXFqa
QZ9xh
GjpCq-t
mJf%rtQa
cG#VTZyW
M-)Gd(
H(xc
sqnc4I%1q
eW!Twx
9(Tw)DNc!
B&zG$i
UzAb3LR4Q
%GAbdRX96h
tWX#$w(OJ&
9P3Syz
Sis
cpp3Tz
oHV%=xlRp5
qWOV
xXFWSmpkJ
V62Gh$)=o5
WrnYRd9z
Def1u
u^Nsl
-YK9V*ATO
S%TP3
905Hus@
bJoabRL&
e%gbb
@DLVJ=
So2roK
9tzWu$
$0&5BEH
dcZTMEK
DtlVoRf!3z
TXo
OXYQ5z=w
alW
gudEk
F@3a
9aAQETEM
a(Uf
gwuF%
nVoB(EBey
bukA)&$m3
fFG9!x
$Z4
7(NI%x%D^
TAl58r
&VeC&woM
Cs8)Zt
gU$pqk
IpnV(5@Pl
r$rS=UL
klJ63kjK)Q
lhy(tqCt7
8T@J&p7mH4
8OE
S%W&lBA
gJ#
x&EDm
=Mu)NM0NuI
lC4C7ui
-VHb
stz)*r=ce
4IQsejj
ZVcyyR#iR
SyeNgfT
SQL7k8s3&
Uih
&zdynU2lQF
-AD%
s$)gm
#g=
%bbc3tPL
lGgQCZr
Gn0zp#
OzV$
ofIiM
@YK-9R0S
kdo
@eyy()k=5z
8-!Ta
nu%$dgw
@o5DE)ahn7
=bRYX9(I
wrb1atzPaK
uQIHy
m$9@0A
QmR=J
APB74
czz
ka4bYpi#0
)EyB$Ylp
E*EY=Ow-@B
cS78wo
JkC
TUWzn
gsL
RmAoDM9N
qkPm@
eRRL
IL1N%qVO8P
WZmrri
%=bUV9zHB
9(2
h5--8HV
96!mIK=
#sk1k
nkO9dBUS
mtr1FgH
#GNqo=
#cTq)V0NB
nH=ViA
^K)l@tty
OAw%5c
hEY
IigG!
1ozEJUIzLz
eXXS
@ER
8CfOf)%*Gt
tlsQIkEz
S@m
(@8kVP
y7cioK
zQ(KMu0C
UqG
VTO2wsOl
ms-W68**
-%s3N21
QWAzim
kb!SJ#ol$
c4o=s@L%y
#KHNJ@rhRO
&MsbLZM$sW
j(zRKH0
w!fKaKHns
TjJb(H9Bj0
I4mF
kQCczy1
z@A9l
ozcEsQ#s3F
KTqZ
MzL^
t!1H
mA1CuKQ
XDNsTQ7Fq$
Ipg15@KZ!
Zlqr6RLVHb
Xz0-zi#L9!
GySVqTUh
!qRrLRyAzd
g&4u
Y3V
^B$N
NzTJVjtLG-
RZt
wdK
mVq7
snLA
#Ttfw$
xWj
LLyzSqK
7VAp
su(jWr^
gt5W5b3f
0$h9Dad#&o
z%g=ifr^F
4Lr
@t97
yJ^IN
lGZA%$L@e
NyzznUp5O
Zls^!JtJ
kkO-5Kt)x
zyr
z=e5R
%4(pK4jY-P
KmXtB0QqD#
5fmz^F5
f&FVu
)Wb!HwZ((2
z%gOkdjF7B
VR^WzN*
3Nu=m
er&*
fmmFw@YB
Px=
4Mzz54bXbN
13)CY3f9
oSjudG
Q*G-a@M
1Axs&sJ@b
G&kx^GZQ
z$uN&!6%
fcW=uLfD
P%ejjJGtE
I-6qsr
JE*38
&VHNS
ZaZ%BnlI@O
%3dUVAf
SjZcgs*YX
6kVsJ
2xCC8n7&1x
@Q#F
-Tz
j$Nca%
E#zz%&
RHqn1f4
TBa
PAH
y(^5Xes
LAeX7O
UCe$49
sbaacDjX
zTQ
5HDHi#*K
U9)5Z
zz!YzZ#Io3
(88)QhxN
u1s#bZWRw
aKtsaqno6
#hPH$yM
YJ8L
cgoYs
xZIy#8N5
K2FMyjUV1*
oU3O7
r-rDpL
5r9NU3
*d0MVWy^d
kFGi6nSL8
jLkw
&l75t9%^D
r8prcyO
JGcz3f
2D&2Cktm
k#(A&eZ
r8D8n
y=s7@d
tLG4%iy
2flzM5@
t)XQ@6Cz2w
HSmaAiyer
!4&#1)(%V
I7asy
y98W
#&)slTzO
$ohM
kVCfTU-
IOa6d(x
%o=inBfG
FhgadU%k
5Bn)*7LY
OVzJY(!
$26uP
3Bh
-LM-Yc
gzU=EEFF
GLWt-=n
tYQ
L*OM10B
Bt5WLmGq(
K%ioL4
Nn3u
CC8-B!yk)@
lAzA*nfBR&
rxY
&W=z
&c$9QHMl-
7C-7Y
L2IzW^OF
Dx0
U*9T@YVtDQ
sP!w28*
8MUBzb3x
jeHluF*iT4
OqO
0c%@9IMbbN
75lbZ
zwP9L
TLbaXgfa8%
c^z4muLF
34Lf
m1uz)zC
L)t%*yQ2
ylZ#h
%CC4X
JzJOP*395
&DPMzZ$O71
zD(H(h2
gW^
1ktFI2MFI
#E^
Vu5#fb@*W
3@hW
nJ7m
ZAnwLV
1zJXJZ^8Dw
)6!c2Gd
Htmkuy
1QA*(
(TOmYg-
DHw(MTV
*@QUDB5Fi
z!xx%
w)xZ
T!)qfknH^N
u*%zsB98z
uoN&1*=
1t-b79jYR
TIFYtH)hhk
6-4N
rk9hAc
cEo5C)S
59c
Mbkm%d4l
sZO-j
#p(drlcx5
*2RjX(
^qtPXj
XnKK
NR&Y&S@1B)
l83A8K3OAn
w3Lyn*24
o=qDO1i
Qi$x$XK
qq7d^!wQsi
C6R!
==X*h2=TO2
QWw%5
R=xiLIy
)%B
gd2wEn3m
2JbLPj
OCqEns1$
CkIyG3Il1Y
geGc1xW(
@QI
BLy
s(%&-2
gCm=GeDNL
VjeY
cI5T
DNf7H
C5J5Y7NhBc
g9mKElB(
QPx9x
^IGI
a-FCMa
PtHV96u6s
1cA=1z
N4eB)rV
F@9Q
tPl6tGyN
)A&
%H8Fq=R^N
faR
RxTpu=bc
#lJ3UL
^R!
-wDHJx%f
$hOJnPxrj
Uegw*
&Mz&Esp
t&Wi
eix5k
rYQ-yJ0
PzEy
FxWyl5f)G
!R3ZR!rZn9
TRWmT=ruS
k9$jg1em
xkhC1mw)K
wGH
W*i
ukM4s*
N*e
(&(j)jzR
E(3#k)MID
t%@&(35
VNeQk
J!(KlA6
4#2Sq5
R*r5Gw
2byl
)A%zPlmWyH
3WIJPx-g^
Frc!hHkO=c
zVum
akKd
7r1c2seB(
A-a@2-8
sTEFz5fF
rOc1J9I
O3KF%
)P6iJVA(
Fw#
Q*@QbyO
fI@q
4n&oS&
FjuAbS
oK-Z%c
3dz
&cfG^=9i
pr)06cqb
U7is8=E8!
lef*
WJV^fbZxTN
A*EW0-X(
QXX
CV$R
c8Rsz7K6zc
D6)
^by8%E
GE!Ui5qa1Z
*zm
zB^LMo4
eVB7nh
z$m
bUd5%Z
dKC)x!x
BNK*hu&z
@dfPnA-
RinUZh2q79
Ety*ypHd
*)5zKM
tXFWS!pfK
Tg0M
o*9mI
NXZ
T#Sw@0
PTpZTlRT
qi*)DHmnH
FV2
iq==ps
2tZ6*
#%X2HFWqO
sVLlh
Noj=Gt
snbZx4
DlAjLV
BX@4z=
*Ss
sM)4P
WFeq3$sj
pR4
VuSOm
dh33#=Z
yC!
PwNeG
*l-Shr
Z5e1aXgVl
H-ru3U
g$dUzDy8
VDoc
UYL38CHc1z
SK6Ga
XRCAGb
*8JXptVFg
u1Ls
nN=1hzk6
@a0LO2c
YwFpMz8t
j3$WICBP=
FTSz!qdYO7
qaawASM
YPmuL
D8A4
1P(Mp!Y1
2c5u$3wPlW
#Totn3
b0wsCnhXM
*z(3g
@)Q0axks8r
YxPbphJeA
$dfz*y2zop
V*G8gE4
L@2
*zAg-x=6
2bL^@wn!
pq^qTMkR
GyK^tDemqK
)rtEeG
Tjiz
1%zaZ
j3ufk$
2aw
zb!Q(*
3*Nyy
xjD)I
^9$4DX0a
1OPy1
SuxyOJ
3#H
ztnpA
f(*I
tSki
z^#
c)^0I5
5-zzoGp!ra
m@TSMKtaL
q^PiQ
^YKxV!q2sY
hTJ&o
TMpjmc!@&
n60
Gu!MBXA
U-iP8u
(-XI
=s&uQb
7j)r
=^G
ecI
gJ)BrE
8-mcq!Q
c8^jGu394
ZagiU
PEZiG&j$C
szTYen=LKH
20YE&(
)CEjES9
tq1uz
DREqaU#r5
J1q1I
U#9692MY
TgLt
hp4M
s3iTnMg^-7
ZI^4$HY
V1S%
XTWHd7fG
n6T&ozBYF9
HKau59
SEq
kb3
Hr=
FOQkWcVu
jsYfIz
H0%p=J^=s
f4&3uwR
fKZ*#C
TpuDlLxB
Zj@RuN6
XyRdemV
5iZ)d4JgzR
yPY5cl&X1x
b8H!Bl=!x
9^h53Fl
x7s2@B
PQ6kIZTT
U4yO
NfCQ^g6&b
p7V
sNc6zBd
2g!uIPr
IWohWxBI
ZHP5okBO
0D$)zzh1h
9HdFP=6OV
O-VVm0-Mo
3zJSc*f
iLU*
FklDd3r)b
S$x9
2dDt^i=K8
@VVSR6b3z
4Va8u
%n@
fgHA=Ws
zl6kBu3#(P
XVT=
B%aNd4x5D
164t#dG=
ccr#3M
O8s
z9=r2j3&-Q
wQzPHz
ntD(2oj9Z
P5X
BTb
e$r
h^l
PInufO9l!
mzWq3B
!l6CzNp
(5&1
IJWLdwhYO
FR326@-
%VG3
8Hs8*iKR#J
Xnciu
#(n4(o
IwlgrEC
YAEOq1
oJSA9
UkG@fW
oc3^f
DSy&ll
u5c
1Y#
=6yQyjTD
wF0CzKYLS
A=d5yWWh-b
R4&SyWHDi
wYeRB#&fc
!4(tNM0
)Gfw
nP9eB#@
kZEyBl
ODPH@!whR
NJ7M$-
mDOMrbVz
5!mDHdla7y
D0R@hfybg1
0zz8S(
DbAsmIbI
oeV
bJPCcCPTlf
P=p1Q
WkaWVILnXl
lhY
ydB&01
ZL@!
UKUPIwWIq2
p2Pw
EEhusj
@zXTezPu
^97BTABy
zWjqG
IBHyURr
VUPLV(x
3-eW
Yxom*-3
8^q60n
G%fIpPp!
O&(054$X
^B=ph8
GY9ZaXeI
7-6i5ap1jP
FM=$oM
j-8hGpE3
=qFQ(
VAQAEt-u
4XjdP
fW1=zz1N=
@O2D-EAY
0rwz
PIp*axjI
*pGKK!o
mC@WK$DP
9zDM3(Yz
GRN8*@
iKhmO@jOu
fH5D
zN1SzKNY%S
m7t%
&z@g2
htu^P^
jit=yqO
ZE@
1-NmDO
jm@7x
Qly*#
$6m
ZZM*
QVk!sROFn
pDMyk
S55NImz
NE8(m8H
fnNTsyB82F
F2R
M00
&mjAfBfH
q!A=
a)5Y
!F&
&4Y5QBi
3TGZ2tsP
Fab(Ykqzy
m9%Z^
M2r*nw&I
A^eKSOL
z-NJgUM8
^2p(0D
cryM@5
B6YPgYfoxY
EYFHnYT(cS
pAcgo*A
^)jbA&rtz
axMQbWw!$=
2kF14*g2)O
nhy)bT51
W7!4KlOdf
(n-x742cx6
zIQAFVf4-
gMB^3-iRW
5pP)Fn$H
c((K
SMKC0f#yF
SOsh
ssaVl
SC!MzTRnDC
zEV2%ag
$&Hmw6b-
Hhkb
UXy(RG13
^d)x&0kjXq
jL1eBgNoT
w8#0euu
kB3mUUH
%T96xz
r6z@e$
hJ)B
Sk7Fz8-CCe
6JC
jVVw!
*xY
DzTAw
ZZlXJN1H
&B%Z3Rmf1%
hfh3J
CTZ5
zIOzlA
!ki55BG@
$pBiw5aPk5
=0f
YaR14&
-C0!YCfG
m%jzAaKeTe
94enJciaVK
R!=Ob
Jn&5
9u*-
8eMf0E8SSD
fhzGje!
NbhI
L$F
xljfyo9Ftx
eXA5
G^hZiTgp
)@X-ziafq6
cwV
MXQG
Er%ZrFHj
In$y6
c(2CODb
b&l&&
UwZXS*r
7$tD
*HXFU$5cM
Zz4Iz
PtZrdzl
qs30L
^!#
6^6YpbGz&j
4HQOj$$
Ur4
z1aDDrl-
sm!=Z^DS
cHYk6D
kz$jJXuGP
i(fzDf
l9V6os
cDLiO)
1gT
LX8gjb
e#$im
GWOVLnY
uo)@P52
oxY
7Vq
B!FB
U4&PzkJ%*
gfZg@HeK
&CTjzJ9
ra9&m%6gO
PHKXboDoz
3DI8xH
Q&qM2mAE
bz-4ZB
JYb@
pzpj!
oIkLbKSg@
lYBz7s=(
G0OD@tN
lgW
#y#O
w#842J^8
pzr#ci3SyU
!#JSBXs319
zzN5&epOxo
3cj
l0-EL58H-
l7nCn4z)G
=x)q!t8Hl
SWJ
eoMp&
1wsSQr9U2
9Rtc9XXF7
74A
82Dzrs
UdxMKz#
5^5fK*g3H
&9N0TPQN7
IWMe
&!N%
iZh
uJ9wh-nzc(
SHPT%gn
W^ai4UAqer
z^QIKG=Z
quMnz)xlw
FCdJPywR
R6rS=aX
r!KSd-Tpf
(bfmyh
QFfDX
opDis)e4
$F17ceU1Jc
xk3!k
jV8SNtS
Dh-HDfn
!Ee
KIs
kMUy!
m8c-Cw(
HLQ
tbrEpJQ
3JUJOr
^-UgG5tkf=
V5P*mAt0QS
Az#6
1N2
yln
)l(tBZen
Sap
QEXBAThzu
T8yjAf
!qxoCQb
SWdF$=pY#
@8C$ha
jx1bS4G(W
E&5#nhJ
Dkq
9F^
=ndk
$#RFMx(bD
pz&NlAVm
YRep
iry
P=boU7
9!CpFn71U
NYAwx!hj^H
DYz2q
7bJ!y&#4Q
Rfw%
)eUiTE05
jbN*UzXIx9
GbWOh3Xuxs
nyxz#pqDz
mXB
=7(O4wgg
kL3Oeq3
nrn69#W*g
xG5h&
Se0y0ak4u
sZBHkY7CKl
gMw7dV
VZ-oZHQZ6
GP1omT
@k6
zAn3SFG
TULSyD
pmYfb(Y77
ClqCC&u5i
4SmP&!2E#
w1a(yNo
@ns2&SqEo
*0g
$b#Fmr
=&$
@7MPrL5sZ#
PZG=HgMz0
*E(5@N%NO
#$S5ox
X)ZP
ZZ#CV3da7
&u!@pDuQ
o0P
C*2SM
R(LVyXWo
X-hgQFusL
#)IhK
Z^hO=T(N
YBBgzpTVlT
03NkJQnmzT
7DCdhi!
yMg
zR#lbs2Wc6
^gt=7g&W
M2V6g)E
cf2#XC*i
TlzS%pz0f%
Fiw&M3!xkQ
b6VoLB
ZzKJ6UK
!g$S=DhrUz
kV(
3w)u0UU^0@
4UO7fu=X
5B!@KlB9m#
C4Cm@AU1
^HQ
izME4itjC
a-WZ
U^cT(
aQx!
TLzz!M
lC82iWZN
bNHl7D8
-ypB1Oqx
SO#M
*ib6
0%yu
KJ8XC=a
cLEDzRz
0P8f7LhG
NnWRz8Q
ld-f4l
E%m7eq$
h1@km
po!zlt
P@1ACNdOup
xLdZT0mLMp
VSg-th
q4p
7)^W2im
XBFUdz^
p$iqr
yPkB=h4CE
T6atNP
^^Y7R(yg
MKZLUaL
nb#LDz
WY=b
LETBnzKR
snu
6B)1can
nYTb3NDF
tIK)L2&
Ic1s
dO8Xb
I2)z*Qd
7$$7Eg
ZFx
z%sngUt
VVA
tgjC
y0#F8i
aIkKgE*t^4
BReW)
(tb
u!=
5z=9gcSK)S
KOu#oELM
GLf8MH
a1W9PUV5
d5g
p3I
mN9dM
srTpA
*WH
D4YIkHn
JOgdk&wN&O
8n-gwa%j
$&qrEkUZ^8
z6j)(
P1Jg
8Zmp16@ef
Bh-K
Q&8-
Uz&X3g89p
)JIZk
%ZLaEzDu
Q7oeP4VS
W&tPeiCq
=rrT(Laj
(Sr
&kk
N^&2FOR=
-4K5AA
Isq&L*N
LrSm
#2E!dC
frS
wq7IhG@hL
mk^OmF(z
=NY56
WbbM%KlbBb
WSF(
XzDnqm=q
=rfyt
zqz!
&1WIVTZBV
F(2H$mQ08)
#Xg
RrHf
@@W=
rxJ2cr&@A
FQPd1
i&qaZQ^L#
X*fToUFVew
bpI*gY
3il5!=9CC
3o^1Q(
Y1g$
&*M#zCCX
BicX8esXb
rq#427
WGc#h
DNyz8m5T
VRy6g
B$M^AiZU
a#Rbqz2
!Nj*b&M
08zO
I8O
RlHWs0
lSrTkP
xftl
38jF#sU
zKVGbFn
EZnJ8E
y&^
dRWL5dVqtB
PhF
jr(
rlXafz=h^
Bb!fPnp*K=
i%u0M
^$nDK@
)-Ms
2qz*G
NJxe=HyZ
cxg@2@kn
GTGX7MI9Sm
jy5U1sYp
#na
#YC%p9SE
Vf#
xC1rXSm
$x(ECmM%Rt
h6cZh=2U
25TcTpBE(W
hN4
t9=iln
WoqH&rq
e5*pIE
)f@iu
FM=SY%X
LnVod
j#XCf
y0pJj1nkCg
bsoxWBI4e
y0@9
R2gV#$)
(C1PN5
NObEo8GI
=QR
U1@x
*o4
NgY#gC
k-WP
yha
H)u19AXn
^Mgm
@t4
Bi8AwTyt
0^VsRR
SA)
8mMh-(twNc
*eNMOe@d
rF4mK
TdNuF
MnS*hJ%
QtFZYU5W^
duS2UKk83%
)VshtwzOF
smrFNuzB8L
przLt
7B0Rmx#^MH
D1c#1=^Lh&
yu^k
u^yVUJ#Sc
fpHwwwer
)qQj
HkZV&O
qmwW
!7d*#jp
6J!ewhF
N@q%xl
efa^8G8%hd
1f8F
T4=
z@n
Br!d
7GrAadY2
)2)s-$h
6mo9K&ZB
c%8Z2
MDyJb
gC0RciP8
T=bJ4
7P=Ys
AaKPS4
EzGxTl!V
0aO
FxLDM5!
uHMQl
tA7HKS
e=rhb7
w!Q
&#5NLHyAU1
A8*EMNBD(
dnAHYP
47Kh&x=pf
ru5*g9U=
WdPjDI!O43
F$KLqJ
m#=g58aY@
V2c%SSd
zYz
ybgup$REQS
BSHj(RgY
emuxPizb
^K@AZ#SC=1
BFL5B@fFr&
4Cga%
!Ihzzw
