xlPxuk
O=S7wx!
DKmru$ot
eO@EZmzg
)W820
7@Qya
f)M%rI
$zaMcfsUtO
w3C5@IUyD
lLm$k6dl0
LOSfuL5!cI
yC#
VQ78O&
zKf*keG
XST&
^SN-79x4
seG&hf
T*Ff!b
6=6
e-je7cSc
@k6
m35Z^byK5
J-Ie)Rr
e=1x
YQx@xz
jw8iAQ31a
Nhz
ArojD@N&1
W2k@EY1L@&
I7=V5@qt%
Asi2Fon
&co1g%UhGb
lVq
neM^9q6
!P%ycW
43Jy)z&gb
#dbi4o)Pg
D=%jz3X^-
65JNa91
pH^Yei=
#@TZW
T60Fi)ATn
5Nd6C
5)69N-
2H!58@3g
UwTa!Q9
CQzyI=zLx
PtOJmIktGt
70j0Mxw
Zj%@
3Pk8^tN
R07!wq
zq%csKX)
zx^K^
zyyQD!
)DockOLu
FWyt
&HYO$6x5=
xoH-cXzt56
kiHcO^!QH&
5z4
r8szh@
XxRYf0
TgtHl
fY)kJac
3jXN
dI%F1ax4c
z6Vo
Q^4=RN
*QhXS
rsAmfz
XD9iq!K67
9dCe
HjkYVjgX
hUmQ
=wR
R6yr6Hd
00^QTJURgu
i$z&5Ew3
zlaID
GY@ryEJM
osBH!ileR
0@ztplmStZ
kp0%9w7!!
MdTwz-eQ
6SeCk9
C$G3H0GzP0
zEE
WcfMo^hy
teN92pyWSp
l8C*y^%
iiPzjx
&F-
Ohz
$6wzt
LuHJOMm3UK
SGn&suL9n
LW4K
mzk&@
mjPxa&
=j)
Oy&iC9a=!M
O$s4x
=N6u2nH5
8WEDK
0cP
4#F*()Lld
ZfA$
p142q(4
!yd1iHdsQ
LU3of5
zdU
P93G78
%!$
M#$I-6
Ie&ekCa8GA
qVzcjc!Fy
48=S%
%S$2#znnx
@Lc
Uf#G#zO
nbtch*
ToEU=e
W8lwqw7aM
o3Uzb
YIoK8kC
jCy%nd6x
FEN*L7gI8
b$rVI
Fj*&4
ERoFej
TpR*0K
mx%LL
D(bbME(&
Uqq*
aoCQhVFu
!CVRiZQP#
(ro)
PH*
oRC*Dy
C^HcEd5
Dz9b
)z5RTP4Z
dYPjf!
aJfXN2Ae
4$i^*8IN
uwR
9clk85w
xGMVSEjTba
uQbwy
rc50L
%b9A6
ij6m1$
E$2
XEydzBr
BxpS(Xq$na
8$oJ@pO
a11
6Yh(
U6q7s
3Az
y0JLQG
P@&huTzBH$
nT7EnfjQOz
Klw
mczaxQgj
nso)=PA
D)U=73V*e
a%$xU#M
ZxT)V-*9z
L1qE(ey
pYQ=szphA
Q6o=UWU
wTJgwt
rjz7ISKnr
zSWzIc4
PmmPcMJVG
jqamP)E1OD
fwjMq4&zw
x&4
U4%uXn7D%
3RmqNr%MQ
xUMyHu4r
zL%
W^a
0nroDN
Xn-D*ocmW
^OLt=
qzuy#X=y0
(kEaLcbzVk
$UZo#zBF83
z#=T2p7ZhR
@s-n
I!sUSnEu
!TO9Rf
6Ps
wFWMh
!K7I
nUTHBl7WJ
ft&n$c=X
4Z%zh=%j2
pJs@31i
Vq0WCG
=DI6x=(d(-
KzY%
0CdOhQwLAH
(UZJ
==Ad@*^
(3pwaoS*w
7Vj(9
i-S7
7DgtMh!
jB(&KNc6W
YMAosgu3
qAf7Nn
jkw
*j6Am
8Nq
fhG
a$6
8uIqG2$y
dh0$eeK*Xl
%r3$BAS
JFM$gfX
XuC
1rImRgwJ
*9PiR
BdnRc
Th#9h
IDlr
b6uob%
7ii
=iC58rR@L
U-H*W
zUQkNc
CJf2
sOlyWcE
A-j
gS=EKx6FV
F*CIF3)hDP
X=F7j)RRy
cgDb@
b%9@SUCzdR
IdIr
*FedaPe
y58N
R&e
uBP4
XrcY^dU
=tuy7
n(A*
8CV1
(U)o
3jf
oC97M
dfaT#W
%Gq
Zcl$
7&JX9
eAJ
76Pd%Sfb
pj#O%qD!8
OzlzJ=
=x9(dMaHi$
xSrSO!ncGW
zydY2I
i(LqNPf
k5oB
HAuT
e5CbuXk!G
o-xWB(9S2
4mkk
suT)Cu7
dYD7UafM
ikz6UJP3zj
dP(0kpO
oU$
DOD56ZW
f#(A
ee88KG
nei)qZXMw
kHCHBua8
Tc-%zA4*
#MP)ewU
YWCFsb!QQ
PP@!-77Yh7
Ry^%2V%&4
ZehkcDm
Agg8mrIx
s3nQwgV
1SMz
w^NfCO
8)UY
0Iia-aQ
IC#YqhhCcY
q0!G(Q-=
lcbu48
Bti
9MC5uc6Tw$
NZ=526
4m=
5!3IMk7S
YIiNL5MWcG
^uQJ
RU@!ZxgW&
CgDjh
athh
229p$
%#6*n
^OO2
!z0lO
KhanS@#(QS
A=o3
Lnuz9&H
M$L!jRqG)
x2JdI
S^Pfu
p&P
HbgR0ViC
t7Yd6wqo
Mx0Qq$PO!M
Vrg)G
^m$s87
@=5NabVI0e
2uP6A!d1oG
ni!d7(
KsdyK5
Tlz
H&IP
qV*3$
j6GKQOqO
@DHHp%xN8
XRU%gl%
ENgqN3A4
sfoe
cRmCzsr
*#a1l(wgCX
MDZUcDJ
yNKkj
%f8o
aboldz
6(ew7m
CqV=q
!%a64
FqcA
amDypaDNUZ
jd*9
0FZF$RlW
bu6
8-J7i3=qU
EQfK!LfIF@
HC0
0Cw
GfV
h8sPf*a21
X#o*abAWl!
r=fE7PL
$h*jpzi@W
yW8TD=8F1
WHpLzHSKO
Q=0Q3YBt3P
k)sLQuu
W-P$9iOeG-
O-!
3fboL4
34mXP
ol%
XGc
Zs6PfA
sh7SFeENt
(4zrrQMb(
tIU8eMok
3pzm
E6P-gLx
a@CW
QTqflwb1a
dIWiW
rglkbb7
kmQ9p
r#!j12l%2
$dmfh^g7po
W8cK
8PjR
(3RV-SrV
W@tV
i6VdQd
h9Jnt
UTjf#EB(X
TrRfTaG
^(s0(
B8#
^WzMzzq2M&
qIjxf!%
nGnOy4p
Ukx
n%$
-CNU)1^Xe-
VRI@InMW
V&^MLn
qHR
BcKGgaB*2h
J*3lp0!
a^zPZf3y
w^XxfFagh
ZGsc
d)&Vmew2
r!CAC&F3
6C!2bTZ
zO&C
EZbqd
iDF
cxZ
LKYti
F#qjgNT=M
=b8i
cck#bWE59R
fwz79
KAnM1M(
&fdnYGlt
g11(BE
M)hR
s)7=JX
ciDD
FsLOGrCwB
WNHIa
H%Z(^
hyP=Y)
WQd
Y^E
F1V
cQjZz
)*uQ
sks*O%G*
n@#mwTJEB6
IwR
n(ueB
4IW5go
W2WA!V
E1Epuls5k
j%#z
=l*FwX8m
G#LpwV
aG4
Txj
5WI6Q$3Lu
^J%7Qo
!T3SpEU
60O
n0O
8Q!
ehFLLk
seA
iY#xhMC0
JN#S
B$y(tUy2c$
HtRteO
F)90I6HWu
c*RtO((RsC
3jVQ-a6HHR
Ms1%&N^
u)MwgaT@F
Dah
9n2OS
M)Y6oeT
1%7a
HrF-R!
Iao@
23m7
-2i=roYiJ
@ctd
S&0WQI-$4=
(7c$
QrY
CbEVqzlPH
7R2Im
HrJ1OJYBA
azf)#*d$*m
5W4Az9%n)p
IFty&o)
R2V8x
^zs6
OZ3FbXLp7l
meUcO3f
elIlc
XKa@0uGu
Nrnax6amsQ
8CqzOLBUD
@!s)
)31(KPbsXw
6s%ma
7hHMs$QCh
3I6aEErw!
TE=E&
TrAVV5
$E0ifGXFd&
mEWU6a-#c
^zm(zK&fjK
szN&
VUXmHzmnTW
EwQr
Uf82ZJ9NEy
spVBt8k6
Yt&dtipCt
!tSOc
wHiry
15zwz*znf$
Wy960*dk
s=^kH
tB^g#2
sB7h7lA)%I
Iee7Vx4lYY
NqBx^
e=2D
MuBCj0eTN0
8B2
peg
@(0O4dDf=g
yy)&6Qsw
-8Z
ujaONqmwO
p9*QFfR
q51z
P9XE$O
7uNqnJZT
xhZjL5c@P
5WJ!7
F-eIjj0zTI
N42$g&(OJn
-qo&5
az!3f1^-=3
LP0t
oZ1gn
M5u6Vm%
@pXJq1t8n
j%5ici
C%7
d&C3h9aQ&
s5p3
rW9LF%tnKx
0&0DV
Co8wnOz
UMOe
Tn(*!cph
&%gbH
6OVbnI
fKoa6B
2=72@gY6
b=yjki^p
kl5Hu@
cN6
4pdV*Dy
xDFZtjC5w!
Tm8BUq
hU$BJ
f&#
fU!q
9Snn@54r
Mxz9!e@
fau
9aR^pe
zDPKM$IS
oimNM()
kFmB5k))z1
K@L--z
to^9
Zpg0Lup758
B)g0w
am3#u
(*(BrHAYPk
*&r(b^otW0
(-LGBN
Ee254McGIh
3Pel8D
&Xom
m1@H
Tha2ZA(B7
gCq355a
e9(&s
ag@6
ha(VpD
V-D-WAI
iLL@5Xp
Q@sAk7@Pu
Kxl0P
shnNu
gRUD
fm(K
msj=*PWQ
nUsN4CkzO
Hk@q8$o
Z=au5a2g9
UY4=2
(hYbAx
6#9^Az&^%
tCjRrqmye
5R4k
z9rBF3YW
ty3mf6
occ
X=O6^p$^pm
ziaI
gZ8gz%!@
=exxJ%@
dPd9
8(JjJ19)
)GePfyYwJt
%(t!5OX5
yuteiBi
Z)(4P
EL8qEuo#
tn(bf!
NzT35Pd
&xz%$%tt
Ny^
sIhYDLsN
5b*z=IAV
Ly4jQ
=A!
PIJ(1G
R$hfGq(M
=Ih)$0W
oyNgN@
!p@pUf
mlzqeYQ
Z#9&p
omX-
OM**kpNd^R
8Z*kzbPEq7
yMuO#x0j
b5ycu
m^@2I4=
TTMS(tXM-O
5(i-V
DJOp809U
Cy$PcnCqZW
XIu%1bi!!c
#2H@smZ-MC
E^nTu-fho
hi2
d%qqXzEO
r%aI7Ilg
jxW0TYW1
M9LN
hJ!e
$x8my^
N@T5
!x0pP^#Y5
r%27xn
ICVBGz
q14RJK^IN
ET&FknK$
moiyi
B*Jk
S3E5mcnp-a
xpd$*azWVP
lCy!Jp$
y4HdUU
NJ*mk28
$A*oE&qW5q
VzrI5ji!sQ
EXb!xez
*HDcAFkP(4
UY*Z59
$Tz5ywV5f
6PM*R
F$a(Y
2Gn
ilAg6crk
S(*9(hNNyz
PtfI
1FiVezS
$!o
pxLjS5-(LQ
y4(d#)%
@UT*k-)n#3
cJk
wa61K
rrN2)7$
D1oB(q
%f$Qe^4y!(
nm6e
Nqnc
DHlS1hj
SdU
Ug8g8oW16)
8^L0=N39Hk
VcgxzI0Q
5*qg
@sn^MX7pf
fS=J2
X==YbN%Y
tds!
xQ1Z^pLX
22q
NL4
r%j35Kb
7aXc#8HX(
Eb4w5^d
N@2*^Fz=5
Kn&#Ety2
@1d
rS@Y7es
T*%WhzY5gS
IKoYBp
&jeSblWs
^PDta#6Mb
FSRIgP6!
meEFh
19j%f3&lHW
oP0Fe@6Q
Gzz1d
t9@Ei
A2QadcT^
w6OHf!
mie
5wys^Ly
5FJ12
r7W)ckG(f=
$HLBw-d
zhm
Yhyw
cGk2gG
)6anjqYOy
P)R3VmW
Um0E^YB%!!
^wz
zzId&
%H5
BWo)2WAaZ
(PI
ZCQS8
FFf3
e#iIz9
(ra=Yl&^
Q%m^h2io
l2e
&3fRz
KEX
)*(eN08Fd
IeesT@D
AMlDgzbNf
pyGjKkZB
mTLGX9*
%XV
Sj4zyf
xB2anIY5P
yWF7
kMnbms
i1jeLXM3z
2zCBTs
^Je#Ypjn
hfd
s4(LoM!h
A$wFeC
uujLzDPs
4HL**@X
0dlE5
t(i@6gFb4
qxE-sG
8m7HBC=CE8
FYDXD
3%qTlW=C
ogLyKY8^w2
8FWXm
eI#%
(x*4j
giR
(AG
gT&BJ8x4o
%NBzxBJp
x#VJ
kQqYimM^Lb
qkq
d#x$B&8gY
g6sSMGpWG
keaw$hRJ)#
^7O0W%
xziCIV
e6zzJ
^TY
&i9Gns)Vb
o!7j
J=Em
SRULzD)@f5
4BSMPeIe
b&SmzdH
yH*il
fR!4$8xN6
yE3@ACEMZ
Yhmc7-QhJE
JN!
EryOpp!)
&py78s
$aIf6
j9)xro
d%q
@3cMw0y
sz7hTz
D7Y1hX-6O
(4z0NS
ADu@$(
l8BAe
-oVMK8=&23
$t#JCg
*j8^(!W3e6
BMh$ztC
EBzFml3mWg
N%%Xe1Rj
^&%1SD
Wh!Z0
bpWEj3yIOX
CX=5rhHB
Cp0uW6
Cg*e$T
BM!0XRWjlZ
Ibs6x0jz
e=zD
4X3bBOr0o
qczgG$pCFA
lf4d#sw
x4w
l^swl8y8lk
yOqg9X@A
M4p&pCwM$
*wDiN0
DY!(
f3R
9^k$fIaTu&
RP1hssH!
)=tPzfMpC
48x9eZx$S
A1CNr6#
s%O4CcSQ
92IwWVe
LoSmkK
9BFHi
mzN
gfoC3yTu
9$RUU@)B
Ee%K28Yq*j
)UftsG3
XaiW*r
9lhZ
V@iS&EJ
1yMrhDx@!
sMKY!zVFj
Qf1e&c
Fey
Meo
8c&
MD)J5Y=Q
ySK
QmEVy&kk
o=eb
E6ge5
qox$WZ
z#1
Vh1mEM#8
zs3F5g4O
Yno@q
-YL4styf
4rp5
f7k
Z#U
x9l&
o#zt^
D#t
st%5cH
BmDzeCT
awG5
4mAcHY8
7rkm
#C8L
9Duczz
0u7*
%LO!gKj
7PK
#HuS3$iLNA
QMp#q2WI
yCsP0HDEj
b9MrYsrHpd
YOi4tac4
-GXaKy
*mw
&r=aH
1bGORS
%4*ww
J#eOsp
yFjXnsM
g2kI6RJQW
LAg
QPqbj(
jm@Ut-HFC=
FTOn8
-AJJs1
ElqQ
5wk!igC(
($a&zy
-OY7Jm3*@
9Akb)Jn
JHeN
M9((@
(*z
Hbrp6qAB
nWqWAfF
zQECTE%zf
JbrrQP
88$k
q66)4P
(3=
shdQVb0Khe
oRRj9o9(Md
DdUX@
g!RZDqU0zq
3p6j$3G8
MqXYgsDG7
=WZ(a
Il&Vl-
nf@
DTZT
jp6MbpJz
F-I^
zdDdf4KZ*
t@!G
GVXDOGQ4$#
)WJ!pzIYBC
@BhH
swFfa2lRk
g7xC&R
k9zDFr
DPqos
N-kdsNS
^$B%Ua@szD
rzsBq0lN$
aJzq
(Ko3
aB&@n0eV0
t(C&Dz
50lb
@UkZc@l$
Wgj
OpGY
0DMtKV#zH
W%3jklm-
%pUOSs@
YM^fYU
qsHpcBdXWc
BQp)I
RmCuZT
*GN%
ukloF)XxDZ
5Z##X%R
4c!pAI*@
R3p
ySaz*Y
o8V8%Rn3
%x!(B6S!X
7R0
!q84
ouVU(^
JuZFD
Ido-mPlcd
84y!^H-3
0A1GME
TD-@
DzJB
xSVqT
-P74^z
PxgR
cn%OzeR
zreqZ2zaj1
FsQ$!g
V&f
zZGTuZH
)zaoQ
oYx8!
tnpFib
nm#aIzYQ%
ZBW
S)Ppg2
CGeJ
ny1##B
Zdy7OJdAfo
UIz-yD
izF9)uPuZ
6$Q&IEu
$a#pg2G
@uSom95
r^OzcL^cc&
Se^q#
c%Rq*W
S2o7$Jz#Qf
SAVaB5V
ELnuzr7tC
Ny4Ho9wyz&
9dK3Hh
Q9mb0R
@2yz
01Z
TcM^
5%YpXFVwK
!qoko=$
jHV5&m
@L*
&*TynfT6(A
7J(9
yN)
PZgAgIA
V*U=Din
tCo3nzT4$m
fzFU4j=%IF
WRV6d
OwhE
NA&r0&N$6
KJuyDr
7u0ebV&h
D^f9i2aJe
x(Z
z2&zus7
o*^tc
U(A-
mE)bfeQ
6R9GG
Nm6l
V5@4a!
)h7B
zFX
pgduHzED7X
wVeI4uP8L
Qpu$TP
CHbE
E&KEOn&
tx@
Bzh9zPEK
A=eKPbSM
seXXb&3294
y&@qs
(Nebc
(oBnapUk
iDUtI
Hd)$m
z8rwBJlPdJ
8V9zM#m7TK
pO#Z5U
f0Q
cKD08Uz$
i^$w2uss
VM!MJ7g6uX
o*P%2S*
GfVk^nSA
xdTYDR&w
I$cTaqV
fw(^hLCAc2
1N%YX
E=zgkt
14&3
@Atl
SBf
@lq1
u&fq9e2Zj1
!6uUwO
lNk)0l
t8PC9UT
@#BQT-!x
rLQ!C7nol
o$E-S^f(^s
d&mun!z
!TAS@
EH$A
TO6N)
N2%ulg$p
azt4s
XKY^
yMr2
ROoFx2#H1
B%$4Ci-
QE0asqf
MW)VP27$M1
sEa
p7%t*2E0
Zmk
Uam
OaN$V
HeI5
$hVfr
w0pZ
JQJBD(U
y6AHEix
SWBn8
q$msKkM7m
95ma5L&RqV
c2qJ5#
iqZzdfD
zwph1tdj
*)3x=
iTt
sZSN
RH5x82
8lPc
ws-)XZl3*m
hLk=Gfb9
PnPH
OZX4
5R(
FQg%VHPDz
@ggh4c
!4o1V^HJ
c*QGt
JsL4QYP#
D@I(X1Gz$p
%BfecpP
i)^Wa&IW$
ac(hku$N#(
KkY7dbTjI
5L!QNqSe
dtVfk
-Lq1bbpV
&8IAUCc48T
CI^E7
Iy3Ql-VI
a=ZG
hZ7afZR&W!
%m1SfDCA
6lcu0c
LY8
fzcJzq
45%ww&h*A0
tfkc
rHr20sP72
J(c%
)@Y1rQzG6
H*1oT
TUQ72d
dZDHJ371RU
Wuk$rL%X
3Ju81NwS&I
8-Kb
@-Ss-H
&=da
RnClwJm
LSq
hwJmsxed
NqFaT
Di7Ib$2)s
rshJzhrWT
JAkkG!d
1fR4kUP
JR#P9J
rnB@D@x$(
-O1
kD*67chT
CiAk
nXbPWfK2
h2i
hE1HdIH
q-crapzm
a$sNNSp
dKnO$P%L
XD3bg#zdBz
T=D@MPz5
j$uy@hHp
=3xO&$#
6ujJV-xmm#
xked!H
e%9j&OI
RsK@
7iDJgw#
r7*
tp-ZFl4&H
FGjql1
mF(gbA
#!Alj
IMmeo
PYX^
B67sScw
aB6xITZmo
z@3b&
j2p
8tt
b5K7K
=CF)
taHw=!
(NA3qg1PP
9Tm-
OVx9KE)UT
AMhZYWD1
pM8TBm
QeoPR&S
=#8ydE
rM%t14Gy
K*$M0j
$Gst2Dr
693dL
&1Wt4
CX3wPp7
6W4
2n6ZgQ
^50Z!
qV!73wOP^k
^qJ^#J!0
BZ-bR&p
sVaUguj
ucpQ
AsAGh
k9t6I*l&Fq
xBS-IqL(Ja
y=s
$x-
PBe
C9zi8=
)bX
8^a
ORSExRWH
AVs
tPTk9fr0P
xKC
h-7Ze
5HRV4d7Kn*
#q4^37
dL6jNifH8
9XKj-3c=
GZH3-g
(Y6bbh
69ZZ@ixc$
Mbg
(VI7
N3*
JENoxs
L*pjGc
X0qg7
kFo6*H
bq%RqH
hSg5A7
98bER
xj8$P%
pmLE2zVkI
ZHj
yuAapl^NOD
OrV&Ll
DrOKh4-*j
)Ks9V
HN)K
*Eszbc&f
ojF5$d*aiY
xy5Y$W4
C=ZW@Df
lkaP
arx7FCD6
m^##gzTzz
g5hOe
gqF
KdAtbcR
6E%znCU=W
gm7MPLIwU
QzX3g
kQ0gjm
1w#-ZhAY
Ag)mxq#
4jeax)kJ
=mXy5s
z5&9O
o7SVF1pXR
eIBX!m(
Y8DB6PP
X@P%UMrtCT
iQmEkqE
2(Dp#mXwP
wBi^
O22cq&sO
bV3
88DPhe
W92WT6yWmG
npz
EiuYSN&y
BhP
zP75DZs
pwt
6mOeah&K
^Qxxzn
83lz
6t8LSs!
^!xIF
OaNmrc
nBSGZQowZ
hCkM4&
x6B0
oNOJdZrUDI
=4J
TC9hs%SL
JRQ
^NZ$xnV0
C7TOV$6y
Owyt(gf=
sMo#QSoEz4
YsCzk
^bfo4f
Ozl
#1bUhNtNOu
ngX9FT
q^FQTW0p)G
nfXY@cH
9IG6
%KQ0jQgfb
wFuz4Ly
KXI@Q2iUzn
2%YrWR4!
lOKLVx
r&1HrcEl
3cTnh
Zf%U
-3iX^Z
DqcM
N!kcWda0
OSM0TN44d
JlkMXbbHS$
@$y
jXKLij@
&9pJyi&E
O*kOD
JZI5De
k-9z6m9n
r1ea@$B
abg8BRO
zYlL
@zOeI)@d5a
Y3G5!
z(j&&
5uZSZ#DdH
7m*zwrFgxS
o#@H
GBp*D6nYZp
7*jR5zH
sZL4j1$a
cWTzw
5ubktzd
=RBtzx
-Khdd!2
%FQo
R3Gr))
f9Zj
z4NAER^
iY%XQxVy
K&5
SRZqW=H
yqtuQ
yr13
C&AC!Y^
o3c4ncCjly
@TaY
(eTI)TrD
zQPi%s
rNGR%%DE%g
wMl1
-is
8Vc
WGS
TBih
5eCYb
X**2G*ZVl
My2g
zhN
=QCN
K&fsq6(m
534tAU
Kh3#Ma
f-(HY1^1k
TuIocMp&
^XPdSdVy4
M(4IyRaQ=k
KnmHb
ckqeF#s
ZXR
re5C%1
g@i
&9Moz
gPonwdN5S
!3uH0a0F
doj&AwPh
ZExc-7taY1
N-6
HERz$EGUS
MypHb
zNU74Oy$tp
9xxThgI
x8G1RY$Tt0
iNi
=*o=XSLzH
hai
)4EKp3wx%
zf5e#Yl
7IBu
l0Ma
J3T!J
0FenssXOwI
r^CBaT=2Zu
wnI3
zRsy
X20#AHD$eT
-b203aU1
#hG=fg=mW
Mwc4PY
hHaK$Pxo
KrUI*XVkU*
GleIG7
3CMzz5c
%B33Ae
ehR
gXWb8oH
DEEU
fC^jq#9
dkd
zoQ^bT5
kRoJ%sX
ENVK6N
0xTo
rfDk)I9
HOzo5G$
fzYCbRb^G
=UzkF$sJc$
3yU!YAGySy
Nl*PH
ERQm(3x
yhIQ
1iOsZ-#1@N
8W2RY
$6DPE
57MgEA
XC=
G6cD3
Xud
QT3-N
iC4BhnB
rEDfzpW
lysht
0kkEO
n3zb)j
LVyZs!g
!XSNcxkO6g
cZ$
BgNa(
7LTZgz3
$ZGP!Yo#
o3GE*)
5MSuX
pJ&z@q@$
Hbql%Kg$
1(VteX
!iL9WI
LOoo*
u#C8V
wMEMG
629B9%W=d
f-zA&oNuly
Pfe
yzHCz&
1C1OK
1)oen
ac%kt
tPzzgxeIc
zm3
9M=&@
*TD3r2kk
xfmW
eDKL
6!T
ZSa=GTYzZ
fV!gh#V
hQ^
%yd#dL1z
)SQbc7qb
@p=(
SfGm
4IQU3H0CPr
oV9o9DLzF
hw7LAng
t0Q
#9lIH
a==#U1rlKo
INz1aA@)GN
a5@c(%
GU!
R5c@T
mq^SqDXMb4
WT(9@W#EZl
(nn^=%e8rS
n2K
L==D*
B#r8yNJy8
a57Nqs
n$(dwB%bnl
FCs
^no
iIl
YN%LG3$
64rwkLO*N
tTNFxxR3h7
W#IDB
HIYY3MFJ
WxC*4%95nX
dwa8U2p
#qz4m4
DI&z
z)Di1
eVY&WBta4Q
UDe&@KWQ
7nX3JQ
5qwUm2o
!xk%LkQQhP
DBBG
AD3&lMw
Dc&*@
j=cxZN(@eS
g8O9EW
&xEK^eMh
VscM*td)q9
0REf6-b
TBL0$ik3
f($Ci(
chFW
p9q(
ir(nbjVWx
zc1Q1qh=3N
2R7!QdOH
uSI&UWEi&q
p6XE%y
QX^=Mhe
F$ftyj0qgV
pVukki8u6
!M52fI6cB4
2@PDzbL3$
Nqy1wTb-
UGN)lQx^RI
9pOy
QGL
Qb=wp%4-
md6Q%1p
UhN^%P
U1E5
ng&Y3&
i3kX4n
PdU
Hc^#2qa-D
cW!1cGGHV
nHP
#z%pSL)oSQ
5kQYo
A0z5
1zG
GMfJFqjb7
yAIzJ(K
@^K
1WkPlnti
Ba)s-zu
W1(#4
%enHl
OOih
dCEkW
it)
%p%iub
%Xo
ozpa4N&-9*
B-7E$dIkM
XTrp7&jj2L
*cyIQKd&(
r%g27NXcz
zLxz5#
(E9@oQ!6
0Mtm
ymdX
@QH-wOVOJ%
eISSH%
6C)*c#9
BguB
KxcOR(Ya
fk8dGiK6
=lbp
a2@688!lU
&Z0BuwNQ)a
sD^
x0#%mnA
$fiTj(N
o8z
wbkQkjmY9R
B=1CH
)aO&FBL
c06rV
f7E
$$zOii&e
zyEw!NQ
EO!BQ8lAUO
f%L2
NPSbci#R9#
Mpq^
-&W
^K8(r
V74z
Ok@xR
-SWF
dR)P^Yz7B
g6K
1$1
3WUFz
QqcppXnbxU
RrTy
ieQ@sac8$6
!E*F3x=ym^
(KYd#z
j=zrH3I
5X%OuUazB
leLMCy
HW-1$cpZoO
4y)VxGi@1
qosWco&Y
4!WUzV
ZcQ
9VF%9A
A=Dr84ds
a8xN
KNf5I)%
O*G
HPhjCfEj
xxma
V$bJdP0
88Z43V
lJChm08
V1z0*U
0QN&e1
zLTIy^2^W2
o175szAz!8
u^9
&!*j
DM2-k@Ds
ViM
s@XUF*y
IwLJdN*#l
wC1
zz(VC*ra
kVEfl
QtS=
V(55xda4W
lytqVm6B
JZbp8-20z(
IPm)$(6
1BH&qSE
-!LhWR6u$5
Pisk
%#^n00
meIz#he
ByBb
@fE6e1
@cWY(
OyYZlT!r@b
tX7
K^SFH
x!2X!Z
t$wb
F-tpF!F@
DA!
nZ(kq5cCC=
GPS6
hP9E&q=Mt
@V&O4DPzu
B@BzV#@3
)1T!#
(%2((zdk
GtLryGV
&a=xh60S
wP5nRQ6OE
s5!ZB
g7@uOe
HnAsods^UK
yUn7HzfyNw
tWL-j0ha#y
BTV
c)NOS^S^Z5
X=6T3tu
FUP#QmEbu
o8j)
tphB%YwA
#oD2nA
!d4
7*Y6&q2)8
O5XJpx
^6l
0jC
ipZQfCZ
Z*42-pP
o6T
xTkKww
xYs&hP-B
k=eSG
lPLE
QzbZPcH
zYz!h7pSMi
%Ny
Xp@C
7RBrt#go
6(5Ux0e)jY
Oi6^)e
GF4=
$rzp*5
7A2DGLOfj
iFzGQ
$FE
)7I7*m72R
lDAF7*
i(-$
9-LBlztD0
rbpQD4V3e
VC1utP
kUgsj2(r
OEd94k
-7gErr1
7(lme4E
xF%OSYu!VC
edX
&IgP
ZGV*QOeW
fXcRRzZ=
wd-YJ&2tiq
T!T8Rz
81DcnoH
Z8TYh%XO
YIzUhR
JCNRQLX8
fGBwjzIf
QYHV&67
9$W
(1nb#9sbQu
T76da3j9BP
Qb#2
GlyZ
zgDr1%P$5*
4Vh(Uul*iN
4sl&
Eq8eC(wK5
8hg
y8KcO1fty
O0@Az(y
6jH5
l)=^gqj3rK
yuQJp(Zx
GQFlo&Ez
jBqrG-h
C^Wz(UWII
U2&e0O
Phx1
%-9yO
LX=P$zC
%yu5NXM
j5sCc
$TU
pEZSfBVf
X(6))8@0CP
F4=p
6QbzLgk*9
(IGS
6C&s
DMqfwNpz0
X%n
b-$w*l
4l2cKWpkc
pt-rVAf8t
wBE5n
0D#
XkP1Xk
x#@*O$
jJR3a1tyg
xIw)
n(XMe#5bdK
nzylAq
PS#q
JnYz!nPw
wfOj@HGo
GBN#4
I0sLdW
CZo4d
%CJ
mxm0Pi
!W&INA6p
Wb)5JrlHzf
%Lr
^NZ%LhQg
R6*@M0oIz
ZPeL
!1H)A
L@Ne
QoX
oLkF(w=O)B
7(C
auN
%(%bJr
Vssa&Dh
=El
EykIB
3O2
YjNMzD
HbBfn8C
Am(DSNQ!$R
LYgLJB8xEn
#2-Ux(=t
94y
(#TDL&rNq&
rKo@r1
gBVjrr4
4g1NI
niSugy
9w!M-6dk
zxUmOXT@JR
^5U*rs&XAG
pNpBqzJ)JD
gwb&
(7DwC
$ra
Y4f
LOym#x-hu
PtzwE
j22&n6
Rw#K*rBqiX
nR%BqT
q$NAQ76
Owxj
DPqtl
rW-KD
Kc^O
=(dl$
NxB9Sq
(cTFEXM1e!
YKiF
*N*#3B)
h1x
R0M*oZ
aM-
YA5lc
=gM
UY@LP4y*
fwKeLzp@wr
!mUQ8Fa=%
1md#NUHcfW
)Qzk*$
X%zb&Y
$z$bUOy
r4(*1nT&
&QsLs=KkD
NWDEmf
u%7E7X
-$zwP%0F=S
N96R
ZiJYzBb2
!aPD!FMzg
dh3KS!)
3szI
z0&KRmnz
P=Oyf8Jo
Ttu2n6gK
szQKg
bdrJWYL
gLH
4#1-zEC0
#)Q^
4-Jw
i=6YV5o)Q
e&l#hUHa
9Mlg)hcP
lKUc
#I*
D8^W
!iCHa9cRl
8EEUDQ
wx2nI
Ttg@M^b
J8l1wQO
R6(M%E4bwz
#@F
)9gCDswNy
=sSI19iIGW
Z07
xq3Zh6k51
6rftzoAciu
ALh8U)@W
jqrnYoq
EAdL
OGl
MD%ujVf#
o9sQc-W
LzTKI#)0L*
O1i$0@
Dm3XDqT9
2ZID3xhOm
6GHR-N4r
l=b
HulpmI(j^d
hZOJorYqq
f&ZJ
zg6XY=Jo
m-K==F
lkPpA1BN4L
%Rny
g-9d&
tYs)n$
NwP
N9%JV
RN01La)
cG^7)
=&75WO
E-%P%Rl)#
Is*9kwRi&E
RBXB&)m2g!
bDpxzrmW
!p7X
k327
TW6-
NzYBSE2l
lSx5Vxq
nLl2
d)4nRaY-ns
4W6
Sq&ni=!
i0tTmK^i6o
87AFzMW
Q3@M1d@i-8
cfn
X2l52!I
P9A)^Dr6
lyTlC2
13oB&P
fK6PfEe6
$^KdEZUU5
aMSAM7sn
yMG1Q93Ld
m49-
gMb(iJ4A
Q97b&CbIy
jyKc!*(0
JgKP
uhL@t4aE%
Tg8%gh@
E#UwMg
EGTuhm-KV
rNQcW7E
@Zcz(
=gfp
EI(yQbwr
(D#PoWzJ*D
mexzF
qb3bp
PM1
HN2k
3zTQ0iiTG
5UMz^$@0%
8EI75qdLJS
H60kHjR=
6G)U6
zD0h73o
a71G
F9Fmu
462*J
E9IRyLa10l
n1T$wJujU!
weM=f
^7l25
S)DI0O!u
*H*IExkz
tRz
Ea#3eo
a-zXD3
RdFoM
Nydzqjd
Yhpcto
7Kl2VX
H0C2
Hbsi-
IP#
61X1x*G)6
7*0y7-Vb
H-2yIbOzCO
!op^=HV!O
U#qCBqxu
GBnJAUy
VzM^
tYSG(&ug#
Pt%wz5^HYL
1j5
!!dz7%
d1dEZlh
e(9xW
P$YD
lgTE
r%(28N4q
kSXMw
qi!
SKt24=3
@x2
QjuL1Aq&2s
&-lEjBJa2
zg8!zJ8%
rO@kDh2OQE
BSXA=dI
%BC
WH*
